Step: 1
? ? ? 2         1 ? ? ? ? ? ? ? ? ? ? ? ? ? ? ? ? ? ? ? ? ? ? ? ? ? ? ? ? ? ? ? ? ? ? ? ? 
? ? ? 2         1 ? ? ? ? ? ? ? ? ? ? ? ? ? ? ? ? ? ? ? ? ? ? ? ? ? ? ? ? ? ? ? ? ? ? ? ? 
? ? 2 1         1 1 ? ? ? ? ? ? ? ? ? ? ? ? ? ? ? ? ? ? ? ? ? ? ? ? ? ? ? ? ? ? ? ? ? ? ? 
? ? 1             1 ? ? ? ? ? ? ? ? ? ? ? ? ? ? ? ? ? ? ? ? ? ? ? ? ? ? ? ? ? ? ? ? ? ? ? 
? ? 1 1 1 1     1 3 ? ? ? ? ? ? ? ? ? ? ? ? ? ? ? ? ? ? ? ? ? ? ? ? ? ? ? ? ? ? ? ? ? ? ? 
? ? ? ? ? 1 1 1 2 ? ? ? ? ? ? ? ? ? ? ? ? ? ? ? ? ? ? ? ? ? ? ? ? ? ? ? ? ? ? ? ? ? ? ? ? 
? ? ? ? ? ? ? ? ? ? ? ? ? ? ? ? ? ? ? ? ? ? ? ? ? ? ? ? ? ? ? ? ? ? ? ? ? ? ? ? ? ? ? ? ? 
? ? ? ? ? ? ? ? ? ? ? ? ? ? ? ? ? ? ? ? ? ? ? ? ? ? ? ? ? ? ? ? ? ? ? ? ? ? ? ? ? ? ? ? ? 
? ? ? ? ? ? ? ? ? ? ? ? ? ? ? ? ? ? ? ? ? ? ? ? ? ? ? ? ? ? ? ? ? ? ? ? ? ? ? ? ? ? ? ? ? 
? ? ? ? ? ? ? ? ? ? ? ? ? ? ? ? ? ? ? ? ? ? ? ? ? ? ? ? ? ? ? ? ? ? ? ? ? ? ? ? ? ? ? ? ? 
? ? ? ? ? ? ? ? ? ? ? ? ? ? ? ? ? ? ? ? ? ? ? ? ? ? ? ? ? ? ? ? ? ? ? ? ? ? ? ? ? ? ? ? ? 
? ? ? ? ? ? ? ? ? ? ? ? ? ? ? ? ? ? ? ? ? ? ? ? ? ? ? ? ? ? ? ? ? ? ? ? ? ? ? ? ? ? ? ? ? 
? ? ? ? ? ? ? ? ? ? ? ? ? ? ? ? ? ? ? ? ? ? ? ? ? ? ? ? ? ? ? ? ? ? ? ? ? ? ? ? ? ? ? ? ? 
? ? ? ? ? ? ? ? ? ? ? ? ? ? ? ? ? ? ? ? ? ? ? ? ? ? ? ? ? ? ? ? ? ? ? ? ? ? ? ? ? ? ? ? ? 
? ? ? ? ? ? ? ? ? ? ? ? ? ? ? ? ? ? ? ? ? ? ? ? ? ? ? ? ? ? ? ? ? ? ? ? ? ? ? ? ? ? ? ? ? 
? ? ? ? ? ? ? ? ? ? ? ? ? ? ? ? ? ? ? ? ? ? ? ? ? ? ? ? ? ? ? ? ? ? ? ? ? ? ? ? ? ? ? ? ? 
? ? ? ? ? ? ? ? ? ? ? ? ? ? ? ? ? ? ? ? ? ? ? ? ? ? ? ? ? ? ? ? ? ? ? ? ? ? ? ? ? ? ? ? ? 
? ? ? ? ? ? ? ? ? ? ? ? ? ? ? ? ? ? ? ? ? ? ? ? ? ? ? ? ? ? ? ? ? ? ? ? ? ? ? ? ? ? ? ? ? 
? ? ? ? ? ? ? ? ? ? ? ? ? ? ? ? ? ? ? ? ? ? ? ? ? ? ? ? ? ? ? ? ? ? ? ? ? ? ? ? ? ? ? ? ? 
? ? ? ? ? ? ? ? ? ? ? ? ? ? ? ? ? ? ? ? ? ? ? ? ? ? ? ? ? ? ? ? ? ? ? ? ? ? ? ? ? ? ? ? ? 
? ? ? ? ? ? ? ? ? ? ? ? ? ? ? ? ? ? ? ? ? ? ? ? ? ? ? ? ? ? ? ? ? ? ? ? ? ? ? ? ? ? ? ? ? 
? ? ? ? ? ? ? ? ? ? ? ? ? ? ? ? ? ? ? ? ? ? ? ? ? ? ? ? ? ? ? ? ? ? ? ? ? ? ? ? ? ? ? ? ? 
? ? ? ? ? ? ? ? ? ? ? ? ? ? ? ? ? ? ? ? ? ? ? ? ? ? ? ? ? ? ? ? ? ? ? ? ? ? ? ? ? ? ? ? ? 
? ? ? ? ? ? ? ? ? ? ? ? ? ? ? ? ? ? ? ? ? ? ? ? ? ? ? ? ? ? ? ? ? ? ? ? ? ? ? ? ? ? ? ? ? 
? ? ? ? ? ? ? ? ? ? ? ? ? ? ? ? ? ? ? ? ? ? ? ? ? ? ? ? ? ? ? ? ? ? ? ? ? ? ? ? ? ? ? ? ? 
? ? ? ? ? ? ? ? ? ? ? ? ? ? ? ? ? ? ? ? ? ? ? ? ? ? ? ? ? ? ? ? ? ? ? ? ? ? ? ? ? ? ? ? ? 
Step: 2
? ? F 2         1 ? ? ? ? ? ? ? ? ? ? ? ? ? ? ? ? ? ? ? ? ? ? ? ? ? ? ? ? ? ? ? ? ? ? ? ? 
? ? F 2         1 F 3 ? ? ? ? ? ? ? ? ? ? ? ? ? ? ? ? ? ? ? ? ? ? ? ? ? ? ? ? ? ? ? ? ? ? 
? ? 2 1         1 1 2 1 2 1 2 2 ? ? ? ? ? ? ? ? ? ? ? ? ? ? ? ? ? ? ? ? ? ? ? ? ? ? ? ? ? 
? ? 1             1 1 1       1 ? ? ? ? ? ? ? ? ? ? ? ? ? ? ? ? ? ? ? ? ? ? ? ? ? ? ? ? ? 
? ? 1 1 1 1     1 3 F 2       1 3 F ? ? ? ? ? ? ? ? ? ? ? ? ? ? ? ? ? ? ? ? ? ? ? ? ? ? ? 
? ? ? 2 F 1 1 1 2 F F 2   1 1 1 3 F ? ? ? ? ? ? ? ? ? ? ? ? ? ? ? ? ? ? ? ? ? ? ? ? ? ? ? 
? ? F 3 1 1 2 F 3 2 2 1 1 2 F 1 2 F ? ? ? ? ? ? ? ? ? ? ? ? ? ? ? ? ? ? ? ? ? ? ? ? ? ? ? 
? ? F 3     3 F 4 2 2 1 1 F 2 1 1 2 ? ? ? ? ? ? ? ? ? ? ? ? ? ? ? ? ? ? ? ? ? ? ? ? ? ? ? 
? F F 2     2 F ? ? ? 1 2 2 3 1 2 2 ? ? ? ? ? ? ? ? ? ? ? ? ? ? ? ? ? ? ? ? ? ? ? ? ? ? ? 
1 2 2 1   1 2 3 ? ? ? ? ? ? ? ? ? ? ? ? ? ? ? ? ? ? ? ? ? ? ? ? ? ? ? ? ? ? ? ? ? ? ? ? ? 
          1 F 3 ? ? ? ? ? ? ? ? ? ? ? ? ? ? ? ? ? ? ? ? ? ? ? ? ? ? ? ? ? ? ? ? ? ? ? ? ? 
        1 2 3 ? ? ? ? ? ? ? ? ? ? ? ? ? ? ? ? ? ? ? ? ? ? ? ? ? ? ? ? ? ? ? ? ? ? ? ? ? ? 
2 2 1   1 F 3 ? ? ? ? ? ? ? ? ? ? ? ? ? ? ? ? ? ? ? ? ? ? ? ? ? ? ? ? ? ? ? ? ? ? ? ? ? ? 
F F 2 1 2 3 ? ? ? ? ? ? ? ? ? ? ? ? ? ? ? ? ? ? ? ? ? ? ? ? ? ? ? ? ? ? ? ? ? ? ? ? ? ? ? 
? ? ? ? ? ? ? ? ? ? ? ? ? ? ? ? ? ? ? ? ? ? ? ? ? ? ? ? ? ? ? ? ? ? ? ? ? ? ? ? ? ? ? ? ? 
? ? ? ? ? ? ? ? ? ? ? ? ? ? ? ? ? ? ? ? ? ? ? ? ? ? ? ? ? ? ? ? ? ? ? ? ? ? ? ? ? ? ? ? ? 
? ? ? ? ? ? ? ? ? ? ? ? ? ? ? ? ? ? ? ? ? ? ? ? ? ? ? ? ? ? ? ? ? ? ? ? ? ? ? ? ? ? ? ? ? 
? ? ? ? ? ? ? ? ? ? ? ? ? ? ? ? ? ? ? ? ? ? ? ? ? ? ? ? ? ? ? ? ? ? ? ? ? ? ? ? ? ? ? ? ? 
? ? ? ? ? ? ? ? ? ? ? ? ? ? ? ? ? ? ? ? ? ? ? ? ? ? ? ? ? ? ? ? ? ? ? ? ? ? ? ? ? ? ? ? ? 
? ? ? ? ? ? ? ? ? ? ? ? ? ? ? ? ? ? ? ? ? ? ? ? ? ? ? ? ? ? ? ? ? ? ? ? ? ? ? ? ? ? ? ? ? 
? ? ? ? ? ? ? ? ? ? ? ? ? ? ? ? ? ? ? ? ? ? ? ? ? ? ? ? ? ? ? ? ? ? ? ? ? ? ? ? ? ? ? ? ? 
? ? ? ? ? ? ? ? ? ? ? ? ? ? ? ? ? ? ? ? ? ? ? ? ? ? ? ? ? ? ? ? ? ? ? ? ? ? ? ? ? ? ? ? ? 
? ? ? ? ? ? ? ? ? ? ? ? ? ? ? ? ? ? ? ? ? ? ? ? ? ? ? ? ? ? ? ? ? ? ? ? ? ? ? ? ? ? ? ? ? 
? ? ? ? ? ? ? ? ? ? ? ? ? ? ? ? ? ? ? ? ? ? ? ? ? ? ? ? ? ? ? ? ? ? ? ? ? ? ? ? ? ? ? ? ? 
? ? ? ? ? ? ? ? ? ? ? ? ? ? ? ? ? ? ? ? ? ? ? ? ? ? ? ? ? ? ? ? ? ? ? ? ? ? ? ? ? ? ? ? ? 
? ? ? ? ? ? ? ? ? ? ? ? ? ? ? ? ? ? ? ? ? ? ? ? ? ? ? ? ? ? ? ? ? ? ? ? ? ? ? ? ? ? ? ? ? 
Step: 3
? ? F 2         1 1 3 F ? ? ? ? ? ? ? ? ? ? ? ? ? ? ? ? ? ? ? ? ? ? ? ? ? ? ? ? ? ? ? ? ? 
? ? F 2         1 F 3 F 3 F 2 F ? ? ? ? ? ? ? ? ? ? ? ? ? ? ? ? ? ? ? ? ? ? ? ? ? ? ? ? ? 
? ? 2 1         1 1 2 1 2 1 2 2 ? ? ? ? ? ? ? ? ? ? ? ? ? ? ? ? ? ? ? ? ? ? ? ? ? ? ? ? ? 
? ? 1             1 1 1       1 F 3 ? ? ? ? ? ? ? ? ? ? ? ? ? ? ? ? ? ? ? ? ? ? ? ? ? ? ? 
? ? 1 1 1 1     1 3 F 2       1 3 F ? ? ? ? ? ? ? ? ? ? ? ? ? ? ? ? ? ? ? ? ? ? ? ? ? ? ? 
? ? 2 2 F 1 1 1 2 F F 2   1 1 1 3 F ? ? ? ? ? ? ? ? ? ? ? ? ? ? ? ? ? ? ? ? ? ? ? ? ? ? ? 
1 3 F 3 1 1 2 F 3 2 2 1 1 2 F 1 2 F ? ? ? ? ? ? ? ? ? ? ? ? ? ? ? ? ? ? ? ? ? ? ? ? ? ? ? 
1 4 F 3     3 F 4 2 2 1 1 F 2 1 1 2 ? ? ? ? ? ? ? ? ? ? ? ? ? ? ? ? ? ? ? ? ? ? ? ? ? ? ? 
1 F F 2     2 F ? F F 1 2 2 3 1 2 2 ? ? ? ? ? ? ? ? ? ? ? ? ? ? ? ? ? ? ? ? ? ? ? ? ? ? ? 
1 2 2 1   1 2 3 ? ? 3 1 1 F 2 F 2 F ? ? ? ? ? ? ? ? ? ? ? ? ? ? ? ? ? ? ? ? ? ? ? ? ? ? ? 
          1 F 3 ? ? 3 1 2 2 3 2 3 3 ? ? ? ? ? ? ? ? ? ? ? ? ? ? ? ? ? ? ? ? ? ? ? ? ? ? ? 
        1 2 3 ? ? ? ? ? ? ? ? ? ? ? ? ? ? ? ? ? ? ? ? ? ? ? ? ? ? ? ? ? ? ? ? ? ? ? ? ? ? 
2 2 1   1 F 3 ? ? ? ? ? ? ? ? ? ? ? ? ? ? ? ? ? ? ? ? ? ? ? ? ? ? ? ? ? ? ? ? ? ? ? ? ? ? 
F F 2 1 2 3 ? ? ? ? ? ? ? ? ? ? ? ? ? ? ? ? ? ? ? ? ? ? ? ? ? ? ? ? ? ? ? ? ? ? ? ? ? ? ? 
? ? ? ? ? ? ? ? ? ? ? ? ? ? ? ? ? ? ? ? ? ? ? ? ? ? ? ? ? ? ? ? ? ? ? ? ? ? ? ? ? ? ? ? ? 
? ? ? ? ? ? ? ? ? ? ? ? ? ? ? ? ? ? ? ? ? ? ? ? ? ? ? ? ? ? ? ? ? ? ? ? ? ? ? ? ? ? ? ? ? 
? ? ? ? ? ? ? ? ? ? ? ? ? ? ? ? ? ? ? ? ? ? ? ? ? ? ? ? ? ? ? ? ? ? ? ? ? ? ? ? ? ? ? ? ? 
? ? ? ? ? ? ? ? ? ? ? ? ? ? ? ? ? ? ? ? ? ? ? ? ? ? ? ? ? ? ? ? ? ? ? ? ? ? ? ? ? ? ? ? ? 
? ? ? ? ? ? ? ? ? ? ? ? ? ? ? ? ? ? ? ? ? ? ? ? ? ? ? ? ? ? ? ? ? ? ? ? ? ? ? ? ? ? ? ? ? 
? ? ? ? ? ? ? ? ? ? ? ? ? ? ? ? ? ? ? ? ? ? ? ? ? ? ? ? ? ? ? ? ? ? ? ? ? ? ? ? ? ? ? ? ? 
? ? ? ? ? ? ? ? ? ? ? ? ? ? ? ? ? ? ? ? ? ? ? ? ? ? ? ? ? ? ? ? ? ? ? ? ? ? ? ? ? ? ? ? ? 
? ? ? ? ? ? ? ? ? ? ? ? ? ? ? ? ? ? ? ? ? ? ? ? ? ? ? ? ? ? ? ? ? ? ? ? ? ? ? ? ? ? ? ? ? 
? ? ? ? ? ? ? ? ? ? ? ? ? ? ? ? ? ? ? ? ? ? ? ? ? ? ? ? ? ? ? ? ? ? ? ? ? ? ? ? ? ? ? ? ? 
? ? ? ? ? ? ? ? ? ? ? ? ? ? ? ? ? ? ? ? ? ? ? ? ? ? ? ? ? ? ? ? ? ? ? ? ? ? ? ? ? ? ? ? ? 
? ? ? ? ? ? ? ? ? ? ? ? ? ? ? ? ? ? ? ? ? ? ? ? ? ? ? ? ? ? ? ? ? ? ? ? ? ? ? ? ? ? ? ? ? 
? ? ? ? ? ? ? ? ? ? ? ? ? ? ? ? ? ? ? ? ? ? ? ? ? ? ? ? ? ? ? ? ? ? ? ? ? ? ? ? ? ? ? ? ? 
Step: 4
? ? F 2         1 1 3 F 3 1 2 1 1   2 ? ? ? ? ? ? ? ? ? ? ? ? ? ? ? ? ? ? ? ? ? ? ? ? ? ? 
? ? F 2         1 F 3 F 3 F 2 F 1   2 ? ? ? ? ? ? ? ? ? ? ? ? ? ? ? ? ? ? ? ? ? ? ? ? ? ? 
? ? 2 1         1 1 2 1 2 1 2 2 2 2 3 ? ? ? ? ? ? ? ? ? ? ? ? ? ? ? ? ? ? ? ? ? ? ? ? ? ? 
? ? 1             1 1 1       1 F 3 F ? ? ? ? ? ? ? ? ? ? ? ? ? ? ? ? ? ? ? ? ? ? ? ? ? ? 
? ? 1 1 1 1     1 3 F 2       1 3 F 5 ? ? ? ? ? ? ? ? ? ? ? ? ? ? ? ? ? ? ? ? ? ? ? ? ? ? 
? ? 2 2 F 1 1 1 2 F F 2   1 1 1 3 F ? ? ? ? ? ? ? ? ? ? ? ? ? ? ? ? ? ? ? ? ? ? ? ? ? ? ? 
1 3 F 3 1 1 2 F 3 2 2 1 1 2 F 1 2 F ? ? ? ? ? ? ? ? ? ? ? ? ? ? ? ? ? ? ? ? ? ? ? ? ? ? ? 
1 4 F 3     3 F 4 2 2 1 1 F 2 1 1 2 ? ? ? ? ? ? ? ? ? ? ? ? ? ? ? ? ? ? ? ? ? ? ? ? ? ? ? 
1 F F 2     2 F 4 F F 1 2 2 3 1 2 2 ? ? ? ? ? ? ? ? ? ? ? ? ? ? ? ? ? ? ? ? ? ? ? ? ? ? ? 
1 2 2 1   1 2 3 ? ? 3 1 1 F 2 F 2 F ? ? ? ? ? ? ? ? ? ? ? ? ? ? ? ? ? ? ? ? ? ? ? ? ? ? ? 
          1 F 3 ? ? 3 1 2 2 3 2 3 3 ? ? ? ? ? ? ? ? ? ? ? ? ? ? ? ? ? ? ? ? ? ? ? ? ? ? ? 
        1 2 3 ? ? ? ? ? ? ? ? ? ? ? ? ? ? ? ? ? ? ? ? ? ? ? ? ? ? ? ? ? ? ? ? ? ? ? ? ? ? 
2 2 1   1 F 3 ? ? ? ? ? ? ? ? ? ? ? ? ? ? ? ? ? ? ? ? ? ? ? ? ? ? ? ? ? ? ? ? ? ? ? ? ? ? 
F F 2 1 2 3 ? ? ? ? ? ? ? ? ? ? ? ? ? ? ? ? ? ? ? ? ? ? ? ? ? ? ? ? ? ? ? ? ? ? ? ? ? ? ? 
? ? ? ? ? ? ? ? ? ? ? ? ? ? ? ? ? ? ? ? ? ? ? ? ? ? ? ? ? ? ? ? ? ? ? ? ? ? ? ? ? ? ? ? ? 
? ? ? ? ? ? ? ? ? ? ? ? ? ? ? ? ? ? ? ? ? ? ? ? ? ? ? ? ? ? ? ? ? ? ? ? ? ? ? ? ? ? ? ? ? 
? ? ? ? ? ? ? ? ? ? ? ? ? ? ? ? ? ? ? ? ? ? ? ? ? ? ? ? ? ? ? ? ? ? ? ? ? ? ? ? ? ? ? ? ? 
? ? ? ? ? ? ? ? ? ? ? ? ? ? ? ? ? ? ? ? ? ? ? ? ? ? ? ? ? ? ? ? ? ? ? ? ? ? ? ? ? ? ? ? ? 
? ? ? ? ? ? ? ? ? ? ? ? ? ? ? ? ? ? ? ? ? ? ? ? ? ? ? ? ? ? ? ? ? ? ? ? ? ? ? ? ? ? ? ? ? 
? ? ? ? ? ? ? ? ? ? ? ? ? ? ? ? ? ? ? ? ? ? ? ? ? ? ? ? ? ? ? ? ? ? ? ? ? ? ? ? ? ? ? ? ? 
? ? ? ? ? ? ? ? ? ? ? ? ? ? ? ? ? ? ? ? ? ? ? ? ? ? ? ? ? ? ? ? ? ? ? ? ? ? ? ? ? ? ? ? ? 
? ? ? ? ? ? ? ? ? ? ? ? ? ? ? ? ? ? ? ? ? ? ? ? ? ? ? ? ? ? ? ? ? ? ? ? ? ? ? ? ? ? ? ? ? 
? ? ? ? ? ? ? ? ? ? ? ? ? ? ? ? ? ? ? ? ? ? ? ? ? ? ? ? ? ? ? ? ? ? ? ? ? ? ? ? ? ? ? ? ? 
? ? ? ? ? ? ? ? ? ? ? ? ? ? ? ? ? ? ? ? ? ? ? ? ? ? ? ? ? ? ? ? ? ? ? ? ? ? ? ? ? ? ? ? ? 
? ? ? ? ? ? ? ? ? ? ? ? ? ? ? ? ? ? ? ? ? ? ? ? ? ? ? ? ? ? ? ? ? ? ? ? ? ? ? ? ? ? ? ? ? 
? ? ? ? ? ? ? ? ? ? ? ? ? ? ? ? ? ? ? ? ? ? ? ? ? ? ? ? ? ? ? ? ? ? ? ? ? ? ? ? ? ? ? ? ? 
Step: 5
? ? F 2         1 1 3 F 3 1 2 1 1   2 F ? ? ? ? ? ? ? ? ? ? ? ? ? ? ? ? ? ? ? ? ? ? ? ? ? 
? ? F 2         1 F 3 F 3 F 2 F 1   2 F 3 ? ? ? ? ? ? ? ? ? ? ? ? ? ? ? ? ? ? ? ? ? ? ? ? 
? ? 2 1         1 1 2 1 2 1 2 2 2 2 3 3 3 ? ? ? ? ? ? ? ? ? ? ? ? ? ? ? ? ? ? ? ? ? ? ? ? 
? ? 1             1 1 1       1 F 3 F F 3 ? ? ? ? ? ? ? ? ? ? ? ? ? ? ? ? ? ? ? ? ? ? ? ? 
? ? 1 1 1 1     1 3 F 2       1 3 F 5 ? ? ? ? ? ? ? ? ? ? ? ? ? ? ? ? ? ? ? ? ? ? ? ? ? ? 
? ? 2 2 F 1 1 1 2 F F 2   1 1 1 3 F ? ? ? ? ? ? ? ? ? ? ? ? ? ? ? ? ? ? ? ? ? ? ? ? ? ? ? 
1 3 F 3 1 1 2 F 3 2 2 1 1 2 F 1 2 F ? ? ? ? ? ? ? ? ? ? ? ? ? ? ? ? ? ? ? ? ? ? ? ? ? ? ? 
1 4 F 3     3 F 4 2 2 1 1 F 2 1 1 2 ? ? ? ? ? ? ? ? ? ? ? ? ? ? ? ? ? ? ? ? ? ? ? ? ? ? ? 
1 F F 2     2 F 4 F F 1 2 2 3 1 2 2 ? ? ? ? ? ? ? ? ? ? ? ? ? ? ? ? ? ? ? ? ? ? ? ? ? ? ? 
1 2 2 1   1 2 3 ? ? 3 1 1 F 2 F 2 F ? ? ? ? ? ? ? ? ? ? ? ? ? ? ? ? ? ? ? ? ? ? ? ? ? ? ? 
          1 F 3 ? ? 3 1 2 2 3 2 3 3 ? ? ? ? ? ? ? ? ? ? ? ? ? ? ? ? ? ? ? ? ? ? ? ? ? ? ? 
        1 2 3 ? ? ? ? ? ? ? ? ? ? ? ? ? ? ? ? ? ? ? ? ? ? ? ? ? ? ? ? ? ? ? ? ? ? ? ? ? ? 
2 2 1   1 F 3 ? ? ? ? ? ? ? ? ? ? ? ? ? ? ? ? ? ? ? ? ? ? ? ? ? ? ? ? ? ? ? ? ? ? ? ? ? ? 
F F 2 1 2 3 ? ? ? ? ? ? ? ? ? ? ? ? ? ? ? ? ? ? ? ? ? ? ? ? ? ? ? ? ? ? ? ? ? ? ? ? ? ? ? 
? ? ? ? ? ? ? ? ? ? ? ? ? ? ? ? ? ? ? ? ? ? ? ? ? ? ? ? ? ? ? ? ? ? ? ? ? ? ? ? ? ? ? ? ? 
? ? ? ? ? ? ? ? ? ? ? ? ? ? ? ? ? ? ? ? ? ? ? ? ? ? ? ? ? ? ? ? ? ? ? ? ? ? ? ? ? ? ? ? ? 
? ? ? ? ? ? ? ? ? ? ? ? ? ? ? ? ? ? ? ? ? ? ? ? ? ? ? ? ? ? ? ? ? ? ? ? ? ? ? ? ? ? ? ? ? 
? ? ? ? ? ? ? ? ? ? ? ? ? ? ? ? ? ? ? ? ? ? ? ? ? ? ? ? ? ? ? ? ? ? ? ? ? ? ? ? ? ? ? ? ? 
? ? ? ? ? ? ? ? ? ? ? ? ? ? ? ? ? ? ? ? ? ? ? ? ? ? ? ? ? ? ? ? ? ? ? ? ? ? ? ? ? ? ? ? ? 
? ? ? ? ? ? ? ? ? ? ? ? ? ? ? ? ? ? ? ? ? ? ? ? ? ? ? ? ? ? ? ? ? ? ? ? ? ? ? ? ? ? ? ? ? 
? ? ? ? ? ? ? ? ? ? ? ? ? ? ? ? ? ? ? ? ? ? ? ? ? ? ? ? ? ? ? ? ? ? ? ? ? ? ? ? ? ? ? ? ? 
? ? ? ? ? ? ? ? ? ? ? ? ? ? ? ? ? ? ? ? ? ? ? ? ? ? ? ? ? ? ? ? ? ? ? ? ? ? ? ? ? ? ? ? ? 
? ? ? ? ? ? ? ? ? ? ? ? ? ? ? ? ? ? ? ? ? ? ? ? ? ? ? ? ? ? ? ? ? ? ? ? ? ? ? ? ? ? ? ? ? 
? ? ? ? ? ? ? ? ? ? ? ? ? ? ? ? ? ? ? ? ? ? ? ? ? ? ? ? ? ? ? ? ? ? ? ? ? ? ? ? ? ? ? ? ? 
? ? ? ? ? ? ? ? ? ? ? ? ? ? ? ? ? ? ? ? ? ? ? ? ? ? ? ? ? ? ? ? ? ? ? ? ? ? ? ? ? ? ? ? ? 
? ? ? ? ? ? ? ? ? ? ? ? ? ? ? ? ? ? ? ? ? ? ? ? ? ? ? ? ? ? ? ? ? ? ? ? ? ? ? ? ? ? ? ? ? 
Step: 6
? ? F 2         1 1 3 F 3 1 2 1 1   2 F ? ? ? ? ? ? ? ? ? ? ? ? ? ? ? ? ? ? ? ? ? ? ? ? ? 
? ? F 2         1 F 3 F 3 F 2 F 1   2 F 3 ? ? ? ? ? ? ? ? ? ? ? ? ? ? ? ? ? ? ? ? ? ? ? ? 
? ? 2 1         1 1 2 1 2 1 2 2 2 2 3 3 3 ? ? ? ? ? ? ? ? ? ? ? ? ? ? ? ? ? ? ? ? ? ? ? ? 
? 2 1             1 1 1       1 F 3 F F 3 ? ? ? ? ? ? ? ? ? ? ? ? ? ? ? ? ? ? ? ? ? ? ? ? 
? ? 1 1 1 1     1 3 F 2       1 3 F 5 ? ? ? ? ? ? ? ? ? ? ? ? ? ? ? ? ? ? ? ? ? ? ? ? ? ? 
? ? 2 2 F 1 1 1 2 F F 2   1 1 1 3 F ? ? ? ? ? ? ? ? ? ? ? ? ? ? ? ? ? ? ? ? ? ? ? ? ? ? ? 
1 3 F 3 1 1 2 F 3 2 2 1 1 2 F 1 2 F ? ? ? ? ? ? ? ? ? ? ? ? ? ? ? ? ? ? ? ? ? ? ? ? ? ? ? 
1 4 F 3     3 F 4 2 2 1 1 F 2 1 1 2 ? ? ? ? ? ? ? ? ? ? ? ? ? ? ? ? ? ? ? ? ? ? ? ? ? ? ? 
1 F F 2     2 F 4 F F 1 2 2 3 1 2 2 ? ? ? ? ? ? ? ? ? ? ? ? ? ? ? ? ? ? ? ? ? ? ? ? ? ? ? 
1 2 2 1   1 2 3 ? ? 3 1 1 F 2 F 2 F ? ? ? ? ? ? ? ? ? ? ? ? ? ? ? ? ? ? ? ? ? ? ? ? ? ? ? 
          1 F 3 ? ? 3 1 2 2 3 2 3 3 ? ? ? ? ? ? ? ? ? ? ? ? ? ? ? ? ? ? ? ? ? ? ? ? ? ? ? 
        1 2 3 ? ? ? ? ? ? ? ? ? ? ? ? ? ? ? ? ? ? ? ? ? ? ? ? ? ? ? ? ? ? ? ? ? ? ? ? ? ? 
2 2 1   1 F 3 ? ? ? ? ? ? ? ? ? ? ? ? ? ? ? ? ? ? ? ? ? ? ? ? ? ? ? ? ? ? ? ? ? ? ? ? ? ? 
F F 2 1 2 3 ? ? ? ? ? ? ? ? ? ? ? ? ? ? ? ? ? ? ? ? ? ? ? ? ? ? ? ? ? ? ? ? ? ? ? ? ? ? ? 
? ? ? ? ? ? ? ? ? ? ? ? ? ? ? ? ? ? ? ? ? ? ? ? ? ? ? ? ? ? ? ? ? ? ? ? ? ? ? ? ? ? ? ? ? 
? ? ? ? ? ? ? ? ? ? ? ? ? ? ? ? ? ? ? ? ? ? ? ? ? ? ? ? ? ? ? ? ? ? ? ? ? ? ? ? ? ? ? ? ? 
? ? ? ? ? ? ? ? ? ? ? ? ? ? ? ? ? ? ? ? ? ? ? ? ? ? ? ? ? ? ? ? ? ? ? ? ? ? ? ? ? ? ? ? ? 
? ? ? ? ? ? ? ? ? ? ? ? ? ? ? ? ? ? ? ? ? ? ? ? ? ? ? ? ? ? ? ? ? ? ? ? ? ? ? ? ? ? ? ? ? 
? ? ? ? ? ? ? ? ? ? ? ? ? ? ? ? ? ? ? ? ? ? ? ? ? ? ? ? ? ? ? ? ? ? ? ? ? ? ? ? ? ? ? ? ? 
? ? ? ? ? ? ? ? ? ? ? ? ? ? ? ? ? ? ? ? ? ? ? ? ? ? ? ? ? ? ? ? ? ? ? ? ? ? ? ? ? ? ? ? ? 
? ? ? ? ? ? ? ? ? ? ? ? ? ? ? ? ? ? ? ? ? ? ? ? ? ? ? ? ? ? ? ? ? ? ? ? ? ? ? ? ? ? ? ? ? 
? ? ? ? ? ? ? ? ? ? ? ? ? ? ? ? ? ? ? ? ? ? ? ? ? ? ? ? ? ? ? ? ? ? ? ? ? ? ? ? ? ? ? ? ? 
? ? ? ? ? ? ? ? ? ? ? ? ? ? ? ? ? ? ? ? ? ? ? ? ? ? ? ? ? ? ? ? ? ? ? ? ? ? ? ? ? ? ? ? ? 
? ? ? ? ? ? ? ? ? ? ? ? ? ? ? ? ? ? ? ? ? ? ? ? ? ? ? ? ? ? ? ? ? ? ? ? ? ? ? ? ? ? ? ? ? 
? ? ? ? ? ? ? ? ? ? ? ? ? ? ? ? ? ? ? ? ? ? ? ? ? ? ? ? ? ? ? ? ? ? ? ? ? ? ? ? ? ? ? ? ? 
? ? ? ? ? ? ? ? ? ? ? ? ? ? ? ? ? ? ? ? ? ? ? ? ? ? ? ? ? ? ? ? ? ? ? ? ? ? ? ? ? ? ? ? ? 
Step: 7
? ? F 2         1 1 3 F 3 1 2 1 1   2 F ? ? ? ? ? ? ? ? ? ? ? ? ? ? ? ? ? ? ? ? ? ? ? ? ? 
? ? F 2         1 F 3 F 3 F 2 F 1   2 F 3 ? ? ? ? ? ? ? ? ? ? ? ? ? ? ? ? ? ? ? ? ? ? ? ? 
? ? 2 1         1 1 2 1 2 1 2 2 2 2 3 3 3 ? ? ? ? ? ? ? ? ? ? ? ? ? ? ? ? ? ? ? ? ? ? ? ? 
? 2 1             1 1 1       1 F 3 F F 3 ? ? ? ? ? ? ? ? ? ? ? ? ? ? ? ? ? ? ? ? ? ? ? ? 
? ? 1 1 1 1     1 3 F 2       1 3 F 5 ? ? ? ? ? ? ? ? ? ? ? ? ? ? ? ? ? ? ? ? ? ? ? ? ? ? 
? ? 2 2 F 1 1 1 2 F F 2   1 1 1 3 F ? ? ? ? ? ? ? ? ? ? ? ? ? ? ? ? ? ? ? ? ? ? ? ? ? ? ? 
1 3 F 3 1 1 2 F 3 2 2 1 1 2 F 1 2 F ? ? ? ? ? ? ? ? ? ? ? ? ? ? ? ? ? ? ? ? ? ? ? ? ? ? ? 
1 4 F 3     3 F 4 2 2 1 1 F 2 1 1 2 ? ? ? ? ? ? ? ? ? ? ? ? ? ? ? ? ? ? ? ? ? ? ? ? ? ? ? 
1 F F 2     2 F 4 F F 1 2 2 3 1 2 2 ? ? ? ? ? ? ? ? ? ? ? ? ? ? ? ? ? ? ? ? ? ? ? ? ? ? ? 
1 2 2 1   1 2 3 ? ? 3 1 1 F 2 F 2 F ? ? ? ? ? ? ? ? ? ? ? ? ? ? ? ? ? ? ? ? ? ? ? ? ? ? ? 
          1 F 3 ? ? 3 1 2 2 3 2 3 3 ? ? ? ? ? ? ? ? ? ? ? ? ? ? ? ? ? ? ? ? ? ? ? ? ? ? ? 
        1 2 3 ? ? F ? ? 2 ? ? 2 ? ? ? ? ? ? ? ? ? ? ? ? ? ? ? ? ? ? ? ? ? ? ? ? ? ? ? ? ? 
2 2 1   1 F 3 ? ? ? ? ? ? ? ? ? ? ? ? ? ? ? ? ? ? ? ? ? ? ? ? ? ? ? ? ? ? ? ? ? ? ? ? ? ? 
F F 2 1 2 3 ? ? ? ? ? ? ? ? ? ? ? ? ? ? ? ? ? ? ? ? ? ? ? ? ? ? ? ? ? ? ? ? ? ? ? ? ? ? ? 
? ? ? ? ? ? ? ? ? ? ? ? ? ? ? ? ? ? ? ? ? ? ? ? ? ? ? ? ? ? ? ? ? ? ? ? ? ? ? ? ? ? ? ? ? 
? ? ? ? ? ? ? ? ? ? ? ? ? ? ? ? ? ? ? ? ? ? ? ? ? ? ? ? ? ? ? ? ? ? ? ? ? ? ? ? ? ? ? ? ? 
? ? ? ? ? ? ? ? ? ? ? ? ? ? ? ? ? ? ? ? ? ? ? ? ? ? ? ? ? ? ? ? ? ? ? ? ? ? ? ? ? ? ? ? ? 
? ? ? ? ? ? ? ? ? ? ? ? ? ? ? ? ? ? ? ? ? ? ? ? ? ? ? ? ? ? ? ? ? ? ? ? ? ? ? ? ? ? ? ? ? 
? ? ? ? ? ? ? ? ? ? ? ? ? ? ? ? ? ? ? ? ? ? ? ? ? ? ? ? ? ? ? ? ? ? ? ? ? ? ? ? ? ? ? ? ? 
? ? ? ? ? ? ? ? ? ? ? ? ? ? ? ? ? ? ? ? ? ? ? ? ? ? ? ? ? ? ? ? ? ? ? ? ? ? ? ? ? ? ? ? ? 
? ? ? ? ? ? ? ? ? ? ? ? ? ? ? ? ? ? ? ? ? ? ? ? ? ? ? ? ? ? ? ? ? ? ? ? ? ? ? ? ? ? ? ? ? 
? ? ? ? ? ? ? ? ? ? ? ? ? ? ? ? ? ? ? ? ? ? ? ? ? ? ? ? ? ? ? ? ? ? ? ? ? ? ? ? ? ? ? ? ? 
? ? ? ? ? ? ? ? ? ? ? ? ? ? ? ? ? ? ? ? ? ? ? ? ? ? ? ? ? ? ? ? ? ? ? ? ? ? ? ? ? ? ? ? ? 
? ? ? ? ? ? ? ? ? ? ? ? ? ? ? ? ? ? ? ? ? ? ? ? ? ? ? ? ? ? ? ? ? ? ? ? ? ? ? ? ? ? ? ? ? 
? ? ? ? ? ? ? ? ? ? ? ? ? ? ? ? ? ? ? ? ? ? ? ? ? ? ? ? ? ? ? ? ? ? ? ? ? ? ? ? ? ? ? ? ? 
? ? ? ? ? ? ? ? ? ? ? ? ? ? ? ? ? ? ? ? ? ? ? ? ? ? ? ? ? ? ? ? ? ? ? ? ? ? ? ? ? ? ? ? ? 
Width: 45, Height: 26, Mines: 257
Start field: (4, 0)
1 # # 2         1 1 3 # 3 1 2 1 1   2 # # 2 # 3 3 # 2 1 2 # 3 # # 1         1 # # # 4 # 3 
3 5 # 2         1 # 3 # 3 # 2 # 1   2 # 3 2 2 # # 3 # 1 2 # 3 2 2 1 1 1 1   1 2 3 4 # # # 
# # 2 1         1 1 2 1 2 1 2 2 2 2 3 3 3 1 2 2 3 3 2 1 1 2 2 1     1 # 2 2 1 2 1 4 # # 5 
2 2 1             1 1 1       1 # 3 # # 3 # 1   1 # 2 1 1 1 # 2 2 1 2 2 # 2 # 2 # 4 # # # 
1 1 1 1 1 1     1 3 # 2       1 3 # 5 # 3 2 2 2 2 2 3 # 2 2 3 # 2 # 2 3 4 4 3 3 3 4 # 4 2 
1 # 2 2 # 1 1 1 2 # # 2   1 1 1 3 # 4 1 1 1 # 3 # 1 2 # 4 3 # 3 4 3 3 # # # 2 # 2 # 2 1   
1 3 # 3 1 1 2 # 3 2 2 1 1 2 # 1 2 # 2   1 2 3 # 2 1 1 2 # # 3 2 # # 2 2 3 2 3 2 3 1 1     
1 4 # 3     3 # 4 2 2 1 1 # 2 1 1 2 2 1 1 # 3 2 1     1 3 # 2 1 3 3 2       1 # 1   1 1 1 
1 # # 2     2 # 4 # # 1 2 2 3 1 2 2 # 1 1 2 # 2 1 1     1 1 2 1 2 # 1       1 1 1 1 2 # 1 
1 2 2 1   1 2 3 # 4 3 1 1 # 2 # 2 # 3 2   1 1 3 # 2 1 1 1   1 # 2 1 1         1 2 4 # 3 1 
          1 # 3 4 # 3 1 2 2 3 2 3 3 # 1     1 3 # 2 2 # 2   1 2 2 1     1 1 1 1 # # # 4 2 
        1 2 3 # 3 # # 3 2 # 2 2 # 3 2 1     2 # 4 2 3 # 2 1 1 2 # 3 2 1 2 # 2 2 4 # 4 # # 
2 2 1   1 # 3 2 2 3 # 3 # 3 # 3 4 # 2   1 1 3 # 3 # 3 3 2 2 # 2 2 # # 2 2 # 2 1 # 2 2 2 2 
# # 2 1 2 3 # 2 1 2 2 3 2 3 2 # 4 # 2   1 # 2 1 2 2 # 2 # 2 1 1 2 4 # 2 1 1 1 2 2 2       
# 4 2 # 2 3 # 3 2 # 1 1 # 2 2 3 # 4 4 2 2 1 1     1 1 2 1 2 2 3 3 # 2 1       2 # 3 1 2 1 
# 2 1 1 2 # 3 # 2 1 1 2 3 4 # 3 3 # # # 2   1 2 2 1 1 1 1 1 # # # 2 1   1 1 1 2 # 3 # 2 # 
1 1   1 2 3 4 3 3 1 1 1 # # 2 2 # 3 5 # 4 1 2 # # 2 1 # 2 2 4 # 5 3 1   2 # 2 1 1 2 1 3 2 
      2 # 4 # # 2 # 2 2 2 2 1 2 2 2 2 # 3 # 2 3 # 2 2 3 4 # 2 2 # # 1   2 # 2   1 1 1 2 # 
1 1   2 # 4 # 3 2 2 # 2 1 1   1 # 1 1 1 2 2 2 3 2 2 2 # # 2 1 1 2 2 1   1 2 2 1 1 # 1 2 # 
# 2 2 3 2 2 1 1   1 2 3 # 1   1 2 3 2 1   2 # 3 # 3 5 # 4 1     1 1 1   1 2 # 1 1 1 1 1 1 
2 3 # # 3 1 2 1 2 1 2 # 2 1 1 1 2 # # 3 1 3 # 4 2 # # # 2       1 # 1   1 # 2 2 1 1   1 1 
2 # 5 # 3 # 2 # 2 # 2 2 2 1 1 # 3 4 # # 1 2 # 4 3 4 4 3 1       1 1 1   1 2 2 3 # 3 2 4 # 
2 # 5 4 4 3 3 2 2 2 2 3 # 2 1 1 3 # 5 3 1 1 3 # # 5 # 2 1 2 2 1 1 1 1   1 3 # 5 # 4 # # # 
1 2 # # # 2 # 2 1 1 # 3 # 2 1 2 4 # # 2     3 # # # # 3 1 # # 2 1 # 1   1 # # 5 # 3 2 3 2 
  1 2 3 2 2 2 # 1 2 2 3 1 1 1 # # 4 # 3 1   2 # 4 5 # 3 1 4 # 3 1 1 1   1 3 # 3 1 1   1 1 
            1 1 1 1 # 1     1 2 2 2 2 # 1   1 1 1 2 # 2   2 # 2           1 1 1       1 # 
Moving mine from border cell (20, 0) : 
to border cell (1, 1)
Width: 45, Height: 26, Mines: 257
Start field: (4, 0)
2 # # 2         1 1 3 # 3 1 2 1 1   2 # 2 1 # 3 3 # 2 1 2 # 3 # # 1         1 # # # 4 # 3 
4 # # 2         1 # 3 # 3 # 2 # 1   2 # 2 1 2 # # 3 # 1 2 # 3 2 2 1 1 1 1   1 2 3 4 # # # 
# # 3 1         1 1 2 1 2 1 2 2 2 2 3 3 3 1 2 2 3 3 2 1 1 2 2 1     1 # 2 2 1 2 1 4 # # 5 
2 2 1             1 1 1       1 # 3 # # 3 # 1   1 # 2 1 1 1 # 2 2 1 2 2 # 2 # 2 # 4 # # # 
1 1 1 1 1 1     1 3 # 2       1 3 # 5 # 3 2 2 2 2 2 3 # 2 2 3 # 2 # 2 3 4 4 3 3 3 4 # 4 2 
1 # 2 2 # 1 1 1 2 # # 2   1 1 1 3 # 4 1 1 1 # 3 # 1 2 # 4 3 # 3 4 3 3 # # # 2 # 2 # 2 1   
1 3 # 3 1 1 2 # 3 2 2 1 1 2 # 1 2 # 2   1 2 3 # 2 1 1 2 # # 3 2 # # 2 2 3 2 3 2 3 1 1     
1 4 # 3     3 # 4 2 2 1 1 # 2 1 1 2 2 1 1 # 3 2 1     1 3 # 2 1 3 3 2       1 # 1   1 1 1 
1 # # 2     2 # 4 # # 1 2 2 3 1 2 2 # 1 1 2 # 2 1 1     1 1 2 1 2 # 1       1 1 1 1 2 # 1 
1 2 2 1   1 2 3 # 4 3 1 1 # 2 # 2 # 3 2   1 1 3 # 2 1 1 1   1 # 2 1 1         1 2 4 # 3 1 
          1 # 3 4 # 3 1 2 2 3 2 3 3 # 1     1 3 # 2 2 # 2   1 2 2 1     1 1 1 1 # # # 4 2 
        1 2 3 # 3 # # 3 2 # 2 2 # 3 2 1     2 # 4 2 3 # 2 1 1 2 # 3 2 1 2 # 2 2 4 # 4 # # 
2 2 1   1 # 3 2 2 3 # 3 # 3 # 3 4 # 2   1 1 3 # 3 # 3 3 2 2 # 2 2 # # 2 2 # 2 1 # 2 2 2 2 
# # 2 1 2 3 # 2 1 2 2 3 2 3 2 # 4 # 2   1 # 2 1 2 2 # 2 # 2 1 1 2 4 # 2 1 1 1 2 2 2       
# 4 2 # 2 3 # 3 2 # 1 1 # 2 2 3 # 4 4 2 2 1 1     1 1 2 1 2 2 3 3 # 2 1       2 # 3 1 2 1 
# 2 1 1 2 # 3 # 2 1 1 2 3 4 # 3 3 # # # 2   1 2 2 1 1 1 1 1 # # # 2 1   1 1 1 2 # 3 # 2 # 
1 1   1 2 3 4 3 3 1 1 1 # # 2 2 # 3 5 # 4 1 2 # # 2 1 # 2 2 4 # 5 3 1   2 # 2 1 1 2 1 3 2 
      2 # 4 # # 2 # 2 2 2 2 1 2 2 2 2 # 3 # 2 3 # 2 2 3 4 # 2 2 # # 1   2 # 2   1 1 1 2 # 
1 1   2 # 4 # 3 2 2 # 2 1 1   1 # 1 1 1 2 2 2 3 2 2 2 # # 2 1 1 2 2 1   1 2 2 1 1 # 1 2 # 
# 2 2 3 2 2 1 1   1 2 3 # 1   1 2 3 2 1   2 # 3 # 3 5 # 4 1     1 1 1   1 2 # 1 1 1 1 1 1 
2 3 # # 3 1 2 1 2 1 2 # 2 1 1 1 2 # # 3 1 3 # 4 2 # # # 2       1 # 1   1 # 2 2 1 1   1 1 
2 # 5 # 3 # 2 # 2 # 2 2 2 1 1 # 3 4 # # 1 2 # 4 3 4 4 3 1       1 1 1   1 2 2 3 # 3 2 4 # 
2 # 5 4 4 3 3 2 2 2 2 3 # 2 1 1 3 # 5 3 1 1 3 # # 5 # 2 1 2 2 1 1 1 1   1 3 # 5 # 4 # # # 
1 2 # # # 2 # 2 1 1 # 3 # 2 1 2 4 # # 2     3 # # # # 3 1 # # 2 1 # 1   1 # # 5 # 3 2 3 2 
  1 2 3 2 2 2 # 1 2 2 3 1 1 1 # # 4 # 3 1   2 # 4 5 # 3 1 4 # 3 1 1 1   1 3 # 3 1 1   1 1 
            1 1 1 1 # 1     1 2 2 2 2 # 1   1 1 1 2 # 2   2 # 2           1 1 1       1 # 
Step: 1
? ? ? 2         1 ? ? ? ? ? ? ? ? ? ? ? ? ? ? ? ? ? ? ? ? ? ? ? ? ? ? ? ? ? ? ? ? ? ? ? ? 
? ? ? 2         1 ? ? ? ? ? ? ? ? ? ? ? ? ? ? ? ? ? ? ? ? ? ? ? ? ? ? ? ? ? ? ? ? ? ? ? ? 
? ? 3 1         1 1 ? ? ? ? ? ? ? ? ? ? ? ? ? ? ? ? ? ? ? ? ? ? ? ? ? ? ? ? ? ? ? ? ? ? ? 
? ? 1             1 ? ? ? ? ? ? ? ? ? ? ? ? ? ? ? ? ? ? ? ? ? ? ? ? ? ? ? ? ? ? ? ? ? ? ? 
? ? 1 1 1 1     1 3 ? ? ? ? ? ? ? ? ? ? ? ? ? ? ? ? ? ? ? ? ? ? ? ? ? ? ? ? ? ? ? ? ? ? ? 
? ? ? ? ? 1 1 1 2 ? ? ? ? ? ? ? ? ? ? ? ? ? ? ? ? ? ? ? ? ? ? ? ? ? ? ? ? ? ? ? ? ? ? ? ? 
? ? ? ? ? ? ? ? ? ? ? ? ? ? ? ? ? ? ? ? ? ? ? ? ? ? ? ? ? ? ? ? ? ? ? ? ? ? ? ? ? ? ? ? ? 
? ? ? ? ? ? ? ? ? ? ? ? ? ? ? ? ? ? ? ? ? ? ? ? ? ? ? ? ? ? ? ? ? ? ? ? ? ? ? ? ? ? ? ? ? 
? ? ? ? ? ? ? ? ? ? ? ? ? ? ? ? ? ? ? ? ? ? ? ? ? ? ? ? ? ? ? ? ? ? ? ? ? ? ? ? ? ? ? ? ? 
? ? ? ? ? ? ? ? ? ? ? ? ? ? ? ? ? ? ? ? ? ? ? ? ? ? ? ? ? ? ? ? ? ? ? ? ? ? ? ? ? ? ? ? ? 
? ? ? ? ? ? ? ? ? ? ? ? ? ? ? ? ? ? ? ? ? ? ? ? ? ? ? ? ? ? ? ? ? ? ? ? ? ? ? ? ? ? ? ? ? 
? ? ? ? ? ? ? ? ? ? ? ? ? ? ? ? ? ? ? ? ? ? ? ? ? ? ? ? ? ? ? ? ? ? ? ? ? ? ? ? ? ? ? ? ? 
? ? ? ? ? ? ? ? ? ? ? ? ? ? ? ? ? ? ? ? ? ? ? ? ? ? ? ? ? ? ? ? ? ? ? ? ? ? ? ? ? ? ? ? ? 
? ? ? ? ? ? ? ? ? ? ? ? ? ? ? ? ? ? ? ? ? ? ? ? ? ? ? ? ? ? ? ? ? ? ? ? ? ? ? ? ? ? ? ? ? 
? ? ? ? ? ? ? ? ? ? ? ? ? ? ? ? ? ? ? ? ? ? ? ? ? ? ? ? ? ? ? ? ? ? ? ? ? ? ? ? ? ? ? ? ? 
? ? ? ? ? ? ? ? ? ? ? ? ? ? ? ? ? ? ? ? ? ? ? ? ? ? ? ? ? ? ? ? ? ? ? ? ? ? ? ? ? ? ? ? ? 
? ? ? ? ? ? ? ? ? ? ? ? ? ? ? ? ? ? ? ? ? ? ? ? ? ? ? ? ? ? ? ? ? ? ? ? ? ? ? ? ? ? ? ? ? 
? ? ? ? ? ? ? ? ? ? ? ? ? ? ? ? ? ? ? ? ? ? ? ? ? ? ? ? ? ? ? ? ? ? ? ? ? ? ? ? ? ? ? ? ? 
? ? ? ? ? ? ? ? ? ? ? ? ? ? ? ? ? ? ? ? ? ? ? ? ? ? ? ? ? ? ? ? ? ? ? ? ? ? ? ? ? ? ? ? ? 
? ? ? ? ? ? ? ? ? ? ? ? ? ? ? ? ? ? ? ? ? ? ? ? ? ? ? ? ? ? ? ? ? ? ? ? ? ? ? ? ? ? ? ? ? 
? ? ? ? ? ? ? ? ? ? ? ? ? ? ? ? ? ? ? ? ? ? ? ? ? ? ? ? ? ? ? ? ? ? ? ? ? ? ? ? ? ? ? ? ? 
? ? ? ? ? ? ? ? ? ? ? ? ? ? ? ? ? ? ? ? ? ? ? ? ? ? ? ? ? ? ? ? ? ? ? ? ? ? ? ? ? ? ? ? ? 
? ? ? ? ? ? ? ? ? ? ? ? ? ? ? ? ? ? ? ? ? ? ? ? ? ? ? ? ? ? ? ? ? ? ? ? ? ? ? ? ? ? ? ? ? 
? ? ? ? ? ? ? ? ? ? ? ? ? ? ? ? ? ? ? ? ? ? ? ? ? ? ? ? ? ? ? ? ? ? ? ? ? ? ? ? ? ? ? ? ? 
? ? ? ? ? ? ? ? ? ? ? ? ? ? ? ? ? ? ? ? ? ? ? ? ? ? ? ? ? ? ? ? ? ? ? ? ? ? ? ? ? ? ? ? ? 
? ? ? ? ? ? ? ? ? ? ? ? ? ? ? ? ? ? ? ? ? ? ? ? ? ? ? ? ? ? ? ? ? ? ? ? ? ? ? ? ? ? ? ? ? 
Step: 2
? ? F 2         1 ? ? ? ? ? ? ? ? ? ? ? ? ? ? ? ? ? ? ? ? ? ? ? ? ? ? ? ? ? ? ? ? ? ? ? ? 
? ? F 2         1 F 3 ? ? ? ? ? ? ? ? ? ? ? ? ? ? ? ? ? ? ? ? ? ? ? ? ? ? ? ? ? ? ? ? ? ? 
? ? 3 1         1 1 2 1 2 1 2 2 ? ? ? ? ? ? ? ? ? ? ? ? ? ? ? ? ? ? ? ? ? ? ? ? ? ? ? ? ? 
? ? 1             1 1 1       1 ? ? ? ? ? ? ? ? ? ? ? ? ? ? ? ? ? ? ? ? ? ? ? ? ? ? ? ? ? 
? ? 1 1 1 1     1 3 F 2       1 3 F ? ? ? ? ? ? ? ? ? ? ? ? ? ? ? ? ? ? ? ? ? ? ? ? ? ? ? 
? ? ? 2 F 1 1 1 2 F F 2   1 1 1 3 F ? ? ? ? ? ? ? ? ? ? ? ? ? ? ? ? ? ? ? ? ? ? ? ? ? ? ? 
? ? F 3 1 1 2 F 3 2 2 1 1 2 F 1 2 F ? ? ? ? ? ? ? ? ? ? ? ? ? ? ? ? ? ? ? ? ? ? ? ? ? ? ? 
? ? F 3     3 F 4 2 2 1 1 F 2 1 1 2 ? ? ? ? ? ? ? ? ? ? ? ? ? ? ? ? ? ? ? ? ? ? ? ? ? ? ? 
? F F 2     2 F ? ? ? 1 2 2 3 1 2 2 ? ? ? ? ? ? ? ? ? ? ? ? ? ? ? ? ? ? ? ? ? ? ? ? ? ? ? 
1 2 2 1   1 2 3 ? ? ? ? ? ? ? ? ? ? ? ? ? ? ? ? ? ? ? ? ? ? ? ? ? ? ? ? ? ? ? ? ? ? ? ? ? 
          1 F 3 ? ? ? ? ? ? ? ? ? ? ? ? ? ? ? ? ? ? ? ? ? ? ? ? ? ? ? ? ? ? ? ? ? ? ? ? ? 
        1 2 3 ? ? ? ? ? ? ? ? ? ? ? ? ? ? ? ? ? ? ? ? ? ? ? ? ? ? ? ? ? ? ? ? ? ? ? ? ? ? 
2 2 1   1 F 3 ? ? ? ? ? ? ? ? ? ? ? ? ? ? ? ? ? ? ? ? ? ? ? ? ? ? ? ? ? ? ? ? ? ? ? ? ? ? 
F F 2 1 2 3 ? ? ? ? ? ? ? ? ? ? ? ? ? ? ? ? ? ? ? ? ? ? ? ? ? ? ? ? ? ? ? ? ? ? ? ? ? ? ? 
? ? ? ? ? ? ? ? ? ? ? ? ? ? ? ? ? ? ? ? ? ? ? ? ? ? ? ? ? ? ? ? ? ? ? ? ? ? ? ? ? ? ? ? ? 
? ? ? ? ? ? ? ? ? ? ? ? ? ? ? ? ? ? ? ? ? ? ? ? ? ? ? ? ? ? ? ? ? ? ? ? ? ? ? ? ? ? ? ? ? 
? ? ? ? ? ? ? ? ? ? ? ? ? ? ? ? ? ? ? ? ? ? ? ? ? ? ? ? ? ? ? ? ? ? ? ? ? ? ? ? ? ? ? ? ? 
? ? ? ? ? ? ? ? ? ? ? ? ? ? ? ? ? ? ? ? ? ? ? ? ? ? ? ? ? ? ? ? ? ? ? ? ? ? ? ? ? ? ? ? ? 
? ? ? ? ? ? ? ? ? ? ? ? ? ? ? ? ? ? ? ? ? ? ? ? ? ? ? ? ? ? ? ? ? ? ? ? ? ? ? ? ? ? ? ? ? 
? ? ? ? ? ? ? ? ? ? ? ? ? ? ? ? ? ? ? ? ? ? ? ? ? ? ? ? ? ? ? ? ? ? ? ? ? ? ? ? ? ? ? ? ? 
? ? ? ? ? ? ? ? ? ? ? ? ? ? ? ? ? ? ? ? ? ? ? ? ? ? ? ? ? ? ? ? ? ? ? ? ? ? ? ? ? ? ? ? ? 
? ? ? ? ? ? ? ? ? ? ? ? ? ? ? ? ? ? ? ? ? ? ? ? ? ? ? ? ? ? ? ? ? ? ? ? ? ? ? ? ? ? ? ? ? 
? ? ? ? ? ? ? ? ? ? ? ? ? ? ? ? ? ? ? ? ? ? ? ? ? ? ? ? ? ? ? ? ? ? ? ? ? ? ? ? ? ? ? ? ? 
? ? ? ? ? ? ? ? ? ? ? ? ? ? ? ? ? ? ? ? ? ? ? ? ? ? ? ? ? ? ? ? ? ? ? ? ? ? ? ? ? ? ? ? ? 
? ? ? ? ? ? ? ? ? ? ? ? ? ? ? ? ? ? ? ? ? ? ? ? ? ? ? ? ? ? ? ? ? ? ? ? ? ? ? ? ? ? ? ? ? 
? ? ? ? ? ? ? ? ? ? ? ? ? ? ? ? ? ? ? ? ? ? ? ? ? ? ? ? ? ? ? ? ? ? ? ? ? ? ? ? ? ? ? ? ? 
Step: 3
? ? F 2         1 1 3 F ? ? ? ? ? ? ? ? ? ? ? ? ? ? ? ? ? ? ? ? ? ? ? ? ? ? ? ? ? ? ? ? ? 
? ? F 2         1 F 3 F 3 F 2 F ? ? ? ? ? ? ? ? ? ? ? ? ? ? ? ? ? ? ? ? ? ? ? ? ? ? ? ? ? 
? ? 3 1         1 1 2 1 2 1 2 2 ? ? ? ? ? ? ? ? ? ? ? ? ? ? ? ? ? ? ? ? ? ? ? ? ? ? ? ? ? 
? ? 1             1 1 1       1 F 3 ? ? ? ? ? ? ? ? ? ? ? ? ? ? ? ? ? ? ? ? ? ? ? ? ? ? ? 
? ? 1 1 1 1     1 3 F 2       1 3 F ? ? ? ? ? ? ? ? ? ? ? ? ? ? ? ? ? ? ? ? ? ? ? ? ? ? ? 
? ? 2 2 F 1 1 1 2 F F 2   1 1 1 3 F ? ? ? ? ? ? ? ? ? ? ? ? ? ? ? ? ? ? ? ? ? ? ? ? ? ? ? 
1 3 F 3 1 1 2 F 3 2 2 1 1 2 F 1 2 F ? ? ? ? ? ? ? ? ? ? ? ? ? ? ? ? ? ? ? ? ? ? ? ? ? ? ? 
1 4 F 3     3 F 4 2 2 1 1 F 2 1 1 2 ? ? ? ? ? ? ? ? ? ? ? ? ? ? ? ? ? ? ? ? ? ? ? ? ? ? ? 
1 F F 2     2 F ? F F 1 2 2 3 1 2 2 ? ? ? ? ? ? ? ? ? ? ? ? ? ? ? ? ? ? ? ? ? ? ? ? ? ? ? 
1 2 2 1   1 2 3 ? ? 3 1 1 F 2 F 2 F ? ? ? ? ? ? ? ? ? ? ? ? ? ? ? ? ? ? ? ? ? ? ? ? ? ? ? 
          1 F 3 ? ? 3 1 2 2 3 2 3 3 ? ? ? ? ? ? ? ? ? ? ? ? ? ? ? ? ? ? ? ? ? ? ? ? ? ? ? 
        1 2 3 ? ? ? ? ? ? ? ? ? ? ? ? ? ? ? ? ? ? ? ? ? ? ? ? ? ? ? ? ? ? ? ? ? ? ? ? ? ? 
2 2 1   1 F 3 ? ? ? ? ? ? ? ? ? ? ? ? ? ? ? ? ? ? ? ? ? ? ? ? ? ? ? ? ? ? ? ? ? ? ? ? ? ? 
F F 2 1 2 3 ? ? ? ? ? ? ? ? ? ? ? ? ? ? ? ? ? ? ? ? ? ? ? ? ? ? ? ? ? ? ? ? ? ? ? ? ? ? ? 
? ? ? ? ? ? ? ? ? ? ? ? ? ? ? ? ? ? ? ? ? ? ? ? ? ? ? ? ? ? ? ? ? ? ? ? ? ? ? ? ? ? ? ? ? 
? ? ? ? ? ? ? ? ? ? ? ? ? ? ? ? ? ? ? ? ? ? ? ? ? ? ? ? ? ? ? ? ? ? ? ? ? ? ? ? ? ? ? ? ? 
? ? ? ? ? ? ? ? ? ? ? ? ? ? ? ? ? ? ? ? ? ? ? ? ? ? ? ? ? ? ? ? ? ? ? ? ? ? ? ? ? ? ? ? ? 
? ? ? ? ? ? ? ? ? ? ? ? ? ? ? ? ? ? ? ? ? ? ? ? ? ? ? ? ? ? ? ? ? ? ? ? ? ? ? ? ? ? ? ? ? 
? ? ? ? ? ? ? ? ? ? ? ? ? ? ? ? ? ? ? ? ? ? ? ? ? ? ? ? ? ? ? ? ? ? ? ? ? ? ? ? ? ? ? ? ? 
? ? ? ? ? ? ? ? ? ? ? ? ? ? ? ? ? ? ? ? ? ? ? ? ? ? ? ? ? ? ? ? ? ? ? ? ? ? ? ? ? ? ? ? ? 
? ? ? ? ? ? ? ? ? ? ? ? ? ? ? ? ? ? ? ? ? ? ? ? ? ? ? ? ? ? ? ? ? ? ? ? ? ? ? ? ? ? ? ? ? 
? ? ? ? ? ? ? ? ? ? ? ? ? ? ? ? ? ? ? ? ? ? ? ? ? ? ? ? ? ? ? ? ? ? ? ? ? ? ? ? ? ? ? ? ? 
? ? ? ? ? ? ? ? ? ? ? ? ? ? ? ? ? ? ? ? ? ? ? ? ? ? ? ? ? ? ? ? ? ? ? ? ? ? ? ? ? ? ? ? ? 
? ? ? ? ? ? ? ? ? ? ? ? ? ? ? ? ? ? ? ? ? ? ? ? ? ? ? ? ? ? ? ? ? ? ? ? ? ? ? ? ? ? ? ? ? 
? ? ? ? ? ? ? ? ? ? ? ? ? ? ? ? ? ? ? ? ? ? ? ? ? ? ? ? ? ? ? ? ? ? ? ? ? ? ? ? ? ? ? ? ? 
? ? ? ? ? ? ? ? ? ? ? ? ? ? ? ? ? ? ? ? ? ? ? ? ? ? ? ? ? ? ? ? ? ? ? ? ? ? ? ? ? ? ? ? ? 
Step: 4
? ? F 2         1 1 3 F 3 1 2 1 1   2 ? ? ? ? ? ? ? ? ? ? ? ? ? ? ? ? ? ? ? ? ? ? ? ? ? ? 
? ? F 2         1 F 3 F 3 F 2 F 1   2 ? ? ? ? ? ? ? ? ? ? ? ? ? ? ? ? ? ? ? ? ? ? ? ? ? ? 
? ? 3 1         1 1 2 1 2 1 2 2 2 2 3 ? ? ? ? ? ? ? ? ? ? ? ? ? ? ? ? ? ? ? ? ? ? ? ? ? ? 
? ? 1             1 1 1       1 F 3 F ? ? ? ? ? ? ? ? ? ? ? ? ? ? ? ? ? ? ? ? ? ? ? ? ? ? 
? ? 1 1 1 1     1 3 F 2       1 3 F 5 ? ? ? ? ? ? ? ? ? ? ? ? ? ? ? ? ? ? ? ? ? ? ? ? ? ? 
? ? 2 2 F 1 1 1 2 F F 2   1 1 1 3 F ? ? ? ? ? ? ? ? ? ? ? ? ? ? ? ? ? ? ? ? ? ? ? ? ? ? ? 
1 3 F 3 1 1 2 F 3 2 2 1 1 2 F 1 2 F ? ? ? ? ? ? ? ? ? ? ? ? ? ? ? ? ? ? ? ? ? ? ? ? ? ? ? 
1 4 F 3     3 F 4 2 2 1 1 F 2 1 1 2 ? ? ? ? ? ? ? ? ? ? ? ? ? ? ? ? ? ? ? ? ? ? ? ? ? ? ? 
1 F F 2     2 F 4 F F 1 2 2 3 1 2 2 ? ? ? ? ? ? ? ? ? ? ? ? ? ? ? ? ? ? ? ? ? ? ? ? ? ? ? 
1 2 2 1   1 2 3 ? ? 3 1 1 F 2 F 2 F ? ? ? ? ? ? ? ? ? ? ? ? ? ? ? ? ? ? ? ? ? ? ? ? ? ? ? 
          1 F 3 ? ? 3 1 2 2 3 2 3 3 ? ? ? ? ? ? ? ? ? ? ? ? ? ? ? ? ? ? ? ? ? ? ? ? ? ? ? 
        1 2 3 ? ? ? ? ? ? ? ? ? ? ? ? ? ? ? ? ? ? ? ? ? ? ? ? ? ? ? ? ? ? ? ? ? ? ? ? ? ? 
2 2 1   1 F 3 ? ? ? ? ? ? ? ? ? ? ? ? ? ? ? ? ? ? ? ? ? ? ? ? ? ? ? ? ? ? ? ? ? ? ? ? ? ? 
F F 2 1 2 3 ? ? ? ? ? ? ? ? ? ? ? ? ? ? ? ? ? ? ? ? ? ? ? ? ? ? ? ? ? ? ? ? ? ? ? ? ? ? ? 
? ? ? ? ? ? ? ? ? ? ? ? ? ? ? ? ? ? ? ? ? ? ? ? ? ? ? ? ? ? ? ? ? ? ? ? ? ? ? ? ? ? ? ? ? 
? ? ? ? ? ? ? ? ? ? ? ? ? ? ? ? ? ? ? ? ? ? ? ? ? ? ? ? ? ? ? ? ? ? ? ? ? ? ? ? ? ? ? ? ? 
? ? ? ? ? ? ? ? ? ? ? ? ? ? ? ? ? ? ? ? ? ? ? ? ? ? ? ? ? ? ? ? ? ? ? ? ? ? ? ? ? ? ? ? ? 
? ? ? ? ? ? ? ? ? ? ? ? ? ? ? ? ? ? ? ? ? ? ? ? ? ? ? ? ? ? ? ? ? ? ? ? ? ? ? ? ? ? ? ? ? 
? ? ? ? ? ? ? ? ? ? ? ? ? ? ? ? ? ? ? ? ? ? ? ? ? ? ? ? ? ? ? ? ? ? ? ? ? ? ? ? ? ? ? ? ? 
? ? ? ? ? ? ? ? ? ? ? ? ? ? ? ? ? ? ? ? ? ? ? ? ? ? ? ? ? ? ? ? ? ? ? ? ? ? ? ? ? ? ? ? ? 
? ? ? ? ? ? ? ? ? ? ? ? ? ? ? ? ? ? ? ? ? ? ? ? ? ? ? ? ? ? ? ? ? ? ? ? ? ? ? ? ? ? ? ? ? 
? ? ? ? ? ? ? ? ? ? ? ? ? ? ? ? ? ? ? ? ? ? ? ? ? ? ? ? ? ? ? ? ? ? ? ? ? ? ? ? ? ? ? ? ? 
? ? ? ? ? ? ? ? ? ? ? ? ? ? ? ? ? ? ? ? ? ? ? ? ? ? ? ? ? ? ? ? ? ? ? ? ? ? ? ? ? ? ? ? ? 
? ? ? ? ? ? ? ? ? ? ? ? ? ? ? ? ? ? ? ? ? ? ? ? ? ? ? ? ? ? ? ? ? ? ? ? ? ? ? ? ? ? ? ? ? 
? ? ? ? ? ? ? ? ? ? ? ? ? ? ? ? ? ? ? ? ? ? ? ? ? ? ? ? ? ? ? ? ? ? ? ? ? ? ? ? ? ? ? ? ? 
? ? ? ? ? ? ? ? ? ? ? ? ? ? ? ? ? ? ? ? ? ? ? ? ? ? ? ? ? ? ? ? ? ? ? ? ? ? ? ? ? ? ? ? ? 
Step: 5
? ? F 2         1 1 3 F 3 1 2 1 1   2 F 2 1 ? ? ? ? ? ? ? ? ? ? ? ? ? ? ? ? ? ? ? ? ? ? ? 
? ? F 2         1 F 3 F 3 F 2 F 1   2 F 2 1 2 F F ? ? ? ? ? ? ? ? ? ? ? ? ? ? ? ? ? ? ? ? 
? ? 3 1         1 1 2 1 2 1 2 2 2 2 3 3 3 1 2 2 3 ? ? ? ? ? ? ? ? ? ? ? ? ? ? ? ? ? ? ? ? 
? ? 1             1 1 1       1 F 3 F F 3 F 1   1 ? ? ? ? ? ? ? ? ? ? ? ? ? ? ? ? ? ? ? ? 
? ? 1 1 1 1     1 3 F 2       1 3 F 5 ? ? 2 2 2 2 ? ? ? ? ? ? ? ? ? ? ? ? ? ? ? ? ? ? ? ? 
? ? 2 2 F 1 1 1 2 F F 2   1 1 1 3 F ? ? ? ? ? ? ? ? ? ? ? ? ? ? ? ? ? ? ? ? ? ? ? ? ? ? ? 
1 3 F 3 1 1 2 F 3 2 2 1 1 2 F 1 2 F ? ? ? ? ? ? ? ? ? ? ? ? ? ? ? ? ? ? ? ? ? ? ? ? ? ? ? 
1 4 F 3     3 F 4 2 2 1 1 F 2 1 1 2 ? ? ? ? ? ? ? ? ? ? ? ? ? ? ? ? ? ? ? ? ? ? ? ? ? ? ? 
1 F F 2     2 F 4 F F 1 2 2 3 1 2 2 ? ? ? ? ? ? ? ? ? ? ? ? ? ? ? ? ? ? ? ? ? ? ? ? ? ? ? 
1 2 2 1   1 2 3 ? ? 3 1 1 F 2 F 2 F ? ? ? ? ? ? ? ? ? ? ? ? ? ? ? ? ? ? ? ? ? ? ? ? ? ? ? 
          1 F 3 ? ? 3 1 2 2 3 2 3 3 ? ? ? ? ? ? ? ? ? ? ? ? ? ? ? ? ? ? ? ? ? ? ? ? ? ? ? 
        1 2 3 ? ? ? ? ? ? ? ? ? ? ? ? ? ? ? ? ? ? ? ? ? ? ? ? ? ? ? ? ? ? ? ? ? ? ? ? ? ? 
2 2 1   1 F 3 ? ? ? ? ? ? ? ? ? ? ? ? ? ? ? ? ? ? ? ? ? ? ? ? ? ? ? ? ? ? ? ? ? ? ? ? ? ? 
F F 2 1 2 3 ? ? ? ? ? ? ? ? ? ? ? ? ? ? ? ? ? ? ? ? ? ? ? ? ? ? ? ? ? ? ? ? ? ? ? ? ? ? ? 
? ? ? ? ? ? ? ? ? ? ? ? ? ? ? ? ? ? ? ? ? ? ? ? ? ? ? ? ? ? ? ? ? ? ? ? ? ? ? ? ? ? ? ? ? 
? ? ? ? ? ? ? ? ? ? ? ? ? ? ? ? ? ? ? ? ? ? ? ? ? ? ? ? ? ? ? ? ? ? ? ? ? ? ? ? ? ? ? ? ? 
? ? ? ? ? ? ? ? ? ? ? ? ? ? ? ? ? ? ? ? ? ? ? ? ? ? ? ? ? ? ? ? ? ? ? ? ? ? ? ? ? ? ? ? ? 
? ? ? ? ? ? ? ? ? ? ? ? ? ? ? ? ? ? ? ? ? ? ? ? ? ? ? ? ? ? ? ? ? ? ? ? ? ? ? ? ? ? ? ? ? 
? ? ? ? ? ? ? ? ? ? ? ? ? ? ? ? ? ? ? ? ? ? ? ? ? ? ? ? ? ? ? ? ? ? ? ? ? ? ? ? ? ? ? ? ? 
? ? ? ? ? ? ? ? ? ? ? ? ? ? ? ? ? ? ? ? ? ? ? ? ? ? ? ? ? ? ? ? ? ? ? ? ? ? ? ? ? ? ? ? ? 
? ? ? ? ? ? ? ? ? ? ? ? ? ? ? ? ? ? ? ? ? ? ? ? ? ? ? ? ? ? ? ? ? ? ? ? ? ? ? ? ? ? ? ? ? 
? ? ? ? ? ? ? ? ? ? ? ? ? ? ? ? ? ? ? ? ? ? ? ? ? ? ? ? ? ? ? ? ? ? ? ? ? ? ? ? ? ? ? ? ? 
? ? ? ? ? ? ? ? ? ? ? ? ? ? ? ? ? ? ? ? ? ? ? ? ? ? ? ? ? ? ? ? ? ? ? ? ? ? ? ? ? ? ? ? ? 
? ? ? ? ? ? ? ? ? ? ? ? ? ? ? ? ? ? ? ? ? ? ? ? ? ? ? ? ? ? ? ? ? ? ? ? ? ? ? ? ? ? ? ? ? 
? ? ? ? ? ? ? ? ? ? ? ? ? ? ? ? ? ? ? ? ? ? ? ? ? ? ? ? ? ? ? ? ? ? ? ? ? ? ? ? ? ? ? ? ? 
? ? ? ? ? ? ? ? ? ? ? ? ? ? ? ? ? ? ? ? ? ? ? ? ? ? ? ? ? ? ? ? ? ? ? ? ? ? ? ? ? ? ? ? ? 
Step: 6
? ? F 2         1 1 3 F 3 1 2 1 1   2 F 2 1 F 3 3 ? ? ? ? ? ? ? ? ? ? ? ? ? ? ? ? ? ? ? ? 
? ? F 2         1 F 3 F 3 F 2 F 1   2 F 2 1 2 F F ? ? ? ? ? ? ? ? ? ? ? ? ? ? ? ? ? ? ? ? 
? ? 3 1         1 1 2 1 2 1 2 2 2 2 3 3 3 1 2 2 3 ? ? ? ? ? ? ? ? ? ? ? ? ? ? ? ? ? ? ? ? 
? ? 1             1 1 1       1 F 3 F F 3 F 1   1 ? ? ? ? ? ? ? ? ? ? ? ? ? ? ? ? ? ? ? ? 
? ? 1 1 1 1     1 3 F 2       1 3 F 5 ? ? 2 2 2 2 ? ? ? ? ? ? ? ? ? ? ? ? ? ? ? ? ? ? ? ? 
? ? 2 2 F 1 1 1 2 F F 2   1 1 1 3 F ? ? ? ? ? ? ? ? ? ? ? ? ? ? ? ? ? ? ? ? ? ? ? ? ? ? ? 
1 3 F 3 1 1 2 F 3 2 2 1 1 2 F 1 2 F ? ? ? ? ? ? ? ? ? ? ? ? ? ? ? ? ? ? ? ? ? ? ? ? ? ? ? 
1 4 F 3     3 F 4 2 2 1 1 F 2 1 1 2 ? ? ? ? ? ? ? ? ? ? ? ? ? ? ? ? ? ? ? ? ? ? ? ? ? ? ? 
1 F F 2     2 F 4 F F 1 2 2 3 1 2 2 ? ? ? ? ? ? ? ? ? ? ? ? ? ? ? ? ? ? ? ? ? ? ? ? ? ? ? 
1 2 2 1   1 2 3 ? ? 3 1 1 F 2 F 2 F ? ? ? ? ? ? ? ? ? ? ? ? ? ? ? ? ? ? ? ? ? ? ? ? ? ? ? 
          1 F 3 ? ? 3 1 2 2 3 2 3 3 ? ? ? ? ? ? ? ? ? ? ? ? ? ? ? ? ? ? ? ? ? ? ? ? ? ? ? 
        1 2 3 ? ? ? ? ? ? ? ? ? ? ? ? ? ? ? ? ? ? ? ? ? ? ? ? ? ? ? ? ? ? ? ? ? ? ? ? ? ? 
2 2 1   1 F 3 ? ? ? ? ? ? ? ? ? ? ? ? ? ? ? ? ? ? ? ? ? ? ? ? ? ? ? ? ? ? ? ? ? ? ? ? ? ? 
F F 2 1 2 3 ? ? ? ? ? ? ? ? ? ? ? ? ? ? ? ? ? ? ? ? ? ? ? ? ? ? ? ? ? ? ? ? ? ? ? ? ? ? ? 
? ? ? ? ? ? ? ? ? ? ? ? ? ? ? ? ? ? ? ? ? ? ? ? ? ? ? ? ? ? ? ? ? ? ? ? ? ? ? ? ? ? ? ? ? 
? ? ? ? ? ? ? ? ? ? ? ? ? ? ? ? ? ? ? ? ? ? ? ? ? ? ? ? ? ? ? ? ? ? ? ? ? ? ? ? ? ? ? ? ? 
? ? ? ? ? ? ? ? ? ? ? ? ? ? ? ? ? ? ? ? ? ? ? ? ? ? ? ? ? ? ? ? ? ? ? ? ? ? ? ? ? ? ? ? ? 
? ? ? ? ? ? ? ? ? ? ? ? ? ? ? ? ? ? ? ? ? ? ? ? ? ? ? ? ? ? ? ? ? ? ? ? ? ? ? ? ? ? ? ? ? 
? ? ? ? ? ? ? ? ? ? ? ? ? ? ? ? ? ? ? ? ? ? ? ? ? ? ? ? ? ? ? ? ? ? ? ? ? ? ? ? ? ? ? ? ? 
? ? ? ? ? ? ? ? ? ? ? ? ? ? ? ? ? ? ? ? ? ? ? ? ? ? ? ? ? ? ? ? ? ? ? ? ? ? ? ? ? ? ? ? ? 
? ? ? ? ? ? ? ? ? ? ? ? ? ? ? ? ? ? ? ? ? ? ? ? ? ? ? ? ? ? ? ? ? ? ? ? ? ? ? ? ? ? ? ? ? 
? ? ? ? ? ? ? ? ? ? ? ? ? ? ? ? ? ? ? ? ? ? ? ? ? ? ? ? ? ? ? ? ? ? ? ? ? ? ? ? ? ? ? ? ? 
? ? ? ? ? ? ? ? ? ? ? ? ? ? ? ? ? ? ? ? ? ? ? ? ? ? ? ? ? ? ? ? ? ? ? ? ? ? ? ? ? ? ? ? ? 
? ? ? ? ? ? ? ? ? ? ? ? ? ? ? ? ? ? ? ? ? ? ? ? ? ? ? ? ? ? ? ? ? ? ? ? ? ? ? ? ? ? ? ? ? 
? ? ? ? ? ? ? ? ? ? ? ? ? ? ? ? ? ? ? ? ? ? ? ? ? ? ? ? ? ? ? ? ? ? ? ? ? ? ? ? ? ? ? ? ? 
? ? ? ? ? ? ? ? ? ? ? ? ? ? ? ? ? ? ? ? ? ? ? ? ? ? ? ? ? ? ? ? ? ? ? ? ? ? ? ? ? ? ? ? ? 
Step: 7
? ? F 2         1 1 3 F 3 1 2 1 1   2 F 2 1 F 3 3 ? ? ? ? ? ? ? ? ? ? ? ? ? ? ? ? ? ? ? ? 
? F F 2         1 F 3 F 3 F 2 F 1   2 F 2 1 2 F F ? ? ? ? ? ? ? ? ? ? ? ? ? ? ? ? ? ? ? ? 
? ? 3 1         1 1 2 1 2 1 2 2 2 2 3 3 3 1 2 2 3 ? ? ? ? ? ? ? ? ? ? ? ? ? ? ? ? ? ? ? ? 
? 2 1             1 1 1       1 F 3 F F 3 F 1   1 ? ? ? ? ? ? ? ? ? ? ? ? ? ? ? ? ? ? ? ? 
? ? 1 1 1 1     1 3 F 2       1 3 F 5 ? ? 2 2 2 2 ? ? ? ? ? ? ? ? ? ? ? ? ? ? ? ? ? ? ? ? 
? ? 2 2 F 1 1 1 2 F F 2   1 1 1 3 F ? ? ? ? ? ? F ? ? ? ? ? ? ? ? ? ? ? ? ? ? ? ? ? ? ? ? 
1 3 F 3 1 1 2 F 3 2 2 1 1 2 F 1 2 F ? ? ? ? ? ? ? ? ? ? ? ? ? ? ? ? ? ? ? ? ? ? ? ? ? ? ? 
1 4 F 3     3 F 4 2 2 1 1 F 2 1 1 2 ? ? ? ? ? ? ? ? ? ? ? ? ? ? ? ? ? ? ? ? ? ? ? ? ? ? ? 
1 F F 2     2 F 4 F F 1 2 2 3 1 2 2 ? ? ? ? ? ? ? ? ? ? ? ? ? ? ? ? ? ? ? ? ? ? ? ? ? ? ? 
1 2 2 1   1 2 3 ? ? 3 1 1 F 2 F 2 F ? ? ? ? ? ? ? ? ? ? ? ? ? ? ? ? ? ? ? ? ? ? ? ? ? ? ? 
          1 F 3 ? ? 3 1 2 2 3 2 3 3 ? ? ? ? ? ? ? ? ? ? ? ? ? ? ? ? ? ? ? ? ? ? ? ? ? ? ? 
        1 2 3 ? ? ? ? ? ? ? ? ? ? ? ? ? ? ? ? ? ? ? ? ? ? ? ? ? ? ? ? ? ? ? ? ? ? ? ? ? ? 
2 2 1   1 F 3 ? ? ? ? ? ? ? ? ? ? ? ? ? ? ? ? ? ? ? ? ? ? ? ? ? ? ? ? ? ? ? ? ? ? ? ? ? ? 
F F 2 1 2 3 ? ? ? ? ? ? ? ? ? ? ? ? ? ? ? ? ? ? ? ? ? ? ? ? ? ? ? ? ? ? ? ? ? ? ? ? ? ? ? 
? ? ? ? ? ? ? ? ? ? ? ? ? ? ? ? ? ? ? ? ? ? ? ? ? ? ? ? ? ? ? ? ? ? ? ? ? ? ? ? ? ? ? ? ? 
? ? ? ? ? ? ? ? ? ? ? ? ? ? ? ? ? ? ? ? ? ? ? ? ? ? ? ? ? ? ? ? ? ? ? ? ? ? ? ? ? ? ? ? ? 
? ? ? ? ? ? ? ? ? ? ? ? ? ? ? ? ? ? ? ? ? ? ? ? ? ? ? ? ? ? ? ? ? ? ? ? ? ? ? ? ? ? ? ? ? 
? ? ? ? ? ? ? ? ? ? ? ? ? ? ? ? ? ? ? ? ? ? ? ? ? ? ? ? ? ? ? ? ? ? ? ? ? ? ? ? ? ? ? ? ? 
? ? ? ? ? ? ? ? ? ? ? ? ? ? ? ? ? ? ? ? ? ? ? ? ? ? ? ? ? ? ? ? ? ? ? ? ? ? ? ? ? ? ? ? ? 
? ? ? ? ? ? ? ? ? ? ? ? ? ? ? ? ? ? ? ? ? ? ? ? ? ? ? ? ? ? ? ? ? ? ? ? ? ? ? ? ? ? ? ? ? 
? ? ? ? ? ? ? ? ? ? ? ? ? ? ? ? ? ? ? ? ? ? ? ? ? ? ? ? ? ? ? ? ? ? ? ? ? ? ? ? ? ? ? ? ? 
? ? ? ? ? ? ? ? ? ? ? ? ? ? ? ? ? ? ? ? ? ? ? ? ? ? ? ? ? ? ? ? ? ? ? ? ? ? ? ? ? ? ? ? ? 
? ? ? ? ? ? ? ? ? ? ? ? ? ? ? ? ? ? ? ? ? ? ? ? ? ? ? ? ? ? ? ? ? ? ? ? ? ? ? ? ? ? ? ? ? 
? ? ? ? ? ? ? ? ? ? ? ? ? ? ? ? ? ? ? ? ? ? ? ? ? ? ? ? ? ? ? ? ? ? ? ? ? ? ? ? ? ? ? ? ? 
? ? ? ? ? ? ? ? ? ? ? ? ? ? ? ? ? ? ? ? ? ? ? ? ? ? ? ? ? ? ? ? ? ? ? ? ? ? ? ? ? ? ? ? ? 
? ? ? ? ? ? ? ? ? ? ? ? ? ? ? ? ? ? ? ? ? ? ? ? ? ? ? ? ? ? ? ? ? ? ? ? ? ? ? ? ? ? ? ? ? 
Step: 8
? ? F 2         1 1 3 F 3 1 2 1 1   2 F 2 1 F 3 3 ? ? ? ? ? ? ? ? ? ? ? ? ? ? ? ? ? ? ? ? 
? F F 2         1 F 3 F 3 F 2 F 1   2 F 2 1 2 F F ? ? ? ? ? ? ? ? ? ? ? ? ? ? ? ? ? ? ? ? 
? F 3 1         1 1 2 1 2 1 2 2 2 2 3 3 3 1 2 2 3 ? ? ? ? ? ? ? ? ? ? ? ? ? ? ? ? ? ? ? ? 
2 2 1             1 1 1       1 F 3 F F 3 F 1   1 ? ? ? ? ? ? ? ? ? ? ? ? ? ? ? ? ? ? ? ? 
1 1 1 1 1 1     1 3 F 2       1 3 F 5 ? ? 2 2 2 2 ? ? ? ? ? ? ? ? ? ? ? ? ? ? ? ? ? ? ? ? 
1 F 2 2 F 1 1 1 2 F F 2   1 1 1 3 F ? ? ? ? ? ? F ? ? ? ? ? ? ? ? ? ? ? ? ? ? ? ? ? ? ? ? 
1 3 F 3 1 1 2 F 3 2 2 1 1 2 F 1 2 F ? ? ? ? ? ? ? ? ? ? ? ? ? ? ? ? ? ? ? ? ? ? ? ? ? ? ? 
1 4 F 3     3 F 4 2 2 1 1 F 2 1 1 2 ? ? ? ? ? ? ? ? ? ? ? ? ? ? ? ? ? ? ? ? ? ? ? ? ? ? ? 
1 F F 2     2 F 4 F F 1 2 2 3 1 2 2 ? ? ? ? ? ? ? ? ? ? ? ? ? ? ? ? ? ? ? ? ? ? ? ? ? ? ? 
1 2 2 1   1 2 3 ? ? 3 1 1 F 2 F 2 F ? ? ? ? ? ? ? ? ? ? ? ? ? ? ? ? ? ? ? ? ? ? ? ? ? ? ? 
          1 F 3 ? ? 3 1 2 2 3 2 3 3 ? ? ? ? ? ? ? ? ? ? ? ? ? ? ? ? ? ? ? ? ? ? ? ? ? ? ? 
        1 2 3 ? ? ? ? ? ? ? ? ? ? ? ? ? ? ? ? ? ? ? ? ? ? ? ? ? ? ? ? ? ? ? ? ? ? ? ? ? ? 
2 2 1   1 F 3 ? ? ? ? ? ? ? ? ? ? ? ? ? ? ? ? ? ? ? ? ? ? ? ? ? ? ? ? ? ? ? ? ? ? ? ? ? ? 
F F 2 1 2 3 ? ? ? ? ? ? ? ? ? ? ? ? ? ? ? ? ? ? ? ? ? ? ? ? ? ? ? ? ? ? ? ? ? ? ? ? ? ? ? 
? ? ? ? ? ? ? ? ? ? ? ? ? ? ? ? ? ? ? ? ? ? ? ? ? ? ? ? ? ? ? ? ? ? ? ? ? ? ? ? ? ? ? ? ? 
? ? ? ? ? ? ? ? ? ? ? ? ? ? ? ? ? ? ? ? ? ? ? ? ? ? ? ? ? ? ? ? ? ? ? ? ? ? ? ? ? ? ? ? ? 
? ? ? ? ? ? ? ? ? ? ? ? ? ? ? ? ? ? ? ? ? ? ? ? ? ? ? ? ? ? ? ? ? ? ? ? ? ? ? ? ? ? ? ? ? 
? ? ? ? ? ? ? ? ? ? ? ? ? ? ? ? ? ? ? ? ? ? ? ? ? ? ? ? ? ? ? ? ? ? ? ? ? ? ? ? ? ? ? ? ? 
? ? ? ? ? ? ? ? ? ? ? ? ? ? ? ? ? ? ? ? ? ? ? ? ? ? ? ? ? ? ? ? ? ? ? ? ? ? ? ? ? ? ? ? ? 
? ? ? ? ? ? ? ? ? ? ? ? ? ? ? ? ? ? ? ? ? ? ? ? ? ? ? ? ? ? ? ? ? ? ? ? ? ? ? ? ? ? ? ? ? 
? ? ? ? ? ? ? ? ? ? ? ? ? ? ? ? ? ? ? ? ? ? ? ? ? ? ? ? ? ? ? ? ? ? ? ? ? ? ? ? ? ? ? ? ? 
? ? ? ? ? ? ? ? ? ? ? ? ? ? ? ? ? ? ? ? ? ? ? ? ? ? ? ? ? ? ? ? ? ? ? ? ? ? ? ? ? ? ? ? ? 
? ? ? ? ? ? ? ? ? ? ? ? ? ? ? ? ? ? ? ? ? ? ? ? ? ? ? ? ? ? ? ? ? ? ? ? ? ? ? ? ? ? ? ? ? 
? ? ? ? ? ? ? ? ? ? ? ? ? ? ? ? ? ? ? ? ? ? ? ? ? ? ? ? ? ? ? ? ? ? ? ? ? ? ? ? ? ? ? ? ? 
? ? ? ? ? ? ? ? ? ? ? ? ? ? ? ? ? ? ? ? ? ? ? ? ? ? ? ? ? ? ? ? ? ? ? ? ? ? ? ? ? ? ? ? ? 
? ? ? ? ? ? ? ? ? ? ? ? ? ? ? ? ? ? ? ? ? ? ? ? ? ? ? ? ? ? ? ? ? ? ? ? ? ? ? ? ? ? ? ? ? 
Step: 9
? ? F 2         1 1 3 F 3 1 2 1 1   2 F 2 1 F 3 3 ? ? ? ? ? ? ? ? ? ? ? ? ? ? ? ? ? ? ? ? 
? F F 2         1 F 3 F 3 F 2 F 1   2 F 2 1 2 F F ? ? ? ? ? ? ? ? ? ? ? ? ? ? ? ? ? ? ? ? 
F F 3 1         1 1 2 1 2 1 2 2 2 2 3 3 3 1 2 2 3 ? ? ? ? ? ? ? ? ? ? ? ? ? ? ? ? ? ? ? ? 
2 2 1             1 1 1       1 F 3 F F 3 F 1   1 ? ? ? ? ? ? ? ? ? ? ? ? ? ? ? ? ? ? ? ? 
1 1 1 1 1 1     1 3 F 2       1 3 F 5 ? ? 2 2 2 2 ? ? ? ? ? ? ? ? ? ? ? ? ? ? ? ? ? ? ? ? 
1 F 2 2 F 1 1 1 2 F F 2   1 1 1 3 F ? ? ? ? ? ? F ? ? ? ? ? ? ? ? ? ? ? ? ? ? ? ? ? ? ? ? 
1 3 F 3 1 1 2 F 3 2 2 1 1 2 F 1 2 F ? ? ? ? ? ? ? ? ? ? ? ? ? ? ? ? ? ? ? ? ? ? ? ? ? ? ? 
1 4 F 3     3 F 4 2 2 1 1 F 2 1 1 2 ? ? ? ? ? ? ? ? ? ? ? ? ? ? ? ? ? ? ? ? ? ? ? ? ? ? ? 
1 F F 2     2 F 4 F F 1 2 2 3 1 2 2 ? ? ? ? ? ? ? ? ? ? ? ? ? ? ? ? ? ? ? ? ? ? ? ? ? ? ? 
1 2 2 1   1 2 3 ? ? 3 1 1 F 2 F 2 F ? ? ? ? ? ? ? ? ? ? ? ? ? ? ? ? ? ? ? ? ? ? ? ? ? ? ? 
          1 F 3 ? ? 3 1 2 2 3 2 3 3 ? ? ? ? ? ? ? ? ? ? ? ? ? ? ? ? ? ? ? ? ? ? ? ? ? ? ? 
        1 2 3 ? ? ? ? ? ? ? ? ? ? ? ? ? ? ? ? ? ? ? ? ? ? ? ? ? ? ? ? ? ? ? ? ? ? ? ? ? ? 
2 2 1   1 F 3 ? ? ? ? ? ? ? ? ? ? ? ? ? ? ? ? ? ? ? ? ? ? ? ? ? ? ? ? ? ? ? ? ? ? ? ? ? ? 
F F 2 1 2 3 ? ? ? ? ? ? ? ? ? ? ? ? ? ? ? ? ? ? ? ? ? ? ? ? ? ? ? ? ? ? ? ? ? ? ? ? ? ? ? 
? ? ? ? ? ? ? ? ? ? ? ? ? ? ? ? ? ? ? ? ? ? ? ? ? ? ? ? ? ? ? ? ? ? ? ? ? ? ? ? ? ? ? ? ? 
? ? ? ? ? ? ? ? ? ? ? ? ? ? ? ? ? ? ? ? ? ? ? ? ? ? ? ? ? ? ? ? ? ? ? ? ? ? ? ? ? ? ? ? ? 
? ? ? ? ? ? ? ? ? ? ? ? ? ? ? ? ? ? ? ? ? ? ? ? ? ? ? ? ? ? ? ? ? ? ? ? ? ? ? ? ? ? ? ? ? 
? ? ? ? ? ? ? ? ? ? ? ? ? ? ? ? ? ? ? ? ? ? ? ? ? ? ? ? ? ? ? ? ? ? ? ? ? ? ? ? ? ? ? ? ? 
? ? ? ? ? ? ? ? ? ? ? ? ? ? ? ? ? ? ? ? ? ? ? ? ? ? ? ? ? ? ? ? ? ? ? ? ? ? ? ? ? ? ? ? ? 
? ? ? ? ? ? ? ? ? ? ? ? ? ? ? ? ? ? ? ? ? ? ? ? ? ? ? ? ? ? ? ? ? ? ? ? ? ? ? ? ? ? ? ? ? 
? ? ? ? ? ? ? ? ? ? ? ? ? ? ? ? ? ? ? ? ? ? ? ? ? ? ? ? ? ? ? ? ? ? ? ? ? ? ? ? ? ? ? ? ? 
? ? ? ? ? ? ? ? ? ? ? ? ? ? ? ? ? ? ? ? ? ? ? ? ? ? ? ? ? ? ? ? ? ? ? ? ? ? ? ? ? ? ? ? ? 
? ? ? ? ? ? ? ? ? ? ? ? ? ? ? ? ? ? ? ? ? ? ? ? ? ? ? ? ? ? ? ? ? ? ? ? ? ? ? ? ? ? ? ? ? 
? ? ? ? ? ? ? ? ? ? ? ? ? ? ? ? ? ? ? ? ? ? ? ? ? ? ? ? ? ? ? ? ? ? ? ? ? ? ? ? ? ? ? ? ? 
? ? ? ? ? ? ? ? ? ? ? ? ? ? ? ? ? ? ? ? ? ? ? ? ? ? ? ? ? ? ? ? ? ? ? ? ? ? ? ? ? ? ? ? ? 
? ? ? ? ? ? ? ? ? ? ? ? ? ? ? ? ? ? ? ? ? ? ? ? ? ? ? ? ? ? ? ? ? ? ? ? ? ? ? ? ? ? ? ? ? 
Step: 10
? ? F 2         1 1 3 F 3 1 2 1 1   2 F 2 1 F 3 3 ? ? ? ? ? ? ? ? ? ? ? ? ? ? ? ? ? ? ? ? 
? F F 2         1 F 3 F 3 F 2 F 1   2 F 2 1 2 F F ? ? ? ? ? ? ? ? ? ? ? ? ? ? ? ? ? ? ? ? 
F F 3 1         1 1 2 1 2 1 2 2 2 2 3 3 3 1 2 2 3 ? ? ? ? ? ? ? ? ? ? ? ? ? ? ? ? ? ? ? ? 
2 2 1             1 1 1       1 F 3 F F 3 F 1   1 ? ? ? ? ? ? ? ? ? ? ? ? ? ? ? ? ? ? ? ? 
1 1 1 1 1 1     1 3 F 2       1 3 F 5 ? ? 2 2 2 2 ? ? ? ? ? ? ? ? ? ? ? ? ? ? ? ? ? ? ? ? 
1 F 2 2 F 1 1 1 2 F F 2   1 1 1 3 F ? ? ? 1 ? ? F ? ? ? ? ? ? ? ? ? ? ? ? ? ? ? ? ? ? ? ? 
1 3 F 3 1 1 2 F 3 2 2 1 1 2 F 1 2 F ? ? ? ? ? ? ? ? ? ? ? ? ? ? ? ? ? ? ? ? ? ? ? ? ? ? ? 
1 4 F 3     3 F 4 2 2 1 1 F 2 1 1 2 ? ? ? ? ? ? ? ? ? ? ? ? ? ? ? ? ? ? ? ? ? ? ? ? ? ? ? 
1 F F 2     2 F 4 F F 1 2 2 3 1 2 2 ? ? ? ? ? ? ? ? ? ? ? ? ? ? ? ? ? ? ? ? ? ? ? ? ? ? ? 
1 2 2 1   1 2 3 ? ? 3 1 1 F 2 F 2 F ? ? ? ? ? ? ? ? ? ? ? ? ? ? ? ? ? ? ? ? ? ? ? ? ? ? ? 
          1 F 3 ? ? 3 1 2 2 3 2 3 3 ? ? ? ? ? ? ? ? ? ? ? ? ? ? ? ? ? ? ? ? ? ? ? ? ? ? ? 
        1 2 3 ? ? ? ? ? ? ? ? ? ? ? ? ? ? ? ? ? ? ? ? ? ? ? ? ? ? ? ? ? ? ? ? ? ? ? ? ? ? 
2 2 1   1 F 3 ? ? ? ? ? ? ? ? ? ? ? ? ? ? ? ? ? ? ? ? ? ? ? ? ? ? ? ? ? ? ? ? ? ? ? ? ? ? 
F F 2 1 2 3 ? ? ? ? ? ? ? ? ? ? ? ? ? ? ? ? ? ? ? ? ? ? ? ? ? ? ? ? ? ? ? ? ? ? ? ? ? ? ? 
? ? ? ? ? ? ? ? ? ? ? ? ? ? ? ? ? ? ? ? ? ? ? ? ? ? ? ? ? ? ? ? ? ? ? ? ? ? ? ? ? ? ? ? ? 
? ? ? ? ? ? ? ? ? ? ? ? ? ? ? ? ? ? ? ? ? ? ? ? ? ? ? ? ? ? ? ? ? ? ? ? ? ? ? ? ? ? ? ? ? 
? ? ? ? ? ? ? ? ? ? ? ? ? ? ? ? ? ? ? ? ? ? ? ? ? ? ? ? ? ? ? ? ? ? ? ? ? ? ? ? ? ? ? ? ? 
? ? ? ? ? ? ? ? ? ? ? ? ? ? ? ? ? ? ? ? ? ? ? ? ? ? ? ? ? ? ? ? ? ? ? ? ? ? ? ? ? ? ? ? ? 
? ? ? ? ? ? ? ? ? ? ? ? ? ? ? ? ? ? ? ? ? ? ? ? ? ? ? ? ? ? ? ? ? ? ? ? ? ? ? ? ? ? ? ? ? 
? ? ? ? ? ? ? ? ? ? ? ? ? ? ? ? ? ? ? ? ? ? ? ? ? ? ? ? ? ? ? ? ? ? ? ? ? ? ? ? ? ? ? ? ? 
? ? ? ? ? ? ? ? ? ? ? ? ? ? ? ? ? ? ? ? ? ? ? ? ? ? ? ? ? ? ? ? ? ? ? ? ? ? ? ? ? ? ? ? ? 
? ? ? ? ? ? ? ? ? ? ? ? ? ? ? ? ? ? ? ? ? ? ? ? ? ? ? ? ? ? ? ? ? ? ? ? ? ? ? ? ? ? ? ? ? 
? ? ? ? ? ? ? ? ? ? ? ? ? ? ? ? ? ? ? ? ? ? ? ? ? ? ? ? ? ? ? ? ? ? ? ? ? ? ? ? ? ? ? ? ? 
? ? ? ? ? ? ? ? ? ? ? ? ? ? ? ? ? ? ? ? ? ? ? ? ? ? ? ? ? ? ? ? ? ? ? ? ? ? ? ? ? ? ? ? ? 
? ? ? ? ? ? ? ? ? ? ? ? ? ? ? ? ? ? ? ? ? ? ? ? ? ? ? ? ? ? ? ? ? ? ? ? ? ? ? ? ? ? ? ? ? 
? ? ? ? ? ? ? ? ? ? ? ? ? ? ? ? ? ? ? ? ? ? ? ? ? ? ? ? ? ? ? ? ? ? ? ? ? ? ? ? ? ? ? ? ? 
Step: 11
? ? F 2         1 1 3 F 3 1 2 1 1   2 F 2 1 F 3 3 ? ? ? ? ? ? ? ? ? ? ? ? ? ? ? ? ? ? ? ? 
? F F 2         1 F 3 F 3 F 2 F 1   2 F 2 1 2 F F ? ? ? ? ? ? ? ? ? ? ? ? ? ? ? ? ? ? ? ? 
F F 3 1         1 1 2 1 2 1 2 2 2 2 3 3 3 1 2 2 3 ? ? ? ? ? ? ? ? ? ? ? ? ? ? ? ? ? ? ? ? 
2 2 1             1 1 1       1 F 3 F F 3 F 1   1 ? ? ? ? ? ? ? ? ? ? ? ? ? ? ? ? ? ? ? ? 
1 1 1 1 1 1     1 3 F 2       1 3 F 5 ? ? 2 2 2 2 ? ? ? ? ? ? ? ? ? ? ? ? ? ? ? ? ? ? ? ? 
1 F 2 2 F 1 1 1 2 F F 2   1 1 1 3 F ? ? ? 1 ? ? F ? ? ? ? ? ? ? ? ? ? ? ? ? ? ? ? ? ? ? ? 
1 3 F 3 1 1 2 F 3 2 2 1 1 2 F 1 2 F ? ? 1 2 3 ? ? ? ? ? ? ? ? ? ? ? ? ? ? ? ? ? ? ? ? ? ? 
1 4 F 3     3 F 4 2 2 1 1 F 2 1 1 2 ? ? ? ? ? ? ? ? ? ? ? ? ? ? ? ? ? ? ? ? ? ? ? ? ? ? ? 
1 F F 2     2 F 4 F F 1 2 2 3 1 2 2 ? ? ? ? ? ? ? ? ? ? ? ? ? ? ? ? ? ? ? ? ? ? ? ? ? ? ? 
1 2 2 1   1 2 3 ? ? 3 1 1 F 2 F 2 F ? ? ? ? ? ? ? ? ? ? ? ? ? ? ? ? ? ? ? ? ? ? ? ? ? ? ? 
          1 F 3 ? ? 3 1 2 2 3 2 3 3 ? ? ? ? ? ? ? ? ? ? ? ? ? ? ? ? ? ? ? ? ? ? ? ? ? ? ? 
        1 2 3 ? ? ? ? ? ? ? ? ? ? ? ? ? ? ? ? ? ? ? ? ? ? ? ? ? ? ? ? ? ? ? ? ? ? ? ? ? ? 
2 2 1   1 F 3 ? ? ? ? ? ? ? ? ? ? ? ? ? ? ? ? ? ? ? ? ? ? ? ? ? ? ? ? ? ? ? ? ? ? ? ? ? ? 
F F 2 1 2 3 ? ? ? ? ? ? ? ? ? ? ? ? ? ? ? ? ? ? ? ? ? ? ? ? ? ? ? ? ? ? ? ? ? ? ? ? ? ? ? 
? ? ? ? ? ? ? ? ? ? ? ? ? ? ? ? ? ? ? ? ? ? ? ? ? ? ? ? ? ? ? ? ? ? ? ? ? ? ? ? ? ? ? ? ? 
? ? ? ? ? ? ? ? ? ? ? ? ? ? ? ? ? ? ? ? ? ? ? ? ? ? ? ? ? ? ? ? ? ? ? ? ? ? ? ? ? ? ? ? ? 
? ? ? ? ? ? ? ? ? ? ? ? ? ? ? ? ? ? ? ? ? ? ? ? ? ? ? ? ? ? ? ? ? ? ? ? ? ? ? ? ? ? ? ? ? 
? ? ? ? ? ? ? ? ? ? ? ? ? ? ? ? ? ? ? ? ? ? ? ? ? ? ? ? ? ? ? ? ? ? ? ? ? ? ? ? ? ? ? ? ? 
? ? ? ? ? ? ? ? ? ? ? ? ? ? ? ? ? ? ? ? ? ? ? ? ? ? ? ? ? ? ? ? ? ? ? ? ? ? ? ? ? ? ? ? ? 
? ? ? ? ? ? ? ? ? ? ? ? ? ? ? ? ? ? ? ? ? ? ? ? ? ? ? ? ? ? ? ? ? ? ? ? ? ? ? ? ? ? ? ? ? 
? ? ? ? ? ? ? ? ? ? ? ? ? ? ? ? ? ? ? ? ? ? ? ? ? ? ? ? ? ? ? ? ? ? ? ? ? ? ? ? ? ? ? ? ? 
? ? ? ? ? ? ? ? ? ? ? ? ? ? ? ? ? ? ? ? ? ? ? ? ? ? ? ? ? ? ? ? ? ? ? ? ? ? ? ? ? ? ? ? ? 
? ? ? ? ? ? ? ? ? ? ? ? ? ? ? ? ? ? ? ? ? ? ? ? ? ? ? ? ? ? ? ? ? ? ? ? ? ? ? ? ? ? ? ? ? 
? ? ? ? ? ? ? ? ? ? ? ? ? ? ? ? ? ? ? ? ? ? ? ? ? ? ? ? ? ? ? ? ? ? ? ? ? ? ? ? ? ? ? ? ? 
? ? ? ? ? ? ? ? ? ? ? ? ? ? ? ? ? ? ? ? ? ? ? ? ? ? ? ? ? ? ? ? ? ? ? ? ? ? ? ? ? ? ? ? ? 
? ? ? ? ? ? ? ? ? ? ? ? ? ? ? ? ? ? ? ? ? ? ? ? ? ? ? ? ? ? ? ? ? ? ? ? ? ? ? ? ? ? ? ? ? 
Warning: 2^50 permutations, this will take a very long time! (Using 2048 threads for bit masks)
Step: 12
? ? F 2         1 1 3 F 3 1 2 1 1   2 F 2 1 F 3 3 ? ? ? ? ? ? ? ? ? ? ? ? ? ? ? ? ? ? ? ? 
? F F 2         1 F 3 F 3 F 2 F 1   2 F 2 1 2 F F ? ? ? ? ? ? ? ? ? ? ? ? ? ? ? ? ? ? ? ? 
F F 3 1         1 1 2 1 2 1 2 2 2 2 3 3 3 1 2 2 3 ? ? ? ? ? ? ? ? ? ? ? ? ? ? ? ? ? ? ? ? 
2 2 1             1 1 1       1 F 3 F F 3 F 1   1 ? ? ? ? ? ? ? ? ? ? ? ? ? ? ? ? ? ? ? ? 
1 1 1 1 1 1     1 3 F 2       1 3 F 5 ? ? 2 2 2 2 ? ? ? ? ? ? ? ? ? ? ? ? ? ? ? ? ? ? ? ? 
1 F 2 2 F 1 1 1 2 F F 2   1 1 1 3 F ? 1 ? 1 ? ? F ? ? ? ? ? ? ? ? ? ? ? ? ? ? ? ? ? ? ? ? 
1 3 F 3 1 1 2 F 3 2 2 1 1 2 F 1 2 F ? ? 1 2 3 ? ? ? ? ? ? ? ? ? ? ? ? ? ? ? ? ? ? ? ? ? ? 
1 4 F 3     3 F 4 2 2 1 1 F 2 1 1 2 ? ? ? ? ? ? ? ? ? ? ? ? ? ? ? ? ? ? ? ? ? ? ? ? ? ? ? 
1 F F 2     2 F 4 F F 1 2 2 3 1 2 2 ? ? ? ? ? ? ? ? ? ? ? ? ? ? ? ? ? ? ? ? ? ? ? ? ? ? ? 
1 2 2 1   1 2 3 ? ? 3 1 1 F 2 F 2 F ? ? ? ? ? ? ? ? ? ? ? ? ? ? ? ? ? ? ? ? ? ? ? ? ? ? ? 
          1 F 3 ? ? 3 1 2 2 3 2 3 3 ? ? ? ? ? ? ? ? ? ? ? ? ? ? ? ? ? ? ? ? ? ? ? ? ? ? ? 
        1 2 3 ? ? F ? ? 2 ? ? 2 ? ? ? ? ? ? ? ? ? ? ? ? ? ? ? ? ? ? ? ? ? ? ? ? ? ? ? ? ? 
2 2 1   1 F 3 ? ? ? ? ? ? ? ? ? ? ? ? ? ? ? ? ? ? ? ? ? ? ? ? ? ? ? ? ? ? ? ? ? ? ? ? ? ? 
F F 2 1 2 3 ? ? ? ? ? ? ? ? ? ? ? ? ? ? ? ? ? ? ? ? ? ? ? ? ? ? ? ? ? ? ? ? ? ? ? ? ? ? ? 
? ? ? ? ? ? ? ? ? ? ? ? ? ? ? ? ? ? ? ? ? ? ? ? ? ? ? ? ? ? ? ? ? ? ? ? ? ? ? ? ? ? ? ? ? 
? ? ? ? ? ? ? ? ? ? ? ? ? ? ? ? ? ? ? ? ? ? ? ? ? ? ? ? ? ? ? ? ? ? ? ? ? ? ? ? ? ? ? ? ? 
? ? ? ? ? ? ? ? ? ? ? ? ? ? ? ? ? ? ? ? ? ? ? ? ? ? ? ? ? ? ? ? ? ? ? ? ? ? ? ? ? ? ? ? ? 
? ? ? ? ? ? ? ? ? ? ? ? ? ? ? ? ? ? ? ? ? ? ? ? ? ? ? ? ? ? ? ? ? ? ? ? ? ? ? ? ? ? ? ? ? 
? ? ? ? ? ? ? ? ? ? ? ? ? ? ? ? ? ? ? ? ? ? ? ? ? ? ? ? ? ? ? ? ? ? ? ? ? ? ? ? ? ? ? ? ? 
? ? ? ? ? ? ? ? ? ? ? ? ? ? ? ? ? ? ? ? ? ? ? ? ? ? ? ? ? ? ? ? ? ? ? ? ? ? ? ? ? ? ? ? ? 
? ? ? ? ? ? ? ? ? ? ? ? ? ? ? ? ? ? ? ? ? ? ? ? ? ? ? ? ? ? ? ? ? ? ? ? ? ? ? ? ? ? ? ? ? 
? ? ? ? ? ? ? ? ? ? ? ? ? ? ? ? ? ? ? ? ? ? ? ? ? ? ? ? ? ? ? ? ? ? ? ? ? ? ? ? ? ? ? ? ? 
? ? ? ? ? ? ? ? ? ? ? ? ? ? ? ? ? ? ? ? ? ? ? ? ? ? ? ? ? ? ? ? ? ? ? ? ? ? ? ? ? ? ? ? ? 
? ? ? ? ? ? ? ? ? ? ? ? ? ? ? ? ? ? ? ? ? ? ? ? ? ? ? ? ? ? ? ? ? ? ? ? ? ? ? ? ? ? ? ? ? 
? ? ? ? ? ? ? ? ? ? ? ? ? ? ? ? ? ? ? ? ? ? ? ? ? ? ? ? ? ? ? ? ? ? ? ? ? ? ? ? ? ? ? ? ? 
? ? ? ? ? ? ? ? ? ? ? ? ? ? ? ? ? ? ? ? ? ? ? ? ? ? ? ? ? ? ? ? ? ? ? ? ? ? ? ? ? ? ? ? ? 
Step: 13
? ? F 2         1 1 3 F 3 1 2 1 1   2 F 2 1 F 3 3 ? ? ? ? ? ? ? ? ? ? ? ? ? ? ? ? ? ? ? ? 
? F F 2         1 F 3 F 3 F 2 F 1   2 F 2 1 2 F F ? ? ? ? ? ? ? ? ? ? ? ? ? ? ? ? ? ? ? ? 
F F 3 1         1 1 2 1 2 1 2 2 2 2 3 3 3 1 2 2 3 ? ? ? ? ? ? ? ? ? ? ? ? ? ? ? ? ? ? ? ? 
2 2 1             1 1 1       1 F 3 F F 3 F 1   1 ? ? ? ? ? ? ? ? ? ? ? ? ? ? ? ? ? ? ? ? 
1 1 1 1 1 1     1 3 F 2       1 3 F 5 ? 3 2 2 2 2 ? ? ? ? ? ? ? ? ? ? ? ? ? ? ? ? ? ? ? ? 
1 F 2 2 F 1 1 1 2 F F 2   1 1 1 3 F 4 1 1 1 ? 3 F ? ? ? ? ? ? ? ? ? ? ? ? ? ? ? ? ? ? ? ? 
1 3 F 3 1 1 2 F 3 2 2 1 1 2 F 1 2 F 2   1 2 3 ? ? ? ? ? ? ? ? ? ? ? ? ? ? ? ? ? ? ? ? ? ? 
1 4 F 3     3 F 4 2 2 1 1 F 2 1 1 2 2 1 1 ? ? ? ? ? ? ? ? ? ? ? ? ? ? ? ? ? ? ? ? ? ? ? ? 
1 F F 2     2 F 4 F F 1 2 2 3 1 2 2 ? 1 1 2 ? 2 ? ? ? ? ? ? ? ? ? ? ? ? ? ? ? ? ? ? ? ? ? 
1 2 2 1   1 2 3 ? ? 3 1 1 F 2 F 2 F 3 2   1 1 3 ? ? ? ? ? ? ? ? ? ? ? ? ? ? ? ? ? ? ? ? ? 
          1 F 3 ? ? 3 1 2 2 3 2 3 3 F 1     1 3 F ? ? ? ? ? ? ? ? ? ? ? ? ? ? ? ? ? ? ? ? 
        1 2 3 ? ? F ? ? 2 ? ? 2 ? ? 2 1     2 F 4 2 ? ? ? ? ? ? ? ? ? ? ? ? ? ? ? ? ? ? ? 
2 2 1   1 F 3 ? ? ? ? ? ? ? ? ? ? ? 2   1 1 3 F 3 ? ? ? ? ? ? ? ? ? ? ? ? ? ? ? ? ? ? ? ? 
F F 2 1 2 3 ? ? ? ? ? ? ? ? ? ? ? F 2   1 ? 2 1 2 2 ? ? ? ? ? ? ? ? ? ? ? ? ? ? ? ? ? ? ? 
? ? ? ? ? ? ? ? ? ? ? ? ? ? ? ? ? ? 4 2 2 1 1     1 ? ? ? ? ? ? ? ? ? ? ? ? ? ? ? ? ? ? ? 
? ? ? ? ? ? ? ? ? ? ? ? ? ? ? ? ? ? ? F 2   1 2 2 1 ? ? ? ? ? ? ? ? ? ? ? ? ? ? ? ? ? ? ? 
? ? ? ? ? ? ? ? ? ? ? ? ? ? ? ? ? ? ? F 4 1 2 F F 2 ? ? ? ? ? ? ? ? ? ? ? ? ? ? ? ? ? ? ? 
? ? ? ? ? ? ? ? ? ? ? ? ? ? ? ? ? ? ? F ? ? ? ? ? ? ? ? ? ? ? ? ? ? ? ? ? ? ? ? ? ? ? ? ? 
? ? ? ? ? ? ? ? ? ? ? ? ? ? ? ? ? ? ? ? ? ? ? ? ? ? ? ? ? ? ? ? ? ? ? ? ? ? ? ? ? ? ? ? ? 
? ? ? ? ? ? ? ? ? ? ? ? ? ? ? ? ? ? ? ? ? ? ? ? ? ? ? ? ? ? ? ? ? ? ? ? ? ? ? ? ? ? ? ? ? 
? ? ? ? ? ? ? ? ? ? ? ? ? ? ? ? ? ? ? ? ? ? ? ? ? ? ? ? ? ? ? ? ? ? ? ? ? ? ? ? ? ? ? ? ? 
? ? ? ? ? ? ? ? ? ? ? ? ? ? ? ? ? ? ? ? ? ? ? ? ? ? ? ? ? ? ? ? ? ? ? ? ? ? ? ? ? ? ? ? ? 
? ? ? ? ? ? ? ? ? ? ? ? ? ? ? ? ? ? ? ? ? ? ? ? ? ? ? ? ? ? ? ? ? ? ? ? ? ? ? ? ? ? ? ? ? 
? ? ? ? ? ? ? ? ? ? ? ? ? ? ? ? ? ? ? ? ? ? ? ? ? ? ? ? ? ? ? ? ? ? ? ? ? ? ? ? ? ? ? ? ? 
? ? ? ? ? ? ? ? ? ? ? ? ? ? ? ? ? ? ? ? ? ? ? ? ? ? ? ? ? ? ? ? ? ? ? ? ? ? ? ? ? ? ? ? ? 
? ? ? ? ? ? ? ? ? ? ? ? ? ? ? ? ? ? ? ? ? ? ? ? ? ? ? ? ? ? ? ? ? ? ? ? ? ? ? ? ? ? ? ? ? 
Step: 14
? ? F 2         1 1 3 F 3 1 2 1 1   2 F 2 1 F 3 3 ? ? ? ? ? ? ? ? ? ? ? ? ? ? ? ? ? ? ? ? 
? F F 2         1 F 3 F 3 F 2 F 1   2 F 2 1 2 F F ? ? ? ? ? ? ? ? ? ? ? ? ? ? ? ? ? ? ? ? 
F F 3 1         1 1 2 1 2 1 2 2 2 2 3 3 3 1 2 2 3 ? ? ? ? ? ? ? ? ? ? ? ? ? ? ? ? ? ? ? ? 
2 2 1             1 1 1       1 F 3 F F 3 F 1   1 ? ? ? ? ? ? ? ? ? ? ? ? ? ? ? ? ? ? ? ? 
1 1 1 1 1 1     1 3 F 2       1 3 F 5 F 3 2 2 2 2 ? ? ? ? ? ? ? ? ? ? ? ? ? ? ? ? ? ? ? ? 
1 F 2 2 F 1 1 1 2 F F 2   1 1 1 3 F 4 1 1 1 F 3 F ? ? ? ? ? ? ? ? ? ? ? ? ? ? ? ? ? ? ? ? 
1 3 F 3 1 1 2 F 3 2 2 1 1 2 F 1 2 F 2   1 2 3 ? ? ? ? ? ? ? ? ? ? ? ? ? ? ? ? ? ? ? ? ? ? 
1 4 F 3     3 F 4 2 2 1 1 F 2 1 1 2 2 1 1 F 3 ? ? ? ? ? ? ? ? ? ? ? ? ? ? ? ? ? ? ? ? ? ? 
1 F F 2     2 F 4 F F 1 2 2 3 1 2 2 F 1 1 2 F 2 ? ? ? ? ? ? ? ? ? ? ? ? ? ? ? ? ? ? ? ? ? 
1 2 2 1   1 2 3 ? ? 3 1 1 F 2 F 2 F 3 2   1 1 3 F ? ? ? ? ? ? ? ? ? ? ? ? ? ? ? ? ? ? ? ? 
          1 F 3 ? ? 3 1 2 2 3 2 3 3 F 1     1 3 F ? ? ? ? ? ? ? ? ? ? ? ? ? ? ? ? ? ? ? ? 
        1 2 3 ? ? F ? ? 2 ? ? 2 ? ? 2 1     2 F 4 2 ? ? ? ? ? ? ? ? ? ? ? ? ? ? ? ? ? ? ? 
2 2 1   1 F 3 ? ? ? ? ? ? ? ? ? ? ? 2   1 1 3 F 3 F ? ? ? ? ? ? ? ? ? ? ? ? ? ? ? ? ? ? ? 
F F 2 1 2 3 ? ? ? ? ? ? ? ? ? ? ? F 2   1 F 2 1 2 2 ? ? ? ? ? ? ? ? ? ? ? ? ? ? ? ? ? ? ? 
? ? ? ? ? ? ? ? ? ? ? ? ? ? ? ? ? ? 4 2 2 1 1     1 1 ? ? ? ? ? ? ? ? ? ? ? ? ? ? ? ? ? ? 
? ? ? ? ? ? ? ? ? ? ? ? ? ? ? ? ? ? F F 2   1 2 2 1 1 ? ? ? ? ? ? ? ? ? ? ? ? ? ? ? ? ? ? 
? ? ? ? ? ? ? ? ? ? ? ? ? ? ? ? ? ? ? F 4 1 2 F F 2 1 ? ? ? ? ? ? ? ? ? ? ? ? ? ? ? ? ? ? 
? ? ? ? ? ? ? ? ? ? ? ? ? ? ? ? ? ? ? F ? ? ? ? ? ? ? ? ? ? ? ? ? ? ? ? ? ? ? ? ? ? ? ? ? 
? ? ? ? ? ? ? ? ? ? ? ? ? ? ? ? ? ? ? ? ? ? ? ? ? ? ? ? ? ? ? ? ? ? ? ? ? ? ? ? ? ? ? ? ? 
? ? ? ? ? ? ? ? ? ? ? ? ? ? ? ? ? ? ? ? ? ? ? ? ? ? ? ? ? ? ? ? ? ? ? ? ? ? ? ? ? ? ? ? ? 
? ? ? ? ? ? ? ? ? ? ? ? ? ? ? ? ? ? ? ? ? ? ? ? ? ? ? ? ? ? ? ? ? ? ? ? ? ? ? ? ? ? ? ? ? 
? ? ? ? ? ? ? ? ? ? ? ? ? ? ? ? ? ? ? ? ? ? ? ? ? ? ? ? ? ? ? ? ? ? ? ? ? ? ? ? ? ? ? ? ? 
? ? ? ? ? ? ? ? ? ? ? ? ? ? ? ? ? ? ? ? ? ? ? ? ? ? ? ? ? ? ? ? ? ? ? ? ? ? ? ? ? ? ? ? ? 
? ? ? ? ? ? ? ? ? ? ? ? ? ? ? ? ? ? ? ? ? ? ? ? ? ? ? ? ? ? ? ? ? ? ? ? ? ? ? ? ? ? ? ? ? 
? ? ? ? ? ? ? ? ? ? ? ? ? ? ? ? ? ? ? ? ? ? ? ? ? ? ? ? ? ? ? ? ? ? ? ? ? ? ? ? ? ? ? ? ? 
? ? ? ? ? ? ? ? ? ? ? ? ? ? ? ? ? ? ? ? ? ? ? ? ? ? ? ? ? ? ? ? ? ? ? ? ? ? ? ? ? ? ? ? ? 
Step: 15
? ? F 2         1 1 3 F 3 1 2 1 1   2 F 2 1 F 3 3 ? ? ? ? ? ? ? ? ? ? ? ? ? ? ? ? ? ? ? ? 
? F F 2         1 F 3 F 3 F 2 F 1   2 F 2 1 2 F F ? ? ? ? ? ? ? ? ? ? ? ? ? ? ? ? ? ? ? ? 
F F 3 1         1 1 2 1 2 1 2 2 2 2 3 3 3 1 2 2 3 ? ? ? ? ? ? ? ? ? ? ? ? ? ? ? ? ? ? ? ? 
2 2 1             1 1 1       1 F 3 F F 3 F 1   1 ? ? ? ? ? ? ? ? ? ? ? ? ? ? ? ? ? ? ? ? 
1 1 1 1 1 1     1 3 F 2       1 3 F 5 F 3 2 2 2 2 2 3 ? ? ? ? ? ? ? ? ? ? ? ? ? ? ? ? ? ? 
1 F 2 2 F 1 1 1 2 F F 2   1 1 1 3 F 4 1 1 1 F 3 F 1 2 ? ? ? ? ? ? ? ? ? ? ? ? ? ? ? ? ? ? 
1 3 F 3 1 1 2 F 3 2 2 1 1 2 F 1 2 F 2   1 2 3 ? 2 1 1 2 ? ? ? ? ? ? ? ? ? ? ? ? ? ? ? ? ? 
1 4 F 3     3 F 4 2 2 1 1 F 2 1 1 2 2 1 1 F 3 2 1     1 3 ? ? ? ? ? ? ? ? ? ? ? ? ? ? ? ? 
1 F F 2     2 F 4 F F 1 2 2 3 1 2 2 F 1 1 2 F 2 1 1     1 1 2 ? ? ? ? ? ? ? ? ? ? ? ? ? ? 
1 2 2 1   1 2 3 ? ? 3 1 1 F 2 F 2 F 3 2   1 1 3 F 2 1 1 1   1 ? ? ? ? ? ? ? ? ? ? ? ? ? ? 
          1 F 3 ? ? 3 1 2 2 3 2 3 3 F 1     1 3 F 2 2 F 2   1 2 ? ? ? ? ? ? ? ? ? ? ? ? ? 
        1 2 3 ? ? F ? ? 2 ? ? 2 ? ? 2 1     2 F 4 2 3 F 2 1 1 2 ? ? ? ? ? ? ? ? ? ? ? ? ? 
2 2 1   1 F 3 ? ? ? ? ? ? ? ? ? ? ? 2   1 1 3 F 3 F 3 3 2 2 F 2 ? ? ? ? ? ? ? ? ? ? ? ? ? 
F F 2 1 2 3 ? ? ? ? ? ? ? ? ? ? ? F 2   1 F 2 1 2 2 F 2 ? ? ? ? ? ? ? ? ? ? ? ? ? ? ? ? ? 
? ? ? ? ? ? ? ? ? ? ? ? ? ? ? ? ? ? 4 2 2 1 1     1 1 2 1 2 ? ? ? ? ? ? ? ? ? ? ? ? ? ? ? 
? ? ? ? ? ? ? ? ? ? ? ? ? ? ? ? ? ? F F 2   1 2 2 1 1 1 1 1 ? ? ? ? ? ? ? ? ? ? ? ? ? ? ? 
? ? ? ? ? ? ? ? ? ? ? ? ? ? ? ? ? ? ? F 4 1 2 F F 2 1 F 2 2 ? ? ? ? ? ? ? ? ? ? ? ? ? ? ? 
? ? ? ? ? ? ? ? ? ? ? ? ? ? ? ? ? ? ? F ? ? ? ? ? 2 2 3 ? ? ? ? ? ? ? ? ? ? ? ? ? ? ? ? ? 
? ? ? ? ? ? ? ? ? ? ? ? ? ? ? ? ? ? ? ? ? ? ? ? ? ? ? ? ? ? ? ? ? ? ? ? ? ? ? ? ? ? ? ? ? 
? ? ? ? ? ? ? ? ? ? ? ? ? ? ? ? ? ? ? ? ? ? ? ? ? ? ? ? ? ? ? ? ? ? ? ? ? ? ? ? ? ? ? ? ? 
? ? ? ? ? ? ? ? ? ? ? ? ? ? ? ? ? ? ? ? ? ? ? ? ? ? ? ? ? ? ? ? ? ? ? ? ? ? ? ? ? ? ? ? ? 
? ? ? ? ? ? ? ? ? ? ? ? ? ? ? ? ? ? ? ? ? ? ? ? ? ? ? ? ? ? ? ? ? ? ? ? ? ? ? ? ? ? ? ? ? 
? ? ? ? ? ? ? ? ? ? ? ? ? ? ? ? ? ? ? ? ? ? ? ? ? ? ? ? ? ? ? ? ? ? ? ? ? ? ? ? ? ? ? ? ? 
? ? ? ? ? ? ? ? ? ? ? ? ? ? ? ? ? ? ? ? ? ? ? ? ? ? ? ? ? ? ? ? ? ? ? ? ? ? ? ? ? ? ? ? ? 
? ? ? ? ? ? ? ? ? ? ? ? ? ? ? ? ? ? ? ? ? ? ? ? ? ? ? ? ? ? ? ? ? ? ? ? ? ? ? ? ? ? ? ? ? 
? ? ? ? ? ? ? ? ? ? ? ? ? ? ? ? ? ? ? ? ? ? ? ? ? ? ? ? ? ? ? ? ? ? ? ? ? ? ? ? ? ? ? ? ? 
Step: 16
? ? F 2         1 1 3 F 3 1 2 1 1   2 F 2 1 F 3 3 ? ? ? ? ? ? ? ? ? ? ? ? ? ? ? ? ? ? ? ? 
? F F 2         1 F 3 F 3 F 2 F 1   2 F 2 1 2 F F ? ? ? ? ? ? ? ? ? ? ? ? ? ? ? ? ? ? ? ? 
F F 3 1         1 1 2 1 2 1 2 2 2 2 3 3 3 1 2 2 3 ? ? ? ? ? ? ? ? ? ? ? ? ? ? ? ? ? ? ? ? 
2 2 1             1 1 1       1 F 3 F F 3 F 1   1 F 2 ? ? ? ? ? ? ? ? ? ? ? ? ? ? ? ? ? ? 
1 1 1 1 1 1     1 3 F 2       1 3 F 5 F 3 2 2 2 2 2 3 F ? ? ? ? ? ? ? ? ? ? ? ? ? ? ? ? ? 
1 F 2 2 F 1 1 1 2 F F 2   1 1 1 3 F 4 1 1 1 F 3 F 1 2 F ? ? ? ? ? ? ? ? ? ? ? ? ? ? ? ? ? 
1 3 F 3 1 1 2 F 3 2 2 1 1 2 F 1 2 F 2   1 2 3 F 2 1 1 2 F F 3 2 ? ? ? ? ? ? ? ? ? ? ? ? ? 
1 4 F 3     3 F 4 2 2 1 1 F 2 1 1 2 2 1 1 F 3 2 1     1 3 F 2 1 3 ? ? ? ? ? ? ? ? ? ? ? ? 
1 F F 2     2 F 4 F F 1 2 2 3 1 2 2 F 1 1 2 F 2 1 1     1 1 2 1 2 ? ? ? ? ? ? ? ? ? ? ? ? 
1 2 2 1   1 2 3 ? ? 3 1 1 F 2 F 2 F 3 2   1 1 3 F 2 1 1 1   1 F 2 ? ? ? ? ? ? ? ? ? ? ? ? 
          1 F 3 ? ? 3 1 2 2 3 2 3 3 F 1     1 3 F 2 2 F 2   1 2 ? ? ? ? ? ? ? ? ? ? ? ? ? 
        1 2 3 ? ? F ? ? 2 ? ? 2 ? ? 2 1     2 F 4 2 3 F 2 1 1 2 F ? ? ? ? ? ? ? ? ? ? ? ? 
2 2 1   1 F 3 ? ? ? ? ? ? ? ? ? ? ? 2   1 1 3 F 3 F 3 3 2 2 F 2 2 ? ? ? ? ? ? ? ? ? ? ? ? 
F F 2 1 2 3 ? ? ? ? ? ? ? ? ? ? ? F 2   1 F 2 1 2 2 F 2 F 2 1 1 2 ? ? ? ? ? ? ? ? ? ? ? ? 
? ? ? ? ? ? ? ? ? ? ? ? ? ? ? ? ? ? 4 2 2 1 1     1 1 2 1 2 2 3 3 ? ? ? ? ? ? ? ? ? ? ? ? 
? ? ? ? ? ? ? ? ? ? ? ? ? ? ? ? ? ? F F 2   1 2 2 1 1 1 1 1 F F F ? ? ? ? ? ? ? ? ? ? ? ? 
? ? ? ? ? ? ? ? ? ? ? ? ? ? ? ? ? ? ? F 4 1 2 F F 2 1 F 2 2 4 ? ? ? ? ? ? ? ? ? ? ? ? ? ? 
? ? ? ? ? ? ? ? ? ? ? ? ? ? ? ? ? ? ? F ? ? ? ? F 2 2 3 ? ? ? ? ? ? ? ? ? ? ? ? ? ? ? ? ? 
? ? ? ? ? ? ? ? ? ? ? ? ? ? ? ? ? ? ? ? ? ? ? ? 2 2 2 F ? ? ? ? ? ? ? ? ? ? ? ? ? ? ? ? ? 
? ? ? ? ? ? ? ? ? ? ? ? ? ? ? ? ? ? ? ? ? ? ? ? ? ? ? ? ? ? ? ? ? ? ? ? ? ? ? ? ? ? ? ? ? 
? ? ? ? ? ? ? ? ? ? ? ? ? ? ? ? ? ? ? ? ? ? ? ? ? ? ? ? ? ? ? ? ? ? ? ? ? ? ? ? ? ? ? ? ? 
? ? ? ? ? ? ? ? ? ? ? ? ? ? ? ? ? ? ? ? ? ? ? ? ? ? ? ? ? ? ? ? ? ? ? ? ? ? ? ? ? ? ? ? ? 
? ? ? ? ? ? ? ? ? ? ? ? ? ? ? ? ? ? ? ? ? ? ? ? ? ? ? ? ? ? ? ? ? ? ? ? ? ? ? ? ? ? ? ? ? 
? ? ? ? ? ? ? ? ? ? ? ? ? ? ? ? ? ? ? ? ? ? ? ? ? ? ? ? ? ? ? ? ? ? ? ? ? ? ? ? ? ? ? ? ? 
? ? ? ? ? ? ? ? ? ? ? ? ? ? ? ? ? ? ? ? ? ? ? ? ? ? ? ? ? ? ? ? ? ? ? ? ? ? ? ? ? ? ? ? ? 
? ? ? ? ? ? ? ? ? ? ? ? ? ? ? ? ? ? ? ? ? ? ? ? ? ? ? ? ? ? ? ? ? ? ? ? ? ? ? ? ? ? ? ? ? 
Step: 17
? ? F 2         1 1 3 F 3 1 2 1 1   2 F 2 1 F 3 3 ? ? ? ? ? ? ? ? ? ? ? ? ? ? ? ? ? ? ? ? 
? F F 2         1 F 3 F 3 F 2 F 1   2 F 2 1 2 F F 3 ? ? ? ? ? ? ? ? ? ? ? ? ? ? ? ? ? ? ? 
F F 3 1         1 1 2 1 2 1 2 2 2 2 3 3 3 1 2 2 3 3 2 1 1 2 ? ? ? ? ? ? ? ? ? ? ? ? ? ? ? 
2 2 1             1 1 1       1 F 3 F F 3 F 1   1 F 2 1 1 1 ? ? ? ? ? ? ? ? ? ? ? ? ? ? ? 
1 1 1 1 1 1     1 3 F 2       1 3 F 5 F 3 2 2 2 2 2 3 F 2 2 ? ? ? ? ? ? ? ? ? ? ? ? ? ? ? 
1 F 2 2 F 1 1 1 2 F F 2   1 1 1 3 F 4 1 1 1 F 3 F 1 2 F 4 3 ? ? ? ? ? ? ? ? ? ? ? ? ? ? ? 
1 3 F 3 1 1 2 F 3 2 2 1 1 2 F 1 2 F 2   1 2 3 F 2 1 1 2 F F 3 2 F ? 2 2 3 2 3 ? ? ? ? ? ? 
1 4 F 3     3 F 4 2 2 1 1 F 2 1 1 2 2 1 1 F 3 2 1     1 3 F 2 1 3 ? 2       1 ? ? ? ? ? ? 
1 F F 2     2 F 4 F F 1 2 2 3 1 2 2 F 1 1 2 F 2 1 1     1 1 2 1 2 ? 1       1 1 ? ? ? ? ? 
1 2 2 1   1 2 3 ? ? 3 1 1 F 2 F 2 F 3 2   1 1 3 F 2 1 1 1   1 F 2 1 1         1 ? ? ? ? ? 
          1 F 3 ? ? 3 1 2 2 3 2 3 3 F 1     1 3 F 2 2 F 2   1 2 2 1     1 1 1 1 ? ? ? ? ? 
        1 2 3 ? ? F ? ? 2 ? ? 2 ? ? 2 1     2 F 4 2 3 F 2 1 1 2 F 3 2 1 2 F 2 2 ? ? ? ? ? 
2 2 1   1 F 3 ? ? ? ? ? ? ? ? ? ? ? 2   1 1 3 F 3 F 3 3 2 2 F 2 2 F F 2 2 F 2 1 ? ? ? ? ? 
F F 2 1 2 3 ? ? ? ? ? ? ? ? ? ? ? F 2   1 F 2 1 2 2 F 2 F 2 1 1 2 4 F 2 1 1 1 2 ? ? ? ? ? 
? ? ? ? ? ? ? ? ? ? ? ? ? ? ? ? ? ? 4 2 2 1 1     1 1 2 1 2 2 3 3 F 2 1       2 ? ? ? ? ? 
? ? ? ? ? ? ? ? ? ? ? ? ? ? ? ? ? ? F F 2   1 2 2 1 1 1 1 1 F F F 2 1   1 1 1 2 F 3 ? ? ? 
? ? ? ? ? ? ? ? ? ? ? ? ? ? ? ? ? ? ? F 4 1 2 F F 2 1 F 2 2 4 ? 5 3 1   2 F 2 1 1 2 1 3 ? 
? ? ? ? ? ? ? ? ? ? ? ? ? ? ? ? ? ? ? F ? ? ? ? F 2 2 3 ? F 2 2 F F 1   2 F 2   1 1 1 2 ? 
? ? ? ? ? ? ? ? ? ? ? ? ? ? ? ? ? ? ? ? ? ? ? ? 2 2 2 F F 2 1 1 2 2 1   1 2 2 1 1 F 1 2 ? 
? ? ? ? ? ? ? ? ? ? ? ? ? ? ? ? ? ? ? ? ? ? ? ? ? ? ? F 4 1     1 1 1   1 2 F 1 1 1 1 1 ? 
? ? ? ? ? ? ? ? ? ? ? ? ? ? ? ? ? ? ? ? ? ? ? ? ? ? ? F 2       1 F 1   1 F 2 2 1 1   1 ? 
? ? ? ? ? ? ? ? ? ? ? ? ? ? ? ? ? ? ? ? ? ? ? ? ? ? ? 3 1       1 1 1   1 2 2 3 F 3 2 4 ? 
? ? ? ? ? ? ? ? ? ? ? ? ? ? ? ? ? ? ? ? ? ? ? ? ? ? ? 2 1 2 2 1 1 1 1   1 3 F 5 F ? ? ? ? 
? ? ? ? ? ? ? ? ? ? ? ? ? ? ? ? ? ? ? ? ? ? ? ? ? ? ? ? ? ? ? 2 1 F 1   1 F F ? ? ? ? ? ? 
? ? ? ? ? ? ? ? ? ? ? ? ? ? ? ? ? ? ? ? ? ? ? ? ? ? ? ? ? ? F 3 1 1 1   1 3 ? ? ? ? ? ? ? 
? ? ? ? ? ? ? ? ? ? ? ? ? ? ? ? ? ? ? ? ? ? ? ? ? ? ? ? ? ? F 2           1 ? ? ? ? ? ? ? 
Step: 18
? ? F 2         1 1 3 F 3 1 2 1 1   2 F 2 1 F 3 3 F 2 1 2 ? ? ? ? ? ? ? ? ? ? ? ? ? ? ? ? 
? F F 2         1 F 3 F 3 F 2 F 1   2 F 2 1 2 F F 3 F 1 2 F ? ? ? ? ? ? ? ? ? ? ? ? ? ? ? 
F F 3 1         1 1 2 1 2 1 2 2 2 2 3 3 3 1 2 2 3 3 2 1 1 2 ? ? ? ? ? ? ? ? ? ? ? ? ? ? ? 
2 2 1             1 1 1       1 F 3 F F 3 F 1   1 F 2 1 1 1 ? ? ? ? ? ? ? ? ? ? ? ? ? ? ? 
1 1 1 1 1 1     1 3 F 2       1 3 F 5 F 3 2 2 2 2 2 3 F 2 2 ? ? ? ? ? ? ? ? ? ? ? ? ? ? ? 
1 F 2 2 F 1 1 1 2 F F 2   1 1 1 3 F 4 1 1 1 F 3 F 1 2 F 4 3 ? ? ? ? ? F F F 2 ? ? ? ? ? ? 
1 3 F 3 1 1 2 F 3 2 2 1 1 2 F 1 2 F 2   1 2 3 F 2 1 1 2 F F 3 2 F ? 2 2 3 2 3 2 3 1 1 ? ? 
1 4 F 3     3 F 4 2 2 1 1 F 2 1 1 2 2 1 1 F 3 2 1     1 3 F 2 1 3 ? 2       1 F 1   1 ? ? 
1 F F 2     2 F 4 F F 1 2 2 3 1 2 2 F 1 1 2 F 2 1 1     1 1 2 1 2 F 1       1 1 1 1 2 ? ? 
1 2 2 1   1 2 3 ? ? 3 1 1 F 2 F 2 F 3 2   1 1 3 F 2 1 1 1   1 F 2 1 1         1 2 4 F ? ? 
          1 F 3 ? ? 3 1 2 2 3 2 3 3 F 1     1 3 F 2 2 F 2   1 2 2 1     1 1 1 1 F F F ? ? 
        1 2 3 ? ? F ? ? 2 ? ? 2 ? ? 2 1     2 F 4 2 3 F 2 1 1 2 F 3 2 1 2 F 2 2 4 ? ? ? ? 
2 2 1   1 F 3 ? ? ? ? ? ? ? ? ? ? ? 2   1 1 3 F 3 F 3 3 2 2 F 2 2 F F 2 2 F 2 1 F 2 2 2 2 
F F 2 1 2 3 ? ? ? ? ? ? ? ? ? ? ? F 2   1 F 2 1 2 2 F 2 F 2 1 1 2 4 F 2 1 1 1 2 2 2       
? ? ? ? ? ? ? ? ? ? ? ? ? ? ? ? ? ? 4 2 2 1 1     1 1 2 1 2 2 3 3 F 2 1       2 F 3 1 2 1 
? ? ? ? ? ? ? ? ? ? ? ? ? ? ? ? ? ? F F 2   1 2 2 1 1 1 1 1 F F F 2 1   1 1 1 2 F 3 F 2 F 
? ? ? ? ? ? ? ? ? ? ? ? ? ? ? ? ? ? ? F 4 1 2 F F 2 1 F 2 2 4 F 5 3 1   2 F 2 1 1 2 1 3 2 
? ? ? ? ? ? ? ? ? ? ? ? ? ? ? ? ? ? ? F ? ? ? ? F 2 2 3 4 F 2 2 F F 1   2 F 2   1 1 1 2 F 
? ? ? ? ? ? ? ? ? ? ? ? ? ? ? ? ? ? ? ? ? ? ? ? 2 2 2 F F 2 1 1 2 2 1   1 2 2 1 1 F 1 2 F 
? ? ? ? ? ? ? ? ? ? ? ? ? ? ? ? ? ? ? ? ? ? ? ? ? 3 5 F 4 1     1 1 1   1 2 F 1 1 1 1 1 1 
? ? ? ? ? ? ? ? ? ? ? ? ? ? ? ? ? ? ? ? ? ? ? ? ? F F F 2       1 F 1   1 F 2 2 1 1   1 1 
? ? ? ? ? ? ? ? ? ? ? ? ? ? ? ? ? ? ? ? ? ? ? ? ? ? ? 3 1       1 1 1   1 2 2 3 F 3 2 4 F 
? ? ? ? ? ? ? ? ? ? ? ? ? ? ? ? ? ? ? ? ? ? ? ? ? ? ? 2 1 2 2 1 1 1 1   1 3 F 5 F ? F F F 
? ? ? ? ? ? ? ? ? ? ? ? ? ? ? ? ? ? ? ? ? ? ? ? ? ? ? ? ? F F 2 1 F 1   1 F F ? ? ? ? ? ? 
? ? ? ? ? ? ? ? ? ? ? ? ? ? ? ? ? ? ? ? ? ? ? ? ? ? ? ? ? ? F 3 1 1 1   1 3 ? ? ? ? ? ? ? 
? ? ? ? ? ? ? ? ? ? ? ? ? ? ? ? ? ? ? ? ? ? ? ? ? ? ? ? ? ? F 2           1 ? ? ? ? ? ? ? 
Step: 19
? ? F 2         1 1 3 F 3 1 2 1 1   2 F 2 1 F 3 3 F 2 1 2 F ? ? ? ? ? ? ? ? ? ? ? ? ? ? ? 
? F F 2         1 F 3 F 3 F 2 F 1   2 F 2 1 2 F F 3 F 1 2 F ? ? ? ? ? ? ? ? ? ? ? ? ? ? ? 
F F 3 1         1 1 2 1 2 1 2 2 2 2 3 3 3 1 2 2 3 3 2 1 1 2 ? ? ? ? ? ? ? ? ? ? ? ? ? ? ? 
2 2 1             1 1 1       1 F 3 F F 3 F 1   1 F 2 1 1 1 ? ? ? ? ? ? ? ? ? ? ? ? ? ? ? 
1 1 1 1 1 1     1 3 F 2       1 3 F 5 F 3 2 2 2 2 2 3 F 2 2 ? ? ? ? ? ? ? ? ? ? ? ? ? 4 2 
1 F 2 2 F 1 1 1 2 F F 2   1 1 1 3 F 4 1 1 1 F 3 F 1 2 F 4 3 ? ? ? ? 3 F F F 2 F 2 F 2 1   
1 3 F 3 1 1 2 F 3 2 2 1 1 2 F 1 2 F 2   1 2 3 F 2 1 1 2 F F 3 2 F ? 2 2 3 2 3 2 3 1 1     
1 4 F 3     3 F 4 2 2 1 1 F 2 1 1 2 2 1 1 F 3 2 1     1 3 F 2 1 3 3 2       1 F 1   1 1 1 
1 F F 2     2 F 4 F F 1 2 2 3 1 2 2 F 1 1 2 F 2 1 1     1 1 2 1 2 F 1       1 1 1 1 2 F 1 
1 2 2 1   1 2 3 ? ? 3 1 1 F 2 F 2 F 3 2   1 1 3 F 2 1 1 1   1 F 2 1 1         1 2 4 F 3 1 
          1 F 3 ? ? 3 1 2 2 3 2 3 3 F 1     1 3 F 2 2 F 2   1 2 2 1     1 1 1 1 F F F 4 2 
        1 2 3 ? ? F ? ? 2 ? ? 2 ? ? 2 1     2 F 4 2 3 F 2 1 1 2 F 3 2 1 2 F 2 2 4 F 4 F F 
2 2 1   1 F 3 ? ? ? ? ? ? ? ? ? ? ? 2   1 1 3 F 3 F 3 3 2 2 F 2 2 F F 2 2 F 2 1 F 2 2 2 2 
F F 2 1 2 3 ? ? ? ? ? ? ? ? ? ? ? F 2   1 F 2 1 2 2 F 2 F 2 1 1 2 4 F 2 1 1 1 2 2 2       
? ? ? ? ? ? ? ? ? ? ? ? ? ? ? ? ? ? 4 2 2 1 1     1 1 2 1 2 2 3 3 F 2 1       2 F 3 1 2 1 
? ? ? ? ? ? ? ? ? ? ? ? ? ? ? ? ? ? F F 2   1 2 2 1 1 1 1 1 F F F 2 1   1 1 1 2 F 3 F 2 F 
? ? ? ? ? ? ? ? ? ? ? ? ? ? ? ? ? ? ? F 4 1 2 F F 2 1 F 2 2 4 F 5 3 1   2 F 2 1 1 2 1 3 2 
? ? ? ? ? ? ? ? ? ? ? ? ? ? ? ? ? ? ? F ? ? ? ? F 2 2 3 4 F 2 2 F F 1   2 F 2   1 1 1 2 F 
? ? ? ? ? ? ? ? ? ? ? ? ? ? ? ? ? ? ? ? ? ? ? ? 2 2 2 F F 2 1 1 2 2 1   1 2 2 1 1 F 1 2 F 
? ? ? ? ? ? ? ? ? ? ? ? ? ? ? ? ? ? ? ? ? ? F 3 F 3 5 F 4 1     1 1 1   1 2 F 1 1 1 1 1 1 
? ? ? ? ? ? ? ? ? ? ? ? ? ? ? ? ? ? ? ? ? ? F 4 2 F F F 2       1 F 1   1 F 2 2 1 1   1 1 
? ? ? ? ? ? ? ? ? ? ? ? ? ? ? ? ? ? ? ? ? ? F 4 3 4 ? 3 1       1 1 1   1 2 2 3 F 3 2 4 F 
? ? ? ? ? ? ? ? ? ? ? ? ? ? ? ? ? ? ? ? ? ? ? ? ? ? F 2 1 2 2 1 1 1 1   1 3 F 5 F 4 F F F 
? ? ? ? ? ? ? ? ? ? ? ? ? ? ? ? ? ? ? ? ? ? ? ? ? ? F 3 1 F F 2 1 F 1   1 F F ? ? ? ? ? ? 
? ? ? ? ? ? ? ? ? ? ? ? ? ? ? ? ? ? ? ? ? ? ? ? ? ? F 3 1 4 F 3 1 1 1   1 3 ? ? ? ? ? ? ? 
? ? ? ? ? ? ? ? ? ? ? ? ? ? ? ? ? ? ? ? ? ? ? ? ? ? F 2   2 F 2           1 ? ? ? ? ? ? ? 
Step: 20
? ? F 2         1 1 3 F 3 1 2 1 1   2 F 2 1 F 3 3 F 2 1 2 F ? ? ? ? ? ? ? ? ? ? ? ? ? ? ? 
? F F 2         1 F 3 F 3 F 2 F 1   2 F 2 1 2 F F 3 F 1 2 F ? ? ? ? ? ? ? ? ? ? ? ? ? ? ? 
F F 3 1         1 1 2 1 2 1 2 2 2 2 3 3 3 1 2 2 3 3 2 1 1 2 ? ? ? ? ? ? ? ? ? ? ? ? ? ? ? 
2 2 1             1 1 1       1 F 3 F F 3 F 1   1 F 2 1 1 1 ? ? ? ? ? ? ? ? ? ? ? ? F F F 
1 1 1 1 1 1     1 3 F 2       1 3 F 5 F 3 2 2 2 2 2 3 F 2 2 ? ? ? ? ? ? ? 4 3 3 3 4 F 4 2 
1 F 2 2 F 1 1 1 2 F F 2   1 1 1 3 F 4 1 1 1 F 3 F 1 2 F 4 3 ? ? ? ? 3 F F F 2 F 2 F 2 1   
1 3 F 3 1 1 2 F 3 2 2 1 1 2 F 1 2 F 2   1 2 3 F 2 1 1 2 F F 3 2 F F 2 2 3 2 3 2 3 1 1     
1 4 F 3     3 F 4 2 2 1 1 F 2 1 1 2 2 1 1 F 3 2 1     1 3 F 2 1 3 3 2       1 F 1   1 1 1 
1 F F 2     2 F 4 F F 1 2 2 3 1 2 2 F 1 1 2 F 2 1 1     1 1 2 1 2 F 1       1 1 1 1 2 F 1 
1 2 2 1   1 2 3 ? ? 3 1 1 F 2 F 2 F 3 2   1 1 3 F 2 1 1 1   1 F 2 1 1         1 2 4 F 3 1 
          1 F 3 ? ? 3 1 2 2 3 2 3 3 F 1     1 3 F 2 2 F 2   1 2 2 1     1 1 1 1 F F F 4 2 
        1 2 3 ? ? F ? ? 2 ? ? 2 ? ? 2 1     2 F 4 2 3 F 2 1 1 2 F 3 2 1 2 F 2 2 4 F 4 F F 
2 2 1   1 F 3 ? ? ? ? ? ? ? ? ? ? ? 2   1 1 3 F 3 F 3 3 2 2 F 2 2 F F 2 2 F 2 1 F 2 2 2 2 
F F 2 1 2 3 ? ? ? ? ? ? ? ? ? ? ? F 2   1 F 2 1 2 2 F 2 F 2 1 1 2 4 F 2 1 1 1 2 2 2       
? ? ? ? ? ? ? ? ? ? ? ? ? ? ? ? ? ? 4 2 2 1 1     1 1 2 1 2 2 3 3 F 2 1       2 F 3 1 2 1 
? ? ? ? ? ? ? ? ? ? ? ? ? ? ? ? ? ? F F 2   1 2 2 1 1 1 1 1 F F F 2 1   1 1 1 2 F 3 F 2 F 
? ? ? ? ? ? ? ? ? ? ? ? ? ? ? ? ? ? ? F 4 1 2 F F 2 1 F 2 2 4 F 5 3 1   2 F 2 1 1 2 1 3 2 
? ? ? ? ? ? ? ? ? ? ? ? ? ? ? ? ? ? ? F ? ? 2 3 F 2 2 3 4 F 2 2 F F 1   2 F 2   1 1 1 2 F 
? ? ? ? ? ? ? ? ? ? ? ? ? ? ? ? ? ? ? ? ? ? 2 3 2 2 2 F F 2 1 1 2 2 1   1 2 2 1 1 F 1 2 F 
? ? ? ? ? ? ? ? ? ? ? ? ? ? ? ? ? ? ? ? ? ? F 3 F 3 5 F 4 1     1 1 1   1 2 F 1 1 1 1 1 1 
? ? ? ? ? ? ? ? ? ? ? ? ? ? ? ? ? ? ? ? ? ? F 4 2 F F F 2       1 F 1   1 F 2 2 1 1   1 1 
? ? ? ? ? ? ? ? ? ? ? ? ? ? ? ? ? ? ? ? ? ? F 4 3 4 4 3 1       1 1 1   1 2 2 3 F 3 2 4 F 
? ? ? ? ? ? ? ? ? ? ? ? ? ? ? ? ? ? ? ? ? ? ? ? F 5 F 2 1 2 2 1 1 1 1   1 3 F 5 F 4 F F F 
? ? ? ? ? ? ? ? ? ? ? ? ? ? ? ? ? ? ? ? ? ? ? ? F F F 3 1 F F 2 1 F 1   1 F F ? ? ? ? ? ? 
? ? ? ? ? ? ? ? ? ? ? ? ? ? ? ? ? ? ? ? ? ? ? ? ? ? F 3 1 4 F 3 1 1 1   1 3 ? ? ? ? ? ? ? 
? ? ? ? ? ? ? ? ? ? ? ? ? ? ? ? ? ? ? ? ? ? ? ? ? ? F 2   2 F 2           1 ? ? ? ? ? ? ? 
Step: 21
? ? F 2         1 1 3 F 3 1 2 1 1   2 F 2 1 F 3 3 F 2 1 2 F ? ? ? ? ? ? ? ? ? ? ? ? ? ? ? 
? F F 2         1 F 3 F 3 F 2 F 1   2 F 2 1 2 F F 3 F 1 2 F ? ? ? ? ? ? ? ? ? ? ? ? ? ? ? 
F F 3 1         1 1 2 1 2 1 2 2 2 2 3 3 3 1 2 2 3 3 2 1 1 2 ? ? ? ? ? ? ? ? ? ? ? ? ? ? ? 
2 2 1             1 1 1       1 F 3 F F 3 F 1   1 F 2 1 1 1 ? ? ? ? ? ? ? ? ? ? ? ? F F F 
1 1 1 1 1 1     1 3 F 2       1 3 F 5 F 3 2 2 2 2 2 3 F 2 2 ? ? ? ? ? ? ? 4 3 3 3 4 F 4 2 
1 F 2 2 F 1 1 1 2 F F 2   1 1 1 3 F 4 1 1 1 F 3 F 1 2 F 4 3 ? ? ? 3 3 F F F 2 F 2 F 2 1   
1 3 F 3 1 1 2 F 3 2 2 1 1 2 F 1 2 F 2   1 2 3 F 2 1 1 2 F F 3 2 F F 2 2 3 2 3 2 3 1 1     
1 4 F 3     3 F 4 2 2 1 1 F 2 1 1 2 2 1 1 F 3 2 1     1 3 F 2 1 3 3 2       1 F 1   1 1 1 
1 F F 2     2 F 4 F F 1 2 2 3 1 2 2 F 1 1 2 F 2 1 1     1 1 2 1 2 F 1       1 1 1 1 2 F 1 
1 2 2 1   1 2 3 ? ? 3 1 1 F 2 F 2 F 3 2   1 1 3 F 2 1 1 1   1 F 2 1 1         1 2 4 F 3 1 
          1 F 3 ? ? 3 1 2 2 3 2 3 3 F 1     1 3 F 2 2 F 2   1 2 2 1     1 1 1 1 F F F 4 2 
        1 2 3 ? ? F ? ? 2 ? ? 2 ? ? 2 1     2 F 4 2 3 F 2 1 1 2 F 3 2 1 2 F 2 2 4 F 4 F F 
2 2 1   1 F 3 ? ? ? ? ? ? ? ? ? ? ? 2   1 1 3 F 3 F 3 3 2 2 F 2 2 F F 2 2 F 2 1 F 2 2 2 2 
F F 2 1 2 3 ? ? ? ? ? ? ? ? ? ? ? F 2   1 F 2 1 2 2 F 2 F 2 1 1 2 4 F 2 1 1 1 2 2 2       
? ? ? ? ? ? ? ? ? ? ? ? ? ? ? ? ? ? 4 2 2 1 1     1 1 2 1 2 2 3 3 F 2 1       2 F 3 1 2 1 
? ? ? ? ? ? ? ? ? ? ? ? ? ? ? ? ? ? F F 2   1 2 2 1 1 1 1 1 F F F 2 1   1 1 1 2 F 3 F 2 F 
? ? ? ? ? ? ? ? ? ? ? ? ? ? ? ? ? 3 5 F 4 1 2 F F 2 1 F 2 2 4 F 5 3 1   2 F 2 1 1 2 1 3 2 
? ? ? ? ? ? ? ? ? ? ? ? ? ? ? ? ? 2 2 F 3 F 2 3 F 2 2 3 4 F 2 2 F F 1   2 F 2   1 1 1 2 F 
? ? ? ? ? ? ? ? ? ? ? ? ? ? ? ? ? 1 1 1 2 2 2 3 2 2 2 F F 2 1 1 2 2 1   1 2 2 1 1 F 1 2 F 
? ? ? ? ? ? ? ? ? ? ? ? ? ? ? ? ? 3 2 1   2 F 3 F 3 5 F 4 1     1 1 1   1 2 F 1 1 1 1 1 1 
? ? ? ? ? ? ? ? ? ? ? ? ? ? ? ? ? F F 3 1 3 F 4 2 F F F 2       1 F 1   1 F 2 2 1 1   1 1 
? ? ? ? ? ? ? ? ? ? ? ? ? ? ? ? ? ? F F 1 2 F 4 3 4 4 3 1       1 1 1   1 2 2 3 F 3 2 4 F 
? ? ? ? ? ? ? ? ? ? ? ? ? ? ? ? ? ? ? 3 1 1 3 F F 5 F 2 1 2 2 1 1 1 1   1 3 F 5 F 4 F F F 
? ? ? ? ? ? ? ? ? ? ? ? ? ? ? ? ? ? ? 2     3 F F F F 3 1 F F 2 1 F 1   1 F F ? ? ? ? ? ? 
? ? ? ? ? ? ? ? ? ? ? ? ? ? ? ? ? ? ? 3 1   2 F 4 5 F 3 1 4 F 3 1 1 1   1 3 ? ? ? ? ? ? ? 
? ? ? ? ? ? ? ? ? ? ? ? ? ? ? ? ? ? ? F 1   1 1 1 2 F 2   2 F 2           1 ? ? ? ? ? ? ? 
Step: 22
? ? F 2         1 1 3 F 3 1 2 1 1   2 F 2 1 F 3 3 F 2 1 2 F ? ? ? ? ? ? ? ? ? ? ? ? ? ? ? 
? F F 2         1 F 3 F 3 F 2 F 1   2 F 2 1 2 F F 3 F 1 2 F ? ? ? ? ? ? ? ? ? ? ? ? ? ? ? 
F F 3 1         1 1 2 1 2 1 2 2 2 2 3 3 3 1 2 2 3 3 2 1 1 2 ? ? ? ? ? ? ? ? ? ? ? ? ? ? ? 
2 2 1             1 1 1       1 F 3 F F 3 F 1   1 F 2 1 1 1 ? ? ? ? ? ? ? ? ? ? ? ? F F F 
1 1 1 1 1 1     1 3 F 2       1 3 F 5 F 3 2 2 2 2 2 3 F 2 2 ? ? ? ? ? ? ? 4 3 3 3 4 F 4 2 
1 F 2 2 F 1 1 1 2 F F 2   1 1 1 3 F 4 1 1 1 F 3 F 1 2 F 4 3 ? ? ? 3 3 F F F 2 F 2 F 2 1   
1 3 F 3 1 1 2 F 3 2 2 1 1 2 F 1 2 F 2   1 2 3 F 2 1 1 2 F F 3 2 F F 2 2 3 2 3 2 3 1 1     
1 4 F 3     3 F 4 2 2 1 1 F 2 1 1 2 2 1 1 F 3 2 1     1 3 F 2 1 3 3 2       1 F 1   1 1 1 
1 F F 2     2 F 4 F F 1 2 2 3 1 2 2 F 1 1 2 F 2 1 1     1 1 2 1 2 F 1       1 1 1 1 2 F 1 
1 2 2 1   1 2 3 ? ? 3 1 1 F 2 F 2 F 3 2   1 1 3 F 2 1 1 1   1 F 2 1 1         1 2 4 F 3 1 
          1 F 3 ? ? 3 1 2 2 3 2 3 3 F 1     1 3 F 2 2 F 2   1 2 2 1     1 1 1 1 F F F 4 2 
        1 2 3 ? ? F ? ? 2 ? ? 2 ? ? 2 1     2 F 4 2 3 F 2 1 1 2 F 3 2 1 2 F 2 2 4 F 4 F F 
2 2 1   1 F 3 ? ? ? ? ? ? ? ? ? ? ? 2   1 1 3 F 3 F 3 3 2 2 F 2 2 F F 2 2 F 2 1 F 2 2 2 2 
F F 2 1 2 3 ? ? ? ? ? ? ? ? ? ? ? F 2   1 F 2 1 2 2 F 2 F 2 1 1 2 4 F 2 1 1 1 2 2 2       
? ? ? ? ? ? ? ? ? ? ? ? ? ? ? ? ? ? 4 2 2 1 1     1 1 2 1 2 2 3 3 F 2 1       2 F 3 1 2 1 
? ? ? ? ? ? ? ? ? ? ? ? ? ? ? ? ? F F F 2   1 2 2 1 1 1 1 1 F F F 2 1   1 1 1 2 F 3 F 2 F 
? ? ? ? ? ? ? ? ? ? ? ? ? ? ? ? ? 3 5 F 4 1 2 F F 2 1 F 2 2 4 F 5 3 1   2 F 2 1 1 2 1 3 2 
? ? ? ? ? ? ? ? ? ? ? ? ? ? ? ? ? 2 2 F 3 F 2 3 F 2 2 3 4 F 2 2 F F 1   2 F 2   1 1 1 2 F 
? ? ? ? ? ? ? ? ? ? ? ? ? ? ? ? ? 1 1 1 2 2 2 3 2 2 2 F F 2 1 1 2 2 1   1 2 2 1 1 F 1 2 F 
? ? ? ? ? ? ? ? ? ? ? ? ? ? ? ? ? 3 2 1   2 F 3 F 3 5 F 4 1     1 1 1   1 2 F 1 1 1 1 1 1 
? ? ? ? ? ? ? ? ? ? ? ? ? ? ? ? ? F F 3 1 3 F 4 2 F F F 2       1 F 1   1 F 2 2 1 1   1 1 
? ? ? ? ? ? ? ? ? ? ? ? ? ? ? ? ? ? F F 1 2 F 4 3 4 4 3 1       1 1 1   1 2 2 3 F 3 2 4 F 
? ? ? ? ? ? ? ? ? ? ? ? ? ? ? ? ? ? ? 3 1 1 3 F F 5 F 2 1 2 2 1 1 1 1   1 3 F 5 F 4 F F F 
? ? ? ? ? ? ? ? ? ? ? ? ? ? ? ? ? ? ? 2     3 F F F F 3 1 F F 2 1 F 1   1 F F ? ? ? ? ? ? 
? ? ? ? ? ? ? ? ? ? ? ? ? ? ? ? ? ? ? 3 1   2 F 4 5 F 3 1 4 F 3 1 1 1   1 3 ? ? ? ? ? ? ? 
? ? ? ? ? ? ? ? ? ? ? ? ? ? ? ? ? ? ? F 1   1 1 1 2 F 2   2 F 2           1 ? ? ? ? ? ? ? 
Step: 23
? ? F 2         1 1 3 F 3 1 2 1 1   2 F 2 1 F 3 3 F 2 1 2 F ? ? ? ? ? ? ? ? ? ? ? ? ? ? ? 
? F F 2         1 F 3 F 3 F 2 F 1   2 F 2 1 2 F F 3 F 1 2 F ? ? ? ? ? ? ? ? ? ? ? ? ? ? ? 
F F 3 1         1 1 2 1 2 1 2 2 2 2 3 3 3 1 2 2 3 3 2 1 1 2 ? ? ? ? ? ? ? ? ? ? ? ? ? ? ? 
2 2 1             1 1 1       1 F 3 F F 3 F 1   1 F 2 1 1 1 ? ? ? ? ? ? ? ? ? ? ? ? F F F 
1 1 1 1 1 1     1 3 F 2       1 3 F 5 F 3 2 2 2 2 2 3 F 2 2 ? ? ? ? ? ? ? 4 3 3 3 4 F 4 2 
1 F 2 2 F 1 1 1 2 F F 2   1 1 1 3 F 4 1 1 1 F 3 F 1 2 F 4 3 ? ? ? 3 3 F F F 2 F 2 F 2 1   
1 3 F 3 1 1 2 F 3 2 2 1 1 2 F 1 2 F 2   1 2 3 F 2 1 1 2 F F 3 2 F F 2 2 3 2 3 2 3 1 1     
1 4 F 3     3 F 4 2 2 1 1 F 2 1 1 2 2 1 1 F 3 2 1     1 3 F 2 1 3 3 2       1 F 1   1 1 1 
1 F F 2     2 F 4 F F 1 2 2 3 1 2 2 F 1 1 2 F 2 1 1     1 1 2 1 2 F 1       1 1 1 1 2 F 1 
1 2 2 1   1 2 3 ? ? 3 1 1 F 2 F 2 F 3 2   1 1 3 F 2 1 1 1   1 F 2 1 1         1 2 4 F 3 1 
          1 F 3 ? ? 3 1 2 2 3 2 3 3 F 1     1 3 F 2 2 F 2   1 2 2 1     1 1 1 1 F F F 4 2 
        1 2 3 ? ? F ? ? 2 ? ? 2 ? ? 2 1     2 F 4 2 3 F 2 1 1 2 F 3 2 1 2 F 2 2 4 F 4 F F 
2 2 1   1 F 3 ? ? ? ? ? ? ? ? ? ? ? 2   1 1 3 F 3 F 3 3 2 2 F 2 2 F F 2 2 F 2 1 F 2 2 2 2 
F F 2 1 2 3 ? ? ? ? ? ? ? ? ? ? ? F 2   1 F 2 1 2 2 F 2 F 2 1 1 2 4 F 2 1 1 1 2 2 2       
? ? ? ? ? ? ? ? ? ? ? ? ? ? ? ? ? 4 4 2 2 1 1     1 1 2 1 2 2 3 3 F 2 1       2 F 3 1 2 1 
? ? ? ? ? ? ? ? ? ? ? ? ? ? ? ? ? F F F 2   1 2 2 1 1 1 1 1 F F F 2 1   1 1 1 2 F 3 F 2 F 
? ? ? ? ? ? ? ? ? ? ? ? ? ? ? ? ? 3 5 F 4 1 2 F F 2 1 F 2 2 4 F 5 3 1   2 F 2 1 1 2 1 3 2 
? ? ? ? ? ? ? ? ? ? ? ? ? ? ? ? ? 2 2 F 3 F 2 3 F 2 2 3 4 F 2 2 F F 1   2 F 2   1 1 1 2 F 
? ? ? ? ? ? ? ? ? ? ? ? ? ? ? ? ? 1 1 1 2 2 2 3 2 2 2 F F 2 1 1 2 2 1   1 2 2 1 1 F 1 2 F 
? ? ? ? ? ? ? ? ? ? ? ? ? ? ? ? ? 3 2 1   2 F 3 F 3 5 F 4 1     1 1 1   1 2 F 1 1 1 1 1 1 
? ? ? ? ? ? ? ? ? ? ? ? ? ? ? ? ? F F 3 1 3 F 4 2 F F F 2       1 F 1   1 F 2 2 1 1   1 1 
? ? ? ? ? ? ? ? ? ? ? ? ? ? ? ? ? ? F F 1 2 F 4 3 4 4 3 1       1 1 1   1 2 2 3 F 3 2 4 F 
? ? ? ? ? ? ? ? ? ? ? ? ? ? ? ? ? ? ? 3 1 1 3 F F 5 F 2 1 2 2 1 1 1 1   1 3 F 5 F 4 F F F 
? ? ? ? ? ? ? ? ? ? ? ? ? ? ? ? ? ? ? 2     3 F F F F 3 1 F F 2 1 F 1   1 F F ? ? ? ? ? ? 
? ? ? ? ? ? ? ? ? ? ? ? ? ? ? ? ? ? ? 3 1   2 F 4 5 F 3 1 4 F 3 1 1 1   1 3 ? ? ? ? ? ? ? 
? ? ? ? ? ? ? ? ? ? ? ? ? ? ? ? ? ? ? F 1   1 1 1 2 F 2   2 F 2           1 ? ? ? ? ? ? ? 
Step: 24
? ? F 2         1 1 3 F 3 1 2 1 1   2 F 2 1 F 3 3 F 2 1 2 F ? ? ? ? ? ? ? ? ? ? ? ? ? ? ? 
? F F 2         1 F 3 F 3 F 2 F 1   2 F 2 1 2 F F 3 F 1 2 F ? ? ? ? ? ? ? ? ? ? ? ? ? ? ? 
F F 3 1         1 1 2 1 2 1 2 2 2 2 3 3 3 1 2 2 3 3 2 1 1 2 ? ? ? ? ? ? ? ? ? ? ? ? ? ? ? 
2 2 1             1 1 1       1 F 3 F F 3 F 1   1 F 2 1 1 1 ? ? ? ? ? ? ? ? ? ? ? ? F F F 
1 1 1 1 1 1     1 3 F 2       1 3 F 5 F 3 2 2 2 2 2 3 F 2 2 ? ? ? ? ? ? ? 4 3 3 3 4 F 4 2 
1 F 2 2 F 1 1 1 2 F F 2   1 1 1 3 F 4 1 1 1 F 3 F 1 2 F 4 3 ? ? ? 3 3 F F F 2 F 2 F 2 1   
1 3 F 3 1 1 2 F 3 2 2 1 1 2 F 1 2 F 2   1 2 3 F 2 1 1 2 F F 3 2 F F 2 2 3 2 3 2 3 1 1     
1 4 F 3     3 F 4 2 2 1 1 F 2 1 1 2 2 1 1 F 3 2 1     1 3 F 2 1 3 3 2       1 F 1   1 1 1 
1 F F 2     2 F 4 F F 1 2 2 3 1 2 2 F 1 1 2 F 2 1 1     1 1 2 1 2 F 1       1 1 1 1 2 F 1 
1 2 2 1   1 2 3 ? ? 3 1 1 F 2 F 2 F 3 2   1 1 3 F 2 1 1 1   1 F 2 1 1         1 2 4 F 3 1 
          1 F 3 ? ? 3 1 2 2 3 2 3 3 F 1     1 3 F 2 2 F 2   1 2 2 1     1 1 1 1 F F F 4 2 
        1 2 3 ? ? F ? ? 2 ? ? 2 ? ? 2 1     2 F 4 2 3 F 2 1 1 2 F 3 2 1 2 F 2 2 4 F 4 F F 
2 2 1   1 F 3 ? ? ? ? ? ? ? ? ? ? F 2   1 1 3 F 3 F 3 3 2 2 F 2 2 F F 2 2 F 2 1 F 2 2 2 2 
F F 2 1 2 3 ? ? ? ? ? ? ? ? ? ? ? F 2   1 F 2 1 2 2 F 2 F 2 1 1 2 4 F 2 1 1 1 2 2 2       
? ? ? ? ? ? ? ? ? ? ? ? ? ? ? ? ? 4 4 2 2 1 1     1 1 2 1 2 2 3 3 F 2 1       2 F 3 1 2 1 
? ? ? ? ? ? ? ? ? ? ? ? ? ? ? ? ? F F F 2   1 2 2 1 1 1 1 1 F F F 2 1   1 1 1 2 F 3 F 2 F 
? ? ? ? ? ? ? ? ? ? ? ? ? ? ? ? ? 3 5 F 4 1 2 F F 2 1 F 2 2 4 F 5 3 1   2 F 2 1 1 2 1 3 2 
? ? ? ? ? ? ? ? ? ? ? ? ? ? ? ? ? 2 2 F 3 F 2 3 F 2 2 3 4 F 2 2 F F 1   2 F 2   1 1 1 2 F 
? ? ? ? ? ? ? ? ? ? ? ? ? ? ? ? ? 1 1 1 2 2 2 3 2 2 2 F F 2 1 1 2 2 1   1 2 2 1 1 F 1 2 F 
? ? ? ? ? ? ? ? ? ? ? ? ? ? ? ? ? 3 2 1   2 F 3 F 3 5 F 4 1     1 1 1   1 2 F 1 1 1 1 1 1 
? ? ? ? ? ? ? ? ? ? ? ? ? ? ? ? ? F F 3 1 3 F 4 2 F F F 2       1 F 1   1 F 2 2 1 1   1 1 
? ? ? ? ? ? ? ? ? ? ? ? ? ? ? ? ? ? F F 1 2 F 4 3 4 4 3 1       1 1 1   1 2 2 3 F 3 2 4 F 
? ? ? ? ? ? ? ? ? ? ? ? ? ? ? ? ? ? ? 3 1 1 3 F F 5 F 2 1 2 2 1 1 1 1   1 3 F 5 F 4 F F F 
? ? ? ? ? ? ? ? ? ? ? ? ? ? ? ? ? ? ? 2     3 F F F F 3 1 F F 2 1 F 1   1 F F ? ? ? ? ? ? 
? ? ? ? ? ? ? ? ? ? ? ? ? ? ? ? ? ? ? 3 1   2 F 4 5 F 3 1 4 F 3 1 1 1   1 3 ? ? ? ? ? ? ? 
? ? ? ? ? ? ? ? ? ? ? ? ? ? ? ? ? ? ? F 1   1 1 1 2 F 2   2 F 2           1 ? ? ? ? ? ? ? 
Step: 25
? ? F 2         1 1 3 F 3 1 2 1 1   2 F 2 1 F 3 3 F 2 1 2 F ? ? ? ? ? ? ? ? ? ? ? ? ? ? ? 
? F F 2         1 F 3 F 3 F 2 F 1   2 F 2 1 2 F F 3 F 1 2 F ? ? ? ? ? ? ? ? ? ? ? ? ? ? ? 
F F 3 1         1 1 2 1 2 1 2 2 2 2 3 3 3 1 2 2 3 3 2 1 1 2 ? ? ? ? ? ? ? ? ? ? ? ? ? ? ? 
2 2 1             1 1 1       1 F 3 F F 3 F 1   1 F 2 1 1 1 ? ? ? ? ? ? ? ? ? ? ? ? F F F 
1 1 1 1 1 1     1 3 F 2       1 3 F 5 F 3 2 2 2 2 2 3 F 2 2 ? ? ? ? ? ? ? 4 3 3 3 4 F 4 2 
1 F 2 2 F 1 1 1 2 F F 2   1 1 1 3 F 4 1 1 1 F 3 F 1 2 F 4 3 ? ? ? 3 3 F F F 2 F 2 F 2 1   
1 3 F 3 1 1 2 F 3 2 2 1 1 2 F 1 2 F 2   1 2 3 F 2 1 1 2 F F 3 2 F F 2 2 3 2 3 2 3 1 1     
1 4 F 3     3 F 4 2 2 1 1 F 2 1 1 2 2 1 1 F 3 2 1     1 3 F 2 1 3 3 2       1 F 1   1 1 1 
1 F F 2     2 F 4 F F 1 2 2 3 1 2 2 F 1 1 2 F 2 1 1     1 1 2 1 2 F 1       1 1 1 1 2 F 1 
1 2 2 1   1 2 3 ? ? 3 1 1 F 2 F 2 F 3 2   1 1 3 F 2 1 1 1   1 F 2 1 1         1 2 4 F 3 1 
          1 F 3 ? ? 3 1 2 2 3 2 3 3 F 1     1 3 F 2 2 F 2   1 2 2 1     1 1 1 1 F F F 4 2 
        1 2 3 ? ? F ? ? 2 ? ? 2 ? 3 2 1     2 F 4 2 3 F 2 1 1 2 F 3 2 1 2 F 2 2 4 F 4 F F 
2 2 1   1 F 3 ? ? ? ? ? ? ? ? ? ? F 2   1 1 3 F 3 F 3 3 2 2 F 2 2 F F 2 2 F 2 1 F 2 2 2 2 
F F 2 1 2 3 ? ? ? ? ? ? ? ? ? ? ? F 2   1 F 2 1 2 2 F 2 F 2 1 1 2 4 F 2 1 1 1 2 2 2       
? ? ? ? ? ? ? ? ? ? ? ? ? ? ? ? ? 4 4 2 2 1 1     1 1 2 1 2 2 3 3 F 2 1       2 F 3 1 2 1 
? ? ? ? ? ? ? ? ? ? ? ? ? ? ? ? ? F F F 2   1 2 2 1 1 1 1 1 F F F 2 1   1 1 1 2 F 3 F 2 F 
? ? ? ? ? ? ? ? ? ? ? ? ? ? ? ? ? 3 5 F 4 1 2 F F 2 1 F 2 2 4 F 5 3 1   2 F 2 1 1 2 1 3 2 
? ? ? ? ? ? ? ? ? ? ? ? ? ? ? ? ? 2 2 F 3 F 2 3 F 2 2 3 4 F 2 2 F F 1   2 F 2   1 1 1 2 F 
? ? ? ? ? ? ? ? ? ? ? ? ? ? ? ? ? 1 1 1 2 2 2 3 2 2 2 F F 2 1 1 2 2 1   1 2 2 1 1 F 1 2 F 
? ? ? ? ? ? ? ? ? ? ? ? ? ? ? ? ? 3 2 1   2 F 3 F 3 5 F 4 1     1 1 1   1 2 F 1 1 1 1 1 1 
? ? ? ? ? ? ? ? ? ? ? ? ? ? ? ? ? F F 3 1 3 F 4 2 F F F 2       1 F 1   1 F 2 2 1 1   1 1 
? ? ? ? ? ? ? ? ? ? ? ? ? ? ? ? ? ? F F 1 2 F 4 3 4 4 3 1       1 1 1   1 2 2 3 F 3 2 4 F 
? ? ? ? ? ? ? ? ? ? ? ? ? ? ? ? ? ? ? 3 1 1 3 F F 5 F 2 1 2 2 1 1 1 1   1 3 F 5 F 4 F F F 
? ? ? ? ? ? ? ? ? ? ? ? ? ? ? ? ? ? ? 2     3 F F F F 3 1 F F 2 1 F 1   1 F F ? ? ? ? ? ? 
? ? ? ? ? ? ? ? ? ? ? ? ? ? ? ? ? ? ? 3 1   2 F 4 5 F 3 1 4 F 3 1 1 1   1 3 ? ? ? ? ? ? ? 
? ? ? ? ? ? ? ? ? ? ? ? ? ? ? ? ? ? ? F 1   1 1 1 2 F 2   2 F 2           1 ? ? ? ? ? ? ? 
Step: 26
? ? F 2         1 1 3 F 3 1 2 1 1   2 F 2 1 F 3 3 F 2 1 2 F ? ? ? ? ? ? ? ? ? ? ? ? ? ? ? 
? F F 2         1 F 3 F 3 F 2 F 1   2 F 2 1 2 F F 3 F 1 2 F ? ? ? ? ? ? ? ? ? ? ? ? ? ? ? 
F F 3 1         1 1 2 1 2 1 2 2 2 2 3 3 3 1 2 2 3 3 2 1 1 2 ? ? ? ? ? ? ? ? ? ? ? ? ? ? ? 
2 2 1             1 1 1       1 F 3 F F 3 F 1   1 F 2 1 1 1 ? ? ? ? ? ? ? ? ? ? ? ? F F F 
1 1 1 1 1 1     1 3 F 2       1 3 F 5 F 3 2 2 2 2 2 3 F 2 2 ? ? ? ? ? ? ? 4 3 3 3 4 F 4 2 
1 F 2 2 F 1 1 1 2 F F 2   1 1 1 3 F 4 1 1 1 F 3 F 1 2 F 4 3 ? ? ? 3 3 F F F 2 F 2 F 2 1   
1 3 F 3 1 1 2 F 3 2 2 1 1 2 F 1 2 F 2   1 2 3 F 2 1 1 2 F F 3 2 F F 2 2 3 2 3 2 3 1 1     
1 4 F 3     3 F 4 2 2 1 1 F 2 1 1 2 2 1 1 F 3 2 1     1 3 F 2 1 3 3 2       1 F 1   1 1 1 
1 F F 2     2 F 4 F F 1 2 2 3 1 2 2 F 1 1 2 F 2 1 1     1 1 2 1 2 F 1       1 1 1 1 2 F 1 
1 2 2 1   1 2 3 ? ? 3 1 1 F 2 F 2 F 3 2   1 1 3 F 2 1 1 1   1 F 2 1 1         1 2 4 F 3 1 
          1 F 3 ? ? 3 1 2 2 3 2 3 3 F 1     1 3 F 2 2 F 2   1 2 2 1     1 1 1 1 F F F 4 2 
        1 2 3 ? ? F ? ? 2 ? ? 2 F 3 2 1     2 F 4 2 3 F 2 1 1 2 F 3 2 1 2 F 2 2 4 F 4 F F 
2 2 1   1 F 3 ? ? ? ? ? ? ? ? ? 4 F 2   1 1 3 F 3 F 3 3 2 2 F 2 2 F F 2 2 F 2 1 F 2 2 2 2 
F F 2 1 2 3 ? ? ? ? ? ? ? ? ? ? ? F 2   1 F 2 1 2 2 F 2 F 2 1 1 2 4 F 2 1 1 1 2 2 2       
? ? ? ? ? ? ? ? ? ? ? ? ? ? ? ? ? 4 4 2 2 1 1     1 1 2 1 2 2 3 3 F 2 1       2 F 3 1 2 1 
? ? ? ? ? ? ? ? ? ? ? ? ? ? ? ? ? F F F 2   1 2 2 1 1 1 1 1 F F F 2 1   1 1 1 2 F 3 F 2 F 
? ? ? ? ? ? ? ? ? ? ? ? ? ? ? ? ? 3 5 F 4 1 2 F F 2 1 F 2 2 4 F 5 3 1   2 F 2 1 1 2 1 3 2 
? ? ? ? ? ? ? ? ? ? ? ? ? ? ? ? ? 2 2 F 3 F 2 3 F 2 2 3 4 F 2 2 F F 1   2 F 2   1 1 1 2 F 
? ? ? ? ? ? ? ? ? ? ? ? ? ? ? ? ? 1 1 1 2 2 2 3 2 2 2 F F 2 1 1 2 2 1   1 2 2 1 1 F 1 2 F 
? ? ? ? ? ? ? ? ? ? ? ? ? ? ? ? ? 3 2 1   2 F 3 F 3 5 F 4 1     1 1 1   1 2 F 1 1 1 1 1 1 
? ? ? ? ? ? ? ? ? ? ? ? ? ? ? ? ? F F 3 1 3 F 4 2 F F F 2       1 F 1   1 F 2 2 1 1   1 1 
? ? ? ? ? ? ? ? ? ? ? ? ? ? ? ? ? ? F F 1 2 F 4 3 4 4 3 1       1 1 1   1 2 2 3 F 3 2 4 F 
? ? ? ? ? ? ? ? ? ? ? ? ? ? ? ? ? ? ? 3 1 1 3 F F 5 F 2 1 2 2 1 1 1 1   1 3 F 5 F 4 F F F 
? ? ? ? ? ? ? ? ? ? ? ? ? ? ? ? ? ? ? 2     3 F F F F 3 1 F F 2 1 F 1   1 F F ? ? ? ? ? ? 
? ? ? ? ? ? ? ? ? ? ? ? ? ? ? ? ? ? ? 3 1   2 F 4 5 F 3 1 4 F 3 1 1 1   1 3 ? ? ? ? ? ? ? 
? ? ? ? ? ? ? ? ? ? ? ? ? ? ? ? ? ? ? F 1   1 1 1 2 F 2   2 F 2           1 ? ? ? ? ? ? ? 
Step: 27
? ? F 2         1 1 3 F 3 1 2 1 1   2 F 2 1 F 3 3 F 2 1 2 F ? ? ? ? ? ? ? ? ? ? ? ? ? ? ? 
? F F 2         1 F 3 F 3 F 2 F 1   2 F 2 1 2 F F 3 F 1 2 F ? ? ? ? ? ? ? ? ? ? ? ? ? ? ? 
F F 3 1         1 1 2 1 2 1 2 2 2 2 3 3 3 1 2 2 3 3 2 1 1 2 ? ? ? ? ? ? ? ? ? ? ? ? ? ? ? 
2 2 1             1 1 1       1 F 3 F F 3 F 1   1 F 2 1 1 1 ? ? ? ? ? ? ? ? ? ? ? ? F F F 
1 1 1 1 1 1     1 3 F 2       1 3 F 5 F 3 2 2 2 2 2 3 F 2 2 ? ? ? ? ? ? ? 4 3 3 3 4 F 4 2 
1 F 2 2 F 1 1 1 2 F F 2   1 1 1 3 F 4 1 1 1 F 3 F 1 2 F 4 3 ? ? ? 3 3 F F F 2 F 2 F 2 1   
1 3 F 3 1 1 2 F 3 2 2 1 1 2 F 1 2 F 2   1 2 3 F 2 1 1 2 F F 3 2 F F 2 2 3 2 3 2 3 1 1     
1 4 F 3     3 F 4 2 2 1 1 F 2 1 1 2 2 1 1 F 3 2 1     1 3 F 2 1 3 3 2       1 F 1   1 1 1 
1 F F 2     2 F 4 F F 1 2 2 3 1 2 2 F 1 1 2 F 2 1 1     1 1 2 1 2 F 1       1 1 1 1 2 F 1 
1 2 2 1   1 2 3 ? ? 3 1 1 F 2 F 2 F 3 2   1 1 3 F 2 1 1 1   1 F 2 1 1         1 2 4 F 3 1 
          1 F 3 ? ? 3 1 2 2 3 2 3 3 F 1     1 3 F 2 2 F 2   1 2 2 1     1 1 1 1 F F F 4 2 
        1 2 3 ? ? F ? ? 2 ? 2 2 F 3 2 1     2 F 4 2 3 F 2 1 1 2 F 3 2 1 2 F 2 2 4 F 4 F F 
2 2 1   1 F 3 ? ? ? ? ? ? ? ? ? 4 F 2   1 1 3 F 3 F 3 3 2 2 F 2 2 F F 2 2 F 2 1 F 2 2 2 2 
F F 2 1 2 3 ? ? ? ? ? ? ? ? ? ? ? F 2   1 F 2 1 2 2 F 2 F 2 1 1 2 4 F 2 1 1 1 2 2 2       
? ? ? ? ? ? ? ? ? ? ? ? ? ? ? ? ? 4 4 2 2 1 1     1 1 2 1 2 2 3 3 F 2 1       2 F 3 1 2 1 
? ? ? ? ? ? ? ? ? ? ? ? ? ? ? ? ? F F F 2   1 2 2 1 1 1 1 1 F F F 2 1   1 1 1 2 F 3 F 2 F 
? ? ? ? ? ? ? ? ? ? ? ? ? ? ? ? ? 3 5 F 4 1 2 F F 2 1 F 2 2 4 F 5 3 1   2 F 2 1 1 2 1 3 2 
? ? ? ? ? ? ? ? ? ? ? ? ? ? ? ? ? 2 2 F 3 F 2 3 F 2 2 3 4 F 2 2 F F 1   2 F 2   1 1 1 2 F 
? ? ? ? ? ? ? ? ? ? ? ? ? ? ? ? ? 1 1 1 2 2 2 3 2 2 2 F F 2 1 1 2 2 1   1 2 2 1 1 F 1 2 F 
? ? ? ? ? ? ? ? ? ? ? ? ? ? ? ? ? 3 2 1   2 F 3 F 3 5 F 4 1     1 1 1   1 2 F 1 1 1 1 1 1 
? ? ? ? ? ? ? ? ? ? ? ? ? ? ? ? ? F F 3 1 3 F 4 2 F F F 2       1 F 1   1 F 2 2 1 1   1 1 
? ? ? ? ? ? ? ? ? ? ? ? ? ? ? ? ? ? F F 1 2 F 4 3 4 4 3 1       1 1 1   1 2 2 3 F 3 2 4 F 
? ? ? ? ? ? ? ? ? ? ? ? ? ? ? ? ? ? ? 3 1 1 3 F F 5 F 2 1 2 2 1 1 1 1   1 3 F 5 F 4 F F F 
? ? ? ? ? ? ? ? ? ? ? ? ? ? ? ? ? ? ? 2     3 F F F F 3 1 F F 2 1 F 1   1 F F ? ? ? ? ? ? 
? ? ? ? ? ? ? ? ? ? ? ? ? ? ? ? ? ? ? 3 1   2 F 4 5 F 3 1 4 F 3 1 1 1   1 3 ? ? ? ? ? ? ? 
? ? ? ? ? ? ? ? ? ? ? ? ? ? ? ? ? ? ? F 1   1 1 1 2 F 2   2 F 2           1 ? ? ? ? ? ? ? 
Step: 28
? ? F 2         1 1 3 F 3 1 2 1 1   2 F 2 1 F 3 3 F 2 1 2 F ? ? ? ? ? ? ? ? ? ? ? ? ? ? ? 
? F F 2         1 F 3 F 3 F 2 F 1   2 F 2 1 2 F F 3 F 1 2 F ? ? ? ? ? ? ? ? ? ? ? ? ? ? ? 
F F 3 1         1 1 2 1 2 1 2 2 2 2 3 3 3 1 2 2 3 3 2 1 1 2 ? ? ? ? ? ? ? ? ? ? ? ? ? ? ? 
2 2 1             1 1 1       1 F 3 F F 3 F 1   1 F 2 1 1 1 ? ? ? ? ? ? ? ? ? ? ? ? F F F 
1 1 1 1 1 1     1 3 F 2       1 3 F 5 F 3 2 2 2 2 2 3 F 2 2 ? ? ? ? ? ? ? 4 3 3 3 4 F 4 2 
1 F 2 2 F 1 1 1 2 F F 2   1 1 1 3 F 4 1 1 1 F 3 F 1 2 F 4 3 ? ? ? 3 3 F F F 2 F 2 F 2 1   
1 3 F 3 1 1 2 F 3 2 2 1 1 2 F 1 2 F 2   1 2 3 F 2 1 1 2 F F 3 2 F F 2 2 3 2 3 2 3 1 1     
1 4 F 3     3 F 4 2 2 1 1 F 2 1 1 2 2 1 1 F 3 2 1     1 3 F 2 1 3 3 2       1 F 1   1 1 1 
1 F F 2     2 F 4 F F 1 2 2 3 1 2 2 F 1 1 2 F 2 1 1     1 1 2 1 2 F 1       1 1 1 1 2 F 1 
1 2 2 1   1 2 3 ? ? 3 1 1 F 2 F 2 F 3 2   1 1 3 F 2 1 1 1   1 F 2 1 1         1 2 4 F 3 1 
          1 F 3 ? ? 3 1 2 2 3 2 3 3 F 1     1 3 F 2 2 F 2   1 2 2 1     1 1 1 1 F F F 4 2 
        1 2 3 ? ? F ? ? 2 F 2 2 F 3 2 1     2 F 4 2 3 F 2 1 1 2 F 3 2 1 2 F 2 2 4 F 4 F F 
2 2 1   1 F 3 ? ? ? ? ? ? ? ? ? 4 F 2   1 1 3 F 3 F 3 3 2 2 F 2 2 F F 2 2 F 2 1 F 2 2 2 2 
F F 2 1 2 3 ? ? ? ? ? ? ? ? ? ? ? F 2   1 F 2 1 2 2 F 2 F 2 1 1 2 4 F 2 1 1 1 2 2 2       
? ? ? ? ? ? ? ? ? ? ? ? ? ? ? ? ? 4 4 2 2 1 1     1 1 2 1 2 2 3 3 F 2 1       2 F 3 1 2 1 
? ? ? ? ? ? ? ? ? ? ? ? ? ? ? ? ? F F F 2   1 2 2 1 1 1 1 1 F F F 2 1   1 1 1 2 F 3 F 2 F 
? ? ? ? ? ? ? ? ? ? ? ? ? ? ? ? ? 3 5 F 4 1 2 F F 2 1 F 2 2 4 F 5 3 1   2 F 2 1 1 2 1 3 2 
? ? ? ? ? ? ? ? ? ? ? ? ? ? ? ? ? 2 2 F 3 F 2 3 F 2 2 3 4 F 2 2 F F 1   2 F 2   1 1 1 2 F 
? ? ? ? ? ? ? ? ? ? ? ? ? ? ? ? ? 1 1 1 2 2 2 3 2 2 2 F F 2 1 1 2 2 1   1 2 2 1 1 F 1 2 F 
? ? ? ? ? ? ? ? ? ? ? ? ? ? ? ? ? 3 2 1   2 F 3 F 3 5 F 4 1     1 1 1   1 2 F 1 1 1 1 1 1 
? ? ? ? ? ? ? ? ? ? ? ? ? ? ? ? ? F F 3 1 3 F 4 2 F F F 2       1 F 1   1 F 2 2 1 1   1 1 
? ? ? ? ? ? ? ? ? ? ? ? ? ? ? ? ? ? F F 1 2 F 4 3 4 4 3 1       1 1 1   1 2 2 3 F 3 2 4 F 
? ? ? ? ? ? ? ? ? ? ? ? ? ? ? ? ? ? ? 3 1 1 3 F F 5 F 2 1 2 2 1 1 1 1   1 3 F 5 F 4 F F F 
? ? ? ? ? ? ? ? ? ? ? ? ? ? ? ? ? ? ? 2     3 F F F F 3 1 F F 2 1 F 1   1 F F ? ? ? ? ? ? 
? ? ? ? ? ? ? ? ? ? ? ? ? ? ? ? ? ? ? 3 1   2 F 4 5 F 3 1 4 F 3 1 1 1   1 3 ? ? ? ? ? ? ? 
? ? ? ? ? ? ? ? ? ? ? ? ? ? ? ? ? ? ? F 1   1 1 1 2 F 2   2 F 2           1 ? ? ? ? ? ? ? 
Step: 29
? ? F 2         1 1 3 F 3 1 2 1 1   2 F 2 1 F 3 3 F 2 1 2 F ? ? ? ? ? ? ? ? ? ? ? ? ? ? ? 
? F F 2         1 F 3 F 3 F 2 F 1   2 F 2 1 2 F F 3 F 1 2 F ? ? ? ? ? ? ? ? ? ? ? ? ? ? ? 
F F 3 1         1 1 2 1 2 1 2 2 2 2 3 3 3 1 2 2 3 3 2 1 1 2 ? ? ? ? ? ? ? ? ? ? ? ? ? ? ? 
2 2 1             1 1 1       1 F 3 F F 3 F 1   1 F 2 1 1 1 ? ? ? ? ? ? ? ? ? ? ? ? F F F 
1 1 1 1 1 1     1 3 F 2       1 3 F 5 F 3 2 2 2 2 2 3 F 2 2 ? ? ? ? ? ? ? 4 3 3 3 4 F 4 2 
1 F 2 2 F 1 1 1 2 F F 2   1 1 1 3 F 4 1 1 1 F 3 F 1 2 F 4 3 ? ? ? 3 3 F F F 2 F 2 F 2 1   
1 3 F 3 1 1 2 F 3 2 2 1 1 2 F 1 2 F 2   1 2 3 F 2 1 1 2 F F 3 2 F F 2 2 3 2 3 2 3 1 1     
1 4 F 3     3 F 4 2 2 1 1 F 2 1 1 2 2 1 1 F 3 2 1     1 3 F 2 1 3 3 2       1 F 1   1 1 1 
1 F F 2     2 F 4 F F 1 2 2 3 1 2 2 F 1 1 2 F 2 1 1     1 1 2 1 2 F 1       1 1 1 1 2 F 1 
1 2 2 1   1 2 3 ? ? 3 1 1 F 2 F 2 F 3 2   1 1 3 F 2 1 1 1   1 F 2 1 1         1 2 4 F 3 1 
          1 F 3 ? ? 3 1 2 2 3 2 3 3 F 1     1 3 F 2 2 F 2   1 2 2 1     1 1 1 1 F F F 4 2 
        1 2 3 ? ? F ? 3 2 F 2 2 F 3 2 1     2 F 4 2 3 F 2 1 1 2 F 3 2 1 2 F 2 2 4 F 4 F F 
2 2 1   1 F 3 ? ? ? ? ? ? ? ? ? 4 F 2   1 1 3 F 3 F 3 3 2 2 F 2 2 F F 2 2 F 2 1 F 2 2 2 2 
F F 2 1 2 3 ? ? ? ? ? ? ? ? ? ? ? F 2   1 F 2 1 2 2 F 2 F 2 1 1 2 4 F 2 1 1 1 2 2 2       
? ? ? ? ? ? ? ? ? ? ? ? ? ? ? ? ? 4 4 2 2 1 1     1 1 2 1 2 2 3 3 F 2 1       2 F 3 1 2 1 
? ? ? ? ? ? ? ? ? ? ? ? ? ? ? ? ? F F F 2   1 2 2 1 1 1 1 1 F F F 2 1   1 1 1 2 F 3 F 2 F 
? ? ? ? ? ? ? ? ? ? ? ? ? ? ? ? ? 3 5 F 4 1 2 F F 2 1 F 2 2 4 F 5 3 1   2 F 2 1 1 2 1 3 2 
? ? ? ? ? ? ? ? ? ? ? ? ? ? ? ? ? 2 2 F 3 F 2 3 F 2 2 3 4 F 2 2 F F 1   2 F 2   1 1 1 2 F 
? ? ? ? ? ? ? ? ? ? ? ? ? ? ? ? ? 1 1 1 2 2 2 3 2 2 2 F F 2 1 1 2 2 1   1 2 2 1 1 F 1 2 F 
? ? ? ? ? ? ? ? ? ? ? ? ? ? ? ? ? 3 2 1   2 F 3 F 3 5 F 4 1     1 1 1   1 2 F 1 1 1 1 1 1 
? ? ? ? ? ? ? ? ? ? ? ? ? ? ? ? ? F F 3 1 3 F 4 2 F F F 2       1 F 1   1 F 2 2 1 1   1 1 
? ? ? ? ? ? ? ? ? ? ? ? ? ? ? ? ? ? F F 1 2 F 4 3 4 4 3 1       1 1 1   1 2 2 3 F 3 2 4 F 
? ? ? ? ? ? ? ? ? ? ? ? ? ? ? ? ? ? ? 3 1 1 3 F F 5 F 2 1 2 2 1 1 1 1   1 3 F 5 F 4 F F F 
? ? ? ? ? ? ? ? ? ? ? ? ? ? ? ? ? ? ? 2     3 F F F F 3 1 F F 2 1 F 1   1 F F ? ? ? ? ? ? 
? ? ? ? ? ? ? ? ? ? ? ? ? ? ? ? ? ? ? 3 1   2 F 4 5 F 3 1 4 F 3 1 1 1   1 3 ? ? ? ? ? ? ? 
? ? ? ? ? ? ? ? ? ? ? ? ? ? ? ? ? ? ? F 1   1 1 1 2 F 2   2 F 2           1 ? ? ? ? ? ? ? 
Step: 30
? ? F 2         1 1 3 F 3 1 2 1 1   2 F 2 1 F 3 3 F 2 1 2 F ? ? ? ? ? ? ? ? ? ? ? ? ? ? ? 
? F F 2         1 F 3 F 3 F 2 F 1   2 F 2 1 2 F F 3 F 1 2 F ? ? ? ? ? ? ? ? ? ? ? ? ? ? ? 
F F 3 1         1 1 2 1 2 1 2 2 2 2 3 3 3 1 2 2 3 3 2 1 1 2 ? ? ? ? ? ? ? ? ? ? ? ? ? ? ? 
2 2 1             1 1 1       1 F 3 F F 3 F 1   1 F 2 1 1 1 ? ? ? ? ? ? ? ? ? ? ? ? F F F 
1 1 1 1 1 1     1 3 F 2       1 3 F 5 F 3 2 2 2 2 2 3 F 2 2 ? ? ? ? ? ? ? 4 3 3 3 4 F 4 2 
1 F 2 2 F 1 1 1 2 F F 2   1 1 1 3 F 4 1 1 1 F 3 F 1 2 F 4 3 ? ? ? 3 3 F F F 2 F 2 F 2 1   
1 3 F 3 1 1 2 F 3 2 2 1 1 2 F 1 2 F 2   1 2 3 F 2 1 1 2 F F 3 2 F F 2 2 3 2 3 2 3 1 1     
1 4 F 3     3 F 4 2 2 1 1 F 2 1 1 2 2 1 1 F 3 2 1     1 3 F 2 1 3 3 2       1 F 1   1 1 1 
1 F F 2     2 F 4 F F 1 2 2 3 1 2 2 F 1 1 2 F 2 1 1     1 1 2 1 2 F 1       1 1 1 1 2 F 1 
1 2 2 1   1 2 3 ? ? 3 1 1 F 2 F 2 F 3 2   1 1 3 F 2 1 1 1   1 F 2 1 1         1 2 4 F 3 1 
          1 F 3 ? ? 3 1 2 2 3 2 3 3 F 1     1 3 F 2 2 F 2   1 2 2 1     1 1 1 1 F F F 4 2 
        1 2 3 ? ? F F 3 2 F 2 2 F 3 2 1     2 F 4 2 3 F 2 1 1 2 F 3 2 1 2 F 2 2 4 F 4 F F 
2 2 1   1 F 3 ? ? ? ? ? ? ? ? ? 4 F 2   1 1 3 F 3 F 3 3 2 2 F 2 2 F F 2 2 F 2 1 F 2 2 2 2 
F F 2 1 2 3 ? ? ? ? ? ? ? ? ? ? ? F 2   1 F 2 1 2 2 F 2 F 2 1 1 2 4 F 2 1 1 1 2 2 2       
? ? ? ? ? ? ? ? ? ? ? ? ? ? ? ? ? 4 4 2 2 1 1     1 1 2 1 2 2 3 3 F 2 1       2 F 3 1 2 1 
? ? ? ? ? ? ? ? ? ? ? ? ? ? ? ? ? F F F 2   1 2 2 1 1 1 1 1 F F F 2 1   1 1 1 2 F 3 F 2 F 
? ? ? ? ? ? ? ? ? ? ? ? ? ? ? ? ? 3 5 F 4 1 2 F F 2 1 F 2 2 4 F 5 3 1   2 F 2 1 1 2 1 3 2 
? ? ? ? ? ? ? ? ? ? ? ? ? ? ? ? ? 2 2 F 3 F 2 3 F 2 2 3 4 F 2 2 F F 1   2 F 2   1 1 1 2 F 
? ? ? ? ? ? ? ? ? ? ? ? ? ? ? ? ? 1 1 1 2 2 2 3 2 2 2 F F 2 1 1 2 2 1   1 2 2 1 1 F 1 2 F 
? ? ? ? ? ? ? ? ? ? ? ? ? ? ? ? ? 3 2 1   2 F 3 F 3 5 F 4 1     1 1 1   1 2 F 1 1 1 1 1 1 
? ? ? ? ? ? ? ? ? ? ? ? ? ? ? ? ? F F 3 1 3 F 4 2 F F F 2       1 F 1   1 F 2 2 1 1   1 1 
? ? ? ? ? ? ? ? ? ? ? ? ? ? ? ? ? ? F F 1 2 F 4 3 4 4 3 1       1 1 1   1 2 2 3 F 3 2 4 F 
? ? ? ? ? ? ? ? ? ? ? ? ? ? ? ? ? ? ? 3 1 1 3 F F 5 F 2 1 2 2 1 1 1 1   1 3 F 5 F 4 F F F 
? ? ? ? ? ? ? ? ? ? ? ? ? ? ? ? ? ? ? 2     3 F F F F 3 1 F F 2 1 F 1   1 F F ? ? ? ? ? ? 
? ? ? ? ? ? ? ? ? ? ? ? ? ? ? ? ? ? ? 3 1   2 F 4 5 F 3 1 4 F 3 1 1 1   1 3 ? ? ? ? ? ? ? 
? ? ? ? ? ? ? ? ? ? ? ? ? ? ? ? ? ? ? F 1   1 1 1 2 F 2   2 F 2           1 ? ? ? ? ? ? ? 
Step: 31
? ? F 2         1 1 3 F 3 1 2 1 1   2 F 2 1 F 3 3 F 2 1 2 F ? ? ? 1         1 ? ? ? ? ? ? 
? F F 2         1 F 3 F 3 F 2 F 1   2 F 2 1 2 F F 3 F 1 2 F 3 2 2 1 1 1 1   1 2 3 4 ? ? ? 
F F 3 1         1 1 2 1 2 1 2 2 2 2 3 3 3 1 2 2 3 3 2 1 1 2 2 1     1 ? 2 2 1 2 1 4 ? ? ? 
2 2 1             1 1 1       1 F 3 F F 3 F 1   1 F 2 1 1 1 F 2 2 1 2 ? ? 2 F 2 F 4 F F F 
1 1 1 1 1 1     1 3 F 2       1 3 F 5 F 3 2 2 2 2 2 3 F 2 2 ? ? ? ? ? ? ? 4 3 3 3 4 F 4 2 
1 F 2 2 F 1 1 1 2 F F 2   1 1 1 3 F 4 1 1 1 F 3 F 1 2 F 4 3 F ? 4 3 3 F F F 2 F 2 F 2 1   
1 3 F 3 1 1 2 F 3 2 2 1 1 2 F 1 2 F 2   1 2 3 F 2 1 1 2 F F 3 2 F F 2 2 3 2 3 2 3 1 1     
1 4 F 3     3 F 4 2 2 1 1 F 2 1 1 2 2 1 1 F 3 2 1     1 3 F 2 1 3 3 2       1 F 1   1 1 1 
1 F F 2     2 F 4 F F 1 2 2 3 1 2 2 F 1 1 2 F 2 1 1     1 1 2 1 2 F 1       1 1 1 1 2 F 1 
1 2 2 1   1 2 3 ? ? 3 1 1 F 2 F 2 F 3 2   1 1 3 F 2 1 1 1   1 F 2 1 1         1 2 4 F 3 1 
          1 F 3 ? ? 3 1 2 2 3 2 3 3 F 1     1 3 F 2 2 F 2   1 2 2 1     1 1 1 1 F F F 4 2 
        1 2 3 ? ? F F 3 2 F 2 2 F 3 2 1     2 F 4 2 3 F 2 1 1 2 F 3 2 1 2 F 2 2 4 F 4 F F 
2 2 1   1 F 3 ? ? ? F ? ? 3 ? ? 4 F 2   1 1 3 F 3 F 3 3 2 2 F 2 2 F F 2 2 F 2 1 F 2 2 2 2 
F F 2 1 2 3 ? ? ? ? ? ? ? ? ? ? ? F 2   1 F 2 1 2 2 F 2 F 2 1 1 2 4 F 2 1 1 1 2 2 2       
? ? ? ? ? ? ? ? ? ? ? ? ? ? ? ? ? 4 4 2 2 1 1     1 1 2 1 2 2 3 3 F 2 1       2 F 3 1 2 1 
? ? ? ? ? ? ? ? ? ? ? ? ? ? ? ? ? F F F 2   1 2 2 1 1 1 1 1 F F F 2 1   1 1 1 2 F 3 F 2 F 
? ? ? ? ? ? ? ? ? ? ? ? ? ? ? ? F 3 5 F 4 1 2 F F 2 1 F 2 2 4 F 5 3 1   2 F 2 1 1 2 1 3 2 
? ? ? ? ? ? ? ? ? ? ? ? ? ? ? ? ? 2 2 F 3 F 2 3 F 2 2 3 4 F 2 2 F F 1   2 F 2   1 1 1 2 F 
? ? ? ? ? ? ? ? ? ? ? ? ? ? ? ? F 1 1 1 2 2 2 3 2 2 2 F F 2 1 1 2 2 1   1 2 2 1 1 F 1 2 F 
? ? ? ? ? ? ? ? ? ? ? ? ? ? ? ? ? 3 2 1   2 F 3 F 3 5 F 4 1     1 1 1   1 2 F 1 1 1 1 1 1 
? ? ? ? ? ? ? ? ? ? ? ? ? ? ? ? ? F F 3 1 3 F 4 2 F F F 2       1 F 1   1 F 2 2 1 1   1 1 
? ? ? ? ? ? ? ? ? ? ? ? ? ? ? ? ? ? F F 1 2 F 4 3 4 4 3 1       1 1 1   1 2 2 3 F 3 2 4 F 
? ? ? ? ? ? ? ? ? ? ? ? ? ? ? ? ? ? ? 3 1 1 3 F F 5 F 2 1 2 2 1 1 1 1   1 3 F 5 F 4 F F F 
? ? ? ? ? ? ? ? ? ? ? ? ? ? ? ? ? ? ? 2     3 F F F F 3 1 F F 2 1 F 1   1 F F ? ? ? ? ? ? 
? ? ? ? ? ? ? ? ? ? ? ? ? ? ? ? ? ? F 3 1   2 F 4 5 F 3 1 4 F 3 1 1 1   1 3 ? ? ? ? ? ? ? 
? ? ? ? ? ? ? ? ? ? ? ? ? ? ? ? ? ? ? F 1   1 1 1 2 F 2   2 F 2           1 ? ? ? ? ? ? ? 
Step: 32
? ? F 2         1 1 3 F 3 1 2 1 1   2 F 2 1 F 3 3 F 2 1 2 F ? F F 1         1 F F F ? ? ? 
? F F 2         1 F 3 F 3 F 2 F 1   2 F 2 1 2 F F 3 F 1 2 F 3 2 2 1 1 1 1   1 2 3 4 F ? ? 
F F 3 1         1 1 2 1 2 1 2 2 2 2 3 3 3 1 2 2 3 3 2 1 1 2 2 1     1 F 2 2 1 2 1 4 F ? ? 
2 2 1             1 1 1       1 F 3 F F 3 F 1   1 F 2 1 1 1 F 2 2 1 2 2 F 2 F 2 F 4 F F F 
1 1 1 1 1 1     1 3 F 2       1 3 F 5 F 3 2 2 2 2 2 3 F 2 2 3 ? 2 F 2 3 4 4 3 3 3 4 F 4 2 
1 F 2 2 F 1 1 1 2 F F 2   1 1 1 3 F 4 1 1 1 F 3 F 1 2 F 4 3 F 3 4 3 3 F F F 2 F 2 F 2 1   
1 3 F 3 1 1 2 F 3 2 2 1 1 2 F 1 2 F 2   1 2 3 F 2 1 1 2 F F 3 2 F F 2 2 3 2 3 2 3 1 1     
1 4 F 3     3 F 4 2 2 1 1 F 2 1 1 2 2 1 1 F 3 2 1     1 3 F 2 1 3 3 2       1 F 1   1 1 1 
1 F F 2     2 F 4 F F 1 2 2 3 1 2 2 F 1 1 2 F 2 1 1     1 1 2 1 2 F 1       1 1 1 1 2 F 1 
1 2 2 1   1 2 3 ? ? 3 1 1 F 2 F 2 F 3 2   1 1 3 F 2 1 1 1   1 F 2 1 1         1 2 4 F 3 1 
          1 F 3 ? ? 3 1 2 2 3 2 3 3 F 1     1 3 F 2 2 F 2   1 2 2 1     1 1 1 1 F F F 4 2 
        1 2 3 ? ? F F 3 2 F 2 2 F 3 2 1     2 F 4 2 3 F 2 1 1 2 F 3 2 1 2 F 2 2 4 F 4 F F 
2 2 1   1 F 3 ? ? ? F ? ? 3 ? ? 4 F 2   1 1 3 F 3 F 3 3 2 2 F 2 2 F F 2 2 F 2 1 F 2 2 2 2 
F F 2 1 2 3 ? ? ? ? ? ? ? ? ? ? ? F 2   1 F 2 1 2 2 F 2 F 2 1 1 2 4 F 2 1 1 1 2 2 2       
? ? ? ? ? ? ? ? ? ? ? ? ? ? ? ? ? 4 4 2 2 1 1     1 1 2 1 2 2 3 3 F 2 1       2 F 3 1 2 1 
? ? ? ? ? ? ? ? ? ? ? ? ? ? ? ? 3 F F F 2   1 2 2 1 1 1 1 1 F F F 2 1   1 1 1 2 F 3 F 2 F 
? ? ? ? ? ? ? ? ? ? ? ? ? F 2 2 F 3 5 F 4 1 2 F F 2 1 F 2 2 4 F 5 3 1   2 F 2 1 1 2 1 3 2 
? ? ? ? ? ? ? ? ? ? ? ? ? 2 1 2 2 2 2 F 3 F 2 3 F 2 2 3 4 F 2 2 F F 1   2 F 2   1 1 1 2 F 
? ? ? ? ? ? ? ? ? ? ? ? ? 1   1 F 1 1 1 2 2 2 3 2 2 2 F F 2 1 1 2 2 1   1 2 2 1 1 F 1 2 F 
? ? ? ? ? ? ? ? ? ? ? ? ? 1   1 2 3 2 1   2 F 3 F 3 5 F 4 1     1 1 1   1 2 F 1 1 1 1 1 1 
? ? ? ? ? ? ? ? ? ? ? ? ? 1 1 1 2 F F 3 1 3 F 4 2 F F F 2       1 F 1   1 F 2 2 1 1   1 1 
? ? ? ? ? ? ? ? ? ? ? ? ? ? ? ? ? ? F F 1 2 F 4 3 4 4 3 1       1 1 1   1 2 2 3 F 3 2 4 F 
? ? ? ? ? ? ? ? ? ? ? ? ? ? ? ? ? ? ? 3 1 1 3 F F 5 F 2 1 2 2 1 1 1 1   1 3 F 5 F 4 F F F 
? ? ? ? ? ? ? ? ? ? ? ? ? ? ? ? ? ? ? 2     3 F F F F 3 1 F F 2 1 F 1   1 F F ? ? ? ? ? ? 
? ? ? ? ? ? ? ? ? ? ? ? ? ? ? ? ? ? F 3 1   2 F 4 5 F 3 1 4 F 3 1 1 1   1 3 ? ? ? ? ? ? ? 
? ? ? ? ? ? ? ? ? ? ? ? ? ? ? ? ? ? ? F 1   1 1 1 2 F 2   2 F 2           1 ? ? ? ? ? ? ? 
Step: 33
? ? F 2         1 1 3 F 3 1 2 1 1   2 F 2 1 F 3 3 F 2 1 2 F 3 F F 1         1 F F F 4 ? ? 
? F F 2         1 F 3 F 3 F 2 F 1   2 F 2 1 2 F F 3 F 1 2 F 3 2 2 1 1 1 1   1 2 3 4 F ? ? 
F F 3 1         1 1 2 1 2 1 2 2 2 2 3 3 3 1 2 2 3 3 2 1 1 2 2 1     1 F 2 2 1 2 1 4 F ? ? 
2 2 1             1 1 1       1 F 3 F F 3 F 1   1 F 2 1 1 1 F 2 2 1 2 2 F 2 F 2 F 4 F F F 
1 1 1 1 1 1     1 3 F 2       1 3 F 5 F 3 2 2 2 2 2 3 F 2 2 3 F 2 F 2 3 4 4 3 3 3 4 F 4 2 
1 F 2 2 F 1 1 1 2 F F 2   1 1 1 3 F 4 1 1 1 F 3 F 1 2 F 4 3 F 3 4 3 3 F F F 2 F 2 F 2 1   
1 3 F 3 1 1 2 F 3 2 2 1 1 2 F 1 2 F 2   1 2 3 F 2 1 1 2 F F 3 2 F F 2 2 3 2 3 2 3 1 1     
1 4 F 3     3 F 4 2 2 1 1 F 2 1 1 2 2 1 1 F 3 2 1     1 3 F 2 1 3 3 2       1 F 1   1 1 1 
1 F F 2     2 F 4 F F 1 2 2 3 1 2 2 F 1 1 2 F 2 1 1     1 1 2 1 2 F 1       1 1 1 1 2 F 1 
1 2 2 1   1 2 3 ? ? 3 1 1 F 2 F 2 F 3 2   1 1 3 F 2 1 1 1   1 F 2 1 1         1 2 4 F 3 1 
          1 F 3 ? ? 3 1 2 2 3 2 3 3 F 1     1 3 F 2 2 F 2   1 2 2 1     1 1 1 1 F F F 4 2 
        1 2 3 ? ? F F 3 2 F 2 2 F 3 2 1     2 F 4 2 3 F 2 1 1 2 F 3 2 1 2 F 2 2 4 F 4 F F 
2 2 1   1 F 3 ? ? ? F ? ? 3 ? ? 4 F 2   1 1 3 F 3 F 3 3 2 2 F 2 2 F F 2 2 F 2 1 F 2 2 2 2 
F F 2 1 2 3 ? ? ? ? ? ? ? ? ? ? ? F 2   1 F 2 1 2 2 F 2 F 2 1 1 2 4 F 2 1 1 1 2 2 2       
? ? ? ? ? ? ? ? ? ? ? ? ? ? ? ? ? 4 4 2 2 1 1     1 1 2 1 2 2 3 3 F 2 1       2 F 3 1 2 1 
? ? ? ? ? ? ? ? ? ? ? ? ? ? ? ? 3 F F F 2   1 2 2 1 1 1 1 1 F F F 2 1   1 1 1 2 F 3 F 2 F 
? ? ? ? ? ? ? ? ? ? ? ? ? F 2 2 F 3 5 F 4 1 2 F F 2 1 F 2 2 4 F 5 3 1   2 F 2 1 1 2 1 3 2 
? ? ? ? ? ? ? ? ? ? ? ? ? 2 1 2 2 2 2 F 3 F 2 3 F 2 2 3 4 F 2 2 F F 1   2 F 2   1 1 1 2 F 
? ? ? ? ? ? ? ? ? ? ? ? ? 1   1 F 1 1 1 2 2 2 3 2 2 2 F F 2 1 1 2 2 1   1 2 2 1 1 F 1 2 F 
? ? ? ? ? ? ? ? ? ? ? ? ? 1   1 2 3 2 1   2 F 3 F 3 5 F 4 1     1 1 1   1 2 F 1 1 1 1 1 1 
? ? ? ? ? ? ? ? ? ? ? ? ? 1 1 1 2 F F 3 1 3 F 4 2 F F F 2       1 F 1   1 F 2 2 1 1   1 1 
? ? ? ? ? ? ? ? ? ? ? ? ? ? ? ? ? ? F F 1 2 F 4 3 4 4 3 1       1 1 1   1 2 2 3 F 3 2 4 F 
? ? ? ? ? ? ? ? ? ? ? ? ? ? ? ? ? ? ? 3 1 1 3 F F 5 F 2 1 2 2 1 1 1 1   1 3 F 5 F 4 F F F 
? ? ? ? ? ? ? ? ? ? ? ? ? ? ? ? ? ? ? 2     3 F F F F 3 1 F F 2 1 F 1   1 F F ? ? ? ? ? ? 
? ? ? ? ? ? ? ? ? ? ? ? ? ? ? ? ? ? F 3 1   2 F 4 5 F 3 1 4 F 3 1 1 1   1 3 ? ? ? ? ? ? ? 
? ? ? ? ? ? ? ? ? ? ? ? ? ? ? ? ? ? ? F 1   1 1 1 2 F 2   2 F 2           1 ? ? ? ? ? ? ? 
Step: 34
? ? F 2         1 1 3 F 3 1 2 1 1   2 F 2 1 F 3 3 F 2 1 2 F 3 F F 1         1 F F F 4 F ? 
? F F 2         1 F 3 F 3 F 2 F 1   2 F 2 1 2 F F 3 F 1 2 F 3 2 2 1 1 1 1   1 2 3 4 F F ? 
F F 3 1         1 1 2 1 2 1 2 2 2 2 3 3 3 1 2 2 3 3 2 1 1 2 2 1     1 F 2 2 1 2 1 4 F ? ? 
2 2 1             1 1 1       1 F 3 F F 3 F 1   1 F 2 1 1 1 F 2 2 1 2 2 F 2 F 2 F 4 F F F 
1 1 1 1 1 1     1 3 F 2       1 3 F 5 F 3 2 2 2 2 2 3 F 2 2 3 F 2 F 2 3 4 4 3 3 3 4 F 4 2 
1 F 2 2 F 1 1 1 2 F F 2   1 1 1 3 F 4 1 1 1 F 3 F 1 2 F 4 3 F 3 4 3 3 F F F 2 F 2 F 2 1   
1 3 F 3 1 1 2 F 3 2 2 1 1 2 F 1 2 F 2   1 2 3 F 2 1 1 2 F F 3 2 F F 2 2 3 2 3 2 3 1 1     
1 4 F 3     3 F 4 2 2 1 1 F 2 1 1 2 2 1 1 F 3 2 1     1 3 F 2 1 3 3 2       1 F 1   1 1 1 
1 F F 2     2 F 4 F F 1 2 2 3 1 2 2 F 1 1 2 F 2 1 1     1 1 2 1 2 F 1       1 1 1 1 2 F 1 
1 2 2 1   1 2 3 ? ? 3 1 1 F 2 F 2 F 3 2   1 1 3 F 2 1 1 1   1 F 2 1 1         1 2 4 F 3 1 
          1 F 3 ? ? 3 1 2 2 3 2 3 3 F 1     1 3 F 2 2 F 2   1 2 2 1     1 1 1 1 F F F 4 2 
        1 2 3 ? ? F F 3 2 F 2 2 F 3 2 1     2 F 4 2 3 F 2 1 1 2 F 3 2 1 2 F 2 2 4 F 4 F F 
2 2 1   1 F 3 ? ? ? F ? ? 3 ? ? 4 F 2   1 1 3 F 3 F 3 3 2 2 F 2 2 F F 2 2 F 2 1 F 2 2 2 2 
F F 2 1 2 3 ? ? ? ? ? ? ? ? ? ? ? F 2   1 F 2 1 2 2 F 2 F 2 1 1 2 4 F 2 1 1 1 2 2 2       
? ? ? ? ? ? ? ? ? ? ? ? ? ? ? ? ? 4 4 2 2 1 1     1 1 2 1 2 2 3 3 F 2 1       2 F 3 1 2 1 
? ? ? ? ? ? ? ? ? ? ? ? ? ? ? ? 3 F F F 2   1 2 2 1 1 1 1 1 F F F 2 1   1 1 1 2 F 3 F 2 F 
? ? ? ? ? ? ? ? ? ? ? ? ? F 2 2 F 3 5 F 4 1 2 F F 2 1 F 2 2 4 F 5 3 1   2 F 2 1 1 2 1 3 2 
? ? ? ? ? ? ? ? ? ? ? ? ? 2 1 2 2 2 2 F 3 F 2 3 F 2 2 3 4 F 2 2 F F 1   2 F 2   1 1 1 2 F 
? ? ? ? ? ? ? ? ? ? ? ? ? 1   1 F 1 1 1 2 2 2 3 2 2 2 F F 2 1 1 2 2 1   1 2 2 1 1 F 1 2 F 
? ? ? ? ? ? ? ? ? ? ? ? ? 1   1 2 3 2 1   2 F 3 F 3 5 F 4 1     1 1 1   1 2 F 1 1 1 1 1 1 
? ? ? ? ? ? ? ? ? ? ? ? ? 1 1 1 2 F F 3 1 3 F 4 2 F F F 2       1 F 1   1 F 2 2 1 1   1 1 
? ? ? ? ? ? ? ? ? ? ? ? ? ? ? ? ? ? F F 1 2 F 4 3 4 4 3 1       1 1 1   1 2 2 3 F 3 2 4 F 
? ? ? ? ? ? ? ? ? ? ? ? ? ? ? ? ? ? ? 3 1 1 3 F F 5 F 2 1 2 2 1 1 1 1   1 3 F 5 F 4 F F F 
? ? ? ? ? ? ? ? ? ? ? ? ? ? ? ? ? ? ? 2     3 F F F F 3 1 F F 2 1 F 1   1 F F ? ? ? ? ? ? 
? ? ? ? ? ? ? ? ? ? ? ? ? ? ? ? ? ? F 3 1   2 F 4 5 F 3 1 4 F 3 1 1 1   1 3 ? ? ? ? ? ? ? 
? ? ? ? ? ? ? ? ? ? ? ? ? ? ? ? ? ? ? F 1   1 1 1 2 F 2   2 F 2           1 ? ? ? ? ? ? ? 
Step: 35
? ? F 2         1 1 3 F 3 1 2 1 1   2 F 2 1 F 3 3 F 2 1 2 F 3 F F 1         1 F F F 4 F ? 
? F F 2         1 F 3 F 3 F 2 F 1   2 F 2 1 2 F F 3 F 1 2 F 3 2 2 1 1 1 1   1 2 3 4 F F ? 
F F 3 1         1 1 2 1 2 1 2 2 2 2 3 3 3 1 2 2 3 3 2 1 1 2 2 1     1 F 2 2 1 2 1 4 F ? ? 
2 2 1             1 1 1       1 F 3 F F 3 F 1   1 F 2 1 1 1 F 2 2 1 2 2 F 2 F 2 F 4 F F F 
1 1 1 1 1 1     1 3 F 2       1 3 F 5 F 3 2 2 2 2 2 3 F 2 2 3 F 2 F 2 3 4 4 3 3 3 4 F 4 2 
1 F 2 2 F 1 1 1 2 F F 2   1 1 1 3 F 4 1 1 1 F 3 F 1 2 F 4 3 F 3 4 3 3 F F F 2 F 2 F 2 1   
1 3 F 3 1 1 2 F 3 2 2 1 1 2 F 1 2 F 2   1 2 3 F 2 1 1 2 F F 3 2 F F 2 2 3 2 3 2 3 1 1     
1 4 F 3     3 F 4 2 2 1 1 F 2 1 1 2 2 1 1 F 3 2 1     1 3 F 2 1 3 3 2       1 F 1   1 1 1 
1 F F 2     2 F 4 F F 1 2 2 3 1 2 2 F 1 1 2 F 2 1 1     1 1 2 1 2 F 1       1 1 1 1 2 F 1 
1 2 2 1   1 2 3 ? ? 3 1 1 F 2 F 2 F 3 2   1 1 3 F 2 1 1 1   1 F 2 1 1         1 2 4 F 3 1 
          1 F 3 ? ? 3 1 2 2 3 2 3 3 F 1     1 3 F 2 2 F 2   1 2 2 1     1 1 1 1 F F F 4 2 
        1 2 3 ? ? F F 3 2 F 2 2 F 3 2 1     2 F 4 2 3 F 2 1 1 2 F 3 2 1 2 F 2 2 4 F 4 F F 
2 2 1   1 F 3 ? ? ? F ? ? 3 ? ? 4 F 2   1 1 3 F 3 F 3 3 2 2 F 2 2 F F 2 2 F 2 1 F 2 2 2 2 
F F 2 1 2 3 ? ? ? ? ? ? ? ? ? ? ? F 2   1 F 2 1 2 2 F 2 F 2 1 1 2 4 F 2 1 1 1 2 2 2       
? ? ? ? ? ? ? ? ? ? ? ? ? ? ? ? ? 4 4 2 2 1 1     1 1 2 1 2 2 3 3 F 2 1       2 F 3 1 2 1 
? ? ? ? ? ? ? ? ? ? ? ? ? 4 ? ? 3 F F F 2   1 2 2 1 1 1 1 1 F F F 2 1   1 1 1 2 F 3 F 2 F 
? ? ? ? ? ? ? ? ? ? ? ? ? F 2 2 F 3 5 F 4 1 2 F F 2 1 F 2 2 4 F 5 3 1   2 F 2 1 1 2 1 3 2 
? ? ? ? ? ? ? ? ? ? ? ? ? 2 1 2 2 2 2 F 3 F 2 3 F 2 2 3 4 F 2 2 F F 1   2 F 2   1 1 1 2 F 
? ? ? ? ? ? ? ? ? ? ? ? ? 1   1 F 1 1 1 2 2 2 3 2 2 2 F F 2 1 1 2 2 1   1 2 2 1 1 F 1 2 F 
? ? ? ? ? ? ? ? ? ? ? ? ? 1   1 2 3 2 1   2 F 3 F 3 5 F 4 1     1 1 1   1 2 F 1 1 1 1 1 1 
? ? ? ? ? ? ? ? ? ? ? ? ? 1 1 1 2 F F 3 1 3 F 4 2 F F F 2       1 F 1   1 F 2 2 1 1   1 1 
? ? ? ? ? ? ? ? ? ? ? ? ? ? ? ? ? ? F F 1 2 F 4 3 4 4 3 1       1 1 1   1 2 2 3 F 3 2 4 F 
? ? ? ? ? ? ? ? ? ? ? ? ? ? ? ? ? ? ? 3 1 1 3 F F 5 F 2 1 2 2 1 1 1 1   1 3 F 5 F 4 F F F 
? ? ? ? ? ? ? ? ? ? ? ? ? ? ? ? ? ? ? 2     3 F F F F 3 1 F F 2 1 F 1   1 F F ? ? ? ? ? ? 
? ? ? ? ? ? ? ? ? ? ? ? ? ? ? ? ? ? F 3 1   2 F 4 5 F 3 1 4 F 3 1 1 1   1 3 ? ? ? ? ? ? ? 
? ? ? ? ? ? ? ? ? ? ? ? ? ? ? ? ? ? ? F 1   1 1 1 2 F 2   2 F 2           1 ? ? ? ? ? ? ? 
Warning: More than 2^46 permutations, this will take a long time!
Width: 45, Height: 26, Mines: 257
Start field: (4, 0)
2 # # 2         1 1 3 # 3 1 2 1 1   2 # 2 1 # 3 3 # 2 1 2 # 3 # # 1         1 # # # 4 # 3 
4 # # 2         1 # 3 # 3 # 2 # 1   2 # 2 1 2 # # 3 # 1 2 # 3 2 2 1 1 1 1   1 2 3 4 # # # 
# # 3 1         1 1 2 1 2 1 2 2 2 2 3 3 3 1 2 2 3 3 2 1 1 2 2 1     1 # 2 2 1 2 1 4 # # 5 
2 2 1             1 1 1       1 # 3 # # 3 # 1   1 # 2 1 1 1 # 2 2 1 2 2 # 2 # 2 # 4 # # # 
1 1 1 1 1 1     1 3 # 2       1 3 # 5 # 3 2 2 2 2 2 3 # 2 2 3 # 2 # 2 3 4 4 3 3 3 4 # 4 2 
1 # 2 2 # 1 1 1 2 # # 2   1 1 1 3 # 4 1 1 1 # 3 # 1 2 # 4 3 # 3 4 3 3 # # # 2 # 2 # 2 1   
1 3 # 3 1 1 2 # 3 2 2 1 1 2 # 1 2 # 2   1 2 3 # 2 1 1 2 # # 3 2 # # 2 2 3 2 3 2 3 1 1     
1 4 # 3     3 # 4 2 2 1 1 # 2 1 1 2 2 1 1 # 3 2 1     1 3 # 2 1 3 3 2       1 # 1   1 1 1 
1 # # 2     2 # 4 # # 1 2 2 3 1 2 2 # 1 1 2 # 2 1 1     1 1 2 1 2 # 1       1 1 1 1 2 # 1 
1 2 2 1   1 2 3 # 4 3 1 1 # 2 # 2 # 3 2   1 1 3 # 2 1 1 1   1 # 2 1 1         1 2 4 # 3 1 
          1 # 3 4 # 3 1 2 2 3 2 3 3 # 1     1 3 # 2 2 # 2   1 2 2 1     1 1 1 1 # # # 4 2 
        1 2 3 # 3 # # 3 2 # 2 2 # 3 2 1     2 # 4 2 3 # 2 1 1 2 # 3 2 1 2 # 2 2 4 # 4 # # 
2 2 1   1 # 3 2 2 3 # 3 # 3 # 3 4 # 2   1 1 3 # 3 # 3 3 2 2 # 2 2 # # 2 2 # 2 1 # 2 2 2 2 
# # 2 1 2 3 # 2 1 2 2 3 2 3 2 # 4 # 2   1 # 2 1 2 2 # 2 # 2 1 1 2 4 # 2 1 1 1 2 2 2       
# 4 2 # 2 3 # 3 2 # 1 1 # 2 2 3 # 4 4 2 2 1 1     1 1 2 1 2 2 3 3 # 2 1       2 # 3 1 2 1 
# 2 1 1 2 # 3 # 2 1 1 2 3 4 # 3 3 # # # 2   1 2 2 1 1 1 1 1 # # # 2 1   1 1 1 2 # 3 # 2 # 
1 1   1 2 3 4 3 3 1 1 1 # # 2 2 # 3 5 # 4 1 2 # # 2 1 # 2 2 4 # 5 3 1   2 # 2 1 1 2 1 3 2 
      2 # 4 # # 2 # 2 2 2 2 1 2 2 2 2 # 3 # 2 3 # 2 2 3 4 # 2 2 # # 1   2 # 2   1 1 1 2 # 
1 1   2 # 4 # 3 2 2 # 2 1 1   1 # 1 1 1 2 2 2 3 2 2 2 # # 2 1 1 2 2 1   1 2 2 1 1 # 1 2 # 
# 2 2 3 2 2 1 1   1 2 3 # 1   1 2 3 2 1   2 # 3 # 3 5 # 4 1     1 1 1   1 2 # 1 1 1 1 1 1 
2 3 # # 3 1 2 1 2 1 2 # 2 1 1 1 2 # # 3 1 3 # 4 2 # # # 2       1 # 1   1 # 2 2 1 1   1 1 
2 # 5 # 3 # 2 # 2 # 2 2 2 1 1 # 3 4 # # 1 2 # 4 3 4 4 3 1       1 1 1   1 2 2 3 # 3 2 4 # 
2 # 5 4 4 3 3 2 2 2 2 3 # 2 1 1 3 # 5 3 1 1 3 # # 5 # 2 1 2 2 1 1 1 1   1 3 # 5 # 4 # # # 
1 2 # # # 2 # 2 1 1 # 3 # 2 1 2 4 # # 2     3 # # # # 3 1 # # 2 1 # 1   1 # # 5 # 3 2 3 2 
  1 2 3 2 2 2 # 1 2 2 3 1 1 1 # # 4 # 3 1   2 # 4 5 # 3 1 4 # 3 1 1 1   1 3 # 3 1 1   1 1 
            1 1 1 1 # 1     1 2 2 2 2 # 1   1 1 1 2 # 2   2 # 2           1 1 1       1 # 
Encapsulated mine at (1, 0) removed
Moving mine to cell (9, 9)
Mine moved to border cell, removing from border
Encapsulated mine at (44, 1) removed
Moving mine to cell (39, 23)
Mine moved to border cell, removing from border
Encapsulated mine at (43, 2) removed
No place in an island found, moving to random empty cell (8, 19)
Width: 45, Height: 26, Mines: 257
Start field: (4, 0)
1 3 # 2         1 1 3 # 3 1 2 1 1   2 # 2 1 # 3 3 # 2 1 2 # 3 # # 1         1 # # # 4 # 2 
3 # # 2         1 # 3 # 3 # 2 # 1   2 # 2 1 2 # # 3 # 1 2 # 3 2 2 1 1 1 1   1 2 3 4 # # 2 
# # 3 1         1 1 2 1 2 1 2 2 2 2 3 3 3 1 2 2 3 3 2 1 1 2 2 1     1 # 2 2 1 2 1 4 # 6 3 
2 2 1             1 1 1       1 # 3 # # 3 # 1   1 # 2 1 1 1 # 2 2 1 2 2 # 2 # 2 # 4 # # # 
1 1 1 1 1 1     1 3 # 2       1 3 # 5 # 3 2 2 2 2 2 3 # 2 2 3 # 2 # 2 3 4 4 3 3 3 4 # 4 2 
1 # 2 2 # 1 1 1 2 # # 2   1 1 1 3 # 4 1 1 1 # 3 # 1 2 # 4 3 # 3 4 3 3 # # # 2 # 2 # 2 1   
1 3 # 3 1 1 2 # 3 2 2 1 1 2 # 1 2 # 2   1 2 3 # 2 1 1 2 # # 3 2 # # 2 2 3 2 3 2 3 1 1     
1 4 # 3     3 # 4 2 2 1 1 # 2 1 1 2 2 1 1 # 3 2 1     1 3 # 2 1 3 3 2       1 # 1   1 1 1 
1 # # 2     2 # 5 # # 1 2 2 3 1 2 2 # 1 1 2 # 2 1 1     1 1 2 1 2 # 1       1 1 1 1 2 # 1 
1 2 2 1   1 2 3 # # 4 1 1 # 2 # 2 # 3 2   1 1 3 # 2 1 1 1   1 # 2 1 1         1 2 4 # 3 1 
          1 # 3 5 # 4 1 2 2 3 2 3 3 # 1     1 3 # 2 2 # 2   1 2 2 1     1 1 1 1 # # # 4 2 
        1 2 3 # 3 # # 3 2 # 2 2 # 3 2 1     2 # 4 2 3 # 2 1 1 2 # 3 2 1 2 # 2 2 4 # 4 # # 
2 2 1   1 # 3 2 2 3 # 3 # 3 # 3 4 # 2   1 1 3 # 3 # 3 3 2 2 # 2 2 # # 2 2 # 2 1 # 2 2 2 2 
# # 2 1 2 3 # 2 1 2 2 3 2 3 2 # 4 # 2   1 # 2 1 2 2 # 2 # 2 1 1 2 4 # 2 1 1 1 2 2 2       
# 4 2 # 2 3 # 3 2 # 1 1 # 2 2 3 # 4 4 2 2 1 1     1 1 2 1 2 2 3 3 # 2 1       2 # 3 1 2 1 
# 2 1 1 2 # 3 # 2 1 1 2 3 4 # 3 3 # # # 2   1 2 2 1 1 1 1 1 # # # 2 1   1 1 1 2 # 3 # 2 # 
1 1   1 2 3 4 3 3 1 1 1 # # 2 2 # 3 5 # 4 1 2 # # 2 1 # 2 2 4 # 5 3 1   2 # 2 1 1 2 1 3 2 
      2 # 4 # # 2 # 2 2 2 2 1 2 2 2 2 # 3 # 2 3 # 2 2 3 4 # 2 2 # # 1   2 # 2   1 1 1 2 # 
1 1   2 # 4 # 4 3 3 # 2 1 1   1 # 1 1 1 2 2 2 3 2 2 2 # # 2 1 1 2 2 1   1 2 2 1 1 # 1 2 # 
# 2 2 3 2 2 1 2 # 2 2 3 # 1   1 2 3 2 1   2 # 3 # 3 5 # 4 1     1 1 1   1 2 # 1 1 1 1 1 1 
2 3 # # 3 1 2 2 3 2 2 # 2 1 1 1 2 # # 3 1 3 # 4 2 # # # 2       1 # 1   1 # 2 2 1 1   1 1 
2 # 5 # 3 # 2 # 2 # 2 2 2 1 1 # 3 4 # # 1 2 # 4 3 4 4 3 1       1 1 1   1 2 2 3 # 3 2 4 # 
2 # 5 4 4 3 3 2 2 2 2 3 # 2 1 1 3 # 5 3 1 1 3 # # 5 # 2 1 2 2 1 1 1 1   1 3 # 6 # 4 # # # 
1 2 # # # 2 # 2 1 1 # 3 # 2 1 2 4 # # 2     3 # # # # 3 1 # # 2 1 # 1   1 # # # # 3 2 3 2 
  1 2 3 2 2 2 # 1 2 2 3 1 1 1 # # 4 # 3 1   2 # 4 5 # 3 1 4 # 3 1 1 1   1 3 # 4 2 1   1 1 
            1 1 1 1 # 1     1 2 2 2 2 # 1   1 1 1 2 # 2   2 # 2           1 1 1       1 # 
Step: 1
? ? ? 2         1 ? ? ? ? ? ? ? ? ? ? ? ? ? ? ? ? ? ? ? ? ? ? ? ? ? ? ? ? ? ? ? ? ? ? ? ? 
? ? ? 2         1 ? ? ? ? ? ? ? ? ? ? ? ? ? ? ? ? ? ? ? ? ? ? ? ? ? ? ? ? ? ? ? ? ? ? ? ? 
? ? 3 1         1 1 ? ? ? ? ? ? ? ? ? ? ? ? ? ? ? ? ? ? ? ? ? ? ? ? ? ? ? ? ? ? ? ? ? ? ? 
? ? 1             1 ? ? ? ? ? ? ? ? ? ? ? ? ? ? ? ? ? ? ? ? ? ? ? ? ? ? ? ? ? ? ? ? ? ? ? 
? ? 1 1 1 1     1 3 ? ? ? ? ? ? ? ? ? ? ? ? ? ? ? ? ? ? ? ? ? ? ? ? ? ? ? ? ? ? ? ? ? ? ? 
? ? ? ? ? 1 1 1 2 ? ? ? ? ? ? ? ? ? ? ? ? ? ? ? ? ? ? ? ? ? ? ? ? ? ? ? ? ? ? ? ? ? ? ? ? 
? ? ? ? ? ? ? ? ? ? ? ? ? ? ? ? ? ? ? ? ? ? ? ? ? ? ? ? ? ? ? ? ? ? ? ? ? ? ? ? ? ? ? ? ? 
? ? ? ? ? ? ? ? ? ? ? ? ? ? ? ? ? ? ? ? ? ? ? ? ? ? ? ? ? ? ? ? ? ? ? ? ? ? ? ? ? ? ? ? ? 
? ? ? ? ? ? ? ? ? ? ? ? ? ? ? ? ? ? ? ? ? ? ? ? ? ? ? ? ? ? ? ? ? ? ? ? ? ? ? ? ? ? ? ? ? 
? ? ? ? ? ? ? ? ? ? ? ? ? ? ? ? ? ? ? ? ? ? ? ? ? ? ? ? ? ? ? ? ? ? ? ? ? ? ? ? ? ? ? ? ? 
? ? ? ? ? ? ? ? ? ? ? ? ? ? ? ? ? ? ? ? ? ? ? ? ? ? ? ? ? ? ? ? ? ? ? ? ? ? ? ? ? ? ? ? ? 
? ? ? ? ? ? ? ? ? ? ? ? ? ? ? ? ? ? ? ? ? ? ? ? ? ? ? ? ? ? ? ? ? ? ? ? ? ? ? ? ? ? ? ? ? 
? ? ? ? ? ? ? ? ? ? ? ? ? ? ? ? ? ? ? ? ? ? ? ? ? ? ? ? ? ? ? ? ? ? ? ? ? ? ? ? ? ? ? ? ? 
? ? ? ? ? ? ? ? ? ? ? ? ? ? ? ? ? ? ? ? ? ? ? ? ? ? ? ? ? ? ? ? ? ? ? ? ? ? ? ? ? ? ? ? ? 
? ? ? ? ? ? ? ? ? ? ? ? ? ? ? ? ? ? ? ? ? ? ? ? ? ? ? ? ? ? ? ? ? ? ? ? ? ? ? ? ? ? ? ? ? 
? ? ? ? ? ? ? ? ? ? ? ? ? ? ? ? ? ? ? ? ? ? ? ? ? ? ? ? ? ? ? ? ? ? ? ? ? ? ? ? ? ? ? ? ? 
? ? ? ? ? ? ? ? ? ? ? ? ? ? ? ? ? ? ? ? ? ? ? ? ? ? ? ? ? ? ? ? ? ? ? ? ? ? ? ? ? ? ? ? ? 
? ? ? ? ? ? ? ? ? ? ? ? ? ? ? ? ? ? ? ? ? ? ? ? ? ? ? ? ? ? ? ? ? ? ? ? ? ? ? ? ? ? ? ? ? 
? ? ? ? ? ? ? ? ? ? ? ? ? ? ? ? ? ? ? ? ? ? ? ? ? ? ? ? ? ? ? ? ? ? ? ? ? ? ? ? ? ? ? ? ? 
? ? ? ? ? ? ? ? ? ? ? ? ? ? ? ? ? ? ? ? ? ? ? ? ? ? ? ? ? ? ? ? ? ? ? ? ? ? ? ? ? ? ? ? ? 
? ? ? ? ? ? ? ? ? ? ? ? ? ? ? ? ? ? ? ? ? ? ? ? ? ? ? ? ? ? ? ? ? ? ? ? ? ? ? ? ? ? ? ? ? 
? ? ? ? ? ? ? ? ? ? ? ? ? ? ? ? ? ? ? ? ? ? ? ? ? ? ? ? ? ? ? ? ? ? ? ? ? ? ? ? ? ? ? ? ? 
? ? ? ? ? ? ? ? ? ? ? ? ? ? ? ? ? ? ? ? ? ? ? ? ? ? ? ? ? ? ? ? ? ? ? ? ? ? ? ? ? ? ? ? ? 
? ? ? ? ? ? ? ? ? ? ? ? ? ? ? ? ? ? ? ? ? ? ? ? ? ? ? ? ? ? ? ? ? ? ? ? ? ? ? ? ? ? ? ? ? 
? ? ? ? ? ? ? ? ? ? ? ? ? ? ? ? ? ? ? ? ? ? ? ? ? ? ? ? ? ? ? ? ? ? ? ? ? ? ? ? ? ? ? ? ? 
? ? ? ? ? ? ? ? ? ? ? ? ? ? ? ? ? ? ? ? ? ? ? ? ? ? ? ? ? ? ? ? ? ? ? ? ? ? ? ? ? ? ? ? ? 
Step: 2
? ? F 2         1 ? ? ? ? ? ? ? ? ? ? ? ? ? ? ? ? ? ? ? ? ? ? ? ? ? ? ? ? ? ? ? ? ? ? ? ? 
? ? F 2         1 F 3 ? ? ? ? ? ? ? ? ? ? ? ? ? ? ? ? ? ? ? ? ? ? ? ? ? ? ? ? ? ? ? ? ? ? 
? ? 3 1         1 1 2 1 2 1 2 2 ? ? ? ? ? ? ? ? ? ? ? ? ? ? ? ? ? ? ? ? ? ? ? ? ? ? ? ? ? 
? ? 1             1 1 1       1 ? ? ? ? ? ? ? ? ? ? ? ? ? ? ? ? ? ? ? ? ? ? ? ? ? ? ? ? ? 
? ? 1 1 1 1     1 3 F 2       1 3 F ? ? ? ? ? ? ? ? ? ? ? ? ? ? ? ? ? ? ? ? ? ? ? ? ? ? ? 
? ? ? 2 F 1 1 1 2 F F 2   1 1 1 3 F ? ? ? ? ? ? ? ? ? ? ? ? ? ? ? ? ? ? ? ? ? ? ? ? ? ? ? 
? ? F 3 1 1 2 F 3 2 2 1 1 2 F 1 2 F ? ? ? ? ? ? ? ? ? ? ? ? ? ? ? ? ? ? ? ? ? ? ? ? ? ? ? 
? ? F 3     3 F 4 2 2 1 1 F 2 1 1 2 ? ? ? ? ? ? ? ? ? ? ? ? ? ? ? ? ? ? ? ? ? ? ? ? ? ? ? 
? F F 2     2 F ? ? ? 1 2 2 3 1 2 2 ? ? ? ? ? ? ? ? ? ? ? ? ? ? ? ? ? ? ? ? ? ? ? ? ? ? ? 
1 2 2 1   1 2 3 ? ? ? ? ? ? ? ? ? ? ? ? ? ? ? ? ? ? ? ? ? ? ? ? ? ? ? ? ? ? ? ? ? ? ? ? ? 
          1 F 3 ? ? ? ? ? ? ? ? ? ? ? ? ? ? ? ? ? ? ? ? ? ? ? ? ? ? ? ? ? ? ? ? ? ? ? ? ? 
        1 2 3 ? ? ? ? ? ? ? ? ? ? ? ? ? ? ? ? ? ? ? ? ? ? ? ? ? ? ? ? ? ? ? ? ? ? ? ? ? ? 
2 2 1   1 F 3 ? ? ? ? ? ? ? ? ? ? ? ? ? ? ? ? ? ? ? ? ? ? ? ? ? ? ? ? ? ? ? ? ? ? ? ? ? ? 
F F 2 1 2 3 ? ? ? ? ? ? ? ? ? ? ? ? ? ? ? ? ? ? ? ? ? ? ? ? ? ? ? ? ? ? ? ? ? ? ? ? ? ? ? 
? ? ? ? ? ? ? ? ? ? ? ? ? ? ? ? ? ? ? ? ? ? ? ? ? ? ? ? ? ? ? ? ? ? ? ? ? ? ? ? ? ? ? ? ? 
? ? ? ? ? ? ? ? ? ? ? ? ? ? ? ? ? ? ? ? ? ? ? ? ? ? ? ? ? ? ? ? ? ? ? ? ? ? ? ? ? ? ? ? ? 
? ? ? ? ? ? ? ? ? ? ? ? ? ? ? ? ? ? ? ? ? ? ? ? ? ? ? ? ? ? ? ? ? ? ? ? ? ? ? ? ? ? ? ? ? 
? ? ? ? ? ? ? ? ? ? ? ? ? ? ? ? ? ? ? ? ? ? ? ? ? ? ? ? ? ? ? ? ? ? ? ? ? ? ? ? ? ? ? ? ? 
? ? ? ? ? ? ? ? ? ? ? ? ? ? ? ? ? ? ? ? ? ? ? ? ? ? ? ? ? ? ? ? ? ? ? ? ? ? ? ? ? ? ? ? ? 
? ? ? ? ? ? ? ? ? ? ? ? ? ? ? ? ? ? ? ? ? ? ? ? ? ? ? ? ? ? ? ? ? ? ? ? ? ? ? ? ? ? ? ? ? 
? ? ? ? ? ? ? ? ? ? ? ? ? ? ? ? ? ? ? ? ? ? ? ? ? ? ? ? ? ? ? ? ? ? ? ? ? ? ? ? ? ? ? ? ? 
? ? ? ? ? ? ? ? ? ? ? ? ? ? ? ? ? ? ? ? ? ? ? ? ? ? ? ? ? ? ? ? ? ? ? ? ? ? ? ? ? ? ? ? ? 
? ? ? ? ? ? ? ? ? ? ? ? ? ? ? ? ? ? ? ? ? ? ? ? ? ? ? ? ? ? ? ? ? ? ? ? ? ? ? ? ? ? ? ? ? 
? ? ? ? ? ? ? ? ? ? ? ? ? ? ? ? ? ? ? ? ? ? ? ? ? ? ? ? ? ? ? ? ? ? ? ? ? ? ? ? ? ? ? ? ? 
? ? ? ? ? ? ? ? ? ? ? ? ? ? ? ? ? ? ? ? ? ? ? ? ? ? ? ? ? ? ? ? ? ? ? ? ? ? ? ? ? ? ? ? ? 
? ? ? ? ? ? ? ? ? ? ? ? ? ? ? ? ? ? ? ? ? ? ? ? ? ? ? ? ? ? ? ? ? ? ? ? ? ? ? ? ? ? ? ? ? 
Step: 3
? ? F 2         1 1 3 F ? ? ? ? ? ? ? ? ? ? ? ? ? ? ? ? ? ? ? ? ? ? ? ? ? ? ? ? ? ? ? ? ? 
? ? F 2         1 F 3 F 3 F 2 F ? ? ? ? ? ? ? ? ? ? ? ? ? ? ? ? ? ? ? ? ? ? ? ? ? ? ? ? ? 
? ? 3 1         1 1 2 1 2 1 2 2 ? ? ? ? ? ? ? ? ? ? ? ? ? ? ? ? ? ? ? ? ? ? ? ? ? ? ? ? ? 
? ? 1             1 1 1       1 F 3 ? ? ? ? ? ? ? ? ? ? ? ? ? ? ? ? ? ? ? ? ? ? ? ? ? ? ? 
? ? 1 1 1 1     1 3 F 2       1 3 F ? ? ? ? ? ? ? ? ? ? ? ? ? ? ? ? ? ? ? ? ? ? ? ? ? ? ? 
? ? 2 2 F 1 1 1 2 F F 2   1 1 1 3 F ? ? ? ? ? ? ? ? ? ? ? ? ? ? ? ? ? ? ? ? ? ? ? ? ? ? ? 
1 3 F 3 1 1 2 F 3 2 2 1 1 2 F 1 2 F ? ? ? ? ? ? ? ? ? ? ? ? ? ? ? ? ? ? ? ? ? ? ? ? ? ? ? 
1 4 F 3     3 F 4 2 2 1 1 F 2 1 1 2 ? ? ? ? ? ? ? ? ? ? ? ? ? ? ? ? ? ? ? ? ? ? ? ? ? ? ? 
1 F F 2     2 F ? F F 1 2 2 3 1 2 2 ? ? ? ? ? ? ? ? ? ? ? ? ? ? ? ? ? ? ? ? ? ? ? ? ? ? ? 
1 2 2 1   1 2 3 ? F 4 1 1 F 2 F 2 F ? ? ? ? ? ? ? ? ? ? ? ? ? ? ? ? ? ? ? ? ? ? ? ? ? ? ? 
          1 F 3 ? F 4 1 2 2 3 2 3 3 ? ? ? ? ? ? ? ? ? ? ? ? ? ? ? ? ? ? ? ? ? ? ? ? ? ? ? 
        1 2 3 ? ? ? ? ? ? ? ? ? ? ? ? ? ? ? ? ? ? ? ? ? ? ? ? ? ? ? ? ? ? ? ? ? ? ? ? ? ? 
2 2 1   1 F 3 ? ? ? ? ? ? ? ? ? ? ? ? ? ? ? ? ? ? ? ? ? ? ? ? ? ? ? ? ? ? ? ? ? ? ? ? ? ? 
F F 2 1 2 3 ? ? ? ? ? ? ? ? ? ? ? ? ? ? ? ? ? ? ? ? ? ? ? ? ? ? ? ? ? ? ? ? ? ? ? ? ? ? ? 
? ? ? ? ? ? ? ? ? ? ? ? ? ? ? ? ? ? ? ? ? ? ? ? ? ? ? ? ? ? ? ? ? ? ? ? ? ? ? ? ? ? ? ? ? 
? ? ? ? ? ? ? ? ? ? ? ? ? ? ? ? ? ? ? ? ? ? ? ? ? ? ? ? ? ? ? ? ? ? ? ? ? ? ? ? ? ? ? ? ? 
? ? ? ? ? ? ? ? ? ? ? ? ? ? ? ? ? ? ? ? ? ? ? ? ? ? ? ? ? ? ? ? ? ? ? ? ? ? ? ? ? ? ? ? ? 
? ? ? ? ? ? ? ? ? ? ? ? ? ? ? ? ? ? ? ? ? ? ? ? ? ? ? ? ? ? ? ? ? ? ? ? ? ? ? ? ? ? ? ? ? 
? ? ? ? ? ? ? ? ? ? ? ? ? ? ? ? ? ? ? ? ? ? ? ? ? ? ? ? ? ? ? ? ? ? ? ? ? ? ? ? ? ? ? ? ? 
? ? ? ? ? ? ? ? ? ? ? ? ? ? ? ? ? ? ? ? ? ? ? ? ? ? ? ? ? ? ? ? ? ? ? ? ? ? ? ? ? ? ? ? ? 
? ? ? ? ? ? ? ? ? ? ? ? ? ? ? ? ? ? ? ? ? ? ? ? ? ? ? ? ? ? ? ? ? ? ? ? ? ? ? ? ? ? ? ? ? 
? ? ? ? ? ? ? ? ? ? ? ? ? ? ? ? ? ? ? ? ? ? ? ? ? ? ? ? ? ? ? ? ? ? ? ? ? ? ? ? ? ? ? ? ? 
? ? ? ? ? ? ? ? ? ? ? ? ? ? ? ? ? ? ? ? ? ? ? ? ? ? ? ? ? ? ? ? ? ? ? ? ? ? ? ? ? ? ? ? ? 
? ? ? ? ? ? ? ? ? ? ? ? ? ? ? ? ? ? ? ? ? ? ? ? ? ? ? ? ? ? ? ? ? ? ? ? ? ? ? ? ? ? ? ? ? 
? ? ? ? ? ? ? ? ? ? ? ? ? ? ? ? ? ? ? ? ? ? ? ? ? ? ? ? ? ? ? ? ? ? ? ? ? ? ? ? ? ? ? ? ? 
? ? ? ? ? ? ? ? ? ? ? ? ? ? ? ? ? ? ? ? ? ? ? ? ? ? ? ? ? ? ? ? ? ? ? ? ? ? ? ? ? ? ? ? ? 
Step: 4
? ? F 2         1 1 3 F 3 1 2 1 1   2 ? ? ? ? ? ? ? ? ? ? ? ? ? ? ? ? ? ? ? ? ? ? ? ? ? ? 
? ? F 2         1 F 3 F 3 F 2 F 1   2 ? ? ? ? ? ? ? ? ? ? ? ? ? ? ? ? ? ? ? ? ? ? ? ? ? ? 
? ? 3 1         1 1 2 1 2 1 2 2 2 2 3 ? ? ? ? ? ? ? ? ? ? ? ? ? ? ? ? ? ? ? ? ? ? ? ? ? ? 
? ? 1             1 1 1       1 F 3 F ? ? ? ? ? ? ? ? ? ? ? ? ? ? ? ? ? ? ? ? ? ? ? ? ? ? 
? ? 1 1 1 1     1 3 F 2       1 3 F 5 ? ? ? ? ? ? ? ? ? ? ? ? ? ? ? ? ? ? ? ? ? ? ? ? ? ? 
? ? 2 2 F 1 1 1 2 F F 2   1 1 1 3 F ? ? ? ? ? ? ? ? ? ? ? ? ? ? ? ? ? ? ? ? ? ? ? ? ? ? ? 
1 3 F 3 1 1 2 F 3 2 2 1 1 2 F 1 2 F ? ? ? ? ? ? ? ? ? ? ? ? ? ? ? ? ? ? ? ? ? ? ? ? ? ? ? 
1 4 F 3     3 F 4 2 2 1 1 F 2 1 1 2 ? ? ? ? ? ? ? ? ? ? ? ? ? ? ? ? ? ? ? ? ? ? ? ? ? ? ? 
1 F F 2     2 F 5 F F 1 2 2 3 1 2 2 ? ? ? ? ? ? ? ? ? ? ? ? ? ? ? ? ? ? ? ? ? ? ? ? ? ? ? 
1 2 2 1   1 2 3 F F 4 1 1 F 2 F 2 F ? ? ? ? ? ? ? ? ? ? ? ? ? ? ? ? ? ? ? ? ? ? ? ? ? ? ? 
          1 F 3 5 F 4 1 2 2 3 2 3 3 ? ? ? ? ? ? ? ? ? ? ? ? ? ? ? ? ? ? ? ? ? ? ? ? ? ? ? 
        1 2 3 ? ? ? ? ? ? ? ? ? ? ? ? ? ? ? ? ? ? ? ? ? ? ? ? ? ? ? ? ? ? ? ? ? ? ? ? ? ? 
2 2 1   1 F 3 ? ? ? ? ? ? ? ? ? ? ? ? ? ? ? ? ? ? ? ? ? ? ? ? ? ? ? ? ? ? ? ? ? ? ? ? ? ? 
F F 2 1 2 3 ? ? ? ? ? ? ? ? ? ? ? ? ? ? ? ? ? ? ? ? ? ? ? ? ? ? ? ? ? ? ? ? ? ? ? ? ? ? ? 
? ? ? ? ? ? ? ? ? ? ? ? ? ? ? ? ? ? ? ? ? ? ? ? ? ? ? ? ? ? ? ? ? ? ? ? ? ? ? ? ? ? ? ? ? 
? ? ? ? ? ? ? ? ? ? ? ? ? ? ? ? ? ? ? ? ? ? ? ? ? ? ? ? ? ? ? ? ? ? ? ? ? ? ? ? ? ? ? ? ? 
? ? ? ? ? ? ? ? ? ? ? ? ? ? ? ? ? ? ? ? ? ? ? ? ? ? ? ? ? ? ? ? ? ? ? ? ? ? ? ? ? ? ? ? ? 
? ? ? ? ? ? ? ? ? ? ? ? ? ? ? ? ? ? ? ? ? ? ? ? ? ? ? ? ? ? ? ? ? ? ? ? ? ? ? ? ? ? ? ? ? 
? ? ? ? ? ? ? ? ? ? ? ? ? ? ? ? ? ? ? ? ? ? ? ? ? ? ? ? ? ? ? ? ? ? ? ? ? ? ? ? ? ? ? ? ? 
? ? ? ? ? ? ? ? ? ? ? ? ? ? ? ? ? ? ? ? ? ? ? ? ? ? ? ? ? ? ? ? ? ? ? ? ? ? ? ? ? ? ? ? ? 
? ? ? ? ? ? ? ? ? ? ? ? ? ? ? ? ? ? ? ? ? ? ? ? ? ? ? ? ? ? ? ? ? ? ? ? ? ? ? ? ? ? ? ? ? 
? ? ? ? ? ? ? ? ? ? ? ? ? ? ? ? ? ? ? ? ? ? ? ? ? ? ? ? ? ? ? ? ? ? ? ? ? ? ? ? ? ? ? ? ? 
? ? ? ? ? ? ? ? ? ? ? ? ? ? ? ? ? ? ? ? ? ? ? ? ? ? ? ? ? ? ? ? ? ? ? ? ? ? ? ? ? ? ? ? ? 
? ? ? ? ? ? ? ? ? ? ? ? ? ? ? ? ? ? ? ? ? ? ? ? ? ? ? ? ? ? ? ? ? ? ? ? ? ? ? ? ? ? ? ? ? 
? ? ? ? ? ? ? ? ? ? ? ? ? ? ? ? ? ? ? ? ? ? ? ? ? ? ? ? ? ? ? ? ? ? ? ? ? ? ? ? ? ? ? ? ? 
? ? ? ? ? ? ? ? ? ? ? ? ? ? ? ? ? ? ? ? ? ? ? ? ? ? ? ? ? ? ? ? ? ? ? ? ? ? ? ? ? ? ? ? ? 
Step: 5
? ? F 2         1 1 3 F 3 1 2 1 1   2 F 2 1 ? ? ? ? ? ? ? ? ? ? ? ? ? ? ? ? ? ? ? ? ? ? ? 
? ? F 2         1 F 3 F 3 F 2 F 1   2 F 2 1 2 F F ? ? ? ? ? ? ? ? ? ? ? ? ? ? ? ? ? ? ? ? 
? ? 3 1         1 1 2 1 2 1 2 2 2 2 3 3 3 1 2 2 3 ? ? ? ? ? ? ? ? ? ? ? ? ? ? ? ? ? ? ? ? 
? ? 1             1 1 1       1 F 3 F F 3 F 1   1 ? ? ? ? ? ? ? ? ? ? ? ? ? ? ? ? ? ? ? ? 
? ? 1 1 1 1     1 3 F 2       1 3 F 5 ? ? 2 2 2 2 ? ? ? ? ? ? ? ? ? ? ? ? ? ? ? ? ? ? ? ? 
? ? 2 2 F 1 1 1 2 F F 2   1 1 1 3 F ? ? ? ? ? ? ? ? ? ? ? ? ? ? ? ? ? ? ? ? ? ? ? ? ? ? ? 
1 3 F 3 1 1 2 F 3 2 2 1 1 2 F 1 2 F ? ? ? ? ? ? ? ? ? ? ? ? ? ? ? ? ? ? ? ? ? ? ? ? ? ? ? 
1 4 F 3     3 F 4 2 2 1 1 F 2 1 1 2 ? ? ? ? ? ? ? ? ? ? ? ? ? ? ? ? ? ? ? ? ? ? ? ? ? ? ? 
1 F F 2     2 F 5 F F 1 2 2 3 1 2 2 ? ? ? ? ? ? ? ? ? ? ? ? ? ? ? ? ? ? ? ? ? ? ? ? ? ? ? 
1 2 2 1   1 2 3 F F 4 1 1 F 2 F 2 F ? ? ? ? ? ? ? ? ? ? ? ? ? ? ? ? ? ? ? ? ? ? ? ? ? ? ? 
          1 F 3 5 F 4 1 2 2 3 2 3 3 ? ? ? ? ? ? ? ? ? ? ? ? ? ? ? ? ? ? ? ? ? ? ? ? ? ? ? 
        1 2 3 ? ? ? ? ? ? ? ? ? ? ? ? ? ? ? ? ? ? ? ? ? ? ? ? ? ? ? ? ? ? ? ? ? ? ? ? ? ? 
2 2 1   1 F 3 ? ? ? ? ? ? ? ? ? ? ? ? ? ? ? ? ? ? ? ? ? ? ? ? ? ? ? ? ? ? ? ? ? ? ? ? ? ? 
F F 2 1 2 3 ? ? ? ? ? ? ? ? ? ? ? ? ? ? ? ? ? ? ? ? ? ? ? ? ? ? ? ? ? ? ? ? ? ? ? ? ? ? ? 
? ? ? ? ? ? ? ? ? ? ? ? ? ? ? ? ? ? ? ? ? ? ? ? ? ? ? ? ? ? ? ? ? ? ? ? ? ? ? ? ? ? ? ? ? 
? ? ? ? ? ? ? ? ? ? ? ? ? ? ? ? ? ? ? ? ? ? ? ? ? ? ? ? ? ? ? ? ? ? ? ? ? ? ? ? ? ? ? ? ? 
? ? ? ? ? ? ? ? ? ? ? ? ? ? ? ? ? ? ? ? ? ? ? ? ? ? ? ? ? ? ? ? ? ? ? ? ? ? ? ? ? ? ? ? ? 
? ? ? ? ? ? ? ? ? ? ? ? ? ? ? ? ? ? ? ? ? ? ? ? ? ? ? ? ? ? ? ? ? ? ? ? ? ? ? ? ? ? ? ? ? 
? ? ? ? ? ? ? ? ? ? ? ? ? ? ? ? ? ? ? ? ? ? ? ? ? ? ? ? ? ? ? ? ? ? ? ? ? ? ? ? ? ? ? ? ? 
? ? ? ? ? ? ? ? ? ? ? ? ? ? ? ? ? ? ? ? ? ? ? ? ? ? ? ? ? ? ? ? ? ? ? ? ? ? ? ? ? ? ? ? ? 
? ? ? ? ? ? ? ? ? ? ? ? ? ? ? ? ? ? ? ? ? ? ? ? ? ? ? ? ? ? ? ? ? ? ? ? ? ? ? ? ? ? ? ? ? 
? ? ? ? ? ? ? ? ? ? ? ? ? ? ? ? ? ? ? ? ? ? ? ? ? ? ? ? ? ? ? ? ? ? ? ? ? ? ? ? ? ? ? ? ? 
? ? ? ? ? ? ? ? ? ? ? ? ? ? ? ? ? ? ? ? ? ? ? ? ? ? ? ? ? ? ? ? ? ? ? ? ? ? ? ? ? ? ? ? ? 
? ? ? ? ? ? ? ? ? ? ? ? ? ? ? ? ? ? ? ? ? ? ? ? ? ? ? ? ? ? ? ? ? ? ? ? ? ? ? ? ? ? ? ? ? 
? ? ? ? ? ? ? ? ? ? ? ? ? ? ? ? ? ? ? ? ? ? ? ? ? ? ? ? ? ? ? ? ? ? ? ? ? ? ? ? ? ? ? ? ? 
? ? ? ? ? ? ? ? ? ? ? ? ? ? ? ? ? ? ? ? ? ? ? ? ? ? ? ? ? ? ? ? ? ? ? ? ? ? ? ? ? ? ? ? ? 
Step: 6
? ? F 2         1 1 3 F 3 1 2 1 1   2 F 2 1 F 3 3 ? ? ? ? ? ? ? ? ? ? ? ? ? ? ? ? ? ? ? ? 
? ? F 2         1 F 3 F 3 F 2 F 1   2 F 2 1 2 F F ? ? ? ? ? ? ? ? ? ? ? ? ? ? ? ? ? ? ? ? 
? ? 3 1         1 1 2 1 2 1 2 2 2 2 3 3 3 1 2 2 3 ? ? ? ? ? ? ? ? ? ? ? ? ? ? ? ? ? ? ? ? 
? ? 1             1 1 1       1 F 3 F F 3 F 1   1 ? ? ? ? ? ? ? ? ? ? ? ? ? ? ? ? ? ? ? ? 
? ? 1 1 1 1     1 3 F 2       1 3 F 5 ? ? 2 2 2 2 ? ? ? ? ? ? ? ? ? ? ? ? ? ? ? ? ? ? ? ? 
? ? 2 2 F 1 1 1 2 F F 2   1 1 1 3 F ? ? ? ? ? ? ? ? ? ? ? ? ? ? ? ? ? ? ? ? ? ? ? ? ? ? ? 
1 3 F 3 1 1 2 F 3 2 2 1 1 2 F 1 2 F ? ? ? ? ? ? ? ? ? ? ? ? ? ? ? ? ? ? ? ? ? ? ? ? ? ? ? 
1 4 F 3     3 F 4 2 2 1 1 F 2 1 1 2 ? ? ? ? ? ? ? ? ? ? ? ? ? ? ? ? ? ? ? ? ? ? ? ? ? ? ? 
1 F F 2     2 F 5 F F 1 2 2 3 1 2 2 ? ? ? ? ? ? ? ? ? ? ? ? ? ? ? ? ? ? ? ? ? ? ? ? ? ? ? 
1 2 2 1   1 2 3 F F 4 1 1 F 2 F 2 F ? ? ? ? ? ? ? ? ? ? ? ? ? ? ? ? ? ? ? ? ? ? ? ? ? ? ? 
          1 F 3 5 F 4 1 2 2 3 2 3 3 ? ? ? ? ? ? ? ? ? ? ? ? ? ? ? ? ? ? ? ? ? ? ? ? ? ? ? 
        1 2 3 ? ? ? ? ? ? ? ? ? ? ? ? ? ? ? ? ? ? ? ? ? ? ? ? ? ? ? ? ? ? ? ? ? ? ? ? ? ? 
2 2 1   1 F 3 ? ? ? ? ? ? ? ? ? ? ? ? ? ? ? ? ? ? ? ? ? ? ? ? ? ? ? ? ? ? ? ? ? ? ? ? ? ? 
F F 2 1 2 3 ? ? ? ? ? ? ? ? ? ? ? ? ? ? ? ? ? ? ? ? ? ? ? ? ? ? ? ? ? ? ? ? ? ? ? ? ? ? ? 
? ? ? ? ? ? ? ? ? ? ? ? ? ? ? ? ? ? ? ? ? ? ? ? ? ? ? ? ? ? ? ? ? ? ? ? ? ? ? ? ? ? ? ? ? 
? ? ? ? ? ? ? ? ? ? ? ? ? ? ? ? ? ? ? ? ? ? ? ? ? ? ? ? ? ? ? ? ? ? ? ? ? ? ? ? ? ? ? ? ? 
? ? ? ? ? ? ? ? ? ? ? ? ? ? ? ? ? ? ? ? ? ? ? ? ? ? ? ? ? ? ? ? ? ? ? ? ? ? ? ? ? ? ? ? ? 
? ? ? ? ? ? ? ? ? ? ? ? ? ? ? ? ? ? ? ? ? ? ? ? ? ? ? ? ? ? ? ? ? ? ? ? ? ? ? ? ? ? ? ? ? 
? ? ? ? ? ? ? ? ? ? ? ? ? ? ? ? ? ? ? ? ? ? ? ? ? ? ? ? ? ? ? ? ? ? ? ? ? ? ? ? ? ? ? ? ? 
? ? ? ? ? ? ? ? ? ? ? ? ? ? ? ? ? ? ? ? ? ? ? ? ? ? ? ? ? ? ? ? ? ? ? ? ? ? ? ? ? ? ? ? ? 
? ? ? ? ? ? ? ? ? ? ? ? ? ? ? ? ? ? ? ? ? ? ? ? ? ? ? ? ? ? ? ? ? ? ? ? ? ? ? ? ? ? ? ? ? 
? ? ? ? ? ? ? ? ? ? ? ? ? ? ? ? ? ? ? ? ? ? ? ? ? ? ? ? ? ? ? ? ? ? ? ? ? ? ? ? ? ? ? ? ? 
? ? ? ? ? ? ? ? ? ? ? ? ? ? ? ? ? ? ? ? ? ? ? ? ? ? ? ? ? ? ? ? ? ? ? ? ? ? ? ? ? ? ? ? ? 
? ? ? ? ? ? ? ? ? ? ? ? ? ? ? ? ? ? ? ? ? ? ? ? ? ? ? ? ? ? ? ? ? ? ? ? ? ? ? ? ? ? ? ? ? 
? ? ? ? ? ? ? ? ? ? ? ? ? ? ? ? ? ? ? ? ? ? ? ? ? ? ? ? ? ? ? ? ? ? ? ? ? ? ? ? ? ? ? ? ? 
? ? ? ? ? ? ? ? ? ? ? ? ? ? ? ? ? ? ? ? ? ? ? ? ? ? ? ? ? ? ? ? ? ? ? ? ? ? ? ? ? ? ? ? ? 
Step: 7
? ? F 2         1 1 3 F 3 1 2 1 1   2 F 2 1 F 3 3 ? ? ? ? ? ? ? ? ? ? ? ? ? ? ? ? ? ? ? ? 
? F F 2         1 F 3 F 3 F 2 F 1   2 F 2 1 2 F F ? ? ? ? ? ? ? ? ? ? ? ? ? ? ? ? ? ? ? ? 
? ? 3 1         1 1 2 1 2 1 2 2 2 2 3 3 3 1 2 2 3 ? ? ? ? ? ? ? ? ? ? ? ? ? ? ? ? ? ? ? ? 
? 2 1             1 1 1       1 F 3 F F 3 F 1   1 ? ? ? ? ? ? ? ? ? ? ? ? ? ? ? ? ? ? ? ? 
? ? 1 1 1 1     1 3 F 2       1 3 F 5 ? ? 2 2 2 2 ? ? ? ? ? ? ? ? ? ? ? ? ? ? ? ? ? ? ? ? 
? ? 2 2 F 1 1 1 2 F F 2   1 1 1 3 F ? ? ? ? ? ? F ? ? ? ? ? ? ? ? ? ? ? ? ? ? ? ? ? ? ? ? 
1 3 F 3 1 1 2 F 3 2 2 1 1 2 F 1 2 F ? ? ? ? ? ? ? ? ? ? ? ? ? ? ? ? ? ? ? ? ? ? ? ? ? ? ? 
1 4 F 3     3 F 4 2 2 1 1 F 2 1 1 2 ? ? ? ? ? ? ? ? ? ? ? ? ? ? ? ? ? ? ? ? ? ? ? ? ? ? ? 
1 F F 2     2 F 5 F F 1 2 2 3 1 2 2 ? ? ? ? ? ? ? ? ? ? ? ? ? ? ? ? ? ? ? ? ? ? ? ? ? ? ? 
1 2 2 1   1 2 3 F F 4 1 1 F 2 F 2 F ? ? ? ? ? ? ? ? ? ? ? ? ? ? ? ? ? ? ? ? ? ? ? ? ? ? ? 
          1 F 3 5 F 4 1 2 2 3 2 3 3 ? ? ? ? ? ? ? ? ? ? ? ? ? ? ? ? ? ? ? ? ? ? ? ? ? ? ? 
        1 2 3 ? ? F ? ? 2 ? ? 2 ? ? ? ? ? ? ? ? ? ? ? ? ? ? ? ? ? ? ? ? ? ? ? ? ? ? ? ? ? 
2 2 1   1 F 3 ? ? ? ? ? ? ? ? ? ? ? ? ? ? ? ? ? ? ? ? ? ? ? ? ? ? ? ? ? ? ? ? ? ? ? ? ? ? 
F F 2 1 2 3 ? ? ? ? ? ? ? ? ? ? ? ? ? ? ? ? ? ? ? ? ? ? ? ? ? ? ? ? ? ? ? ? ? ? ? ? ? ? ? 
? ? ? ? ? ? ? ? ? ? ? ? ? ? ? ? ? ? ? ? ? ? ? ? ? ? ? ? ? ? ? ? ? ? ? ? ? ? ? ? ? ? ? ? ? 
? ? ? ? ? ? ? ? ? ? ? ? ? ? ? ? ? ? ? ? ? ? ? ? ? ? ? ? ? ? ? ? ? ? ? ? ? ? ? ? ? ? ? ? ? 
? ? ? ? ? ? ? ? ? ? ? ? ? ? ? ? ? ? ? ? ? ? ? ? ? ? ? ? ? ? ? ? ? ? ? ? ? ? ? ? ? ? ? ? ? 
? ? ? ? ? ? ? ? ? ? ? ? ? ? ? ? ? ? ? ? ? ? ? ? ? ? ? ? ? ? ? ? ? ? ? ? ? ? ? ? ? ? ? ? ? 
? ? ? ? ? ? ? ? ? ? ? ? ? ? ? ? ? ? ? ? ? ? ? ? ? ? ? ? ? ? ? ? ? ? ? ? ? ? ? ? ? ? ? ? ? 
? ? ? ? ? ? ? ? ? ? ? ? ? ? ? ? ? ? ? ? ? ? ? ? ? ? ? ? ? ? ? ? ? ? ? ? ? ? ? ? ? ? ? ? ? 
? ? ? ? ? ? ? ? ? ? ? ? ? ? ? ? ? ? ? ? ? ? ? ? ? ? ? ? ? ? ? ? ? ? ? ? ? ? ? ? ? ? ? ? ? 
? ? ? ? ? ? ? ? ? ? ? ? ? ? ? ? ? ? ? ? ? ? ? ? ? ? ? ? ? ? ? ? ? ? ? ? ? ? ? ? ? ? ? ? ? 
? ? ? ? ? ? ? ? ? ? ? ? ? ? ? ? ? ? ? ? ? ? ? ? ? ? ? ? ? ? ? ? ? ? ? ? ? ? ? ? ? ? ? ? ? 
? ? ? ? ? ? ? ? ? ? ? ? ? ? ? ? ? ? ? ? ? ? ? ? ? ? ? ? ? ? ? ? ? ? ? ? ? ? ? ? ? ? ? ? ? 
? ? ? ? ? ? ? ? ? ? ? ? ? ? ? ? ? ? ? ? ? ? ? ? ? ? ? ? ? ? ? ? ? ? ? ? ? ? ? ? ? ? ? ? ? 
? ? ? ? ? ? ? ? ? ? ? ? ? ? ? ? ? ? ? ? ? ? ? ? ? ? ? ? ? ? ? ? ? ? ? ? ? ? ? ? ? ? ? ? ? 
Step: 8
? ? F 2         1 1 3 F 3 1 2 1 1   2 F 2 1 F 3 3 ? ? ? ? ? ? ? ? ? ? ? ? ? ? ? ? ? ? ? ? 
? F F 2         1 F 3 F 3 F 2 F 1   2 F 2 1 2 F F ? ? ? ? ? ? ? ? ? ? ? ? ? ? ? ? ? ? ? ? 
? F 3 1         1 1 2 1 2 1 2 2 2 2 3 3 3 1 2 2 3 ? ? ? ? ? ? ? ? ? ? ? ? ? ? ? ? ? ? ? ? 
2 2 1             1 1 1       1 F 3 F F 3 F 1   1 ? ? ? ? ? ? ? ? ? ? ? ? ? ? ? ? ? ? ? ? 
1 1 1 1 1 1     1 3 F 2       1 3 F 5 ? ? 2 2 2 2 ? ? ? ? ? ? ? ? ? ? ? ? ? ? ? ? ? ? ? ? 
1 F 2 2 F 1 1 1 2 F F 2   1 1 1 3 F ? ? ? ? ? ? F ? ? ? ? ? ? ? ? ? ? ? ? ? ? ? ? ? ? ? ? 
1 3 F 3 1 1 2 F 3 2 2 1 1 2 F 1 2 F ? ? ? ? ? ? ? ? ? ? ? ? ? ? ? ? ? ? ? ? ? ? ? ? ? ? ? 
1 4 F 3     3 F 4 2 2 1 1 F 2 1 1 2 ? ? ? ? ? ? ? ? ? ? ? ? ? ? ? ? ? ? ? ? ? ? ? ? ? ? ? 
1 F F 2     2 F 5 F F 1 2 2 3 1 2 2 ? ? ? ? ? ? ? ? ? ? ? ? ? ? ? ? ? ? ? ? ? ? ? ? ? ? ? 
1 2 2 1   1 2 3 F F 4 1 1 F 2 F 2 F ? ? ? ? ? ? ? ? ? ? ? ? ? ? ? ? ? ? ? ? ? ? ? ? ? ? ? 
          1 F 3 5 F 4 1 2 2 3 2 3 3 ? ? ? ? ? ? ? ? ? ? ? ? ? ? ? ? ? ? ? ? ? ? ? ? ? ? ? 
        1 2 3 ? ? F ? ? 2 ? ? 2 ? ? ? ? ? ? ? ? ? ? ? ? ? ? ? ? ? ? ? ? ? ? ? ? ? ? ? ? ? 
2 2 1   1 F 3 ? ? ? ? ? ? ? ? ? ? ? ? ? ? ? ? ? ? ? ? ? ? ? ? ? ? ? ? ? ? ? ? ? ? ? ? ? ? 
F F 2 1 2 3 ? ? ? ? ? ? ? ? ? ? ? ? ? ? ? ? ? ? ? ? ? ? ? ? ? ? ? ? ? ? ? ? ? ? ? ? ? ? ? 
? ? ? ? ? ? ? ? ? ? ? ? ? ? ? ? ? ? ? ? ? ? ? ? ? ? ? ? ? ? ? ? ? ? ? ? ? ? ? ? ? ? ? ? ? 
? ? ? ? ? ? ? ? ? ? ? ? ? ? ? ? ? ? ? ? ? ? ? ? ? ? ? ? ? ? ? ? ? ? ? ? ? ? ? ? ? ? ? ? ? 
? ? ? ? ? ? ? ? ? ? ? ? ? ? ? ? ? ? ? ? ? ? ? ? ? ? ? ? ? ? ? ? ? ? ? ? ? ? ? ? ? ? ? ? ? 
? ? ? ? ? ? ? ? ? ? ? ? ? ? ? ? ? ? ? ? ? ? ? ? ? ? ? ? ? ? ? ? ? ? ? ? ? ? ? ? ? ? ? ? ? 
? ? ? ? ? ? ? ? ? ? ? ? ? ? ? ? ? ? ? ? ? ? ? ? ? ? ? ? ? ? ? ? ? ? ? ? ? ? ? ? ? ? ? ? ? 
? ? ? ? ? ? ? ? ? ? ? ? ? ? ? ? ? ? ? ? ? ? ? ? ? ? ? ? ? ? ? ? ? ? ? ? ? ? ? ? ? ? ? ? ? 
? ? ? ? ? ? ? ? ? ? ? ? ? ? ? ? ? ? ? ? ? ? ? ? ? ? ? ? ? ? ? ? ? ? ? ? ? ? ? ? ? ? ? ? ? 
? ? ? ? ? ? ? ? ? ? ? ? ? ? ? ? ? ? ? ? ? ? ? ? ? ? ? ? ? ? ? ? ? ? ? ? ? ? ? ? ? ? ? ? ? 
? ? ? ? ? ? ? ? ? ? ? ? ? ? ? ? ? ? ? ? ? ? ? ? ? ? ? ? ? ? ? ? ? ? ? ? ? ? ? ? ? ? ? ? ? 
? ? ? ? ? ? ? ? ? ? ? ? ? ? ? ? ? ? ? ? ? ? ? ? ? ? ? ? ? ? ? ? ? ? ? ? ? ? ? ? ? ? ? ? ? 
? ? ? ? ? ? ? ? ? ? ? ? ? ? ? ? ? ? ? ? ? ? ? ? ? ? ? ? ? ? ? ? ? ? ? ? ? ? ? ? ? ? ? ? ? 
? ? ? ? ? ? ? ? ? ? ? ? ? ? ? ? ? ? ? ? ? ? ? ? ? ? ? ? ? ? ? ? ? ? ? ? ? ? ? ? ? ? ? ? ? 
Step: 9
? ? F 2         1 1 3 F 3 1 2 1 1   2 F 2 1 F 3 3 ? ? ? ? ? ? ? ? ? ? ? ? ? ? ? ? ? ? ? ? 
? F F 2         1 F 3 F 3 F 2 F 1   2 F 2 1 2 F F ? ? ? ? ? ? ? ? ? ? ? ? ? ? ? ? ? ? ? ? 
F F 3 1         1 1 2 1 2 1 2 2 2 2 3 3 3 1 2 2 3 ? ? ? ? ? ? ? ? ? ? ? ? ? ? ? ? ? ? ? ? 
2 2 1             1 1 1       1 F 3 F F 3 F 1   1 ? ? ? ? ? ? ? ? ? ? ? ? ? ? ? ? ? ? ? ? 
1 1 1 1 1 1     1 3 F 2       1 3 F 5 ? ? 2 2 2 2 ? ? ? ? ? ? ? ? ? ? ? ? ? ? ? ? ? ? ? ? 
1 F 2 2 F 1 1 1 2 F F 2   1 1 1 3 F ? ? ? ? ? ? F ? ? ? ? ? ? ? ? ? ? ? ? ? ? ? ? ? ? ? ? 
1 3 F 3 1 1 2 F 3 2 2 1 1 2 F 1 2 F ? ? ? ? ? ? ? ? ? ? ? ? ? ? ? ? ? ? ? ? ? ? ? ? ? ? ? 
1 4 F 3     3 F 4 2 2 1 1 F 2 1 1 2 ? ? ? ? ? ? ? ? ? ? ? ? ? ? ? ? ? ? ? ? ? ? ? ? ? ? ? 
1 F F 2     2 F 5 F F 1 2 2 3 1 2 2 ? ? ? ? ? ? ? ? ? ? ? ? ? ? ? ? ? ? ? ? ? ? ? ? ? ? ? 
1 2 2 1   1 2 3 F F 4 1 1 F 2 F 2 F ? ? ? ? ? ? ? ? ? ? ? ? ? ? ? ? ? ? ? ? ? ? ? ? ? ? ? 
          1 F 3 5 F 4 1 2 2 3 2 3 3 ? ? ? ? ? ? ? ? ? ? ? ? ? ? ? ? ? ? ? ? ? ? ? ? ? ? ? 
        1 2 3 ? ? F ? ? 2 ? ? 2 ? ? ? ? ? ? ? ? ? ? ? ? ? ? ? ? ? ? ? ? ? ? ? ? ? ? ? ? ? 
2 2 1   1 F 3 ? ? ? ? ? ? ? ? ? ? ? ? ? ? ? ? ? ? ? ? ? ? ? ? ? ? ? ? ? ? ? ? ? ? ? ? ? ? 
F F 2 1 2 3 ? ? ? ? ? ? ? ? ? ? ? ? ? ? ? ? ? ? ? ? ? ? ? ? ? ? ? ? ? ? ? ? ? ? ? ? ? ? ? 
? ? ? ? ? ? ? ? ? ? ? ? ? ? ? ? ? ? ? ? ? ? ? ? ? ? ? ? ? ? ? ? ? ? ? ? ? ? ? ? ? ? ? ? ? 
? ? ? ? ? ? ? ? ? ? ? ? ? ? ? ? ? ? ? ? ? ? ? ? ? ? ? ? ? ? ? ? ? ? ? ? ? ? ? ? ? ? ? ? ? 
? ? ? ? ? ? ? ? ? ? ? ? ? ? ? ? ? ? ? ? ? ? ? ? ? ? ? ? ? ? ? ? ? ? ? ? ? ? ? ? ? ? ? ? ? 
? ? ? ? ? ? ? ? ? ? ? ? ? ? ? ? ? ? ? ? ? ? ? ? ? ? ? ? ? ? ? ? ? ? ? ? ? ? ? ? ? ? ? ? ? 
? ? ? ? ? ? ? ? ? ? ? ? ? ? ? ? ? ? ? ? ? ? ? ? ? ? ? ? ? ? ? ? ? ? ? ? ? ? ? ? ? ? ? ? ? 
? ? ? ? ? ? ? ? ? ? ? ? ? ? ? ? ? ? ? ? ? ? ? ? ? ? ? ? ? ? ? ? ? ? ? ? ? ? ? ? ? ? ? ? ? 
? ? ? ? ? ? ? ? ? ? ? ? ? ? ? ? ? ? ? ? ? ? ? ? ? ? ? ? ? ? ? ? ? ? ? ? ? ? ? ? ? ? ? ? ? 
? ? ? ? ? ? ? ? ? ? ? ? ? ? ? ? ? ? ? ? ? ? ? ? ? ? ? ? ? ? ? ? ? ? ? ? ? ? ? ? ? ? ? ? ? 
? ? ? ? ? ? ? ? ? ? ? ? ? ? ? ? ? ? ? ? ? ? ? ? ? ? ? ? ? ? ? ? ? ? ? ? ? ? ? ? ? ? ? ? ? 
? ? ? ? ? ? ? ? ? ? ? ? ? ? ? ? ? ? ? ? ? ? ? ? ? ? ? ? ? ? ? ? ? ? ? ? ? ? ? ? ? ? ? ? ? 
? ? ? ? ? ? ? ? ? ? ? ? ? ? ? ? ? ? ? ? ? ? ? ? ? ? ? ? ? ? ? ? ? ? ? ? ? ? ? ? ? ? ? ? ? 
? ? ? ? ? ? ? ? ? ? ? ? ? ? ? ? ? ? ? ? ? ? ? ? ? ? ? ? ? ? ? ? ? ? ? ? ? ? ? ? ? ? ? ? ? 
Step: 10
? ? F 2         1 1 3 F 3 1 2 1 1   2 F 2 1 F 3 3 ? ? ? ? ? ? ? ? ? ? ? ? ? ? ? ? ? ? ? ? 
? F F 2         1 F 3 F 3 F 2 F 1   2 F 2 1 2 F F ? ? ? ? ? ? ? ? ? ? ? ? ? ? ? ? ? ? ? ? 
F F 3 1         1 1 2 1 2 1 2 2 2 2 3 3 3 1 2 2 3 ? ? ? ? ? ? ? ? ? ? ? ? ? ? ? ? ? ? ? ? 
2 2 1             1 1 1       1 F 3 F F 3 F 1   1 ? ? ? ? ? ? ? ? ? ? ? ? ? ? ? ? ? ? ? ? 
1 1 1 1 1 1     1 3 F 2       1 3 F 5 ? ? 2 2 2 2 ? ? ? ? ? ? ? ? ? ? ? ? ? ? ? ? ? ? ? ? 
1 F 2 2 F 1 1 1 2 F F 2   1 1 1 3 F ? ? ? 1 ? ? F ? ? ? ? ? ? ? ? ? ? ? ? ? ? ? ? ? ? ? ? 
1 3 F 3 1 1 2 F 3 2 2 1 1 2 F 1 2 F ? ? ? ? ? ? ? ? ? ? ? ? ? ? ? ? ? ? ? ? ? ? ? ? ? ? ? 
1 4 F 3     3 F 4 2 2 1 1 F 2 1 1 2 ? ? ? ? ? ? ? ? ? ? ? ? ? ? ? ? ? ? ? ? ? ? ? ? ? ? ? 
1 F F 2     2 F 5 F F 1 2 2 3 1 2 2 ? ? ? ? ? ? ? ? ? ? ? ? ? ? ? ? ? ? ? ? ? ? ? ? ? ? ? 
1 2 2 1   1 2 3 F F 4 1 1 F 2 F 2 F ? ? ? ? ? ? ? ? ? ? ? ? ? ? ? ? ? ? ? ? ? ? ? ? ? ? ? 
          1 F 3 5 F 4 1 2 2 3 2 3 3 ? ? ? ? ? ? ? ? ? ? ? ? ? ? ? ? ? ? ? ? ? ? ? ? ? ? ? 
        1 2 3 ? ? F ? ? 2 ? ? 2 ? ? ? ? ? ? ? ? ? ? ? ? ? ? ? ? ? ? ? ? ? ? ? ? ? ? ? ? ? 
2 2 1   1 F 3 ? ? ? ? ? ? ? ? ? ? ? ? ? ? ? ? ? ? ? ? ? ? ? ? ? ? ? ? ? ? ? ? ? ? ? ? ? ? 
F F 2 1 2 3 ? ? ? ? ? ? ? ? ? ? ? ? ? ? ? ? ? ? ? ? ? ? ? ? ? ? ? ? ? ? ? ? ? ? ? ? ? ? ? 
? ? ? ? ? ? ? ? ? ? ? ? ? ? ? ? ? ? ? ? ? ? ? ? ? ? ? ? ? ? ? ? ? ? ? ? ? ? ? ? ? ? ? ? ? 
? ? ? ? ? ? ? ? ? ? ? ? ? ? ? ? ? ? ? ? ? ? ? ? ? ? ? ? ? ? ? ? ? ? ? ? ? ? ? ? ? ? ? ? ? 
? ? ? ? ? ? ? ? ? ? ? ? ? ? ? ? ? ? ? ? ? ? ? ? ? ? ? ? ? ? ? ? ? ? ? ? ? ? ? ? ? ? ? ? ? 
? ? ? ? ? ? ? ? ? ? ? ? ? ? ? ? ? ? ? ? ? ? ? ? ? ? ? ? ? ? ? ? ? ? ? ? ? ? ? ? ? ? ? ? ? 
? ? ? ? ? ? ? ? ? ? ? ? ? ? ? ? ? ? ? ? ? ? ? ? ? ? ? ? ? ? ? ? ? ? ? ? ? ? ? ? ? ? ? ? ? 
? ? ? ? ? ? ? ? ? ? ? ? ? ? ? ? ? ? ? ? ? ? ? ? ? ? ? ? ? ? ? ? ? ? ? ? ? ? ? ? ? ? ? ? ? 
? ? ? ? ? ? ? ? ? ? ? ? ? ? ? ? ? ? ? ? ? ? ? ? ? ? ? ? ? ? ? ? ? ? ? ? ? ? ? ? ? ? ? ? ? 
? ? ? ? ? ? ? ? ? ? ? ? ? ? ? ? ? ? ? ? ? ? ? ? ? ? ? ? ? ? ? ? ? ? ? ? ? ? ? ? ? ? ? ? ? 
? ? ? ? ? ? ? ? ? ? ? ? ? ? ? ? ? ? ? ? ? ? ? ? ? ? ? ? ? ? ? ? ? ? ? ? ? ? ? ? ? ? ? ? ? 
? ? ? ? ? ? ? ? ? ? ? ? ? ? ? ? ? ? ? ? ? ? ? ? ? ? ? ? ? ? ? ? ? ? ? ? ? ? ? ? ? ? ? ? ? 
? ? ? ? ? ? ? ? ? ? ? ? ? ? ? ? ? ? ? ? ? ? ? ? ? ? ? ? ? ? ? ? ? ? ? ? ? ? ? ? ? ? ? ? ? 
? ? ? ? ? ? ? ? ? ? ? ? ? ? ? ? ? ? ? ? ? ? ? ? ? ? ? ? ? ? ? ? ? ? ? ? ? ? ? ? ? ? ? ? ? 
Step: 11
? ? F 2         1 1 3 F 3 1 2 1 1   2 F 2 1 F 3 3 ? ? ? ? ? ? ? ? ? ? ? ? ? ? ? ? ? ? ? ? 
? F F 2         1 F 3 F 3 F 2 F 1   2 F 2 1 2 F F ? ? ? ? ? ? ? ? ? ? ? ? ? ? ? ? ? ? ? ? 
F F 3 1         1 1 2 1 2 1 2 2 2 2 3 3 3 1 2 2 3 ? ? ? ? ? ? ? ? ? ? ? ? ? ? ? ? ? ? ? ? 
2 2 1             1 1 1       1 F 3 F F 3 F 1   1 ? ? ? ? ? ? ? ? ? ? ? ? ? ? ? ? ? ? ? ? 
1 1 1 1 1 1     1 3 F 2       1 3 F 5 ? ? 2 2 2 2 ? ? ? ? ? ? ? ? ? ? ? ? ? ? ? ? ? ? ? ? 
1 F 2 2 F 1 1 1 2 F F 2   1 1 1 3 F ? ? ? 1 ? ? F ? ? ? ? ? ? ? ? ? ? ? ? ? ? ? ? ? ? ? ? 
1 3 F 3 1 1 2 F 3 2 2 1 1 2 F 1 2 F ? ? 1 2 3 ? ? ? ? ? ? ? ? ? ? ? ? ? ? ? ? ? ? ? ? ? ? 
1 4 F 3     3 F 4 2 2 1 1 F 2 1 1 2 ? ? ? ? ? ? ? ? ? ? ? ? ? ? ? ? ? ? ? ? ? ? ? ? ? ? ? 
1 F F 2     2 F 5 F F 1 2 2 3 1 2 2 ? ? ? ? ? ? ? ? ? ? ? ? ? ? ? ? ? ? ? ? ? ? ? ? ? ? ? 
1 2 2 1   1 2 3 F F 4 1 1 F 2 F 2 F ? ? ? ? ? ? ? ? ? ? ? ? ? ? ? ? ? ? ? ? ? ? ? ? ? ? ? 
          1 F 3 5 F 4 1 2 2 3 2 3 3 ? ? ? ? ? ? ? ? ? ? ? ? ? ? ? ? ? ? ? ? ? ? ? ? ? ? ? 
        1 2 3 ? ? F ? ? 2 ? ? 2 ? ? ? ? ? ? ? ? ? ? ? ? ? ? ? ? ? ? ? ? ? ? ? ? ? ? ? ? ? 
2 2 1   1 F 3 ? ? ? ? ? ? ? ? ? ? ? ? ? ? ? ? ? ? ? ? ? ? ? ? ? ? ? ? ? ? ? ? ? ? ? ? ? ? 
F F 2 1 2 3 ? ? ? ? ? ? ? ? ? ? ? ? ? ? ? ? ? ? ? ? ? ? ? ? ? ? ? ? ? ? ? ? ? ? ? ? ? ? ? 
? ? ? ? ? ? ? ? ? ? ? ? ? ? ? ? ? ? ? ? ? ? ? ? ? ? ? ? ? ? ? ? ? ? ? ? ? ? ? ? ? ? ? ? ? 
? ? ? ? ? ? ? ? ? ? ? ? ? ? ? ? ? ? ? ? ? ? ? ? ? ? ? ? ? ? ? ? ? ? ? ? ? ? ? ? ? ? ? ? ? 
? ? ? ? ? ? ? ? ? ? ? ? ? ? ? ? ? ? ? ? ? ? ? ? ? ? ? ? ? ? ? ? ? ? ? ? ? ? ? ? ? ? ? ? ? 
? ? ? ? ? ? ? ? ? ? ? ? ? ? ? ? ? ? ? ? ? ? ? ? ? ? ? ? ? ? ? ? ? ? ? ? ? ? ? ? ? ? ? ? ? 
? ? ? ? ? ? ? ? ? ? ? ? ? ? ? ? ? ? ? ? ? ? ? ? ? ? ? ? ? ? ? ? ? ? ? ? ? ? ? ? ? ? ? ? ? 
? ? ? ? ? ? ? ? ? ? ? ? ? ? ? ? ? ? ? ? ? ? ? ? ? ? ? ? ? ? ? ? ? ? ? ? ? ? ? ? ? ? ? ? ? 
? ? ? ? ? ? ? ? ? ? ? ? ? ? ? ? ? ? ? ? ? ? ? ? ? ? ? ? ? ? ? ? ? ? ? ? ? ? ? ? ? ? ? ? ? 
? ? ? ? ? ? ? ? ? ? ? ? ? ? ? ? ? ? ? ? ? ? ? ? ? ? ? ? ? ? ? ? ? ? ? ? ? ? ? ? ? ? ? ? ? 
? ? ? ? ? ? ? ? ? ? ? ? ? ? ? ? ? ? ? ? ? ? ? ? ? ? ? ? ? ? ? ? ? ? ? ? ? ? ? ? ? ? ? ? ? 
? ? ? ? ? ? ? ? ? ? ? ? ? ? ? ? ? ? ? ? ? ? ? ? ? ? ? ? ? ? ? ? ? ? ? ? ? ? ? ? ? ? ? ? ? 
? ? ? ? ? ? ? ? ? ? ? ? ? ? ? ? ? ? ? ? ? ? ? ? ? ? ? ? ? ? ? ? ? ? ? ? ? ? ? ? ? ? ? ? ? 
? ? ? ? ? ? ? ? ? ? ? ? ? ? ? ? ? ? ? ? ? ? ? ? ? ? ? ? ? ? ? ? ? ? ? ? ? ? ? ? ? ? ? ? ? 
Warning: 2^49 permutations, this will take a very long time! (Using 2048 threads for bit masks)
Step: 12
? ? F 2         1 1 3 F 3 1 2 1 1   2 F 2 1 F 3 3 ? ? ? ? ? ? ? ? ? ? ? ? ? ? ? ? ? ? ? ? 
? F F 2         1 F 3 F 3 F 2 F 1   2 F 2 1 2 F F ? ? ? ? ? ? ? ? ? ? ? ? ? ? ? ? ? ? ? ? 
F F 3 1         1 1 2 1 2 1 2 2 2 2 3 3 3 1 2 2 3 ? ? ? ? ? ? ? ? ? ? ? ? ? ? ? ? ? ? ? ? 
2 2 1             1 1 1       1 F 3 F F 3 F 1   1 ? ? ? ? ? ? ? ? ? ? ? ? ? ? ? ? ? ? ? ? 
1 1 1 1 1 1     1 3 F 2       1 3 F 5 ? ? 2 2 2 2 ? ? ? ? ? ? ? ? ? ? ? ? ? ? ? ? ? ? ? ? 
1 F 2 2 F 1 1 1 2 F F 2   1 1 1 3 F ? 1 ? 1 ? ? F ? ? ? ? ? ? ? ? ? ? ? ? ? ? ? ? ? ? ? ? 
1 3 F 3 1 1 2 F 3 2 2 1 1 2 F 1 2 F ? ? 1 2 3 ? ? ? ? ? ? ? ? ? ? ? ? ? ? ? ? ? ? ? ? ? ? 
1 4 F 3     3 F 4 2 2 1 1 F 2 1 1 2 ? ? ? ? ? ? ? ? ? ? ? ? ? ? ? ? ? ? ? ? ? ? ? ? ? ? ? 
1 F F 2     2 F 5 F F 1 2 2 3 1 2 2 ? ? ? ? ? ? ? ? ? ? ? ? ? ? ? ? ? ? ? ? ? ? ? ? ? ? ? 
1 2 2 1   1 2 3 F F 4 1 1 F 2 F 2 F ? ? ? ? ? ? ? ? ? ? ? ? ? ? ? ? ? ? ? ? ? ? ? ? ? ? ? 
          1 F 3 5 F 4 1 2 2 3 2 3 3 ? ? ? ? ? ? ? ? ? ? ? ? ? ? ? ? ? ? ? ? ? ? ? ? ? ? ? 
        1 2 3 ? ? F ? ? 2 ? ? 2 ? ? ? ? ? ? ? ? ? ? ? ? ? ? ? ? ? ? ? ? ? ? ? ? ? ? ? ? ? 
2 2 1   1 F 3 ? ? ? ? ? ? ? ? ? ? ? ? ? ? ? ? ? ? ? ? ? ? ? ? ? ? ? ? ? ? ? ? ? ? ? ? ? ? 
F F 2 1 2 3 ? ? ? ? ? ? ? ? ? ? ? ? ? ? ? ? ? ? ? ? ? ? ? ? ? ? ? ? ? ? ? ? ? ? ? ? ? ? ? 
? ? ? ? ? ? ? ? ? ? ? ? ? ? ? ? ? ? ? ? ? ? ? ? ? ? ? ? ? ? ? ? ? ? ? ? ? ? ? ? ? ? ? ? ? 
? ? ? ? ? ? ? ? ? ? ? ? ? ? ? ? ? ? ? ? ? ? ? ? ? ? ? ? ? ? ? ? ? ? ? ? ? ? ? ? ? ? ? ? ? 
? ? ? ? ? ? ? ? ? ? ? ? ? ? ? ? ? ? ? ? ? ? ? ? ? ? ? ? ? ? ? ? ? ? ? ? ? ? ? ? ? ? ? ? ? 
? ? ? ? ? ? ? ? ? ? ? ? ? ? ? ? ? ? ? ? ? ? ? ? ? ? ? ? ? ? ? ? ? ? ? ? ? ? ? ? ? ? ? ? ? 
? ? ? ? ? ? ? ? ? ? ? ? ? ? ? ? ? ? ? ? ? ? ? ? ? ? ? ? ? ? ? ? ? ? ? ? ? ? ? ? ? ? ? ? ? 
? ? ? ? ? ? ? ? ? ? ? ? ? ? ? ? ? ? ? ? ? ? ? ? ? ? ? ? ? ? ? ? ? ? ? ? ? ? ? ? ? ? ? ? ? 
? ? ? ? ? ? ? ? ? ? ? ? ? ? ? ? ? ? ? ? ? ? ? ? ? ? ? ? ? ? ? ? ? ? ? ? ? ? ? ? ? ? ? ? ? 
? ? ? ? ? ? ? ? ? ? ? ? ? ? ? ? ? ? ? ? ? ? ? ? ? ? ? ? ? ? ? ? ? ? ? ? ? ? ? ? ? ? ? ? ? 
? ? ? ? ? ? ? ? ? ? ? ? ? ? ? ? ? ? ? ? ? ? ? ? ? ? ? ? ? ? ? ? ? ? ? ? ? ? ? ? ? ? ? ? ? 
? ? ? ? ? ? ? ? ? ? ? ? ? ? ? ? ? ? ? ? ? ? ? ? ? ? ? ? ? ? ? ? ? ? ? ? ? ? ? ? ? ? ? ? ? 
? ? ? ? ? ? ? ? ? ? ? ? ? ? ? ? ? ? ? ? ? ? ? ? ? ? ? ? ? ? ? ? ? ? ? ? ? ? ? ? ? ? ? ? ? 
? ? ? ? ? ? ? ? ? ? ? ? ? ? ? ? ? ? ? ? ? ? ? ? ? ? ? ? ? ? ? ? ? ? ? ? ? ? ? ? ? ? ? ? ? 
Step: 13
? ? F 2         1 1 3 F 3 1 2 1 1   2 F 2 1 F 3 3 ? ? ? ? ? ? ? ? ? ? ? ? ? ? ? ? ? ? ? ? 
? F F 2         1 F 3 F 3 F 2 F 1   2 F 2 1 2 F F ? ? ? ? ? ? ? ? ? ? ? ? ? ? ? ? ? ? ? ? 
F F 3 1         1 1 2 1 2 1 2 2 2 2 3 3 3 1 2 2 3 ? ? ? ? ? ? ? ? ? ? ? ? ? ? ? ? ? ? ? ? 
2 2 1             1 1 1       1 F 3 F F 3 F 1   1 ? ? ? ? ? ? ? ? ? ? ? ? ? ? ? ? ? ? ? ? 
1 1 1 1 1 1     1 3 F 2       1 3 F 5 ? 3 2 2 2 2 ? ? ? ? ? ? ? ? ? ? ? ? ? ? ? ? ? ? ? ? 
1 F 2 2 F 1 1 1 2 F F 2   1 1 1 3 F 4 1 1 1 ? 3 F ? ? ? ? ? ? ? ? ? ? ? ? ? ? ? ? ? ? ? ? 
1 3 F 3 1 1 2 F 3 2 2 1 1 2 F 1 2 F 2   1 2 3 ? ? ? ? ? ? ? ? ? ? ? ? ? ? ? ? ? ? ? ? ? ? 
1 4 F 3     3 F 4 2 2 1 1 F 2 1 1 2 2 1 1 ? ? ? ? ? ? ? ? ? ? ? ? ? ? ? ? ? ? ? ? ? ? ? ? 
1 F F 2     2 F 5 F F 1 2 2 3 1 2 2 ? 1 1 2 ? 2 ? ? ? ? ? ? ? ? ? ? ? ? ? ? ? ? ? ? ? ? ? 
1 2 2 1   1 2 3 F F 4 1 1 F 2 F 2 F 3 2   1 1 3 ? ? ? ? ? ? ? ? ? ? ? ? ? ? ? ? ? ? ? ? ? 
          1 F 3 5 F 4 1 2 2 3 2 3 3 F 1     1 3 F ? ? ? ? ? ? ? ? ? ? ? ? ? ? ? ? ? ? ? ? 
        1 2 3 ? ? F ? ? 2 ? ? 2 ? ? 2 1     2 F 4 2 ? ? ? ? ? ? ? ? ? ? ? ? ? ? ? ? ? ? ? 
2 2 1   1 F 3 ? ? ? ? ? ? ? ? ? ? ? 2   1 1 3 F 3 ? ? ? ? ? ? ? ? ? ? ? ? ? ? ? ? ? ? ? ? 
F F 2 1 2 3 ? ? ? ? ? ? ? ? ? ? ? F 2   1 ? 2 1 2 2 ? ? ? ? ? ? ? ? ? ? ? ? ? ? ? ? ? ? ? 
? ? ? ? ? ? ? ? ? ? ? ? ? ? ? ? ? ? 4 2 2 1 1     1 ? ? ? ? ? ? ? ? ? ? ? ? ? ? ? ? ? ? ? 
? ? ? ? ? ? ? ? ? ? ? ? ? ? ? ? ? ? ? F 2   1 2 2 1 ? ? ? ? ? ? ? ? ? ? ? ? ? ? ? ? ? ? ? 
? ? ? ? ? ? ? ? ? ? ? ? ? ? ? ? ? ? ? F 4 1 2 F F 2 ? ? ? ? ? ? ? ? ? ? ? ? ? ? ? ? ? ? ? 
? ? ? ? ? ? ? ? ? ? ? ? ? ? ? ? ? ? ? F ? ? ? ? ? ? ? ? ? ? ? ? ? ? ? ? ? ? ? ? ? ? ? ? ? 
? ? ? ? ? ? ? ? ? ? ? ? ? ? ? ? ? ? ? ? ? ? ? ? ? ? ? ? ? ? ? ? ? ? ? ? ? ? ? ? ? ? ? ? ? 
? ? ? ? ? ? ? ? ? ? ? ? ? ? ? ? ? ? ? ? ? ? ? ? ? ? ? ? ? ? ? ? ? ? ? ? ? ? ? ? ? ? ? ? ? 
? ? ? ? ? ? ? ? ? ? ? ? ? ? ? ? ? ? ? ? ? ? ? ? ? ? ? ? ? ? ? ? ? ? ? ? ? ? ? ? ? ? ? ? ? 
? ? ? ? ? ? ? ? ? ? ? ? ? ? ? ? ? ? ? ? ? ? ? ? ? ? ? ? ? ? ? ? ? ? ? ? ? ? ? ? ? ? ? ? ? 
? ? ? ? ? ? ? ? ? ? ? ? ? ? ? ? ? ? ? ? ? ? ? ? ? ? ? ? ? ? ? ? ? ? ? ? ? ? ? ? ? ? ? ? ? 
? ? ? ? ? ? ? ? ? ? ? ? ? ? ? ? ? ? ? ? ? ? ? ? ? ? ? ? ? ? ? ? ? ? ? ? ? ? ? ? ? ? ? ? ? 
? ? ? ? ? ? ? ? ? ? ? ? ? ? ? ? ? ? ? ? ? ? ? ? ? ? ? ? ? ? ? ? ? ? ? ? ? ? ? ? ? ? ? ? ? 
? ? ? ? ? ? ? ? ? ? ? ? ? ? ? ? ? ? ? ? ? ? ? ? ? ? ? ? ? ? ? ? ? ? ? ? ? ? ? ? ? ? ? ? ? 
Step: 14
? ? F 2         1 1 3 F 3 1 2 1 1   2 F 2 1 F 3 3 ? ? ? ? ? ? ? ? ? ? ? ? ? ? ? ? ? ? ? ? 
? F F 2         1 F 3 F 3 F 2 F 1   2 F 2 1 2 F F ? ? ? ? ? ? ? ? ? ? ? ? ? ? ? ? ? ? ? ? 
F F 3 1         1 1 2 1 2 1 2 2 2 2 3 3 3 1 2 2 3 ? ? ? ? ? ? ? ? ? ? ? ? ? ? ? ? ? ? ? ? 
2 2 1             1 1 1       1 F 3 F F 3 F 1   1 ? ? ? ? ? ? ? ? ? ? ? ? ? ? ? ? ? ? ? ? 
1 1 1 1 1 1     1 3 F 2       1 3 F 5 F 3 2 2 2 2 ? ? ? ? ? ? ? ? ? ? ? ? ? ? ? ? ? ? ? ? 
1 F 2 2 F 1 1 1 2 F F 2   1 1 1 3 F 4 1 1 1 F 3 F ? ? ? ? ? ? ? ? ? ? ? ? ? ? ? ? ? ? ? ? 
1 3 F 3 1 1 2 F 3 2 2 1 1 2 F 1 2 F 2   1 2 3 ? ? ? ? ? ? ? ? ? ? ? ? ? ? ? ? ? ? ? ? ? ? 
1 4 F 3     3 F 4 2 2 1 1 F 2 1 1 2 2 1 1 F 3 ? ? ? ? ? ? ? ? ? ? ? ? ? ? ? ? ? ? ? ? ? ? 
1 F F 2     2 F 5 F F 1 2 2 3 1 2 2 F 1 1 2 F 2 ? ? ? ? ? ? ? ? ? ? ? ? ? ? ? ? ? ? ? ? ? 
1 2 2 1   1 2 3 F F 4 1 1 F 2 F 2 F 3 2   1 1 3 F ? ? ? ? ? ? ? ? ? ? ? ? ? ? ? ? ? ? ? ? 
          1 F 3 5 F 4 1 2 2 3 2 3 3 F 1     1 3 F ? ? ? ? ? ? ? ? ? ? ? ? ? ? ? ? ? ? ? ? 
        1 2 3 ? ? F ? ? 2 ? ? 2 ? ? 2 1     2 F 4 2 ? ? ? ? ? ? ? ? ? ? ? ? ? ? ? ? ? ? ? 
2 2 1   1 F 3 ? ? ? ? ? ? ? ? ? ? ? 2   1 1 3 F 3 F ? ? ? ? ? ? ? ? ? ? ? ? ? ? ? ? ? ? ? 
F F 2 1 2 3 ? ? ? ? ? ? ? ? ? ? ? F 2   1 F 2 1 2 2 ? ? ? ? ? ? ? ? ? ? ? ? ? ? ? ? ? ? ? 
? ? ? ? ? ? ? ? ? ? ? ? ? ? ? ? ? ? 4 2 2 1 1     1 1 ? ? ? ? ? ? ? ? ? ? ? ? ? ? ? ? ? ? 
? ? ? ? ? ? ? ? ? ? ? ? ? ? ? ? ? ? F F 2   1 2 2 1 1 ? ? ? ? ? ? ? ? ? ? ? ? ? ? ? ? ? ? 
? ? ? ? ? ? ? ? ? ? ? ? ? ? ? ? ? ? ? F 4 1 2 F F 2 1 ? ? ? ? ? ? ? ? ? ? ? ? ? ? ? ? ? ? 
? ? ? ? ? ? ? ? ? ? ? ? ? ? ? ? ? ? ? F ? ? ? ? ? ? ? ? ? ? ? ? ? ? ? ? ? ? ? ? ? ? ? ? ? 
? ? ? ? ? ? ? ? ? ? ? ? ? ? ? ? ? ? ? ? ? ? ? ? ? ? ? ? ? ? ? ? ? ? ? ? ? ? ? ? ? ? ? ? ? 
? ? ? ? ? ? ? ? ? ? ? ? ? ? ? ? ? ? ? ? ? ? ? ? ? ? ? ? ? ? ? ? ? ? ? ? ? ? ? ? ? ? ? ? ? 
? ? ? ? ? ? ? ? ? ? ? ? ? ? ? ? ? ? ? ? ? ? ? ? ? ? ? ? ? ? ? ? ? ? ? ? ? ? ? ? ? ? ? ? ? 
? ? ? ? ? ? ? ? ? ? ? ? ? ? ? ? ? ? ? ? ? ? ? ? ? ? ? ? ? ? ? ? ? ? ? ? ? ? ? ? ? ? ? ? ? 
? ? ? ? ? ? ? ? ? ? ? ? ? ? ? ? ? ? ? ? ? ? ? ? ? ? ? ? ? ? ? ? ? ? ? ? ? ? ? ? ? ? ? ? ? 
? ? ? ? ? ? ? ? ? ? ? ? ? ? ? ? ? ? ? ? ? ? ? ? ? ? ? ? ? ? ? ? ? ? ? ? ? ? ? ? ? ? ? ? ? 
? ? ? ? ? ? ? ? ? ? ? ? ? ? ? ? ? ? ? ? ? ? ? ? ? ? ? ? ? ? ? ? ? ? ? ? ? ? ? ? ? ? ? ? ? 
? ? ? ? ? ? ? ? ? ? ? ? ? ? ? ? ? ? ? ? ? ? ? ? ? ? ? ? ? ? ? ? ? ? ? ? ? ? ? ? ? ? ? ? ? 
Step: 15
? ? F 2         1 1 3 F 3 1 2 1 1   2 F 2 1 F 3 3 ? ? ? ? ? ? ? ? ? ? ? ? ? ? ? ? ? ? ? ? 
? F F 2         1 F 3 F 3 F 2 F 1   2 F 2 1 2 F F ? ? ? ? ? ? ? ? ? ? ? ? ? ? ? ? ? ? ? ? 
F F 3 1         1 1 2 1 2 1 2 2 2 2 3 3 3 1 2 2 3 ? ? ? ? ? ? ? ? ? ? ? ? ? ? ? ? ? ? ? ? 
2 2 1             1 1 1       1 F 3 F F 3 F 1   1 ? ? ? ? ? ? ? ? ? ? ? ? ? ? ? ? ? ? ? ? 
1 1 1 1 1 1     1 3 F 2       1 3 F 5 F 3 2 2 2 2 2 3 ? ? ? ? ? ? ? ? ? ? ? ? ? ? ? ? ? ? 
1 F 2 2 F 1 1 1 2 F F 2   1 1 1 3 F 4 1 1 1 F 3 F 1 2 ? ? ? ? ? ? ? ? ? ? ? ? ? ? ? ? ? ? 
1 3 F 3 1 1 2 F 3 2 2 1 1 2 F 1 2 F 2   1 2 3 ? 2 1 1 2 ? ? ? ? ? ? ? ? ? ? ? ? ? ? ? ? ? 
1 4 F 3     3 F 4 2 2 1 1 F 2 1 1 2 2 1 1 F 3 2 1     1 3 ? ? ? ? ? ? ? ? ? ? ? ? ? ? ? ? 
1 F F 2     2 F 5 F F 1 2 2 3 1 2 2 F 1 1 2 F 2 1 1     1 1 2 ? ? ? ? ? ? ? ? ? ? ? ? ? ? 
1 2 2 1   1 2 3 F F 4 1 1 F 2 F 2 F 3 2   1 1 3 F 2 1 1 1   1 ? ? ? ? ? ? ? ? ? ? ? ? ? ? 
          1 F 3 5 F 4 1 2 2 3 2 3 3 F 1     1 3 F 2 2 F 2   1 2 ? ? ? ? ? ? ? ? ? ? ? ? ? 
        1 2 3 ? ? F ? ? 2 ? ? 2 ? ? 2 1     2 F 4 2 3 F 2 1 1 2 ? ? ? ? ? ? ? ? ? ? ? ? ? 
2 2 1   1 F 3 ? ? ? ? ? ? ? ? ? ? ? 2   1 1 3 F 3 F 3 3 2 2 F 2 ? ? ? ? ? ? ? ? ? ? ? ? ? 
F F 2 1 2 3 ? ? ? ? ? ? ? ? ? ? ? F 2   1 F 2 1 2 2 F 2 ? ? ? ? ? ? ? ? ? ? ? ? ? ? ? ? ? 
? ? ? ? ? ? ? ? ? ? ? ? ? ? ? ? ? ? 4 2 2 1 1     1 1 2 1 2 ? ? ? ? ? ? ? ? ? ? ? ? ? ? ? 
? ? ? ? ? ? ? ? ? ? ? ? ? ? ? ? ? ? F F 2   1 2 2 1 1 1 1 1 ? ? ? ? ? ? ? ? ? ? ? ? ? ? ? 
? ? ? ? ? ? ? ? ? ? ? ? ? ? ? ? ? ? ? F 4 1 2 F F 2 1 F 2 2 ? ? ? ? ? ? ? ? ? ? ? ? ? ? ? 
? ? ? ? ? ? ? ? ? ? ? ? ? ? ? ? ? ? ? F ? ? ? ? ? 2 2 3 ? ? ? ? ? ? ? ? ? ? ? ? ? ? ? ? ? 
? ? ? ? ? ? ? ? ? ? ? ? ? ? ? ? ? ? ? ? ? ? ? ? ? ? ? ? ? ? ? ? ? ? ? ? ? ? ? ? ? ? ? ? ? 
? ? ? ? ? ? ? ? ? ? ? ? ? ? ? ? ? ? ? ? ? ? ? ? ? ? ? ? ? ? ? ? ? ? ? ? ? ? ? ? ? ? ? ? ? 
? ? ? ? ? ? ? ? ? ? ? ? ? ? ? ? ? ? ? ? ? ? ? ? ? ? ? ? ? ? ? ? ? ? ? ? ? ? ? ? ? ? ? ? ? 
? ? ? ? ? ? ? ? ? ? ? ? ? ? ? ? ? ? ? ? ? ? ? ? ? ? ? ? ? ? ? ? ? ? ? ? ? ? ? ? ? ? ? ? ? 
? ? ? ? ? ? ? ? ? ? ? ? ? ? ? ? ? ? ? ? ? ? ? ? ? ? ? ? ? ? ? ? ? ? ? ? ? ? ? ? ? ? ? ? ? 
? ? ? ? ? ? ? ? ? ? ? ? ? ? ? ? ? ? ? ? ? ? ? ? ? ? ? ? ? ? ? ? ? ? ? ? ? ? ? ? ? ? ? ? ? 
? ? ? ? ? ? ? ? ? ? ? ? ? ? ? ? ? ? ? ? ? ? ? ? ? ? ? ? ? ? ? ? ? ? ? ? ? ? ? ? ? ? ? ? ? 
? ? ? ? ? ? ? ? ? ? ? ? ? ? ? ? ? ? ? ? ? ? ? ? ? ? ? ? ? ? ? ? ? ? ? ? ? ? ? ? ? ? ? ? ? 
Step: 16
? ? F 2         1 1 3 F 3 1 2 1 1   2 F 2 1 F 3 3 ? ? ? ? ? ? ? ? ? ? ? ? ? ? ? ? ? ? ? ? 
? F F 2         1 F 3 F 3 F 2 F 1   2 F 2 1 2 F F ? ? ? ? ? ? ? ? ? ? ? ? ? ? ? ? ? ? ? ? 
F F 3 1         1 1 2 1 2 1 2 2 2 2 3 3 3 1 2 2 3 ? ? ? ? ? ? ? ? ? ? ? ? ? ? ? ? ? ? ? ? 
2 2 1             1 1 1       1 F 3 F F 3 F 1   1 F 2 ? ? ? ? ? ? ? ? ? ? ? ? ? ? ? ? ? ? 
1 1 1 1 1 1     1 3 F 2       1 3 F 5 F 3 2 2 2 2 2 3 F ? ? ? ? ? ? ? ? ? ? ? ? ? ? ? ? ? 
1 F 2 2 F 1 1 1 2 F F 2   1 1 1 3 F 4 1 1 1 F 3 F 1 2 F ? ? ? ? ? ? ? ? ? ? ? ? ? ? ? ? ? 
1 3 F 3 1 1 2 F 3 2 2 1 1 2 F 1 2 F 2   1 2 3 F 2 1 1 2 F F 3 2 ? ? ? ? ? ? ? ? ? ? ? ? ? 
1 4 F 3     3 F 4 2 2 1 1 F 2 1 1 2 2 1 1 F 3 2 1     1 3 F 2 1 3 ? ? ? ? ? ? ? ? ? ? ? ? 
1 F F 2     2 F 5 F F 1 2 2 3 1 2 2 F 1 1 2 F 2 1 1     1 1 2 1 2 ? ? ? ? ? ? ? ? ? ? ? ? 
1 2 2 1   1 2 3 F F 4 1 1 F 2 F 2 F 3 2   1 1 3 F 2 1 1 1   1 F 2 ? ? ? ? ? ? ? ? ? ? ? ? 
          1 F 3 5 F 4 1 2 2 3 2 3 3 F 1     1 3 F 2 2 F 2   1 2 ? ? ? ? ? ? ? ? ? ? ? ? ? 
        1 2 3 ? ? F ? ? 2 ? ? 2 ? ? 2 1     2 F 4 2 3 F 2 1 1 2 F ? ? ? ? ? ? ? ? ? ? ? ? 
2 2 1   1 F 3 ? ? ? ? ? ? ? ? ? ? ? 2   1 1 3 F 3 F 3 3 2 2 F 2 2 ? ? ? ? ? ? ? ? ? ? ? ? 
F F 2 1 2 3 ? ? ? ? ? ? ? ? ? ? ? F 2   1 F 2 1 2 2 F 2 F 2 1 1 2 ? ? ? ? ? ? ? ? ? ? ? ? 
? ? ? ? ? ? ? ? ? ? ? ? ? ? ? ? ? ? 4 2 2 1 1     1 1 2 1 2 2 3 3 ? ? ? ? ? ? ? ? ? ? ? ? 
? ? ? ? ? ? ? ? ? ? ? ? ? ? ? ? ? ? F F 2   1 2 2 1 1 1 1 1 F F F ? ? ? ? ? ? ? ? ? ? ? ? 
? ? ? ? ? ? ? ? ? ? ? ? ? ? ? ? ? ? ? F 4 1 2 F F 2 1 F 2 2 4 ? ? ? ? ? ? ? ? ? ? ? ? ? ? 
? ? ? ? ? ? ? ? ? ? ? ? ? ? ? ? ? ? ? F ? ? ? ? F 2 2 3 ? ? ? ? ? ? ? ? ? ? ? ? ? ? ? ? ? 
? ? ? ? ? ? ? ? ? ? ? ? ? ? ? ? ? ? ? ? ? ? ? ? 2 2 2 F ? ? ? ? ? ? ? ? ? ? ? ? ? ? ? ? ? 
? ? ? ? ? ? ? ? ? ? ? ? ? ? ? ? ? ? ? ? ? ? ? ? ? ? ? ? ? ? ? ? ? ? ? ? ? ? ? ? ? ? ? ? ? 
? ? ? ? ? ? ? ? ? ? ? ? ? ? ? ? ? ? ? ? ? ? ? ? ? ? ? ? ? ? ? ? ? ? ? ? ? ? ? ? ? ? ? ? ? 
? ? ? ? ? ? ? ? ? ? ? ? ? ? ? ? ? ? ? ? ? ? ? ? ? ? ? ? ? ? ? ? ? ? ? ? ? ? ? ? ? ? ? ? ? 
? ? ? ? ? ? ? ? ? ? ? ? ? ? ? ? ? ? ? ? ? ? ? ? ? ? ? ? ? ? ? ? ? ? ? ? ? ? ? ? ? ? ? ? ? 
? ? ? ? ? ? ? ? ? ? ? ? ? ? ? ? ? ? ? ? ? ? ? ? ? ? ? ? ? ? ? ? ? ? ? ? ? ? ? ? ? ? ? ? ? 
? ? ? ? ? ? ? ? ? ? ? ? ? ? ? ? ? ? ? ? ? ? ? ? ? ? ? ? ? ? ? ? ? ? ? ? ? ? ? ? ? ? ? ? ? 
? ? ? ? ? ? ? ? ? ? ? ? ? ? ? ? ? ? ? ? ? ? ? ? ? ? ? ? ? ? ? ? ? ? ? ? ? ? ? ? ? ? ? ? ? 
Step: 17
? ? F 2         1 1 3 F 3 1 2 1 1   2 F 2 1 F 3 3 ? ? ? ? ? ? ? ? ? ? ? ? ? ? ? ? ? ? ? ? 
? F F 2         1 F 3 F 3 F 2 F 1   2 F 2 1 2 F F 3 ? ? ? ? ? ? ? ? ? ? ? ? ? ? ? ? ? ? ? 
F F 3 1         1 1 2 1 2 1 2 2 2 2 3 3 3 1 2 2 3 3 2 1 1 2 ? ? ? ? ? ? ? ? ? ? ? ? ? ? ? 
2 2 1             1 1 1       1 F 3 F F 3 F 1   1 F 2 1 1 1 ? ? ? ? ? ? ? ? ? ? ? ? ? ? ? 
1 1 1 1 1 1     1 3 F 2       1 3 F 5 F 3 2 2 2 2 2 3 F 2 2 ? ? ? ? ? ? ? ? ? ? ? ? ? ? ? 
1 F 2 2 F 1 1 1 2 F F 2   1 1 1 3 F 4 1 1 1 F 3 F 1 2 F 4 3 ? ? ? ? ? ? ? ? ? ? ? ? ? ? ? 
1 3 F 3 1 1 2 F 3 2 2 1 1 2 F 1 2 F 2   1 2 3 F 2 1 1 2 F F 3 2 F ? 2 2 3 2 3 ? ? ? ? ? ? 
1 4 F 3     3 F 4 2 2 1 1 F 2 1 1 2 2 1 1 F 3 2 1     1 3 F 2 1 3 ? 2       1 ? ? ? ? ? ? 
1 F F 2     2 F 5 F F 1 2 2 3 1 2 2 F 1 1 2 F 2 1 1     1 1 2 1 2 ? 1       1 1 ? ? ? ? ? 
1 2 2 1   1 2 3 F F 4 1 1 F 2 F 2 F 3 2   1 1 3 F 2 1 1 1   1 F 2 1 1         1 ? ? ? ? ? 
          1 F 3 5 F 4 1 2 2 3 2 3 3 F 1     1 3 F 2 2 F 2   1 2 2 1     1 1 1 1 ? ? ? ? ? 
        1 2 3 ? ? F ? ? 2 ? ? 2 ? ? 2 1     2 F 4 2 3 F 2 1 1 2 F 3 2 1 2 F 2 2 ? ? ? ? ? 
2 2 1   1 F 3 ? ? ? ? ? ? ? ? ? ? ? 2   1 1 3 F 3 F 3 3 2 2 F 2 2 F F 2 2 F 2 1 ? ? ? ? ? 
F F 2 1 2 3 ? ? ? ? ? ? ? ? ? ? ? F 2   1 F 2 1 2 2 F 2 F 2 1 1 2 4 F 2 1 1 1 2 ? ? ? ? ? 
? ? ? ? ? ? ? ? ? ? ? ? ? ? ? ? ? ? 4 2 2 1 1     1 1 2 1 2 2 3 3 F 2 1       2 ? ? ? ? ? 
? ? ? ? ? ? ? ? ? ? ? ? ? ? ? ? ? ? F F 2   1 2 2 1 1 1 1 1 F F F 2 1   1 1 1 2 F 3 ? ? ? 
? ? ? ? ? ? ? ? ? ? ? ? ? ? ? ? ? ? ? F 4 1 2 F F 2 1 F 2 2 4 ? 5 3 1   2 F 2 1 1 2 1 3 ? 
? ? ? ? ? ? ? ? ? ? ? ? ? ? ? ? ? ? ? F ? ? ? ? F 2 2 3 ? F 2 2 F F 1   2 F 2   1 1 1 2 ? 
? ? ? ? ? ? ? ? ? ? ? ? ? ? ? ? ? ? ? ? ? ? ? ? 2 2 2 F F 2 1 1 2 2 1   1 2 2 1 1 F 1 2 ? 
? ? ? ? ? ? ? ? ? ? ? ? ? ? ? ? ? ? ? ? ? ? ? ? ? ? ? F 4 1     1 1 1   1 2 F 1 1 1 1 1 ? 
? ? ? ? ? ? ? ? ? ? ? ? ? ? ? ? ? ? ? ? ? ? ? ? ? ? ? F 2       1 F 1   1 F 2 2 1 1   1 ? 
? ? ? ? ? ? ? ? ? ? ? ? ? ? ? ? ? ? ? ? ? ? ? ? ? ? ? 3 1       1 1 1   1 2 2 3 F 3 2 4 ? 
? ? ? ? ? ? ? ? ? ? ? ? ? ? ? ? ? ? ? ? ? ? ? ? ? ? ? 2 1 2 2 1 1 1 1   1 3 F 6 F ? ? ? ? 
? ? ? ? ? ? ? ? ? ? ? ? ? ? ? ? ? ? ? ? ? ? ? ? ? ? ? ? ? ? ? 2 1 F 1   1 F F F F ? ? ? ? 
? ? ? ? ? ? ? ? ? ? ? ? ? ? ? ? ? ? ? ? ? ? ? ? ? ? ? ? ? ? F 3 1 1 1   1 3 ? ? ? ? ? ? ? 
? ? ? ? ? ? ? ? ? ? ? ? ? ? ? ? ? ? ? ? ? ? ? ? ? ? ? ? ? ? F 2           1 ? ? ? ? ? ? ? 
Step: 18
? ? F 2         1 1 3 F 3 1 2 1 1   2 F 2 1 F 3 3 F 2 1 2 ? ? ? ? ? ? ? ? ? ? ? ? ? ? ? ? 
? F F 2         1 F 3 F 3 F 2 F 1   2 F 2 1 2 F F 3 F 1 2 F ? ? ? ? ? ? ? ? ? ? ? ? ? ? ? 
F F 3 1         1 1 2 1 2 1 2 2 2 2 3 3 3 1 2 2 3 3 2 1 1 2 ? ? ? ? ? ? ? ? ? ? ? ? ? ? ? 
2 2 1             1 1 1       1 F 3 F F 3 F 1   1 F 2 1 1 1 ? ? ? ? ? ? ? ? ? ? ? ? ? ? ? 
1 1 1 1 1 1     1 3 F 2       1 3 F 5 F 3 2 2 2 2 2 3 F 2 2 ? ? ? ? ? ? ? ? ? ? ? ? ? ? ? 
1 F 2 2 F 1 1 1 2 F F 2   1 1 1 3 F 4 1 1 1 F 3 F 1 2 F 4 3 ? ? ? ? ? F F F 2 ? ? ? ? ? ? 
1 3 F 3 1 1 2 F 3 2 2 1 1 2 F 1 2 F 2   1 2 3 F 2 1 1 2 F F 3 2 F ? 2 2 3 2 3 2 3 1 1 ? ? 
1 4 F 3     3 F 4 2 2 1 1 F 2 1 1 2 2 1 1 F 3 2 1     1 3 F 2 1 3 ? 2       1 F 1   1 ? ? 
1 F F 2     2 F 5 F F 1 2 2 3 1 2 2 F 1 1 2 F 2 1 1     1 1 2 1 2 F 1       1 1 1 1 2 ? ? 
1 2 2 1   1 2 3 F F 4 1 1 F 2 F 2 F 3 2   1 1 3 F 2 1 1 1   1 F 2 1 1         1 2 4 F ? ? 
          1 F 3 5 F 4 1 2 2 3 2 3 3 F 1     1 3 F 2 2 F 2   1 2 2 1     1 1 1 1 F F F ? ? 
        1 2 3 ? ? F ? ? 2 ? ? 2 ? ? 2 1     2 F 4 2 3 F 2 1 1 2 F 3 2 1 2 F 2 2 4 ? ? ? ? 
2 2 1   1 F 3 ? ? ? ? ? ? ? ? ? ? ? 2   1 1 3 F 3 F 3 3 2 2 F 2 2 F F 2 2 F 2 1 F 2 2 2 2 
F F 2 1 2 3 ? ? ? ? ? ? ? ? ? ? ? F 2   1 F 2 1 2 2 F 2 F 2 1 1 2 4 F 2 1 1 1 2 2 2       
? ? ? ? ? ? ? ? ? ? ? ? ? ? ? ? ? ? 4 2 2 1 1     1 1 2 1 2 2 3 3 F 2 1       2 F 3 1 2 1 
? ? ? ? ? ? ? ? ? ? ? ? ? ? ? ? ? ? F F 2   1 2 2 1 1 1 1 1 F F F 2 1   1 1 1 2 F 3 F 2 F 
? ? ? ? ? ? ? ? ? ? ? ? ? ? ? ? ? ? ? F 4 1 2 F F 2 1 F 2 2 4 F 5 3 1   2 F 2 1 1 2 1 3 2 
? ? ? ? ? ? ? ? ? ? ? ? ? ? ? ? ? ? ? F ? ? ? ? F 2 2 3 4 F 2 2 F F 1   2 F 2   1 1 1 2 F 
? ? ? ? ? ? ? ? ? ? ? ? ? ? ? ? ? ? ? ? ? ? ? ? 2 2 2 F F 2 1 1 2 2 1   1 2 2 1 1 F 1 2 F 
? ? ? ? ? ? ? ? ? ? ? ? ? ? ? ? ? ? ? ? ? ? ? ? ? 3 5 F 4 1     1 1 1   1 2 F 1 1 1 1 1 1 
? ? ? ? ? ? ? ? ? ? ? ? ? ? ? ? ? ? ? ? ? ? ? ? ? F F F 2       1 F 1   1 F 2 2 1 1   1 1 
? ? ? ? ? ? ? ? ? ? ? ? ? ? ? ? ? ? ? ? ? ? ? ? ? ? ? 3 1       1 1 1   1 2 2 3 F 3 2 4 F 
? ? ? ? ? ? ? ? ? ? ? ? ? ? ? ? ? ? ? ? ? ? ? ? ? ? ? 2 1 2 2 1 1 1 1   1 3 F 6 F ? F F F 
? ? ? ? ? ? ? ? ? ? ? ? ? ? ? ? ? ? ? ? ? ? ? ? ? ? ? ? ? F F 2 1 F 1   1 F F F F ? ? ? ? 
? ? ? ? ? ? ? ? ? ? ? ? ? ? ? ? ? ? ? ? ? ? ? ? ? ? ? ? ? ? F 3 1 1 1   1 3 ? ? ? ? ? ? ? 
? ? ? ? ? ? ? ? ? ? ? ? ? ? ? ? ? ? ? ? ? ? ? ? ? ? ? ? ? ? F 2           1 ? ? ? ? ? ? ? 
Step: 19
? ? F 2         1 1 3 F 3 1 2 1 1   2 F 2 1 F 3 3 F 2 1 2 F ? ? ? ? ? ? ? ? ? ? ? ? ? ? ? 
? F F 2         1 F 3 F 3 F 2 F 1   2 F 2 1 2 F F 3 F 1 2 F ? ? ? ? ? ? ? ? ? ? ? ? ? ? ? 
F F 3 1         1 1 2 1 2 1 2 2 2 2 3 3 3 1 2 2 3 3 2 1 1 2 ? ? ? ? ? ? ? ? ? ? ? ? ? ? ? 
2 2 1             1 1 1       1 F 3 F F 3 F 1   1 F 2 1 1 1 ? ? ? ? ? ? ? ? ? ? ? ? ? ? ? 
1 1 1 1 1 1     1 3 F 2       1 3 F 5 F 3 2 2 2 2 2 3 F 2 2 ? ? ? ? ? ? ? ? ? ? ? ? ? 4 2 
1 F 2 2 F 1 1 1 2 F F 2   1 1 1 3 F 4 1 1 1 F 3 F 1 2 F 4 3 ? ? ? ? 3 F F F 2 F 2 F 2 1   
1 3 F 3 1 1 2 F 3 2 2 1 1 2 F 1 2 F 2   1 2 3 F 2 1 1 2 F F 3 2 F ? 2 2 3 2 3 2 3 1 1     
1 4 F 3     3 F 4 2 2 1 1 F 2 1 1 2 2 1 1 F 3 2 1     1 3 F 2 1 3 3 2       1 F 1   1 1 1 
1 F F 2     2 F 5 F F 1 2 2 3 1 2 2 F 1 1 2 F 2 1 1     1 1 2 1 2 F 1       1 1 1 1 2 F 1 
1 2 2 1   1 2 3 F F 4 1 1 F 2 F 2 F 3 2   1 1 3 F 2 1 1 1   1 F 2 1 1         1 2 4 F 3 1 
          1 F 3 5 F 4 1 2 2 3 2 3 3 F 1     1 3 F 2 2 F 2   1 2 2 1     1 1 1 1 F F F 4 2 
        1 2 3 ? ? F ? ? 2 ? ? 2 ? ? 2 1     2 F 4 2 3 F 2 1 1 2 F 3 2 1 2 F 2 2 4 F 4 F F 
2 2 1   1 F 3 ? ? ? ? ? ? ? ? ? ? ? 2   1 1 3 F 3 F 3 3 2 2 F 2 2 F F 2 2 F 2 1 F 2 2 2 2 
F F 2 1 2 3 ? ? ? ? ? ? ? ? ? ? ? F 2   1 F 2 1 2 2 F 2 F 2 1 1 2 4 F 2 1 1 1 2 2 2       
? ? ? ? ? ? ? ? ? ? ? ? ? ? ? ? ? ? 4 2 2 1 1     1 1 2 1 2 2 3 3 F 2 1       2 F 3 1 2 1 
? ? ? ? ? ? ? ? ? ? ? ? ? ? ? ? ? ? F F 2   1 2 2 1 1 1 1 1 F F F 2 1   1 1 1 2 F 3 F 2 F 
? ? ? ? ? ? ? ? ? ? ? ? ? ? ? ? ? ? ? F 4 1 2 F F 2 1 F 2 2 4 F 5 3 1   2 F 2 1 1 2 1 3 2 
? ? ? ? ? ? ? ? ? ? ? ? ? ? ? ? ? ? ? F ? ? ? ? F 2 2 3 4 F 2 2 F F 1   2 F 2   1 1 1 2 F 
? ? ? ? ? ? ? ? ? ? ? ? ? ? ? ? ? ? ? ? ? ? ? ? 2 2 2 F F 2 1 1 2 2 1   1 2 2 1 1 F 1 2 F 
? ? ? ? ? ? ? ? ? ? ? ? ? ? ? ? ? ? ? ? ? ? F 3 F 3 5 F 4 1     1 1 1   1 2 F 1 1 1 1 1 1 
? ? ? ? ? ? ? ? ? ? ? ? ? ? ? ? ? ? ? ? ? ? F 4 2 F F F 2       1 F 1   1 F 2 2 1 1   1 1 
? ? ? ? ? ? ? ? ? ? ? ? ? ? ? ? ? ? ? ? ? ? F 4 3 4 ? 3 1       1 1 1   1 2 2 3 F 3 2 4 F 
? ? ? ? ? ? ? ? ? ? ? ? ? ? ? ? ? ? ? ? ? ? ? ? ? ? F 2 1 2 2 1 1 1 1   1 3 F 6 F 4 F F F 
? ? ? ? ? ? ? ? ? ? ? ? ? ? ? ? ? ? ? ? ? ? ? ? ? ? F 3 1 F F 2 1 F 1   1 F F F F 3 2 3 2 
? ? ? ? ? ? ? ? ? ? ? ? ? ? ? ? ? ? ? ? ? ? ? ? ? ? F 3 1 4 F 3 1 1 1   1 3 ? 4 2 1   1 1 
? ? ? ? ? ? ? ? ? ? ? ? ? ? ? ? ? ? ? ? ? ? ? ? ? ? F 2   2 F 2           1 ? 1       1 F 
Step: 20
? ? F 2         1 1 3 F 3 1 2 1 1   2 F 2 1 F 3 3 F 2 1 2 F ? ? ? ? ? ? ? ? ? ? ? ? ? ? ? 
? F F 2         1 F 3 F 3 F 2 F 1   2 F 2 1 2 F F 3 F 1 2 F ? ? ? ? ? ? ? ? ? ? ? ? ? ? ? 
F F 3 1         1 1 2 1 2 1 2 2 2 2 3 3 3 1 2 2 3 3 2 1 1 2 ? ? ? ? ? ? ? ? ? ? ? ? ? ? ? 
2 2 1             1 1 1       1 F 3 F F 3 F 1   1 F 2 1 1 1 ? ? ? ? ? ? ? ? ? ? ? ? F F F 
1 1 1 1 1 1     1 3 F 2       1 3 F 5 F 3 2 2 2 2 2 3 F 2 2 ? ? ? ? ? ? ? 4 3 3 3 4 F 4 2 
1 F 2 2 F 1 1 1 2 F F 2   1 1 1 3 F 4 1 1 1 F 3 F 1 2 F 4 3 ? ? ? ? 3 F F F 2 F 2 F 2 1   
1 3 F 3 1 1 2 F 3 2 2 1 1 2 F 1 2 F 2   1 2 3 F 2 1 1 2 F F 3 2 F F 2 2 3 2 3 2 3 1 1     
1 4 F 3     3 F 4 2 2 1 1 F 2 1 1 2 2 1 1 F 3 2 1     1 3 F 2 1 3 3 2       1 F 1   1 1 1 
1 F F 2     2 F 5 F F 1 2 2 3 1 2 2 F 1 1 2 F 2 1 1     1 1 2 1 2 F 1       1 1 1 1 2 F 1 
1 2 2 1   1 2 3 F F 4 1 1 F 2 F 2 F 3 2   1 1 3 F 2 1 1 1   1 F 2 1 1         1 2 4 F 3 1 
          1 F 3 5 F 4 1 2 2 3 2 3 3 F 1     1 3 F 2 2 F 2   1 2 2 1     1 1 1 1 F F F 4 2 
        1 2 3 ? ? F ? ? 2 ? ? 2 ? ? 2 1     2 F 4 2 3 F 2 1 1 2 F 3 2 1 2 F 2 2 4 F 4 F F 
2 2 1   1 F 3 ? ? ? ? ? ? ? ? ? ? ? 2   1 1 3 F 3 F 3 3 2 2 F 2 2 F F 2 2 F 2 1 F 2 2 2 2 
F F 2 1 2 3 ? ? ? ? ? ? ? ? ? ? ? F 2   1 F 2 1 2 2 F 2 F 2 1 1 2 4 F 2 1 1 1 2 2 2       
? ? ? ? ? ? ? ? ? ? ? ? ? ? ? ? ? ? 4 2 2 1 1     1 1 2 1 2 2 3 3 F 2 1       2 F 3 1 2 1 
? ? ? ? ? ? ? ? ? ? ? ? ? ? ? ? ? ? F F 2   1 2 2 1 1 1 1 1 F F F 2 1   1 1 1 2 F 3 F 2 F 
? ? ? ? ? ? ? ? ? ? ? ? ? ? ? ? ? ? ? F 4 1 2 F F 2 1 F 2 2 4 F 5 3 1   2 F 2 1 1 2 1 3 2 
? ? ? ? ? ? ? ? ? ? ? ? ? ? ? ? ? ? ? F ? ? 2 3 F 2 2 3 4 F 2 2 F F 1   2 F 2   1 1 1 2 F 
? ? ? ? ? ? ? ? ? ? ? ? ? ? ? ? ? ? ? ? ? ? 2 3 2 2 2 F F 2 1 1 2 2 1   1 2 2 1 1 F 1 2 F 
? ? ? ? ? ? ? ? ? ? ? ? ? ? ? ? ? ? ? ? ? ? F 3 F 3 5 F 4 1     1 1 1   1 2 F 1 1 1 1 1 1 
? ? ? ? ? ? ? ? ? ? ? ? ? ? ? ? ? ? ? ? ? ? F 4 2 F F F 2       1 F 1   1 F 2 2 1 1   1 1 
? ? ? ? ? ? ? ? ? ? ? ? ? ? ? ? ? ? ? ? ? ? F 4 3 4 4 3 1       1 1 1   1 2 2 3 F 3 2 4 F 
? ? ? ? ? ? ? ? ? ? ? ? ? ? ? ? ? ? ? ? ? ? ? ? F 5 F 2 1 2 2 1 1 1 1   1 3 F 6 F 4 F F F 
? ? ? ? ? ? ? ? ? ? ? ? ? ? ? ? ? ? ? ? ? ? ? ? F F F 3 1 F F 2 1 F 1   1 F F F F 3 2 3 2 
? ? ? ? ? ? ? ? ? ? ? ? ? ? ? ? ? ? ? ? ? ? ? ? ? ? F 3 1 4 F 3 1 1 1   1 3 ? 4 2 1   1 1 
? ? ? ? ? ? ? ? ? ? ? ? ? ? ? ? ? ? ? ? ? ? ? ? ? ? F 2   2 F 2           1 ? 1       1 F 
Step: 21
? ? F 2         1 1 3 F 3 1 2 1 1   2 F 2 1 F 3 3 F 2 1 2 F ? ? ? ? ? ? ? ? ? ? ? ? ? ? ? 
? F F 2         1 F 3 F 3 F 2 F 1   2 F 2 1 2 F F 3 F 1 2 F ? ? ? ? ? ? ? ? ? ? ? ? ? ? ? 
F F 3 1         1 1 2 1 2 1 2 2 2 2 3 3 3 1 2 2 3 3 2 1 1 2 ? ? ? ? ? ? ? ? ? ? ? ? ? ? ? 
2 2 1             1 1 1       1 F 3 F F 3 F 1   1 F 2 1 1 1 ? ? ? ? ? ? ? ? ? ? ? ? F F F 
1 1 1 1 1 1     1 3 F 2       1 3 F 5 F 3 2 2 2 2 2 3 F 2 2 ? ? ? ? ? ? ? 4 3 3 3 4 F 4 2 
1 F 2 2 F 1 1 1 2 F F 2   1 1 1 3 F 4 1 1 1 F 3 F 1 2 F 4 3 ? ? ? 3 3 F F F 2 F 2 F 2 1   
1 3 F 3 1 1 2 F 3 2 2 1 1 2 F 1 2 F 2   1 2 3 F 2 1 1 2 F F 3 2 F F 2 2 3 2 3 2 3 1 1     
1 4 F 3     3 F 4 2 2 1 1 F 2 1 1 2 2 1 1 F 3 2 1     1 3 F 2 1 3 3 2       1 F 1   1 1 1 
1 F F 2     2 F 5 F F 1 2 2 3 1 2 2 F 1 1 2 F 2 1 1     1 1 2 1 2 F 1       1 1 1 1 2 F 1 
1 2 2 1   1 2 3 F F 4 1 1 F 2 F 2 F 3 2   1 1 3 F 2 1 1 1   1 F 2 1 1         1 2 4 F 3 1 
          1 F 3 5 F 4 1 2 2 3 2 3 3 F 1     1 3 F 2 2 F 2   1 2 2 1     1 1 1 1 F F F 4 2 
        1 2 3 ? ? F ? ? 2 ? ? 2 ? ? 2 1     2 F 4 2 3 F 2 1 1 2 F 3 2 1 2 F 2 2 4 F 4 F F 
2 2 1   1 F 3 ? ? ? ? ? ? ? ? ? ? ? 2   1 1 3 F 3 F 3 3 2 2 F 2 2 F F 2 2 F 2 1 F 2 2 2 2 
F F 2 1 2 3 ? ? ? ? ? ? ? ? ? ? ? F 2   1 F 2 1 2 2 F 2 F 2 1 1 2 4 F 2 1 1 1 2 2 2       
? ? ? ? ? ? ? ? ? ? ? ? ? ? ? ? ? ? 4 2 2 1 1     1 1 2 1 2 2 3 3 F 2 1       2 F 3 1 2 1 
? ? ? ? ? ? ? ? ? ? ? ? ? ? ? ? ? ? F F 2   1 2 2 1 1 1 1 1 F F F 2 1   1 1 1 2 F 3 F 2 F 
? ? ? ? ? ? ? ? ? ? ? ? ? ? ? ? ? 3 5 F 4 1 2 F F 2 1 F 2 2 4 F 5 3 1   2 F 2 1 1 2 1 3 2 
? ? ? ? ? ? ? ? ? ? ? ? ? ? ? ? ? 2 2 F 3 F 2 3 F 2 2 3 4 F 2 2 F F 1   2 F 2   1 1 1 2 F 
? ? ? ? ? ? ? ? ? ? ? ? ? ? ? ? ? 1 1 1 2 2 2 3 2 2 2 F F 2 1 1 2 2 1   1 2 2 1 1 F 1 2 F 
? ? ? ? ? ? ? ? ? ? ? ? ? ? ? ? ? 3 2 1   2 F 3 F 3 5 F 4 1     1 1 1   1 2 F 1 1 1 1 1 1 
? ? ? ? ? ? ? ? ? ? ? ? ? ? ? ? ? F F 3 1 3 F 4 2 F F F 2       1 F 1   1 F 2 2 1 1   1 1 
? ? ? ? ? ? ? ? ? ? ? ? ? ? ? ? ? ? F F 1 2 F 4 3 4 4 3 1       1 1 1   1 2 2 3 F 3 2 4 F 
? ? ? ? ? ? ? ? ? ? ? ? ? ? ? ? ? ? ? 3 1 1 3 F F 5 F 2 1 2 2 1 1 1 1   1 3 F 6 F 4 F F F 
? ? ? ? ? ? ? ? ? ? ? ? ? ? ? ? ? ? ? 2     3 F F F F 3 1 F F 2 1 F 1   1 F F F F 3 2 3 2 
? ? ? ? ? ? ? ? ? ? ? ? ? ? ? ? ? ? ? 3 1   2 F 4 5 F 3 1 4 F 3 1 1 1   1 3 ? 4 2 1   1 1 
? ? ? ? ? ? ? ? ? ? ? ? ? ? ? ? ? ? ? F 1   1 1 1 2 F 2   2 F 2           1 ? 1       1 F 
Step: 22
? ? F 2         1 1 3 F 3 1 2 1 1   2 F 2 1 F 3 3 F 2 1 2 F ? ? ? ? ? ? ? ? ? ? ? ? ? ? ? 
? F F 2         1 F 3 F 3 F 2 F 1   2 F 2 1 2 F F 3 F 1 2 F ? ? ? ? ? ? ? ? ? ? ? ? ? ? ? 
F F 3 1         1 1 2 1 2 1 2 2 2 2 3 3 3 1 2 2 3 3 2 1 1 2 ? ? ? ? ? ? ? ? ? ? ? ? ? ? ? 
2 2 1             1 1 1       1 F 3 F F 3 F 1   1 F 2 1 1 1 ? ? ? ? ? ? ? ? ? ? ? ? F F F 
1 1 1 1 1 1     1 3 F 2       1 3 F 5 F 3 2 2 2 2 2 3 F 2 2 ? ? ? ? ? ? ? 4 3 3 3 4 F 4 2 
1 F 2 2 F 1 1 1 2 F F 2   1 1 1 3 F 4 1 1 1 F 3 F 1 2 F 4 3 ? ? ? 3 3 F F F 2 F 2 F 2 1   
1 3 F 3 1 1 2 F 3 2 2 1 1 2 F 1 2 F 2   1 2 3 F 2 1 1 2 F F 3 2 F F 2 2 3 2 3 2 3 1 1     
1 4 F 3     3 F 4 2 2 1 1 F 2 1 1 2 2 1 1 F 3 2 1     1 3 F 2 1 3 3 2       1 F 1   1 1 1 
1 F F 2     2 F 5 F F 1 2 2 3 1 2 2 F 1 1 2 F 2 1 1     1 1 2 1 2 F 1       1 1 1 1 2 F 1 
1 2 2 1   1 2 3 F F 4 1 1 F 2 F 2 F 3 2   1 1 3 F 2 1 1 1   1 F 2 1 1         1 2 4 F 3 1 
          1 F 3 5 F 4 1 2 2 3 2 3 3 F 1     1 3 F 2 2 F 2   1 2 2 1     1 1 1 1 F F F 4 2 
        1 2 3 ? ? F ? ? 2 ? ? 2 ? ? 2 1     2 F 4 2 3 F 2 1 1 2 F 3 2 1 2 F 2 2 4 F 4 F F 
2 2 1   1 F 3 ? ? ? ? ? ? ? ? ? ? ? 2   1 1 3 F 3 F 3 3 2 2 F 2 2 F F 2 2 F 2 1 F 2 2 2 2 
F F 2 1 2 3 ? ? ? ? ? ? ? ? ? ? ? F 2   1 F 2 1 2 2 F 2 F 2 1 1 2 4 F 2 1 1 1 2 2 2       
? ? ? ? ? ? ? ? ? ? ? ? ? ? ? ? ? ? 4 2 2 1 1     1 1 2 1 2 2 3 3 F 2 1       2 F 3 1 2 1 
? ? ? ? ? ? ? ? ? ? ? ? ? ? ? ? ? F F F 2   1 2 2 1 1 1 1 1 F F F 2 1   1 1 1 2 F 3 F 2 F 
? ? ? ? ? ? ? ? ? ? ? ? ? ? ? ? ? 3 5 F 4 1 2 F F 2 1 F 2 2 4 F 5 3 1   2 F 2 1 1 2 1 3 2 
? ? ? ? ? ? ? ? ? ? ? ? ? ? ? ? ? 2 2 F 3 F 2 3 F 2 2 3 4 F 2 2 F F 1   2 F 2   1 1 1 2 F 
? ? ? ? ? ? ? ? ? ? ? ? ? ? ? ? ? 1 1 1 2 2 2 3 2 2 2 F F 2 1 1 2 2 1   1 2 2 1 1 F 1 2 F 
? ? ? ? ? ? ? ? ? ? ? ? ? ? ? ? ? 3 2 1   2 F 3 F 3 5 F 4 1     1 1 1   1 2 F 1 1 1 1 1 1 
? ? ? ? ? ? ? ? ? ? ? ? ? ? ? ? ? F F 3 1 3 F 4 2 F F F 2       1 F 1   1 F 2 2 1 1   1 1 
? ? ? ? ? ? ? ? ? ? ? ? ? ? ? ? ? ? F F 1 2 F 4 3 4 4 3 1       1 1 1   1 2 2 3 F 3 2 4 F 
? ? ? ? ? ? ? ? ? ? ? ? ? ? ? ? ? ? ? 3 1 1 3 F F 5 F 2 1 2 2 1 1 1 1   1 3 F 6 F 4 F F F 
? ? ? ? ? ? ? ? ? ? ? ? ? ? ? ? ? ? ? 2     3 F F F F 3 1 F F 2 1 F 1   1 F F F F 3 2 3 2 
? ? ? ? ? ? ? ? ? ? ? ? ? ? ? ? ? ? ? 3 1   2 F 4 5 F 3 1 4 F 3 1 1 1   1 3 ? 4 2 1   1 1 
? ? ? ? ? ? ? ? ? ? ? ? ? ? ? ? ? ? ? F 1   1 1 1 2 F 2   2 F 2           1 ? 1       1 F 
Step: 23
? ? F 2         1 1 3 F 3 1 2 1 1   2 F 2 1 F 3 3 F 2 1 2 F ? ? ? ? ? ? ? ? ? ? ? ? ? ? ? 
? F F 2         1 F 3 F 3 F 2 F 1   2 F 2 1 2 F F 3 F 1 2 F ? ? ? ? ? ? ? ? ? ? ? ? ? ? ? 
F F 3 1         1 1 2 1 2 1 2 2 2 2 3 3 3 1 2 2 3 3 2 1 1 2 ? ? ? ? ? ? ? ? ? ? ? ? ? ? ? 
2 2 1             1 1 1       1 F 3 F F 3 F 1   1 F 2 1 1 1 ? ? ? ? ? ? ? ? ? ? ? ? F F F 
1 1 1 1 1 1     1 3 F 2       1 3 F 5 F 3 2 2 2 2 2 3 F 2 2 ? ? ? ? ? ? ? 4 3 3 3 4 F 4 2 
1 F 2 2 F 1 1 1 2 F F 2   1 1 1 3 F 4 1 1 1 F 3 F 1 2 F 4 3 ? ? ? 3 3 F F F 2 F 2 F 2 1   
1 3 F 3 1 1 2 F 3 2 2 1 1 2 F 1 2 F 2   1 2 3 F 2 1 1 2 F F 3 2 F F 2 2 3 2 3 2 3 1 1     
1 4 F 3     3 F 4 2 2 1 1 F 2 1 1 2 2 1 1 F 3 2 1     1 3 F 2 1 3 3 2       1 F 1   1 1 1 
1 F F 2     2 F 5 F F 1 2 2 3 1 2 2 F 1 1 2 F 2 1 1     1 1 2 1 2 F 1       1 1 1 1 2 F 1 
1 2 2 1   1 2 3 F F 4 1 1 F 2 F 2 F 3 2   1 1 3 F 2 1 1 1   1 F 2 1 1         1 2 4 F 3 1 
          1 F 3 5 F 4 1 2 2 3 2 3 3 F 1     1 3 F 2 2 F 2   1 2 2 1     1 1 1 1 F F F 4 2 
        1 2 3 ? ? F ? ? 2 ? ? 2 ? ? 2 1     2 F 4 2 3 F 2 1 1 2 F 3 2 1 2 F 2 2 4 F 4 F F 
2 2 1   1 F 3 ? ? ? ? ? ? ? ? ? ? ? 2   1 1 3 F 3 F 3 3 2 2 F 2 2 F F 2 2 F 2 1 F 2 2 2 2 
F F 2 1 2 3 ? ? ? ? ? ? ? ? ? ? ? F 2   1 F 2 1 2 2 F 2 F 2 1 1 2 4 F 2 1 1 1 2 2 2       
? ? ? ? ? ? ? ? ? ? ? ? ? ? ? ? ? 4 4 2 2 1 1     1 1 2 1 2 2 3 3 F 2 1       2 F 3 1 2 1 
? ? ? ? ? ? ? ? ? ? ? ? ? ? ? ? ? F F F 2   1 2 2 1 1 1 1 1 F F F 2 1   1 1 1 2 F 3 F 2 F 
? ? ? ? ? ? ? ? ? ? ? ? ? ? ? ? ? 3 5 F 4 1 2 F F 2 1 F 2 2 4 F 5 3 1   2 F 2 1 1 2 1 3 2 
? ? ? ? ? ? ? ? ? ? ? ? ? ? ? ? ? 2 2 F 3 F 2 3 F 2 2 3 4 F 2 2 F F 1   2 F 2   1 1 1 2 F 
? ? ? ? ? ? ? ? ? ? ? ? ? ? ? ? ? 1 1 1 2 2 2 3 2 2 2 F F 2 1 1 2 2 1   1 2 2 1 1 F 1 2 F 
? ? ? ? ? ? ? ? ? ? ? ? ? ? ? ? ? 3 2 1   2 F 3 F 3 5 F 4 1     1 1 1   1 2 F 1 1 1 1 1 1 
? ? ? ? ? ? ? ? ? ? ? ? ? ? ? ? ? F F 3 1 3 F 4 2 F F F 2       1 F 1   1 F 2 2 1 1   1 1 
? ? ? ? ? ? ? ? ? ? ? ? ? ? ? ? ? ? F F 1 2 F 4 3 4 4 3 1       1 1 1   1 2 2 3 F 3 2 4 F 
? ? ? ? ? ? ? ? ? ? ? ? ? ? ? ? ? ? ? 3 1 1 3 F F 5 F 2 1 2 2 1 1 1 1   1 3 F 6 F 4 F F F 
? ? ? ? ? ? ? ? ? ? ? ? ? ? ? ? ? ? ? 2     3 F F F F 3 1 F F 2 1 F 1   1 F F F F 3 2 3 2 
? ? ? ? ? ? ? ? ? ? ? ? ? ? ? ? ? ? ? 3 1   2 F 4 5 F 3 1 4 F 3 1 1 1   1 3 ? 4 2 1   1 1 
? ? ? ? ? ? ? ? ? ? ? ? ? ? ? ? ? ? ? F 1   1 1 1 2 F 2   2 F 2           1 ? 1       1 F 
Step: 24
? ? F 2         1 1 3 F 3 1 2 1 1   2 F 2 1 F 3 3 F 2 1 2 F ? ? ? ? ? ? ? ? ? ? ? ? ? ? ? 
? F F 2         1 F 3 F 3 F 2 F 1   2 F 2 1 2 F F 3 F 1 2 F ? ? ? ? ? ? ? ? ? ? ? ? ? ? ? 
F F 3 1         1 1 2 1 2 1 2 2 2 2 3 3 3 1 2 2 3 3 2 1 1 2 ? ? ? ? ? ? ? ? ? ? ? ? ? ? ? 
2 2 1             1 1 1       1 F 3 F F 3 F 1   1 F 2 1 1 1 ? ? ? ? ? ? ? ? ? ? ? ? F F F 
1 1 1 1 1 1     1 3 F 2       1 3 F 5 F 3 2 2 2 2 2 3 F 2 2 ? ? ? ? ? ? ? 4 3 3 3 4 F 4 2 
1 F 2 2 F 1 1 1 2 F F 2   1 1 1 3 F 4 1 1 1 F 3 F 1 2 F 4 3 ? ? ? 3 3 F F F 2 F 2 F 2 1   
1 3 F 3 1 1 2 F 3 2 2 1 1 2 F 1 2 F 2   1 2 3 F 2 1 1 2 F F 3 2 F F 2 2 3 2 3 2 3 1 1     
1 4 F 3     3 F 4 2 2 1 1 F 2 1 1 2 2 1 1 F 3 2 1     1 3 F 2 1 3 3 2       1 F 1   1 1 1 
1 F F 2     2 F 5 F F 1 2 2 3 1 2 2 F 1 1 2 F 2 1 1     1 1 2 1 2 F 1       1 1 1 1 2 F 1 
1 2 2 1   1 2 3 F F 4 1 1 F 2 F 2 F 3 2   1 1 3 F 2 1 1 1   1 F 2 1 1         1 2 4 F 3 1 
          1 F 3 5 F 4 1 2 2 3 2 3 3 F 1     1 3 F 2 2 F 2   1 2 2 1     1 1 1 1 F F F 4 2 
        1 2 3 ? ? F ? ? 2 ? ? 2 ? ? 2 1     2 F 4 2 3 F 2 1 1 2 F 3 2 1 2 F 2 2 4 F 4 F F 
2 2 1   1 F 3 ? ? ? ? ? ? ? ? ? ? F 2   1 1 3 F 3 F 3 3 2 2 F 2 2 F F 2 2 F 2 1 F 2 2 2 2 
F F 2 1 2 3 ? ? ? ? ? ? ? ? ? ? ? F 2   1 F 2 1 2 2 F 2 F 2 1 1 2 4 F 2 1 1 1 2 2 2       
? ? ? ? ? ? ? ? ? ? ? ? ? ? ? ? ? 4 4 2 2 1 1     1 1 2 1 2 2 3 3 F 2 1       2 F 3 1 2 1 
? ? ? ? ? ? ? ? ? ? ? ? ? ? ? ? ? F F F 2   1 2 2 1 1 1 1 1 F F F 2 1   1 1 1 2 F 3 F 2 F 
? ? ? ? ? ? ? ? ? ? ? ? ? ? ? ? ? 3 5 F 4 1 2 F F 2 1 F 2 2 4 F 5 3 1   2 F 2 1 1 2 1 3 2 
? ? ? ? ? ? ? ? ? ? ? ? ? ? ? ? ? 2 2 F 3 F 2 3 F 2 2 3 4 F 2 2 F F 1   2 F 2   1 1 1 2 F 
? ? ? ? ? ? ? ? ? ? ? ? ? ? ? ? ? 1 1 1 2 2 2 3 2 2 2 F F 2 1 1 2 2 1   1 2 2 1 1 F 1 2 F 
? ? ? ? ? ? ? ? ? ? ? ? ? ? ? ? ? 3 2 1   2 F 3 F 3 5 F 4 1     1 1 1   1 2 F 1 1 1 1 1 1 
? ? ? ? ? ? ? ? ? ? ? ? ? ? ? ? ? F F 3 1 3 F 4 2 F F F 2       1 F 1   1 F 2 2 1 1   1 1 
? ? ? ? ? ? ? ? ? ? ? ? ? ? ? ? ? ? F F 1 2 F 4 3 4 4 3 1       1 1 1   1 2 2 3 F 3 2 4 F 
? ? ? ? ? ? ? ? ? ? ? ? ? ? ? ? ? ? ? 3 1 1 3 F F 5 F 2 1 2 2 1 1 1 1   1 3 F 6 F 4 F F F 
? ? ? ? ? ? ? ? ? ? ? ? ? ? ? ? ? ? ? 2     3 F F F F 3 1 F F 2 1 F 1   1 F F F F 3 2 3 2 
? ? ? ? ? ? ? ? ? ? ? ? ? ? ? ? ? ? ? 3 1   2 F 4 5 F 3 1 4 F 3 1 1 1   1 3 ? 4 2 1   1 1 
? ? ? ? ? ? ? ? ? ? ? ? ? ? ? ? ? ? ? F 1   1 1 1 2 F 2   2 F 2           1 ? 1       1 F 
Step: 25
? ? F 2         1 1 3 F 3 1 2 1 1   2 F 2 1 F 3 3 F 2 1 2 F ? ? ? ? ? ? ? ? ? ? ? ? ? ? ? 
? F F 2         1 F 3 F 3 F 2 F 1   2 F 2 1 2 F F 3 F 1 2 F ? ? ? ? ? ? ? ? ? ? ? ? ? ? ? 
F F 3 1         1 1 2 1 2 1 2 2 2 2 3 3 3 1 2 2 3 3 2 1 1 2 ? ? ? ? ? ? ? ? ? ? ? ? ? ? ? 
2 2 1             1 1 1       1 F 3 F F 3 F 1   1 F 2 1 1 1 ? ? ? ? ? ? ? ? ? ? ? ? F F F 
1 1 1 1 1 1     1 3 F 2       1 3 F 5 F 3 2 2 2 2 2 3 F 2 2 ? ? ? ? ? ? ? 4 3 3 3 4 F 4 2 
1 F 2 2 F 1 1 1 2 F F 2   1 1 1 3 F 4 1 1 1 F 3 F 1 2 F 4 3 ? ? ? 3 3 F F F 2 F 2 F 2 1   
1 3 F 3 1 1 2 F 3 2 2 1 1 2 F 1 2 F 2   1 2 3 F 2 1 1 2 F F 3 2 F F 2 2 3 2 3 2 3 1 1     
1 4 F 3     3 F 4 2 2 1 1 F 2 1 1 2 2 1 1 F 3 2 1     1 3 F 2 1 3 3 2       1 F 1   1 1 1 
1 F F 2     2 F 5 F F 1 2 2 3 1 2 2 F 1 1 2 F 2 1 1     1 1 2 1 2 F 1       1 1 1 1 2 F 1 
1 2 2 1   1 2 3 F F 4 1 1 F 2 F 2 F 3 2   1 1 3 F 2 1 1 1   1 F 2 1 1         1 2 4 F 3 1 
          1 F 3 5 F 4 1 2 2 3 2 3 3 F 1     1 3 F 2 2 F 2   1 2 2 1     1 1 1 1 F F F 4 2 
        1 2 3 ? ? F ? ? 2 ? ? 2 ? 3 2 1     2 F 4 2 3 F 2 1 1 2 F 3 2 1 2 F 2 2 4 F 4 F F 
2 2 1   1 F 3 ? ? ? ? ? ? ? ? ? ? F 2   1 1 3 F 3 F 3 3 2 2 F 2 2 F F 2 2 F 2 1 F 2 2 2 2 
F F 2 1 2 3 ? ? ? ? ? ? ? ? ? ? ? F 2   1 F 2 1 2 2 F 2 F 2 1 1 2 4 F 2 1 1 1 2 2 2       
? ? ? ? ? ? ? ? ? ? ? ? ? ? ? ? ? 4 4 2 2 1 1     1 1 2 1 2 2 3 3 F 2 1       2 F 3 1 2 1 
? ? ? ? ? ? ? ? ? ? ? ? ? ? ? ? ? F F F 2   1 2 2 1 1 1 1 1 F F F 2 1   1 1 1 2 F 3 F 2 F 
? ? ? ? ? ? ? ? ? ? ? ? ? ? ? ? ? 3 5 F 4 1 2 F F 2 1 F 2 2 4 F 5 3 1   2 F 2 1 1 2 1 3 2 
? ? ? ? ? ? ? ? ? ? ? ? ? ? ? ? ? 2 2 F 3 F 2 3 F 2 2 3 4 F 2 2 F F 1   2 F 2   1 1 1 2 F 
? ? ? ? ? ? ? ? ? ? ? ? ? ? ? ? ? 1 1 1 2 2 2 3 2 2 2 F F 2 1 1 2 2 1   1 2 2 1 1 F 1 2 F 
? ? ? ? ? ? ? ? ? ? ? ? ? ? ? ? ? 3 2 1   2 F 3 F 3 5 F 4 1     1 1 1   1 2 F 1 1 1 1 1 1 
? ? ? ? ? ? ? ? ? ? ? ? ? ? ? ? ? F F 3 1 3 F 4 2 F F F 2       1 F 1   1 F 2 2 1 1   1 1 
? ? ? ? ? ? ? ? ? ? ? ? ? ? ? ? ? ? F F 1 2 F 4 3 4 4 3 1       1 1 1   1 2 2 3 F 3 2 4 F 
? ? ? ? ? ? ? ? ? ? ? ? ? ? ? ? ? ? ? 3 1 1 3 F F 5 F 2 1 2 2 1 1 1 1   1 3 F 6 F 4 F F F 
? ? ? ? ? ? ? ? ? ? ? ? ? ? ? ? ? ? ? 2     3 F F F F 3 1 F F 2 1 F 1   1 F F F F 3 2 3 2 
? ? ? ? ? ? ? ? ? ? ? ? ? ? ? ? ? ? ? 3 1   2 F 4 5 F 3 1 4 F 3 1 1 1   1 3 ? 4 2 1   1 1 
? ? ? ? ? ? ? ? ? ? ? ? ? ? ? ? ? ? ? F 1   1 1 1 2 F 2   2 F 2           1 ? 1       1 F 
Step: 26
? ? F 2         1 1 3 F 3 1 2 1 1   2 F 2 1 F 3 3 F 2 1 2 F ? ? ? ? ? ? ? ? ? ? ? ? ? ? ? 
? F F 2         1 F 3 F 3 F 2 F 1   2 F 2 1 2 F F 3 F 1 2 F ? ? ? ? ? ? ? ? ? ? ? ? ? ? ? 
F F 3 1         1 1 2 1 2 1 2 2 2 2 3 3 3 1 2 2 3 3 2 1 1 2 ? ? ? ? ? ? ? ? ? ? ? ? ? ? ? 
2 2 1             1 1 1       1 F 3 F F 3 F 1   1 F 2 1 1 1 ? ? ? ? ? ? ? ? ? ? ? ? F F F 
1 1 1 1 1 1     1 3 F 2       1 3 F 5 F 3 2 2 2 2 2 3 F 2 2 ? ? ? ? ? ? ? 4 3 3 3 4 F 4 2 
1 F 2 2 F 1 1 1 2 F F 2   1 1 1 3 F 4 1 1 1 F 3 F 1 2 F 4 3 ? ? ? 3 3 F F F 2 F 2 F 2 1   
1 3 F 3 1 1 2 F 3 2 2 1 1 2 F 1 2 F 2   1 2 3 F 2 1 1 2 F F 3 2 F F 2 2 3 2 3 2 3 1 1     
1 4 F 3     3 F 4 2 2 1 1 F 2 1 1 2 2 1 1 F 3 2 1     1 3 F 2 1 3 3 2       1 F 1   1 1 1 
1 F F 2     2 F 5 F F 1 2 2 3 1 2 2 F 1 1 2 F 2 1 1     1 1 2 1 2 F 1       1 1 1 1 2 F 1 
1 2 2 1   1 2 3 F F 4 1 1 F 2 F 2 F 3 2   1 1 3 F 2 1 1 1   1 F 2 1 1         1 2 4 F 3 1 
          1 F 3 5 F 4 1 2 2 3 2 3 3 F 1     1 3 F 2 2 F 2   1 2 2 1     1 1 1 1 F F F 4 2 
        1 2 3 ? ? F ? ? 2 ? ? 2 F 3 2 1     2 F 4 2 3 F 2 1 1 2 F 3 2 1 2 F 2 2 4 F 4 F F 
2 2 1   1 F 3 ? ? ? ? ? ? ? ? ? 4 F 2   1 1 3 F 3 F 3 3 2 2 F 2 2 F F 2 2 F 2 1 F 2 2 2 2 
F F 2 1 2 3 ? ? ? ? ? ? ? ? ? ? ? F 2   1 F 2 1 2 2 F 2 F 2 1 1 2 4 F 2 1 1 1 2 2 2       
? ? ? ? ? ? ? ? ? ? ? ? ? ? ? ? ? 4 4 2 2 1 1     1 1 2 1 2 2 3 3 F 2 1       2 F 3 1 2 1 
? ? ? ? ? ? ? ? ? ? ? ? ? ? ? ? ? F F F 2   1 2 2 1 1 1 1 1 F F F 2 1   1 1 1 2 F 3 F 2 F 
? ? ? ? ? ? ? ? ? ? ? ? ? ? ? ? ? 3 5 F 4 1 2 F F 2 1 F 2 2 4 F 5 3 1   2 F 2 1 1 2 1 3 2 
? ? ? ? ? ? ? ? ? ? ? ? ? ? ? ? ? 2 2 F 3 F 2 3 F 2 2 3 4 F 2 2 F F 1   2 F 2   1 1 1 2 F 
? ? ? ? ? ? ? ? ? ? ? ? ? ? ? ? ? 1 1 1 2 2 2 3 2 2 2 F F 2 1 1 2 2 1   1 2 2 1 1 F 1 2 F 
? ? ? ? ? ? ? ? ? ? ? ? ? ? ? ? ? 3 2 1   2 F 3 F 3 5 F 4 1     1 1 1   1 2 F 1 1 1 1 1 1 
? ? ? ? ? ? ? ? ? ? ? ? ? ? ? ? ? F F 3 1 3 F 4 2 F F F 2       1 F 1   1 F 2 2 1 1   1 1 
? ? ? ? ? ? ? ? ? ? ? ? ? ? ? ? ? ? F F 1 2 F 4 3 4 4 3 1       1 1 1   1 2 2 3 F 3 2 4 F 
? ? ? ? ? ? ? ? ? ? ? ? ? ? ? ? ? ? ? 3 1 1 3 F F 5 F 2 1 2 2 1 1 1 1   1 3 F 6 F 4 F F F 
? ? ? ? ? ? ? ? ? ? ? ? ? ? ? ? ? ? ? 2     3 F F F F 3 1 F F 2 1 F 1   1 F F F F 3 2 3 2 
? ? ? ? ? ? ? ? ? ? ? ? ? ? ? ? ? ? ? 3 1   2 F 4 5 F 3 1 4 F 3 1 1 1   1 3 ? 4 2 1   1 1 
? ? ? ? ? ? ? ? ? ? ? ? ? ? ? ? ? ? ? F 1   1 1 1 2 F 2   2 F 2           1 ? 1       1 F 
Step: 27
? ? F 2         1 1 3 F 3 1 2 1 1   2 F 2 1 F 3 3 F 2 1 2 F ? ? ? ? ? ? ? ? ? ? ? ? ? ? ? 
? F F 2         1 F 3 F 3 F 2 F 1   2 F 2 1 2 F F 3 F 1 2 F ? ? ? ? ? ? ? ? ? ? ? ? ? ? ? 
F F 3 1         1 1 2 1 2 1 2 2 2 2 3 3 3 1 2 2 3 3 2 1 1 2 ? ? ? ? ? ? ? ? ? ? ? ? ? ? ? 
2 2 1             1 1 1       1 F 3 F F 3 F 1   1 F 2 1 1 1 ? ? ? ? ? ? ? ? ? ? ? ? F F F 
1 1 1 1 1 1     1 3 F 2       1 3 F 5 F 3 2 2 2 2 2 3 F 2 2 ? ? ? ? ? ? ? 4 3 3 3 4 F 4 2 
1 F 2 2 F 1 1 1 2 F F 2   1 1 1 3 F 4 1 1 1 F 3 F 1 2 F 4 3 ? ? ? 3 3 F F F 2 F 2 F 2 1   
1 3 F 3 1 1 2 F 3 2 2 1 1 2 F 1 2 F 2   1 2 3 F 2 1 1 2 F F 3 2 F F 2 2 3 2 3 2 3 1 1     
1 4 F 3     3 F 4 2 2 1 1 F 2 1 1 2 2 1 1 F 3 2 1     1 3 F 2 1 3 3 2       1 F 1   1 1 1 
1 F F 2     2 F 5 F F 1 2 2 3 1 2 2 F 1 1 2 F 2 1 1     1 1 2 1 2 F 1       1 1 1 1 2 F 1 
1 2 2 1   1 2 3 F F 4 1 1 F 2 F 2 F 3 2   1 1 3 F 2 1 1 1   1 F 2 1 1         1 2 4 F 3 1 
          1 F 3 5 F 4 1 2 2 3 2 3 3 F 1     1 3 F 2 2 F 2   1 2 2 1     1 1 1 1 F F F 4 2 
        1 2 3 ? ? F ? ? 2 ? 2 2 F 3 2 1     2 F 4 2 3 F 2 1 1 2 F 3 2 1 2 F 2 2 4 F 4 F F 
2 2 1   1 F 3 ? ? ? ? ? ? ? ? ? 4 F 2   1 1 3 F 3 F 3 3 2 2 F 2 2 F F 2 2 F 2 1 F 2 2 2 2 
F F 2 1 2 3 ? ? ? ? ? ? ? ? ? ? ? F 2   1 F 2 1 2 2 F 2 F 2 1 1 2 4 F 2 1 1 1 2 2 2       
? ? ? ? ? ? ? ? ? ? ? ? ? ? ? ? ? 4 4 2 2 1 1     1 1 2 1 2 2 3 3 F 2 1       2 F 3 1 2 1 
? ? ? ? ? ? ? ? ? ? ? ? ? ? ? ? ? F F F 2   1 2 2 1 1 1 1 1 F F F 2 1   1 1 1 2 F 3 F 2 F 
? ? ? ? ? ? ? ? ? ? ? ? ? ? ? ? ? 3 5 F 4 1 2 F F 2 1 F 2 2 4 F 5 3 1   2 F 2 1 1 2 1 3 2 
? ? ? ? ? ? ? ? ? ? ? ? ? ? ? ? ? 2 2 F 3 F 2 3 F 2 2 3 4 F 2 2 F F 1   2 F 2   1 1 1 2 F 
? ? ? ? ? ? ? ? ? ? ? ? ? ? ? ? ? 1 1 1 2 2 2 3 2 2 2 F F 2 1 1 2 2 1   1 2 2 1 1 F 1 2 F 
? ? ? ? ? ? ? ? ? ? ? ? ? ? ? ? ? 3 2 1   2 F 3 F 3 5 F 4 1     1 1 1   1 2 F 1 1 1 1 1 1 
? ? ? ? ? ? ? ? ? ? ? ? ? ? ? ? ? F F 3 1 3 F 4 2 F F F 2       1 F 1   1 F 2 2 1 1   1 1 
? ? ? ? ? ? ? ? ? ? ? ? ? ? ? ? ? ? F F 1 2 F 4 3 4 4 3 1       1 1 1   1 2 2 3 F 3 2 4 F 
? ? ? ? ? ? ? ? ? ? ? ? ? ? ? ? ? ? ? 3 1 1 3 F F 5 F 2 1 2 2 1 1 1 1   1 3 F 6 F 4 F F F 
? ? ? ? ? ? ? ? ? ? ? ? ? ? ? ? ? ? ? 2     3 F F F F 3 1 F F 2 1 F 1   1 F F F F 3 2 3 2 
? ? ? ? ? ? ? ? ? ? ? ? ? ? ? ? ? ? ? 3 1   2 F 4 5 F 3 1 4 F 3 1 1 1   1 3 ? 4 2 1   1 1 
? ? ? ? ? ? ? ? ? ? ? ? ? ? ? ? ? ? ? F 1   1 1 1 2 F 2   2 F 2           1 ? 1       1 F 
Step: 28
? ? F 2         1 1 3 F 3 1 2 1 1   2 F 2 1 F 3 3 F 2 1 2 F ? ? ? ? ? ? ? ? ? ? ? ? ? ? ? 
? F F 2         1 F 3 F 3 F 2 F 1   2 F 2 1 2 F F 3 F 1 2 F ? ? ? ? ? ? ? ? ? ? ? ? ? ? ? 
F F 3 1         1 1 2 1 2 1 2 2 2 2 3 3 3 1 2 2 3 3 2 1 1 2 ? ? ? ? ? ? ? ? ? ? ? ? ? ? ? 
2 2 1             1 1 1       1 F 3 F F 3 F 1   1 F 2 1 1 1 ? ? ? ? ? ? ? ? ? ? ? ? F F F 
1 1 1 1 1 1     1 3 F 2       1 3 F 5 F 3 2 2 2 2 2 3 F 2 2 ? ? ? ? ? ? ? 4 3 3 3 4 F 4 2 
1 F 2 2 F 1 1 1 2 F F 2   1 1 1 3 F 4 1 1 1 F 3 F 1 2 F 4 3 ? ? ? 3 3 F F F 2 F 2 F 2 1   
1 3 F 3 1 1 2 F 3 2 2 1 1 2 F 1 2 F 2   1 2 3 F 2 1 1 2 F F 3 2 F F 2 2 3 2 3 2 3 1 1     
1 4 F 3     3 F 4 2 2 1 1 F 2 1 1 2 2 1 1 F 3 2 1     1 3 F 2 1 3 3 2       1 F 1   1 1 1 
1 F F 2     2 F 5 F F 1 2 2 3 1 2 2 F 1 1 2 F 2 1 1     1 1 2 1 2 F 1       1 1 1 1 2 F 1 
1 2 2 1   1 2 3 F F 4 1 1 F 2 F 2 F 3 2   1 1 3 F 2 1 1 1   1 F 2 1 1         1 2 4 F 3 1 
          1 F 3 5 F 4 1 2 2 3 2 3 3 F 1     1 3 F 2 2 F 2   1 2 2 1     1 1 1 1 F F F 4 2 
        1 2 3 ? ? F ? ? 2 F 2 2 F 3 2 1     2 F 4 2 3 F 2 1 1 2 F 3 2 1 2 F 2 2 4 F 4 F F 
2 2 1   1 F 3 ? ? ? ? ? ? ? ? ? 4 F 2   1 1 3 F 3 F 3 3 2 2 F 2 2 F F 2 2 F 2 1 F 2 2 2 2 
F F 2 1 2 3 ? ? ? ? ? ? ? ? ? ? ? F 2   1 F 2 1 2 2 F 2 F 2 1 1 2 4 F 2 1 1 1 2 2 2       
? ? ? ? ? ? ? ? ? ? ? ? ? ? ? ? ? 4 4 2 2 1 1     1 1 2 1 2 2 3 3 F 2 1       2 F 3 1 2 1 
? ? ? ? ? ? ? ? ? ? ? ? ? ? ? ? ? F F F 2   1 2 2 1 1 1 1 1 F F F 2 1   1 1 1 2 F 3 F 2 F 
? ? ? ? ? ? ? ? ? ? ? ? ? ? ? ? ? 3 5 F 4 1 2 F F 2 1 F 2 2 4 F 5 3 1   2 F 2 1 1 2 1 3 2 
? ? ? ? ? ? ? ? ? ? ? ? ? ? ? ? ? 2 2 F 3 F 2 3 F 2 2 3 4 F 2 2 F F 1   2 F 2   1 1 1 2 F 
? ? ? ? ? ? ? ? ? ? ? ? ? ? ? ? ? 1 1 1 2 2 2 3 2 2 2 F F 2 1 1 2 2 1   1 2 2 1 1 F 1 2 F 
? ? ? ? ? ? ? ? ? ? ? ? ? ? ? ? ? 3 2 1   2 F 3 F 3 5 F 4 1     1 1 1   1 2 F 1 1 1 1 1 1 
? ? ? ? ? ? ? ? ? ? ? ? ? ? ? ? ? F F 3 1 3 F 4 2 F F F 2       1 F 1   1 F 2 2 1 1   1 1 
? ? ? ? ? ? ? ? ? ? ? ? ? ? ? ? ? ? F F 1 2 F 4 3 4 4 3 1       1 1 1   1 2 2 3 F 3 2 4 F 
? ? ? ? ? ? ? ? ? ? ? ? ? ? ? ? ? ? ? 3 1 1 3 F F 5 F 2 1 2 2 1 1 1 1   1 3 F 6 F 4 F F F 
? ? ? ? ? ? ? ? ? ? ? ? ? ? ? ? ? ? ? 2     3 F F F F 3 1 F F 2 1 F 1   1 F F F F 3 2 3 2 
? ? ? ? ? ? ? ? ? ? ? ? ? ? ? ? ? ? ? 3 1   2 F 4 5 F 3 1 4 F 3 1 1 1   1 3 ? 4 2 1   1 1 
? ? ? ? ? ? ? ? ? ? ? ? ? ? ? ? ? ? ? F 1   1 1 1 2 F 2   2 F 2           1 ? 1       1 F 
Step: 29
? ? F 2         1 1 3 F 3 1 2 1 1   2 F 2 1 F 3 3 F 2 1 2 F ? ? ? ? ? ? ? ? ? ? ? ? ? ? ? 
? F F 2         1 F 3 F 3 F 2 F 1   2 F 2 1 2 F F 3 F 1 2 F ? ? ? ? ? ? ? ? ? ? ? ? ? ? ? 
F F 3 1         1 1 2 1 2 1 2 2 2 2 3 3 3 1 2 2 3 3 2 1 1 2 ? ? ? ? ? ? ? ? ? ? ? ? ? ? ? 
2 2 1             1 1 1       1 F 3 F F 3 F 1   1 F 2 1 1 1 ? ? ? ? ? ? ? ? ? ? ? ? F F F 
1 1 1 1 1 1     1 3 F 2       1 3 F 5 F 3 2 2 2 2 2 3 F 2 2 ? ? ? ? ? ? ? 4 3 3 3 4 F 4 2 
1 F 2 2 F 1 1 1 2 F F 2   1 1 1 3 F 4 1 1 1 F 3 F 1 2 F 4 3 ? ? ? 3 3 F F F 2 F 2 F 2 1   
1 3 F 3 1 1 2 F 3 2 2 1 1 2 F 1 2 F 2   1 2 3 F 2 1 1 2 F F 3 2 F F 2 2 3 2 3 2 3 1 1     
1 4 F 3     3 F 4 2 2 1 1 F 2 1 1 2 2 1 1 F 3 2 1     1 3 F 2 1 3 3 2       1 F 1   1 1 1 
1 F F 2     2 F 5 F F 1 2 2 3 1 2 2 F 1 1 2 F 2 1 1     1 1 2 1 2 F 1       1 1 1 1 2 F 1 
1 2 2 1   1 2 3 F F 4 1 1 F 2 F 2 F 3 2   1 1 3 F 2 1 1 1   1 F 2 1 1         1 2 4 F 3 1 
          1 F 3 5 F 4 1 2 2 3 2 3 3 F 1     1 3 F 2 2 F 2   1 2 2 1     1 1 1 1 F F F 4 2 
        1 2 3 ? ? F ? 3 2 F 2 2 F 3 2 1     2 F 4 2 3 F 2 1 1 2 F 3 2 1 2 F 2 2 4 F 4 F F 
2 2 1   1 F 3 ? ? ? ? ? ? ? ? ? 4 F 2   1 1 3 F 3 F 3 3 2 2 F 2 2 F F 2 2 F 2 1 F 2 2 2 2 
F F 2 1 2 3 ? ? ? ? ? ? ? ? ? ? ? F 2   1 F 2 1 2 2 F 2 F 2 1 1 2 4 F 2 1 1 1 2 2 2       
? ? ? ? ? ? ? ? ? ? ? ? ? ? ? ? ? 4 4 2 2 1 1     1 1 2 1 2 2 3 3 F 2 1       2 F 3 1 2 1 
? ? ? ? ? ? ? ? ? ? ? ? ? ? ? ? ? F F F 2   1 2 2 1 1 1 1 1 F F F 2 1   1 1 1 2 F 3 F 2 F 
? ? ? ? ? ? ? ? ? ? ? ? ? ? ? ? ? 3 5 F 4 1 2 F F 2 1 F 2 2 4 F 5 3 1   2 F 2 1 1 2 1 3 2 
? ? ? ? ? ? ? ? ? ? ? ? ? ? ? ? ? 2 2 F 3 F 2 3 F 2 2 3 4 F 2 2 F F 1   2 F 2   1 1 1 2 F 
? ? ? ? ? ? ? ? ? ? ? ? ? ? ? ? ? 1 1 1 2 2 2 3 2 2 2 F F 2 1 1 2 2 1   1 2 2 1 1 F 1 2 F 
? ? ? ? ? ? ? ? ? ? ? ? ? ? ? ? ? 3 2 1   2 F 3 F 3 5 F 4 1     1 1 1   1 2 F 1 1 1 1 1 1 
? ? ? ? ? ? ? ? ? ? ? ? ? ? ? ? ? F F 3 1 3 F 4 2 F F F 2       1 F 1   1 F 2 2 1 1   1 1 
? ? ? ? ? ? ? ? ? ? ? ? ? ? ? ? ? ? F F 1 2 F 4 3 4 4 3 1       1 1 1   1 2 2 3 F 3 2 4 F 
? ? ? ? ? ? ? ? ? ? ? ? ? ? ? ? ? ? ? 3 1 1 3 F F 5 F 2 1 2 2 1 1 1 1   1 3 F 6 F 4 F F F 
? ? ? ? ? ? ? ? ? ? ? ? ? ? ? ? ? ? ? 2     3 F F F F 3 1 F F 2 1 F 1   1 F F F F 3 2 3 2 
? ? ? ? ? ? ? ? ? ? ? ? ? ? ? ? ? ? ? 3 1   2 F 4 5 F 3 1 4 F 3 1 1 1   1 3 ? 4 2 1   1 1 
? ? ? ? ? ? ? ? ? ? ? ? ? ? ? ? ? ? ? F 1   1 1 1 2 F 2   2 F 2           1 ? 1       1 F 
Step: 30
? ? F 2         1 1 3 F 3 1 2 1 1   2 F 2 1 F 3 3 F 2 1 2 F ? ? ? ? ? ? ? ? ? ? ? ? ? ? ? 
? F F 2         1 F 3 F 3 F 2 F 1   2 F 2 1 2 F F 3 F 1 2 F ? ? ? ? ? ? ? ? ? ? ? ? ? ? ? 
F F 3 1         1 1 2 1 2 1 2 2 2 2 3 3 3 1 2 2 3 3 2 1 1 2 ? ? ? ? ? ? ? ? ? ? ? ? ? ? ? 
2 2 1             1 1 1       1 F 3 F F 3 F 1   1 F 2 1 1 1 ? ? ? ? ? ? ? ? ? ? ? ? F F F 
1 1 1 1 1 1     1 3 F 2       1 3 F 5 F 3 2 2 2 2 2 3 F 2 2 ? ? ? ? ? ? ? 4 3 3 3 4 F 4 2 
1 F 2 2 F 1 1 1 2 F F 2   1 1 1 3 F 4 1 1 1 F 3 F 1 2 F 4 3 ? ? ? 3 3 F F F 2 F 2 F 2 1   
1 3 F 3 1 1 2 F 3 2 2 1 1 2 F 1 2 F 2   1 2 3 F 2 1 1 2 F F 3 2 F F 2 2 3 2 3 2 3 1 1     
1 4 F 3     3 F 4 2 2 1 1 F 2 1 1 2 2 1 1 F 3 2 1     1 3 F 2 1 3 3 2       1 F 1   1 1 1 
1 F F 2     2 F 5 F F 1 2 2 3 1 2 2 F 1 1 2 F 2 1 1     1 1 2 1 2 F 1       1 1 1 1 2 F 1 
1 2 2 1   1 2 3 F F 4 1 1 F 2 F 2 F 3 2   1 1 3 F 2 1 1 1   1 F 2 1 1         1 2 4 F 3 1 
          1 F 3 5 F 4 1 2 2 3 2 3 3 F 1     1 3 F 2 2 F 2   1 2 2 1     1 1 1 1 F F F 4 2 
        1 2 3 ? ? F F 3 2 F 2 2 F 3 2 1     2 F 4 2 3 F 2 1 1 2 F 3 2 1 2 F 2 2 4 F 4 F F 
2 2 1   1 F 3 ? ? ? ? ? ? ? ? ? 4 F 2   1 1 3 F 3 F 3 3 2 2 F 2 2 F F 2 2 F 2 1 F 2 2 2 2 
F F 2 1 2 3 ? ? ? ? ? ? ? ? ? ? ? F 2   1 F 2 1 2 2 F 2 F 2 1 1 2 4 F 2 1 1 1 2 2 2       
? ? ? ? ? ? ? ? ? ? ? ? ? ? ? ? ? 4 4 2 2 1 1     1 1 2 1 2 2 3 3 F 2 1       2 F 3 1 2 1 
? ? ? ? ? ? ? ? ? ? ? ? ? ? ? ? ? F F F 2   1 2 2 1 1 1 1 1 F F F 2 1   1 1 1 2 F 3 F 2 F 
? ? ? ? ? ? ? ? ? ? ? ? ? ? ? ? ? 3 5 F 4 1 2 F F 2 1 F 2 2 4 F 5 3 1   2 F 2 1 1 2 1 3 2 
? ? ? ? ? ? ? ? ? ? ? ? ? ? ? ? ? 2 2 F 3 F 2 3 F 2 2 3 4 F 2 2 F F 1   2 F 2   1 1 1 2 F 
? ? ? ? ? ? ? ? ? ? ? ? ? ? ? ? ? 1 1 1 2 2 2 3 2 2 2 F F 2 1 1 2 2 1   1 2 2 1 1 F 1 2 F 
? ? ? ? ? ? ? ? ? ? ? ? ? ? ? ? ? 3 2 1   2 F 3 F 3 5 F 4 1     1 1 1   1 2 F 1 1 1 1 1 1 
? ? ? ? ? ? ? ? ? ? ? ? ? ? ? ? ? F F 3 1 3 F 4 2 F F F 2       1 F 1   1 F 2 2 1 1   1 1 
? ? ? ? ? ? ? ? ? ? ? ? ? ? ? ? ? ? F F 1 2 F 4 3 4 4 3 1       1 1 1   1 2 2 3 F 3 2 4 F 
? ? ? ? ? ? ? ? ? ? ? ? ? ? ? ? ? ? ? 3 1 1 3 F F 5 F 2 1 2 2 1 1 1 1   1 3 F 6 F 4 F F F 
? ? ? ? ? ? ? ? ? ? ? ? ? ? ? ? ? ? ? 2     3 F F F F 3 1 F F 2 1 F 1   1 F F F F 3 2 3 2 
? ? ? ? ? ? ? ? ? ? ? ? ? ? ? ? ? ? ? 3 1   2 F 4 5 F 3 1 4 F 3 1 1 1   1 3 ? 4 2 1   1 1 
? ? ? ? ? ? ? ? ? ? ? ? ? ? ? ? ? ? ? F 1   1 1 1 2 F 2   2 F 2           1 ? 1       1 F 
Step: 31
? ? F 2         1 1 3 F 3 1 2 1 1   2 F 2 1 F 3 3 F 2 1 2 F ? ? ? 1         1 ? ? ? ? ? ? 
? F F 2         1 F 3 F 3 F 2 F 1   2 F 2 1 2 F F 3 F 1 2 F 3 2 2 1 1 1 1   1 2 3 4 ? ? ? 
F F 3 1         1 1 2 1 2 1 2 2 2 2 3 3 3 1 2 2 3 3 2 1 1 2 2 1     1 ? 2 2 1 2 1 4 ? ? ? 
2 2 1             1 1 1       1 F 3 F F 3 F 1   1 F 2 1 1 1 F 2 2 1 2 ? ? 2 F 2 F 4 F F F 
1 1 1 1 1 1     1 3 F 2       1 3 F 5 F 3 2 2 2 2 2 3 F 2 2 ? ? ? ? ? ? ? 4 3 3 3 4 F 4 2 
1 F 2 2 F 1 1 1 2 F F 2   1 1 1 3 F 4 1 1 1 F 3 F 1 2 F 4 3 F ? 4 3 3 F F F 2 F 2 F 2 1   
1 3 F 3 1 1 2 F 3 2 2 1 1 2 F 1 2 F 2   1 2 3 F 2 1 1 2 F F 3 2 F F 2 2 3 2 3 2 3 1 1     
1 4 F 3     3 F 4 2 2 1 1 F 2 1 1 2 2 1 1 F 3 2 1     1 3 F 2 1 3 3 2       1 F 1   1 1 1 
1 F F 2     2 F 5 F F 1 2 2 3 1 2 2 F 1 1 2 F 2 1 1     1 1 2 1 2 F 1       1 1 1 1 2 F 1 
1 2 2 1   1 2 3 F F 4 1 1 F 2 F 2 F 3 2   1 1 3 F 2 1 1 1   1 F 2 1 1         1 2 4 F 3 1 
          1 F 3 5 F 4 1 2 2 3 2 3 3 F 1     1 3 F 2 2 F 2   1 2 2 1     1 1 1 1 F F F 4 2 
        1 2 3 ? ? F F 3 2 F 2 2 F 3 2 1     2 F 4 2 3 F 2 1 1 2 F 3 2 1 2 F 2 2 4 F 4 F F 
2 2 1   1 F 3 ? ? ? F ? ? 3 ? ? 4 F 2   1 1 3 F 3 F 3 3 2 2 F 2 2 F F 2 2 F 2 1 F 2 2 2 2 
F F 2 1 2 3 ? ? ? ? ? ? ? ? ? ? ? F 2   1 F 2 1 2 2 F 2 F 2 1 1 2 4 F 2 1 1 1 2 2 2       
? ? ? ? ? ? ? ? ? ? ? ? ? ? ? ? ? 4 4 2 2 1 1     1 1 2 1 2 2 3 3 F 2 1       2 F 3 1 2 1 
? ? ? ? ? ? ? ? ? ? ? ? ? ? ? ? ? F F F 2   1 2 2 1 1 1 1 1 F F F 2 1   1 1 1 2 F 3 F 2 F 
? ? ? ? ? ? ? ? ? ? ? ? ? ? ? ? F 3 5 F 4 1 2 F F 2 1 F 2 2 4 F 5 3 1   2 F 2 1 1 2 1 3 2 
? ? ? ? ? ? ? ? ? ? ? ? ? ? ? ? ? 2 2 F 3 F 2 3 F 2 2 3 4 F 2 2 F F 1   2 F 2   1 1 1 2 F 
? ? ? ? ? ? ? ? ? ? ? ? ? ? ? ? F 1 1 1 2 2 2 3 2 2 2 F F 2 1 1 2 2 1   1 2 2 1 1 F 1 2 F 
? ? ? ? ? ? ? ? ? ? ? ? ? ? ? ? ? 3 2 1   2 F 3 F 3 5 F 4 1     1 1 1   1 2 F 1 1 1 1 1 1 
? ? ? ? ? ? ? ? ? ? ? ? ? ? ? ? ? F F 3 1 3 F 4 2 F F F 2       1 F 1   1 F 2 2 1 1   1 1 
? ? ? ? ? ? ? ? ? ? ? ? ? ? ? ? ? ? F F 1 2 F 4 3 4 4 3 1       1 1 1   1 2 2 3 F 3 2 4 F 
? ? ? ? ? ? ? ? ? ? ? ? ? ? ? ? ? ? ? 3 1 1 3 F F 5 F 2 1 2 2 1 1 1 1   1 3 F 6 F 4 F F F 
? ? ? ? ? ? ? ? ? ? ? ? ? ? ? ? ? ? ? 2     3 F F F F 3 1 F F 2 1 F 1   1 F F F F 3 2 3 2 
? ? ? ? ? ? ? ? ? ? ? ? ? ? ? ? ? ? F 3 1   2 F 4 5 F 3 1 4 F 3 1 1 1   1 3 ? 4 2 1   1 1 
? ? ? ? ? ? ? ? ? ? ? ? ? ? ? ? ? ? ? F 1   1 1 1 2 F 2   2 F 2           1 ? 1       1 F 
Step: 32
? ? F 2         1 1 3 F 3 1 2 1 1   2 F 2 1 F 3 3 F 2 1 2 F ? F F 1         1 F F F ? ? ? 
? F F 2         1 F 3 F 3 F 2 F 1   2 F 2 1 2 F F 3 F 1 2 F 3 2 2 1 1 1 1   1 2 3 4 F ? ? 
F F 3 1         1 1 2 1 2 1 2 2 2 2 3 3 3 1 2 2 3 3 2 1 1 2 2 1     1 F 2 2 1 2 1 4 F ? ? 
2 2 1             1 1 1       1 F 3 F F 3 F 1   1 F 2 1 1 1 F 2 2 1 2 2 F 2 F 2 F 4 F F F 
1 1 1 1 1 1     1 3 F 2       1 3 F 5 F 3 2 2 2 2 2 3 F 2 2 3 ? 2 F 2 3 4 4 3 3 3 4 F 4 2 
1 F 2 2 F 1 1 1 2 F F 2   1 1 1 3 F 4 1 1 1 F 3 F 1 2 F 4 3 F 3 4 3 3 F F F 2 F 2 F 2 1   
1 3 F 3 1 1 2 F 3 2 2 1 1 2 F 1 2 F 2   1 2 3 F 2 1 1 2 F F 3 2 F F 2 2 3 2 3 2 3 1 1     
1 4 F 3     3 F 4 2 2 1 1 F 2 1 1 2 2 1 1 F 3 2 1     1 3 F 2 1 3 3 2       1 F 1   1 1 1 
1 F F 2     2 F 5 F F 1 2 2 3 1 2 2 F 1 1 2 F 2 1 1     1 1 2 1 2 F 1       1 1 1 1 2 F 1 
1 2 2 1   1 2 3 F F 4 1 1 F 2 F 2 F 3 2   1 1 3 F 2 1 1 1   1 F 2 1 1         1 2 4 F 3 1 
          1 F 3 5 F 4 1 2 2 3 2 3 3 F 1     1 3 F 2 2 F 2   1 2 2 1     1 1 1 1 F F F 4 2 
        1 2 3 ? ? F F 3 2 F 2 2 F 3 2 1     2 F 4 2 3 F 2 1 1 2 F 3 2 1 2 F 2 2 4 F 4 F F 
2 2 1   1 F 3 ? ? ? F ? ? 3 ? ? 4 F 2   1 1 3 F 3 F 3 3 2 2 F 2 2 F F 2 2 F 2 1 F 2 2 2 2 
F F 2 1 2 3 ? ? ? ? ? ? ? ? ? ? ? F 2   1 F 2 1 2 2 F 2 F 2 1 1 2 4 F 2 1 1 1 2 2 2       
? ? ? ? ? ? ? ? ? ? ? ? ? ? ? ? ? 4 4 2 2 1 1     1 1 2 1 2 2 3 3 F 2 1       2 F 3 1 2 1 
? ? ? ? ? ? ? ? ? ? ? ? ? ? ? ? 3 F F F 2   1 2 2 1 1 1 1 1 F F F 2 1   1 1 1 2 F 3 F 2 F 
? ? ? ? ? ? ? ? ? ? ? ? ? F 2 2 F 3 5 F 4 1 2 F F 2 1 F 2 2 4 F 5 3 1   2 F 2 1 1 2 1 3 2 
? ? ? ? ? ? ? ? ? ? ? ? ? 2 1 2 2 2 2 F 3 F 2 3 F 2 2 3 4 F 2 2 F F 1   2 F 2   1 1 1 2 F 
? ? ? ? ? ? ? ? ? ? ? ? ? 1   1 F 1 1 1 2 2 2 3 2 2 2 F F 2 1 1 2 2 1   1 2 2 1 1 F 1 2 F 
? ? ? ? ? ? ? ? ? ? ? ? ? 1   1 2 3 2 1   2 F 3 F 3 5 F 4 1     1 1 1   1 2 F 1 1 1 1 1 1 
? ? ? ? ? ? ? ? ? ? ? ? ? 1 1 1 2 F F 3 1 3 F 4 2 F F F 2       1 F 1   1 F 2 2 1 1   1 1 
? ? ? ? ? ? ? ? ? ? ? ? ? ? ? ? ? ? F F 1 2 F 4 3 4 4 3 1       1 1 1   1 2 2 3 F 3 2 4 F 
? ? ? ? ? ? ? ? ? ? ? ? ? ? ? ? ? ? ? 3 1 1 3 F F 5 F 2 1 2 2 1 1 1 1   1 3 F 6 F 4 F F F 
? ? ? ? ? ? ? ? ? ? ? ? ? ? ? ? ? ? ? 2     3 F F F F 3 1 F F 2 1 F 1   1 F F F F 3 2 3 2 
? ? ? ? ? ? ? ? ? ? ? ? ? ? ? ? ? ? F 3 1   2 F 4 5 F 3 1 4 F 3 1 1 1   1 3 ? 4 2 1   1 1 
? ? ? ? ? ? ? ? ? ? ? ? ? ? ? ? ? ? ? F 1   1 1 1 2 F 2   2 F 2           1 ? 1       1 F 
Step: 33
? ? F 2         1 1 3 F 3 1 2 1 1   2 F 2 1 F 3 3 F 2 1 2 F 3 F F 1         1 F F F 4 ? ? 
? F F 2         1 F 3 F 3 F 2 F 1   2 F 2 1 2 F F 3 F 1 2 F 3 2 2 1 1 1 1   1 2 3 4 F ? ? 
F F 3 1         1 1 2 1 2 1 2 2 2 2 3 3 3 1 2 2 3 3 2 1 1 2 2 1     1 F 2 2 1 2 1 4 F ? ? 
2 2 1             1 1 1       1 F 3 F F 3 F 1   1 F 2 1 1 1 F 2 2 1 2 2 F 2 F 2 F 4 F F F 
1 1 1 1 1 1     1 3 F 2       1 3 F 5 F 3 2 2 2 2 2 3 F 2 2 3 F 2 F 2 3 4 4 3 3 3 4 F 4 2 
1 F 2 2 F 1 1 1 2 F F 2   1 1 1 3 F 4 1 1 1 F 3 F 1 2 F 4 3 F 3 4 3 3 F F F 2 F 2 F 2 1   
1 3 F 3 1 1 2 F 3 2 2 1 1 2 F 1 2 F 2   1 2 3 F 2 1 1 2 F F 3 2 F F 2 2 3 2 3 2 3 1 1     
1 4 F 3     3 F 4 2 2 1 1 F 2 1 1 2 2 1 1 F 3 2 1     1 3 F 2 1 3 3 2       1 F 1   1 1 1 
1 F F 2     2 F 5 F F 1 2 2 3 1 2 2 F 1 1 2 F 2 1 1     1 1 2 1 2 F 1       1 1 1 1 2 F 1 
1 2 2 1   1 2 3 F F 4 1 1 F 2 F 2 F 3 2   1 1 3 F 2 1 1 1   1 F 2 1 1         1 2 4 F 3 1 
          1 F 3 5 F 4 1 2 2 3 2 3 3 F 1     1 3 F 2 2 F 2   1 2 2 1     1 1 1 1 F F F 4 2 
        1 2 3 ? ? F F 3 2 F 2 2 F 3 2 1     2 F 4 2 3 F 2 1 1 2 F 3 2 1 2 F 2 2 4 F 4 F F 
2 2 1   1 F 3 ? ? ? F ? ? 3 ? ? 4 F 2   1 1 3 F 3 F 3 3 2 2 F 2 2 F F 2 2 F 2 1 F 2 2 2 2 
F F 2 1 2 3 ? ? ? ? ? ? ? ? ? ? ? F 2   1 F 2 1 2 2 F 2 F 2 1 1 2 4 F 2 1 1 1 2 2 2       
? ? ? ? ? ? ? ? ? ? ? ? ? ? ? ? ? 4 4 2 2 1 1     1 1 2 1 2 2 3 3 F 2 1       2 F 3 1 2 1 
? ? ? ? ? ? ? ? ? ? ? ? ? ? ? ? 3 F F F 2   1 2 2 1 1 1 1 1 F F F 2 1   1 1 1 2 F 3 F 2 F 
? ? ? ? ? ? ? ? ? ? ? ? ? F 2 2 F 3 5 F 4 1 2 F F 2 1 F 2 2 4 F 5 3 1   2 F 2 1 1 2 1 3 2 
? ? ? ? ? ? ? ? ? ? ? ? ? 2 1 2 2 2 2 F 3 F 2 3 F 2 2 3 4 F 2 2 F F 1   2 F 2   1 1 1 2 F 
? ? ? ? ? ? ? ? ? ? ? ? ? 1   1 F 1 1 1 2 2 2 3 2 2 2 F F 2 1 1 2 2 1   1 2 2 1 1 F 1 2 F 
? ? ? ? ? ? ? ? ? ? ? ? ? 1   1 2 3 2 1   2 F 3 F 3 5 F 4 1     1 1 1   1 2 F 1 1 1 1 1 1 
? ? ? ? ? ? ? ? ? ? ? ? ? 1 1 1 2 F F 3 1 3 F 4 2 F F F 2       1 F 1   1 F 2 2 1 1   1 1 
? ? ? ? ? ? ? ? ? ? ? ? ? ? ? ? ? ? F F 1 2 F 4 3 4 4 3 1       1 1 1   1 2 2 3 F 3 2 4 F 
? ? ? ? ? ? ? ? ? ? ? ? ? ? ? ? ? ? ? 3 1 1 3 F F 5 F 2 1 2 2 1 1 1 1   1 3 F 6 F 4 F F F 
? ? ? ? ? ? ? ? ? ? ? ? ? ? ? ? ? ? ? 2     3 F F F F 3 1 F F 2 1 F 1   1 F F F F 3 2 3 2 
? ? ? ? ? ? ? ? ? ? ? ? ? ? ? ? ? ? F 3 1   2 F 4 5 F 3 1 4 F 3 1 1 1   1 3 ? 4 2 1   1 1 
? ? ? ? ? ? ? ? ? ? ? ? ? ? ? ? ? ? ? F 1   1 1 1 2 F 2   2 F 2           1 ? 1       1 F 
Step: 34
? ? F 2         1 1 3 F 3 1 2 1 1   2 F 2 1 F 3 3 F 2 1 2 F 3 F F 1         1 F F F 4 F ? 
? F F 2         1 F 3 F 3 F 2 F 1   2 F 2 1 2 F F 3 F 1 2 F 3 2 2 1 1 1 1   1 2 3 4 F F ? 
F F 3 1         1 1 2 1 2 1 2 2 2 2 3 3 3 1 2 2 3 3 2 1 1 2 2 1     1 F 2 2 1 2 1 4 F ? ? 
2 2 1             1 1 1       1 F 3 F F 3 F 1   1 F 2 1 1 1 F 2 2 1 2 2 F 2 F 2 F 4 F F F 
1 1 1 1 1 1     1 3 F 2       1 3 F 5 F 3 2 2 2 2 2 3 F 2 2 3 F 2 F 2 3 4 4 3 3 3 4 F 4 2 
1 F 2 2 F 1 1 1 2 F F 2   1 1 1 3 F 4 1 1 1 F 3 F 1 2 F 4 3 F 3 4 3 3 F F F 2 F 2 F 2 1   
1 3 F 3 1 1 2 F 3 2 2 1 1 2 F 1 2 F 2   1 2 3 F 2 1 1 2 F F 3 2 F F 2 2 3 2 3 2 3 1 1     
1 4 F 3     3 F 4 2 2 1 1 F 2 1 1 2 2 1 1 F 3 2 1     1 3 F 2 1 3 3 2       1 F 1   1 1 1 
1 F F 2     2 F 5 F F 1 2 2 3 1 2 2 F 1 1 2 F 2 1 1     1 1 2 1 2 F 1       1 1 1 1 2 F 1 
1 2 2 1   1 2 3 F F 4 1 1 F 2 F 2 F 3 2   1 1 3 F 2 1 1 1   1 F 2 1 1         1 2 4 F 3 1 
          1 F 3 5 F 4 1 2 2 3 2 3 3 F 1     1 3 F 2 2 F 2   1 2 2 1     1 1 1 1 F F F 4 2 
        1 2 3 ? ? F F 3 2 F 2 2 F 3 2 1     2 F 4 2 3 F 2 1 1 2 F 3 2 1 2 F 2 2 4 F 4 F F 
2 2 1   1 F 3 ? ? ? F ? ? 3 ? ? 4 F 2   1 1 3 F 3 F 3 3 2 2 F 2 2 F F 2 2 F 2 1 F 2 2 2 2 
F F 2 1 2 3 ? ? ? ? ? ? ? ? ? ? ? F 2   1 F 2 1 2 2 F 2 F 2 1 1 2 4 F 2 1 1 1 2 2 2       
? ? ? ? ? ? ? ? ? ? ? ? ? ? ? ? ? 4 4 2 2 1 1     1 1 2 1 2 2 3 3 F 2 1       2 F 3 1 2 1 
? ? ? ? ? ? ? ? ? ? ? ? ? ? ? ? 3 F F F 2   1 2 2 1 1 1 1 1 F F F 2 1   1 1 1 2 F 3 F 2 F 
? ? ? ? ? ? ? ? ? ? ? ? ? F 2 2 F 3 5 F 4 1 2 F F 2 1 F 2 2 4 F 5 3 1   2 F 2 1 1 2 1 3 2 
? ? ? ? ? ? ? ? ? ? ? ? ? 2 1 2 2 2 2 F 3 F 2 3 F 2 2 3 4 F 2 2 F F 1   2 F 2   1 1 1 2 F 
? ? ? ? ? ? ? ? ? ? ? ? ? 1   1 F 1 1 1 2 2 2 3 2 2 2 F F 2 1 1 2 2 1   1 2 2 1 1 F 1 2 F 
? ? ? ? ? ? ? ? ? ? ? ? ? 1   1 2 3 2 1   2 F 3 F 3 5 F 4 1     1 1 1   1 2 F 1 1 1 1 1 1 
? ? ? ? ? ? ? ? ? ? ? ? ? 1 1 1 2 F F 3 1 3 F 4 2 F F F 2       1 F 1   1 F 2 2 1 1   1 1 
? ? ? ? ? ? ? ? ? ? ? ? ? ? ? ? ? ? F F 1 2 F 4 3 4 4 3 1       1 1 1   1 2 2 3 F 3 2 4 F 
? ? ? ? ? ? ? ? ? ? ? ? ? ? ? ? ? ? ? 3 1 1 3 F F 5 F 2 1 2 2 1 1 1 1   1 3 F 6 F 4 F F F 
? ? ? ? ? ? ? ? ? ? ? ? ? ? ? ? ? ? ? 2     3 F F F F 3 1 F F 2 1 F 1   1 F F F F 3 2 3 2 
? ? ? ? ? ? ? ? ? ? ? ? ? ? ? ? ? ? F 3 1   2 F 4 5 F 3 1 4 F 3 1 1 1   1 3 ? 4 2 1   1 1 
? ? ? ? ? ? ? ? ? ? ? ? ? ? ? ? ? ? ? F 1   1 1 1 2 F 2   2 F 2           1 ? 1       1 F 
Step: 35
? ? F 2         1 1 3 F 3 1 2 1 1   2 F 2 1 F 3 3 F 2 1 2 F 3 F F 1         1 F F F 4 F ? 
? F F 2         1 F 3 F 3 F 2 F 1   2 F 2 1 2 F F 3 F 1 2 F 3 2 2 1 1 1 1   1 2 3 4 F F ? 
F F 3 1         1 1 2 1 2 1 2 2 2 2 3 3 3 1 2 2 3 3 2 1 1 2 2 1     1 F 2 2 1 2 1 4 F ? ? 
2 2 1             1 1 1       1 F 3 F F 3 F 1   1 F 2 1 1 1 F 2 2 1 2 2 F 2 F 2 F 4 F F F 
1 1 1 1 1 1     1 3 F 2       1 3 F 5 F 3 2 2 2 2 2 3 F 2 2 3 F 2 F 2 3 4 4 3 3 3 4 F 4 2 
1 F 2 2 F 1 1 1 2 F F 2   1 1 1 3 F 4 1 1 1 F 3 F 1 2 F 4 3 F 3 4 3 3 F F F 2 F 2 F 2 1   
1 3 F 3 1 1 2 F 3 2 2 1 1 2 F 1 2 F 2   1 2 3 F 2 1 1 2 F F 3 2 F F 2 2 3 2 3 2 3 1 1     
1 4 F 3     3 F 4 2 2 1 1 F 2 1 1 2 2 1 1 F 3 2 1     1 3 F 2 1 3 3 2       1 F 1   1 1 1 
1 F F 2     2 F 5 F F 1 2 2 3 1 2 2 F 1 1 2 F 2 1 1     1 1 2 1 2 F 1       1 1 1 1 2 F 1 
1 2 2 1   1 2 3 F F 4 1 1 F 2 F 2 F 3 2   1 1 3 F 2 1 1 1   1 F 2 1 1         1 2 4 F 3 1 
          1 F 3 5 F 4 1 2 2 3 2 3 3 F 1     1 3 F 2 2 F 2   1 2 2 1     1 1 1 1 F F F 4 2 
        1 2 3 ? ? F F 3 2 F 2 2 F 3 2 1     2 F 4 2 3 F 2 1 1 2 F 3 2 1 2 F 2 2 4 F 4 F F 
2 2 1   1 F 3 ? ? ? F ? ? 3 ? ? 4 F 2   1 1 3 F 3 F 3 3 2 2 F 2 2 F F 2 2 F 2 1 F 2 2 2 2 
F F 2 1 2 3 ? ? ? ? ? ? ? ? ? ? ? F 2   1 F 2 1 2 2 F 2 F 2 1 1 2 4 F 2 1 1 1 2 2 2       
? ? ? ? ? ? ? ? ? ? ? ? ? ? ? ? ? 4 4 2 2 1 1     1 1 2 1 2 2 3 3 F 2 1       2 F 3 1 2 1 
? ? ? ? ? ? ? ? ? ? ? ? ? 4 ? ? 3 F F F 2   1 2 2 1 1 1 1 1 F F F 2 1   1 1 1 2 F 3 F 2 F 
? ? ? ? ? ? ? ? ? ? ? ? ? F 2 2 F 3 5 F 4 1 2 F F 2 1 F 2 2 4 F 5 3 1   2 F 2 1 1 2 1 3 2 
? ? ? ? ? ? ? ? ? ? ? ? ? 2 1 2 2 2 2 F 3 F 2 3 F 2 2 3 4 F 2 2 F F 1   2 F 2   1 1 1 2 F 
? ? ? ? ? ? ? ? ? ? ? ? ? 1   1 F 1 1 1 2 2 2 3 2 2 2 F F 2 1 1 2 2 1   1 2 2 1 1 F 1 2 F 
? ? ? ? ? ? ? ? ? ? ? ? ? 1   1 2 3 2 1   2 F 3 F 3 5 F 4 1     1 1 1   1 2 F 1 1 1 1 1 1 
? ? ? ? ? ? ? ? ? ? ? ? ? 1 1 1 2 F F 3 1 3 F 4 2 F F F 2       1 F 1   1 F 2 2 1 1   1 1 
? ? ? ? ? ? ? ? ? ? ? ? ? ? ? ? ? ? F F 1 2 F 4 3 4 4 3 1       1 1 1   1 2 2 3 F 3 2 4 F 
? ? ? ? ? ? ? ? ? ? ? ? ? ? ? ? ? ? ? 3 1 1 3 F F 5 F 2 1 2 2 1 1 1 1   1 3 F 6 F 4 F F F 
? ? ? ? ? ? ? ? ? ? ? ? ? ? ? ? ? ? ? 2     3 F F F F 3 1 F F 2 1 F 1   1 F F F F 3 2 3 2 
? ? ? ? ? ? ? ? ? ? ? ? ? ? ? ? ? ? F 3 1   2 F 4 5 F 3 1 4 F 3 1 1 1   1 3 ? 4 2 1   1 1 
? ? ? ? ? ? ? ? ? ? ? ? ? ? ? ? ? ? ? F 1   1 1 1 2 F 2   2 F 2           1 ? 1       1 F 
Width: 45, Height: 26, Mines: 257
Start field: (4, 0)
1 3 # 2         1 1 3 # 3 1 2 1 1   2 # 2 1 # 3 3 # 2 1 2 # 3 # # 1         1 # # # 4 # 2 
3 # # 2         1 # 3 # 3 # 2 # 1   2 # 2 1 2 # # 3 # 1 2 # 3 2 2 1 1 1 1   1 2 3 4 # # 2 
# # 3 1         1 1 2 1 2 1 2 2 2 2 3 3 3 1 2 2 3 3 2 1 1 2 2 1     1 # 2 2 1 2 1 4 # 6 3 
2 2 1             1 1 1       1 # 3 # # 3 # 1   1 # 2 1 1 1 # 2 2 1 2 2 # 2 # 2 # 4 # # # 
1 1 1 1 1 1     1 3 # 2       1 3 # 5 # 3 2 2 2 2 2 3 # 2 2 3 # 2 # 2 3 4 4 3 3 3 4 # 4 2 
1 # 2 2 # 1 1 1 2 # # 2   1 1 1 3 # 4 1 1 1 # 3 # 1 2 # 4 3 # 3 4 3 3 # # # 2 # 2 # 2 1   
1 3 # 3 1 1 2 # 3 2 2 1 1 2 # 1 2 # 2   1 2 3 # 2 1 1 2 # # 3 2 # # 2 2 3 2 3 2 3 1 1     
1 4 # 3     3 # 4 2 2 1 1 # 2 1 1 2 2 1 1 # 3 2 1     1 3 # 2 1 3 3 2       1 # 1   1 1 1 
1 # # 2     2 # 5 # # 1 2 2 3 1 2 2 # 1 1 2 # 2 1 1     1 1 2 1 2 # 1       1 1 1 1 2 # 1 
1 2 2 1   1 2 3 # # 4 1 1 # 2 # 2 # 3 2   1 1 3 # 2 1 1 1   1 # 2 1 1         1 2 4 # 3 1 
          1 # 3 5 # 4 1 2 2 3 2 3 3 # 1     1 3 # 2 2 # 2   1 2 2 1     1 1 1 1 # # # 4 2 
        1 2 3 # 3 # # 3 2 # 2 2 # 3 2 1     2 # 4 2 3 # 2 1 1 2 # 3 2 1 2 # 2 2 4 # 4 # # 
2 2 1   1 # 3 2 2 3 # 3 # 3 # 3 4 # 2   1 1 3 # 3 # 3 3 2 2 # 2 2 # # 2 2 # 2 1 # 2 2 2 2 
# # 2 1 2 3 # 2 1 2 2 3 2 3 2 # 4 # 2   1 # 2 1 2 2 # 2 # 2 1 1 2 4 # 2 1 1 1 2 2 2       
# 4 2 # 2 3 # 3 2 # 1 1 # 2 2 3 # 4 4 2 2 1 1     1 1 2 1 2 2 3 3 # 2 1       2 # 3 1 2 1 
# 2 1 1 2 # 3 # 2 1 1 2 3 4 # 3 3 # # # 2   1 2 2 1 1 1 1 1 # # # 2 1   1 1 1 2 # 3 # 2 # 
1 1   1 2 3 4 3 3 1 1 1 # # 2 2 # 3 5 # 4 1 2 # # 2 1 # 2 2 4 # 5 3 1   2 # 2 1 1 2 1 3 2 
      2 # 4 # # 2 # 2 2 2 2 1 2 2 2 2 # 3 # 2 3 # 2 2 3 4 # 2 2 # # 1   2 # 2   1 1 1 2 # 
1 1   2 # 4 # 4 3 3 # 2 1 1   1 # 1 1 1 2 2 2 3 2 2 2 # # 2 1 1 2 2 1   1 2 2 1 1 # 1 2 # 
# 2 2 3 2 2 1 2 # 2 2 3 # 1   1 2 3 2 1   2 # 3 # 3 5 # 4 1     1 1 1   1 2 # 1 1 1 1 1 1 
2 3 # # 3 1 2 2 3 2 2 # 2 1 1 1 2 # # 3 1 3 # 4 2 # # # 2       1 # 1   1 # 2 2 1 1   1 1 
2 # 5 # 3 # 2 # 2 # 2 2 2 1 1 # 3 4 # # 1 2 # 4 3 4 4 3 1       1 1 1   1 2 2 3 # 3 2 4 # 
2 # 5 4 4 3 3 2 2 2 2 3 # 2 1 1 3 # 5 3 1 1 3 # # 5 # 2 1 2 2 1 1 1 1   1 3 # 6 # 4 # # # 
1 2 # # # 2 # 2 1 1 # 3 # 2 1 2 4 # # 2     3 # # # # 3 1 # # 2 1 # 1   1 # # # # 3 2 3 2 
  1 2 3 2 2 2 # 1 2 2 3 1 1 1 # # 4 # 3 1   2 # 4 5 # 3 1 4 # 3 1 1 1   1 3 # 4 2 1   1 1 
            1 1 1 1 # 1     1 2 2 2 2 # 1   1 1 1 2 # 2   2 # 2           1 1 1       1 # 
Moving mine from border cell (38, 24) : 
to border cell (8, 11)
Width: 45, Height: 26, Mines: 257
Start field: (4, 0)
1 3 # 2         1 1 3 # 3 1 2 1 1   2 # 2 1 # 3 3 # 2 1 2 # 3 # # 1         1 # # # 4 # 2 
3 # # 2         1 # 3 # 3 # 2 # 1   2 # 2 1 2 # # 3 # 1 2 # 3 2 2 1 1 1 1   1 2 3 4 # # 2 
# # 3 1         1 1 2 1 2 1 2 2 2 2 3 3 3 1 2 2 3 3 2 1 1 2 2 1     1 # 2 2 1 2 1 4 # 6 3 
2 2 1             1 1 1       1 # 3 # # 3 # 1   1 # 2 1 1 1 # 2 2 1 2 2 # 2 # 2 # 4 # # # 
1 1 1 1 1 1     1 3 # 2       1 3 # 5 # 3 2 2 2 2 2 3 # 2 2 3 # 2 # 2 3 4 4 3 3 3 4 # 4 2 
1 # 2 2 # 1 1 1 2 # # 2   1 1 1 3 # 4 1 1 1 # 3 # 1 2 # 4 3 # 3 4 3 3 # # # 2 # 2 # 2 1   
1 3 # 3 1 1 2 # 3 2 2 1 1 2 # 1 2 # 2   1 2 3 # 2 1 1 2 # # 3 2 # # 2 2 3 2 3 2 3 1 1     
1 4 # 3     3 # 4 2 2 1 1 # 2 1 1 2 2 1 1 # 3 2 1     1 3 # 2 1 3 3 2       1 # 1   1 1 1 
1 # # 2     2 # 5 # # 1 2 2 3 1 2 2 # 1 1 2 # 2 1 1     1 1 2 1 2 # 1       1 1 1 1 2 # 1 
1 2 2 1   1 2 3 # # 4 1 1 # 2 # 2 # 3 2   1 1 3 # 2 1 1 1   1 # 2 1 1         1 2 4 # 3 1 
          1 # 4 6 # 4 1 2 2 3 2 3 3 # 1     1 3 # 2 2 # 2   1 2 2 1     1 1 1 1 # # # 4 2 
        1 2 3 # # # # 3 2 # 2 2 # 3 2 1     2 # 4 2 3 # 2 1 1 2 # 3 2 1 2 # 2 2 4 # 4 # # 
2 2 1   1 # 3 3 3 4 # 3 # 3 # 3 4 # 2   1 1 3 # 3 # 3 3 2 2 # 2 2 # # 2 2 # 2 1 # 2 2 2 2 
# # 2 1 2 3 # 2 1 2 2 3 2 3 2 # 4 # 2   1 # 2 1 2 2 # 2 # 2 1 1 2 4 # 2 1 1 1 2 2 2       
# 4 2 # 2 3 # 3 2 # 1 1 # 2 2 3 # 4 4 2 2 1 1     1 1 2 1 2 2 3 3 # 2 1       2 # 3 1 2 1 
# 2 1 1 2 # 3 # 2 1 1 2 3 4 # 3 3 # # # 2   1 2 2 1 1 1 1 1 # # # 2 1   1 1 1 2 # 3 # 2 # 
1 1   1 2 3 4 3 3 1 1 1 # # 2 2 # 3 5 # 4 1 2 # # 2 1 # 2 2 4 # 5 3 1   2 # 2 1 1 2 1 3 2 
      2 # 4 # # 2 # 2 2 2 2 1 2 2 2 2 # 3 # 2 3 # 2 2 3 4 # 2 2 # # 1   2 # 2   1 1 1 2 # 
1 1   2 # 4 # 4 3 3 # 2 1 1   1 # 1 1 1 2 2 2 3 2 2 2 # # 2 1 1 2 2 1   1 2 2 1 1 # 1 2 # 
# 2 2 3 2 2 1 2 # 2 2 3 # 1   1 2 3 2 1   2 # 3 # 3 5 # 4 1     1 1 1   1 2 # 1 1 1 1 1 1 
2 3 # # 3 1 2 2 3 2 2 # 2 1 1 1 2 # # 3 1 3 # 4 2 # # # 2       1 # 1   1 # 2 2 1 1   1 1 
2 # 5 # 3 # 2 # 2 # 2 2 2 1 1 # 3 4 # # 1 2 # 4 3 4 4 3 1       1 1 1   1 2 2 3 # 3 2 4 # 
2 # 5 4 4 3 3 2 2 2 2 3 # 2 1 1 3 # 5 3 1 1 3 # # 5 # 2 1 2 2 1 1 1 1   1 3 # 6 # 4 # # # 
1 2 # # # 2 # 2 1 1 # 3 # 2 1 2 4 # # 2     3 # # # # 3 1 # # 2 1 # 1   1 # # # # 3 2 3 2 
  1 2 3 2 2 2 # 1 2 2 3 1 1 1 # # 4 # 3 1   2 # 4 5 # 3 1 4 # 3 1 1 1   1 2 3 3 2 1   1 1 
            1 1 1 1 # 1     1 2 2 2 2 # 1   1 1 1 2 # 2   2 # 2           1 1 1       1 # 
Step: 1
? ? ? 2         1 ? ? ? ? ? ? ? ? ? ? ? ? ? ? ? ? ? ? ? ? ? ? ? ? ? ? ? ? ? ? ? ? ? ? ? ? 
? ? ? 2         1 ? ? ? ? ? ? ? ? ? ? ? ? ? ? ? ? ? ? ? ? ? ? ? ? ? ? ? ? ? ? ? ? ? ? ? ? 
? ? 3 1         1 1 ? ? ? ? ? ? ? ? ? ? ? ? ? ? ? ? ? ? ? ? ? ? ? ? ? ? ? ? ? ? ? ? ? ? ? 
? ? 1             1 ? ? ? ? ? ? ? ? ? ? ? ? ? ? ? ? ? ? ? ? ? ? ? ? ? ? ? ? ? ? ? ? ? ? ? 
? ? 1 1 1 1     1 3 ? ? ? ? ? ? ? ? ? ? ? ? ? ? ? ? ? ? ? ? ? ? ? ? ? ? ? ? ? ? ? ? ? ? ? 
? ? ? ? ? 1 1 1 2 ? ? ? ? ? ? ? ? ? ? ? ? ? ? ? ? ? ? ? ? ? ? ? ? ? ? ? ? ? ? ? ? ? ? ? ? 
? ? ? ? ? ? ? ? ? ? ? ? ? ? ? ? ? ? ? ? ? ? ? ? ? ? ? ? ? ? ? ? ? ? ? ? ? ? ? ? ? ? ? ? ? 
? ? ? ? ? ? ? ? ? ? ? ? ? ? ? ? ? ? ? ? ? ? ? ? ? ? ? ? ? ? ? ? ? ? ? ? ? ? ? ? ? ? ? ? ? 
? ? ? ? ? ? ? ? ? ? ? ? ? ? ? ? ? ? ? ? ? ? ? ? ? ? ? ? ? ? ? ? ? ? ? ? ? ? ? ? ? ? ? ? ? 
? ? ? ? ? ? ? ? ? ? ? ? ? ? ? ? ? ? ? ? ? ? ? ? ? ? ? ? ? ? ? ? ? ? ? ? ? ? ? ? ? ? ? ? ? 
? ? ? ? ? ? ? ? ? ? ? ? ? ? ? ? ? ? ? ? ? ? ? ? ? ? ? ? ? ? ? ? ? ? ? ? ? ? ? ? ? ? ? ? ? 
? ? ? ? ? ? ? ? ? ? ? ? ? ? ? ? ? ? ? ? ? ? ? ? ? ? ? ? ? ? ? ? ? ? ? ? ? ? ? ? ? ? ? ? ? 
? ? ? ? ? ? ? ? ? ? ? ? ? ? ? ? ? ? ? ? ? ? ? ? ? ? ? ? ? ? ? ? ? ? ? ? ? ? ? ? ? ? ? ? ? 
? ? ? ? ? ? ? ? ? ? ? ? ? ? ? ? ? ? ? ? ? ? ? ? ? ? ? ? ? ? ? ? ? ? ? ? ? ? ? ? ? ? ? ? ? 
? ? ? ? ? ? ? ? ? ? ? ? ? ? ? ? ? ? ? ? ? ? ? ? ? ? ? ? ? ? ? ? ? ? ? ? ? ? ? ? ? ? ? ? ? 
? ? ? ? ? ? ? ? ? ? ? ? ? ? ? ? ? ? ? ? ? ? ? ? ? ? ? ? ? ? ? ? ? ? ? ? ? ? ? ? ? ? ? ? ? 
? ? ? ? ? ? ? ? ? ? ? ? ? ? ? ? ? ? ? ? ? ? ? ? ? ? ? ? ? ? ? ? ? ? ? ? ? ? ? ? ? ? ? ? ? 
? ? ? ? ? ? ? ? ? ? ? ? ? ? ? ? ? ? ? ? ? ? ? ? ? ? ? ? ? ? ? ? ? ? ? ? ? ? ? ? ? ? ? ? ? 
? ? ? ? ? ? ? ? ? ? ? ? ? ? ? ? ? ? ? ? ? ? ? ? ? ? ? ? ? ? ? ? ? ? ? ? ? ? ? ? ? ? ? ? ? 
? ? ? ? ? ? ? ? ? ? ? ? ? ? ? ? ? ? ? ? ? ? ? ? ? ? ? ? ? ? ? ? ? ? ? ? ? ? ? ? ? ? ? ? ? 
? ? ? ? ? ? ? ? ? ? ? ? ? ? ? ? ? ? ? ? ? ? ? ? ? ? ? ? ? ? ? ? ? ? ? ? ? ? ? ? ? ? ? ? ? 
? ? ? ? ? ? ? ? ? ? ? ? ? ? ? ? ? ? ? ? ? ? ? ? ? ? ? ? ? ? ? ? ? ? ? ? ? ? ? ? ? ? ? ? ? 
? ? ? ? ? ? ? ? ? ? ? ? ? ? ? ? ? ? ? ? ? ? ? ? ? ? ? ? ? ? ? ? ? ? ? ? ? ? ? ? ? ? ? ? ? 
? ? ? ? ? ? ? ? ? ? ? ? ? ? ? ? ? ? ? ? ? ? ? ? ? ? ? ? ? ? ? ? ? ? ? ? ? ? ? ? ? ? ? ? ? 
? ? ? ? ? ? ? ? ? ? ? ? ? ? ? ? ? ? ? ? ? ? ? ? ? ? ? ? ? ? ? ? ? ? ? ? ? ? ? ? ? ? ? ? ? 
? ? ? ? ? ? ? ? ? ? ? ? ? ? ? ? ? ? ? ? ? ? ? ? ? ? ? ? ? ? ? ? ? ? ? ? ? ? ? ? ? ? ? ? ? 
Step: 2
? ? F 2         1 ? ? ? ? ? ? ? ? ? ? ? ? ? ? ? ? ? ? ? ? ? ? ? ? ? ? ? ? ? ? ? ? ? ? ? ? 
? ? F 2         1 F 3 ? ? ? ? ? ? ? ? ? ? ? ? ? ? ? ? ? ? ? ? ? ? ? ? ? ? ? ? ? ? ? ? ? ? 
? ? 3 1         1 1 2 1 2 1 2 2 ? ? ? ? ? ? ? ? ? ? ? ? ? ? ? ? ? ? ? ? ? ? ? ? ? ? ? ? ? 
? ? 1             1 1 1       1 ? ? ? ? ? ? ? ? ? ? ? ? ? ? ? ? ? ? ? ? ? ? ? ? ? ? ? ? ? 
? ? 1 1 1 1     1 3 F 2       1 3 F ? ? ? ? ? ? ? ? ? ? ? ? ? ? ? ? ? ? ? ? ? ? ? ? ? ? ? 
? ? ? 2 F 1 1 1 2 F F 2   1 1 1 3 F ? ? ? ? ? ? ? ? ? ? ? ? ? ? ? ? ? ? ? ? ? ? ? ? ? ? ? 
? ? F 3 1 1 2 F 3 2 2 1 1 2 F 1 2 F ? ? ? ? ? ? ? ? ? ? ? ? ? ? ? ? ? ? ? ? ? ? ? ? ? ? ? 
? ? F 3     3 F 4 2 2 1 1 F 2 1 1 2 ? ? ? ? ? ? ? ? ? ? ? ? ? ? ? ? ? ? ? ? ? ? ? ? ? ? ? 
? F F 2     2 F ? ? ? 1 2 2 3 1 2 2 ? ? ? ? ? ? ? ? ? ? ? ? ? ? ? ? ? ? ? ? ? ? ? ? ? ? ? 
1 2 2 1   1 2 3 ? ? ? ? ? ? ? ? ? ? ? ? ? ? ? ? ? ? ? ? ? ? ? ? ? ? ? ? ? ? ? ? ? ? ? ? ? 
          1 F 4 ? ? ? ? ? ? ? ? ? ? ? ? ? ? ? ? ? ? ? ? ? ? ? ? ? ? ? ? ? ? ? ? ? ? ? ? ? 
        1 2 3 ? ? ? ? ? ? ? ? ? ? ? ? ? ? ? ? ? ? ? ? ? ? ? ? ? ? ? ? ? ? ? ? ? ? ? ? ? ? 
2 2 1   1 F 3 ? ? ? ? ? ? ? ? ? ? ? ? ? ? ? ? ? ? ? ? ? ? ? ? ? ? ? ? ? ? ? ? ? ? ? ? ? ? 
F F 2 1 2 3 ? ? ? ? ? ? ? ? ? ? ? ? ? ? ? ? ? ? ? ? ? ? ? ? ? ? ? ? ? ? ? ? ? ? ? ? ? ? ? 
? ? ? ? ? ? ? ? ? ? ? ? ? ? ? ? ? ? ? ? ? ? ? ? ? ? ? ? ? ? ? ? ? ? ? ? ? ? ? ? ? ? ? ? ? 
? ? ? ? ? ? ? ? ? ? ? ? ? ? ? ? ? ? ? ? ? ? ? ? ? ? ? ? ? ? ? ? ? ? ? ? ? ? ? ? ? ? ? ? ? 
? ? ? ? ? ? ? ? ? ? ? ? ? ? ? ? ? ? ? ? ? ? ? ? ? ? ? ? ? ? ? ? ? ? ? ? ? ? ? ? ? ? ? ? ? 
? ? ? ? ? ? ? ? ? ? ? ? ? ? ? ? ? ? ? ? ? ? ? ? ? ? ? ? ? ? ? ? ? ? ? ? ? ? ? ? ? ? ? ? ? 
? ? ? ? ? ? ? ? ? ? ? ? ? ? ? ? ? ? ? ? ? ? ? ? ? ? ? ? ? ? ? ? ? ? ? ? ? ? ? ? ? ? ? ? ? 
? ? ? ? ? ? ? ? ? ? ? ? ? ? ? ? ? ? ? ? ? ? ? ? ? ? ? ? ? ? ? ? ? ? ? ? ? ? ? ? ? ? ? ? ? 
? ? ? ? ? ? ? ? ? ? ? ? ? ? ? ? ? ? ? ? ? ? ? ? ? ? ? ? ? ? ? ? ? ? ? ? ? ? ? ? ? ? ? ? ? 
? ? ? ? ? ? ? ? ? ? ? ? ? ? ? ? ? ? ? ? ? ? ? ? ? ? ? ? ? ? ? ? ? ? ? ? ? ? ? ? ? ? ? ? ? 
? ? ? ? ? ? ? ? ? ? ? ? ? ? ? ? ? ? ? ? ? ? ? ? ? ? ? ? ? ? ? ? ? ? ? ? ? ? ? ? ? ? ? ? ? 
? ? ? ? ? ? ? ? ? ? ? ? ? ? ? ? ? ? ? ? ? ? ? ? ? ? ? ? ? ? ? ? ? ? ? ? ? ? ? ? ? ? ? ? ? 
? ? ? ? ? ? ? ? ? ? ? ? ? ? ? ? ? ? ? ? ? ? ? ? ? ? ? ? ? ? ? ? ? ? ? ? ? ? ? ? ? ? ? ? ? 
? ? ? ? ? ? ? ? ? ? ? ? ? ? ? ? ? ? ? ? ? ? ? ? ? ? ? ? ? ? ? ? ? ? ? ? ? ? ? ? ? ? ? ? ? 
Step: 3
? ? F 2         1 1 3 F ? ? ? ? ? ? ? ? ? ? ? ? ? ? ? ? ? ? ? ? ? ? ? ? ? ? ? ? ? ? ? ? ? 
? ? F 2         1 F 3 F 3 F 2 F ? ? ? ? ? ? ? ? ? ? ? ? ? ? ? ? ? ? ? ? ? ? ? ? ? ? ? ? ? 
? ? 3 1         1 1 2 1 2 1 2 2 ? ? ? ? ? ? ? ? ? ? ? ? ? ? ? ? ? ? ? ? ? ? ? ? ? ? ? ? ? 
? ? 1             1 1 1       1 F 3 ? ? ? ? ? ? ? ? ? ? ? ? ? ? ? ? ? ? ? ? ? ? ? ? ? ? ? 
? ? 1 1 1 1     1 3 F 2       1 3 F ? ? ? ? ? ? ? ? ? ? ? ? ? ? ? ? ? ? ? ? ? ? ? ? ? ? ? 
? ? 2 2 F 1 1 1 2 F F 2   1 1 1 3 F ? ? ? ? ? ? ? ? ? ? ? ? ? ? ? ? ? ? ? ? ? ? ? ? ? ? ? 
1 3 F 3 1 1 2 F 3 2 2 1 1 2 F 1 2 F ? ? ? ? ? ? ? ? ? ? ? ? ? ? ? ? ? ? ? ? ? ? ? ? ? ? ? 
1 4 F 3     3 F 4 2 2 1 1 F 2 1 1 2 ? ? ? ? ? ? ? ? ? ? ? ? ? ? ? ? ? ? ? ? ? ? ? ? ? ? ? 
1 F F 2     2 F ? F F 1 2 2 3 1 2 2 ? ? ? ? ? ? ? ? ? ? ? ? ? ? ? ? ? ? ? ? ? ? ? ? ? ? ? 
1 2 2 1   1 2 3 ? F 4 1 1 F 2 F 2 F ? ? ? ? ? ? ? ? ? ? ? ? ? ? ? ? ? ? ? ? ? ? ? ? ? ? ? 
          1 F 4 ? F 4 1 2 2 3 2 3 3 ? ? ? ? ? ? ? ? ? ? ? ? ? ? ? ? ? ? ? ? ? ? ? ? ? ? ? 
        1 2 3 ? ? ? ? ? ? ? ? ? ? ? ? ? ? ? ? ? ? ? ? ? ? ? ? ? ? ? ? ? ? ? ? ? ? ? ? ? ? 
2 2 1   1 F 3 ? ? ? ? ? ? ? ? ? ? ? ? ? ? ? ? ? ? ? ? ? ? ? ? ? ? ? ? ? ? ? ? ? ? ? ? ? ? 
F F 2 1 2 3 ? ? ? ? ? ? ? ? ? ? ? ? ? ? ? ? ? ? ? ? ? ? ? ? ? ? ? ? ? ? ? ? ? ? ? ? ? ? ? 
? ? ? ? ? ? ? ? ? ? ? ? ? ? ? ? ? ? ? ? ? ? ? ? ? ? ? ? ? ? ? ? ? ? ? ? ? ? ? ? ? ? ? ? ? 
? ? ? ? ? ? ? ? ? ? ? ? ? ? ? ? ? ? ? ? ? ? ? ? ? ? ? ? ? ? ? ? ? ? ? ? ? ? ? ? ? ? ? ? ? 
? ? ? ? ? ? ? ? ? ? ? ? ? ? ? ? ? ? ? ? ? ? ? ? ? ? ? ? ? ? ? ? ? ? ? ? ? ? ? ? ? ? ? ? ? 
? ? ? ? ? ? ? ? ? ? ? ? ? ? ? ? ? ? ? ? ? ? ? ? ? ? ? ? ? ? ? ? ? ? ? ? ? ? ? ? ? ? ? ? ? 
? ? ? ? ? ? ? ? ? ? ? ? ? ? ? ? ? ? ? ? ? ? ? ? ? ? ? ? ? ? ? ? ? ? ? ? ? ? ? ? ? ? ? ? ? 
? ? ? ? ? ? ? ? ? ? ? ? ? ? ? ? ? ? ? ? ? ? ? ? ? ? ? ? ? ? ? ? ? ? ? ? ? ? ? ? ? ? ? ? ? 
? ? ? ? ? ? ? ? ? ? ? ? ? ? ? ? ? ? ? ? ? ? ? ? ? ? ? ? ? ? ? ? ? ? ? ? ? ? ? ? ? ? ? ? ? 
? ? ? ? ? ? ? ? ? ? ? ? ? ? ? ? ? ? ? ? ? ? ? ? ? ? ? ? ? ? ? ? ? ? ? ? ? ? ? ? ? ? ? ? ? 
? ? ? ? ? ? ? ? ? ? ? ? ? ? ? ? ? ? ? ? ? ? ? ? ? ? ? ? ? ? ? ? ? ? ? ? ? ? ? ? ? ? ? ? ? 
? ? ? ? ? ? ? ? ? ? ? ? ? ? ? ? ? ? ? ? ? ? ? ? ? ? ? ? ? ? ? ? ? ? ? ? ? ? ? ? ? ? ? ? ? 
? ? ? ? ? ? ? ? ? ? ? ? ? ? ? ? ? ? ? ? ? ? ? ? ? ? ? ? ? ? ? ? ? ? ? ? ? ? ? ? ? ? ? ? ? 
? ? ? ? ? ? ? ? ? ? ? ? ? ? ? ? ? ? ? ? ? ? ? ? ? ? ? ? ? ? ? ? ? ? ? ? ? ? ? ? ? ? ? ? ? 
Step: 4
? ? F 2         1 1 3 F 3 1 2 1 1   2 ? ? ? ? ? ? ? ? ? ? ? ? ? ? ? ? ? ? ? ? ? ? ? ? ? ? 
? ? F 2         1 F 3 F 3 F 2 F 1   2 ? ? ? ? ? ? ? ? ? ? ? ? ? ? ? ? ? ? ? ? ? ? ? ? ? ? 
? ? 3 1         1 1 2 1 2 1 2 2 2 2 3 ? ? ? ? ? ? ? ? ? ? ? ? ? ? ? ? ? ? ? ? ? ? ? ? ? ? 
? ? 1             1 1 1       1 F 3 F ? ? ? ? ? ? ? ? ? ? ? ? ? ? ? ? ? ? ? ? ? ? ? ? ? ? 
? ? 1 1 1 1     1 3 F 2       1 3 F 5 ? ? ? ? ? ? ? ? ? ? ? ? ? ? ? ? ? ? ? ? ? ? ? ? ? ? 
? ? 2 2 F 1 1 1 2 F F 2   1 1 1 3 F ? ? ? ? ? ? ? ? ? ? ? ? ? ? ? ? ? ? ? ? ? ? ? ? ? ? ? 
1 3 F 3 1 1 2 F 3 2 2 1 1 2 F 1 2 F ? ? ? ? ? ? ? ? ? ? ? ? ? ? ? ? ? ? ? ? ? ? ? ? ? ? ? 
1 4 F 3     3 F 4 2 2 1 1 F 2 1 1 2 ? ? ? ? ? ? ? ? ? ? ? ? ? ? ? ? ? ? ? ? ? ? ? ? ? ? ? 
1 F F 2     2 F 5 F F 1 2 2 3 1 2 2 ? ? ? ? ? ? ? ? ? ? ? ? ? ? ? ? ? ? ? ? ? ? ? ? ? ? ? 
1 2 2 1   1 2 3 F F 4 1 1 F 2 F 2 F ? ? ? ? ? ? ? ? ? ? ? ? ? ? ? ? ? ? ? ? ? ? ? ? ? ? ? 
          1 F 4 6 F 4 1 2 2 3 2 3 3 ? ? ? ? ? ? ? ? ? ? ? ? ? ? ? ? ? ? ? ? ? ? ? ? ? ? ? 
        1 2 3 F F F ? ? ? ? ? ? ? ? ? ? ? ? ? ? ? ? ? ? ? ? ? ? ? ? ? ? ? ? ? ? ? ? ? ? ? 
2 2 1   1 F 3 3 ? ? ? ? ? ? ? ? ? ? ? ? ? ? ? ? ? ? ? ? ? ? ? ? ? ? ? ? ? ? ? ? ? ? ? ? ? 
F F 2 1 2 3 ? ? ? ? ? ? ? ? ? ? ? ? ? ? ? ? ? ? ? ? ? ? ? ? ? ? ? ? ? ? ? ? ? ? ? ? ? ? ? 
? ? ? ? ? ? ? ? ? ? ? ? ? ? ? ? ? ? ? ? ? ? ? ? ? ? ? ? ? ? ? ? ? ? ? ? ? ? ? ? ? ? ? ? ? 
? ? ? ? ? ? ? ? ? ? ? ? ? ? ? ? ? ? ? ? ? ? ? ? ? ? ? ? ? ? ? ? ? ? ? ? ? ? ? ? ? ? ? ? ? 
? ? ? ? ? ? ? ? ? ? ? ? ? ? ? ? ? ? ? ? ? ? ? ? ? ? ? ? ? ? ? ? ? ? ? ? ? ? ? ? ? ? ? ? ? 
? ? ? ? ? ? ? ? ? ? ? ? ? ? ? ? ? ? ? ? ? ? ? ? ? ? ? ? ? ? ? ? ? ? ? ? ? ? ? ? ? ? ? ? ? 
? ? ? ? ? ? ? ? ? ? ? ? ? ? ? ? ? ? ? ? ? ? ? ? ? ? ? ? ? ? ? ? ? ? ? ? ? ? ? ? ? ? ? ? ? 
? ? ? ? ? ? ? ? ? ? ? ? ? ? ? ? ? ? ? ? ? ? ? ? ? ? ? ? ? ? ? ? ? ? ? ? ? ? ? ? ? ? ? ? ? 
? ? ? ? ? ? ? ? ? ? ? ? ? ? ? ? ? ? ? ? ? ? ? ? ? ? ? ? ? ? ? ? ? ? ? ? ? ? ? ? ? ? ? ? ? 
? ? ? ? ? ? ? ? ? ? ? ? ? ? ? ? ? ? ? ? ? ? ? ? ? ? ? ? ? ? ? ? ? ? ? ? ? ? ? ? ? ? ? ? ? 
? ? ? ? ? ? ? ? ? ? ? ? ? ? ? ? ? ? ? ? ? ? ? ? ? ? ? ? ? ? ? ? ? ? ? ? ? ? ? ? ? ? ? ? ? 
? ? ? ? ? ? ? ? ? ? ? ? ? ? ? ? ? ? ? ? ? ? ? ? ? ? ? ? ? ? ? ? ? ? ? ? ? ? ? ? ? ? ? ? ? 
? ? ? ? ? ? ? ? ? ? ? ? ? ? ? ? ? ? ? ? ? ? ? ? ? ? ? ? ? ? ? ? ? ? ? ? ? ? ? ? ? ? ? ? ? 
? ? ? ? ? ? ? ? ? ? ? ? ? ? ? ? ? ? ? ? ? ? ? ? ? ? ? ? ? ? ? ? ? ? ? ? ? ? ? ? ? ? ? ? ? 
Step: 5
? ? F 2         1 1 3 F 3 1 2 1 1   2 F 2 1 ? ? ? ? ? ? ? ? ? ? ? ? ? ? ? ? ? ? ? ? ? ? ? 
? ? F 2         1 F 3 F 3 F 2 F 1   2 F 2 1 2 F F ? ? ? ? ? ? ? ? ? ? ? ? ? ? ? ? ? ? ? ? 
? ? 3 1         1 1 2 1 2 1 2 2 2 2 3 3 3 1 2 2 3 ? ? ? ? ? ? ? ? ? ? ? ? ? ? ? ? ? ? ? ? 
? ? 1             1 1 1       1 F 3 F F 3 F 1   1 ? ? ? ? ? ? ? ? ? ? ? ? ? ? ? ? ? ? ? ? 
? ? 1 1 1 1     1 3 F 2       1 3 F 5 ? ? 2 2 2 2 ? ? ? ? ? ? ? ? ? ? ? ? ? ? ? ? ? ? ? ? 
? ? 2 2 F 1 1 1 2 F F 2   1 1 1 3 F ? ? ? ? ? ? ? ? ? ? ? ? ? ? ? ? ? ? ? ? ? ? ? ? ? ? ? 
1 3 F 3 1 1 2 F 3 2 2 1 1 2 F 1 2 F ? ? ? ? ? ? ? ? ? ? ? ? ? ? ? ? ? ? ? ? ? ? ? ? ? ? ? 
1 4 F 3     3 F 4 2 2 1 1 F 2 1 1 2 ? ? ? ? ? ? ? ? ? ? ? ? ? ? ? ? ? ? ? ? ? ? ? ? ? ? ? 
1 F F 2     2 F 5 F F 1 2 2 3 1 2 2 ? ? ? ? ? ? ? ? ? ? ? ? ? ? ? ? ? ? ? ? ? ? ? ? ? ? ? 
1 2 2 1   1 2 3 F F 4 1 1 F 2 F 2 F ? ? ? ? ? ? ? ? ? ? ? ? ? ? ? ? ? ? ? ? ? ? ? ? ? ? ? 
          1 F 4 6 F 4 1 2 2 3 2 3 3 ? ? ? ? ? ? ? ? ? ? ? ? ? ? ? ? ? ? ? ? ? ? ? ? ? ? ? 
        1 2 3 F F F ? ? ? ? ? ? ? ? ? ? ? ? ? ? ? ? ? ? ? ? ? ? ? ? ? ? ? ? ? ? ? ? ? ? ? 
2 2 1   1 F 3 3 ? ? ? ? ? ? ? ? ? ? ? ? ? ? ? ? ? ? ? ? ? ? ? ? ? ? ? ? ? ? ? ? ? ? ? ? ? 
F F 2 1 2 3 ? ? ? ? ? ? ? ? ? ? ? ? ? ? ? ? ? ? ? ? ? ? ? ? ? ? ? ? ? ? ? ? ? ? ? ? ? ? ? 
? ? ? ? ? ? ? ? ? ? ? ? ? ? ? ? ? ? ? ? ? ? ? ? ? ? ? ? ? ? ? ? ? ? ? ? ? ? ? ? ? ? ? ? ? 
? ? ? ? ? ? ? ? ? ? ? ? ? ? ? ? ? ? ? ? ? ? ? ? ? ? ? ? ? ? ? ? ? ? ? ? ? ? ? ? ? ? ? ? ? 
? ? ? ? ? ? ? ? ? ? ? ? ? ? ? ? ? ? ? ? ? ? ? ? ? ? ? ? ? ? ? ? ? ? ? ? ? ? ? ? ? ? ? ? ? 
? ? ? ? ? ? ? ? ? ? ? ? ? ? ? ? ? ? ? ? ? ? ? ? ? ? ? ? ? ? ? ? ? ? ? ? ? ? ? ? ? ? ? ? ? 
? ? ? ? ? ? ? ? ? ? ? ? ? ? ? ? ? ? ? ? ? ? ? ? ? ? ? ? ? ? ? ? ? ? ? ? ? ? ? ? ? ? ? ? ? 
? ? ? ? ? ? ? ? ? ? ? ? ? ? ? ? ? ? ? ? ? ? ? ? ? ? ? ? ? ? ? ? ? ? ? ? ? ? ? ? ? ? ? ? ? 
? ? ? ? ? ? ? ? ? ? ? ? ? ? ? ? ? ? ? ? ? ? ? ? ? ? ? ? ? ? ? ? ? ? ? ? ? ? ? ? ? ? ? ? ? 
? ? ? ? ? ? ? ? ? ? ? ? ? ? ? ? ? ? ? ? ? ? ? ? ? ? ? ? ? ? ? ? ? ? ? ? ? ? ? ? ? ? ? ? ? 
? ? ? ? ? ? ? ? ? ? ? ? ? ? ? ? ? ? ? ? ? ? ? ? ? ? ? ? ? ? ? ? ? ? ? ? ? ? ? ? ? ? ? ? ? 
? ? ? ? ? ? ? ? ? ? ? ? ? ? ? ? ? ? ? ? ? ? ? ? ? ? ? ? ? ? ? ? ? ? ? ? ? ? ? ? ? ? ? ? ? 
? ? ? ? ? ? ? ? ? ? ? ? ? ? ? ? ? ? ? ? ? ? ? ? ? ? ? ? ? ? ? ? ? ? ? ? ? ? ? ? ? ? ? ? ? 
? ? ? ? ? ? ? ? ? ? ? ? ? ? ? ? ? ? ? ? ? ? ? ? ? ? ? ? ? ? ? ? ? ? ? ? ? ? ? ? ? ? ? ? ? 
Step: 6
? ? F 2         1 1 3 F 3 1 2 1 1   2 F 2 1 F 3 3 ? ? ? ? ? ? ? ? ? ? ? ? ? ? ? ? ? ? ? ? 
? ? F 2         1 F 3 F 3 F 2 F 1   2 F 2 1 2 F F ? ? ? ? ? ? ? ? ? ? ? ? ? ? ? ? ? ? ? ? 
? ? 3 1         1 1 2 1 2 1 2 2 2 2 3 3 3 1 2 2 3 ? ? ? ? ? ? ? ? ? ? ? ? ? ? ? ? ? ? ? ? 
? ? 1             1 1 1       1 F 3 F F 3 F 1   1 ? ? ? ? ? ? ? ? ? ? ? ? ? ? ? ? ? ? ? ? 
? ? 1 1 1 1     1 3 F 2       1 3 F 5 ? ? 2 2 2 2 ? ? ? ? ? ? ? ? ? ? ? ? ? ? ? ? ? ? ? ? 
? ? 2 2 F 1 1 1 2 F F 2   1 1 1 3 F ? ? ? ? ? ? ? ? ? ? ? ? ? ? ? ? ? ? ? ? ? ? ? ? ? ? ? 
1 3 F 3 1 1 2 F 3 2 2 1 1 2 F 1 2 F ? ? ? ? ? ? ? ? ? ? ? ? ? ? ? ? ? ? ? ? ? ? ? ? ? ? ? 
1 4 F 3     3 F 4 2 2 1 1 F 2 1 1 2 ? ? ? ? ? ? ? ? ? ? ? ? ? ? ? ? ? ? ? ? ? ? ? ? ? ? ? 
1 F F 2     2 F 5 F F 1 2 2 3 1 2 2 ? ? ? ? ? ? ? ? ? ? ? ? ? ? ? ? ? ? ? ? ? ? ? ? ? ? ? 
1 2 2 1   1 2 3 F F 4 1 1 F 2 F 2 F ? ? ? ? ? ? ? ? ? ? ? ? ? ? ? ? ? ? ? ? ? ? ? ? ? ? ? 
          1 F 4 6 F 4 1 2 2 3 2 3 3 ? ? ? ? ? ? ? ? ? ? ? ? ? ? ? ? ? ? ? ? ? ? ? ? ? ? ? 
        1 2 3 F F F ? ? ? ? ? ? ? ? ? ? ? ? ? ? ? ? ? ? ? ? ? ? ? ? ? ? ? ? ? ? ? ? ? ? ? 
2 2 1   1 F 3 3 ? ? ? ? ? ? ? ? ? ? ? ? ? ? ? ? ? ? ? ? ? ? ? ? ? ? ? ? ? ? ? ? ? ? ? ? ? 
F F 2 1 2 3 ? ? ? ? ? ? ? ? ? ? ? ? ? ? ? ? ? ? ? ? ? ? ? ? ? ? ? ? ? ? ? ? ? ? ? ? ? ? ? 
? ? ? ? ? ? ? ? ? ? ? ? ? ? ? ? ? ? ? ? ? ? ? ? ? ? ? ? ? ? ? ? ? ? ? ? ? ? ? ? ? ? ? ? ? 
? ? ? ? ? ? ? ? ? ? ? ? ? ? ? ? ? ? ? ? ? ? ? ? ? ? ? ? ? ? ? ? ? ? ? ? ? ? ? ? ? ? ? ? ? 
? ? ? ? ? ? ? ? ? ? ? ? ? ? ? ? ? ? ? ? ? ? ? ? ? ? ? ? ? ? ? ? ? ? ? ? ? ? ? ? ? ? ? ? ? 
? ? ? ? ? ? ? ? ? ? ? ? ? ? ? ? ? ? ? ? ? ? ? ? ? ? ? ? ? ? ? ? ? ? ? ? ? ? ? ? ? ? ? ? ? 
? ? ? ? ? ? ? ? ? ? ? ? ? ? ? ? ? ? ? ? ? ? ? ? ? ? ? ? ? ? ? ? ? ? ? ? ? ? ? ? ? ? ? ? ? 
? ? ? ? ? ? ? ? ? ? ? ? ? ? ? ? ? ? ? ? ? ? ? ? ? ? ? ? ? ? ? ? ? ? ? ? ? ? ? ? ? ? ? ? ? 
? ? ? ? ? ? ? ? ? ? ? ? ? ? ? ? ? ? ? ? ? ? ? ? ? ? ? ? ? ? ? ? ? ? ? ? ? ? ? ? ? ? ? ? ? 
? ? ? ? ? ? ? ? ? ? ? ? ? ? ? ? ? ? ? ? ? ? ? ? ? ? ? ? ? ? ? ? ? ? ? ? ? ? ? ? ? ? ? ? ? 
? ? ? ? ? ? ? ? ? ? ? ? ? ? ? ? ? ? ? ? ? ? ? ? ? ? ? ? ? ? ? ? ? ? ? ? ? ? ? ? ? ? ? ? ? 
? ? ? ? ? ? ? ? ? ? ? ? ? ? ? ? ? ? ? ? ? ? ? ? ? ? ? ? ? ? ? ? ? ? ? ? ? ? ? ? ? ? ? ? ? 
? ? ? ? ? ? ? ? ? ? ? ? ? ? ? ? ? ? ? ? ? ? ? ? ? ? ? ? ? ? ? ? ? ? ? ? ? ? ? ? ? ? ? ? ? 
? ? ? ? ? ? ? ? ? ? ? ? ? ? ? ? ? ? ? ? ? ? ? ? ? ? ? ? ? ? ? ? ? ? ? ? ? ? ? ? ? ? ? ? ? 
Step: 7
? ? F 2         1 1 3 F 3 1 2 1 1   2 F 2 1 F 3 3 ? ? ? ? ? ? ? ? ? ? ? ? ? ? ? ? ? ? ? ? 
? F F 2         1 F 3 F 3 F 2 F 1   2 F 2 1 2 F F ? ? ? ? ? ? ? ? ? ? ? ? ? ? ? ? ? ? ? ? 
? ? 3 1         1 1 2 1 2 1 2 2 2 2 3 3 3 1 2 2 3 ? ? ? ? ? ? ? ? ? ? ? ? ? ? ? ? ? ? ? ? 
? 2 1             1 1 1       1 F 3 F F 3 F 1   1 ? ? ? ? ? ? ? ? ? ? ? ? ? ? ? ? ? ? ? ? 
? ? 1 1 1 1     1 3 F 2       1 3 F 5 ? ? 2 2 2 2 ? ? ? ? ? ? ? ? ? ? ? ? ? ? ? ? ? ? ? ? 
? ? 2 2 F 1 1 1 2 F F 2   1 1 1 3 F ? ? ? ? ? ? F ? ? ? ? ? ? ? ? ? ? ? ? ? ? ? ? ? ? ? ? 
1 3 F 3 1 1 2 F 3 2 2 1 1 2 F 1 2 F ? ? ? ? ? ? ? ? ? ? ? ? ? ? ? ? ? ? ? ? ? ? ? ? ? ? ? 
1 4 F 3     3 F 4 2 2 1 1 F 2 1 1 2 ? ? ? ? ? ? ? ? ? ? ? ? ? ? ? ? ? ? ? ? ? ? ? ? ? ? ? 
1 F F 2     2 F 5 F F 1 2 2 3 1 2 2 ? ? ? ? ? ? ? ? ? ? ? ? ? ? ? ? ? ? ? ? ? ? ? ? ? ? ? 
1 2 2 1   1 2 3 F F 4 1 1 F 2 F 2 F ? ? ? ? ? ? ? ? ? ? ? ? ? ? ? ? ? ? ? ? ? ? ? ? ? ? ? 
          1 F 4 6 F 4 1 2 2 3 2 3 3 ? ? ? ? ? ? ? ? ? ? ? ? ? ? ? ? ? ? ? ? ? ? ? ? ? ? ? 
        1 2 3 F F F ? ? 2 ? ? 2 ? ? ? ? ? ? ? ? ? ? ? ? ? ? ? ? ? ? ? ? ? ? ? ? ? ? ? ? ? 
2 2 1   1 F 3 3 3 4 ? ? ? ? ? ? ? ? ? ? ? ? ? ? ? ? ? ? ? ? ? ? ? ? ? ? ? ? ? ? ? ? ? ? ? 
F F 2 1 2 3 ? 2 1 2 ? ? ? ? ? ? ? ? ? ? ? ? ? ? ? ? ? ? ? ? ? ? ? ? ? ? ? ? ? ? ? ? ? ? ? 
? ? ? ? ? ? ? ? ? ? ? ? ? ? ? ? ? ? ? ? ? ? ? ? ? ? ? ? ? ? ? ? ? ? ? ? ? ? ? ? ? ? ? ? ? 
? ? ? ? ? ? ? ? ? ? ? ? ? ? ? ? ? ? ? ? ? ? ? ? ? ? ? ? ? ? ? ? ? ? ? ? ? ? ? ? ? ? ? ? ? 
? ? ? ? ? ? ? ? ? ? ? ? ? ? ? ? ? ? ? ? ? ? ? ? ? ? ? ? ? ? ? ? ? ? ? ? ? ? ? ? ? ? ? ? ? 
? ? ? ? ? ? ? ? ? ? ? ? ? ? ? ? ? ? ? ? ? ? ? ? ? ? ? ? ? ? ? ? ? ? ? ? ? ? ? ? ? ? ? ? ? 
? ? ? ? ? ? ? ? ? ? ? ? ? ? ? ? ? ? ? ? ? ? ? ? ? ? ? ? ? ? ? ? ? ? ? ? ? ? ? ? ? ? ? ? ? 
? ? ? ? ? ? ? ? ? ? ? ? ? ? ? ? ? ? ? ? ? ? ? ? ? ? ? ? ? ? ? ? ? ? ? ? ? ? ? ? ? ? ? ? ? 
? ? ? ? ? ? ? ? ? ? ? ? ? ? ? ? ? ? ? ? ? ? ? ? ? ? ? ? ? ? ? ? ? ? ? ? ? ? ? ? ? ? ? ? ? 
? ? ? ? ? ? ? ? ? ? ? ? ? ? ? ? ? ? ? ? ? ? ? ? ? ? ? ? ? ? ? ? ? ? ? ? ? ? ? ? ? ? ? ? ? 
? ? ? ? ? ? ? ? ? ? ? ? ? ? ? ? ? ? ? ? ? ? ? ? ? ? ? ? ? ? ? ? ? ? ? ? ? ? ? ? ? ? ? ? ? 
? ? ? ? ? ? ? ? ? ? ? ? ? ? ? ? ? ? ? ? ? ? ? ? ? ? ? ? ? ? ? ? ? ? ? ? ? ? ? ? ? ? ? ? ? 
? ? ? ? ? ? ? ? ? ? ? ? ? ? ? ? ? ? ? ? ? ? ? ? ? ? ? ? ? ? ? ? ? ? ? ? ? ? ? ? ? ? ? ? ? 
? ? ? ? ? ? ? ? ? ? ? ? ? ? ? ? ? ? ? ? ? ? ? ? ? ? ? ? ? ? ? ? ? ? ? ? ? ? ? ? ? ? ? ? ? 
Step: 8
? ? F 2         1 1 3 F 3 1 2 1 1   2 F 2 1 F 3 3 ? ? ? ? ? ? ? ? ? ? ? ? ? ? ? ? ? ? ? ? 
? F F 2         1 F 3 F 3 F 2 F 1   2 F 2 1 2 F F ? ? ? ? ? ? ? ? ? ? ? ? ? ? ? ? ? ? ? ? 
? F 3 1         1 1 2 1 2 1 2 2 2 2 3 3 3 1 2 2 3 ? ? ? ? ? ? ? ? ? ? ? ? ? ? ? ? ? ? ? ? 
2 2 1             1 1 1       1 F 3 F F 3 F 1   1 ? ? ? ? ? ? ? ? ? ? ? ? ? ? ? ? ? ? ? ? 
1 1 1 1 1 1     1 3 F 2       1 3 F 5 ? ? 2 2 2 2 ? ? ? ? ? ? ? ? ? ? ? ? ? ? ? ? ? ? ? ? 
1 F 2 2 F 1 1 1 2 F F 2   1 1 1 3 F ? ? ? ? ? ? F ? ? ? ? ? ? ? ? ? ? ? ? ? ? ? ? ? ? ? ? 
1 3 F 3 1 1 2 F 3 2 2 1 1 2 F 1 2 F ? ? ? ? ? ? ? ? ? ? ? ? ? ? ? ? ? ? ? ? ? ? ? ? ? ? ? 
1 4 F 3     3 F 4 2 2 1 1 F 2 1 1 2 ? ? ? ? ? ? ? ? ? ? ? ? ? ? ? ? ? ? ? ? ? ? ? ? ? ? ? 
1 F F 2     2 F 5 F F 1 2 2 3 1 2 2 ? ? ? ? ? ? ? ? ? ? ? ? ? ? ? ? ? ? ? ? ? ? ? ? ? ? ? 
1 2 2 1   1 2 3 F F 4 1 1 F 2 F 2 F ? ? ? ? ? ? ? ? ? ? ? ? ? ? ? ? ? ? ? ? ? ? ? ? ? ? ? 
          1 F 4 6 F 4 1 2 2 3 2 3 3 ? ? ? ? ? ? ? ? ? ? ? ? ? ? ? ? ? ? ? ? ? ? ? ? ? ? ? 
        1 2 3 F F F ? ? 2 ? ? 2 ? ? ? ? ? ? ? ? ? ? ? ? ? ? ? ? ? ? ? ? ? ? ? ? ? ? ? ? ? 
2 2 1   1 F 3 3 3 4 ? ? ? ? ? ? ? ? ? ? ? ? ? ? ? ? ? ? ? ? ? ? ? ? ? ? ? ? ? ? ? ? ? ? ? 
F F 2 1 2 3 F 2 1 2 ? ? ? ? ? ? ? ? ? ? ? ? ? ? ? ? ? ? ? ? ? ? ? ? ? ? ? ? ? ? ? ? ? ? ? 
? ? ? ? ? ? ? ? ? ? ? ? ? ? ? ? ? ? ? ? ? ? ? ? ? ? ? ? ? ? ? ? ? ? ? ? ? ? ? ? ? ? ? ? ? 
? ? ? ? ? ? ? ? ? ? ? ? ? ? ? ? ? ? ? ? ? ? ? ? ? ? ? ? ? ? ? ? ? ? ? ? ? ? ? ? ? ? ? ? ? 
? ? ? ? ? ? ? ? ? ? ? ? ? ? ? ? ? ? ? ? ? ? ? ? ? ? ? ? ? ? ? ? ? ? ? ? ? ? ? ? ? ? ? ? ? 
? ? ? ? ? ? ? ? ? ? ? ? ? ? ? ? ? ? ? ? ? ? ? ? ? ? ? ? ? ? ? ? ? ? ? ? ? ? ? ? ? ? ? ? ? 
? ? ? ? ? ? ? ? ? ? ? ? ? ? ? ? ? ? ? ? ? ? ? ? ? ? ? ? ? ? ? ? ? ? ? ? ? ? ? ? ? ? ? ? ? 
? ? ? ? ? ? ? ? ? ? ? ? ? ? ? ? ? ? ? ? ? ? ? ? ? ? ? ? ? ? ? ? ? ? ? ? ? ? ? ? ? ? ? ? ? 
? ? ? ? ? ? ? ? ? ? ? ? ? ? ? ? ? ? ? ? ? ? ? ? ? ? ? ? ? ? ? ? ? ? ? ? ? ? ? ? ? ? ? ? ? 
? ? ? ? ? ? ? ? ? ? ? ? ? ? ? ? ? ? ? ? ? ? ? ? ? ? ? ? ? ? ? ? ? ? ? ? ? ? ? ? ? ? ? ? ? 
? ? ? ? ? ? ? ? ? ? ? ? ? ? ? ? ? ? ? ? ? ? ? ? ? ? ? ? ? ? ? ? ? ? ? ? ? ? ? ? ? ? ? ? ? 
? ? ? ? ? ? ? ? ? ? ? ? ? ? ? ? ? ? ? ? ? ? ? ? ? ? ? ? ? ? ? ? ? ? ? ? ? ? ? ? ? ? ? ? ? 
? ? ? ? ? ? ? ? ? ? ? ? ? ? ? ? ? ? ? ? ? ? ? ? ? ? ? ? ? ? ? ? ? ? ? ? ? ? ? ? ? ? ? ? ? 
? ? ? ? ? ? ? ? ? ? ? ? ? ? ? ? ? ? ? ? ? ? ? ? ? ? ? ? ? ? ? ? ? ? ? ? ? ? ? ? ? ? ? ? ? 
Step: 9
? ? F 2         1 1 3 F 3 1 2 1 1   2 F 2 1 F 3 3 ? ? ? ? ? ? ? ? ? ? ? ? ? ? ? ? ? ? ? ? 
? F F 2         1 F 3 F 3 F 2 F 1   2 F 2 1 2 F F ? ? ? ? ? ? ? ? ? ? ? ? ? ? ? ? ? ? ? ? 
F F 3 1         1 1 2 1 2 1 2 2 2 2 3 3 3 1 2 2 3 ? ? ? ? ? ? ? ? ? ? ? ? ? ? ? ? ? ? ? ? 
2 2 1             1 1 1       1 F 3 F F 3 F 1   1 ? ? ? ? ? ? ? ? ? ? ? ? ? ? ? ? ? ? ? ? 
1 1 1 1 1 1     1 3 F 2       1 3 F 5 ? ? 2 2 2 2 ? ? ? ? ? ? ? ? ? ? ? ? ? ? ? ? ? ? ? ? 
1 F 2 2 F 1 1 1 2 F F 2   1 1 1 3 F ? ? ? ? ? ? F ? ? ? ? ? ? ? ? ? ? ? ? ? ? ? ? ? ? ? ? 
1 3 F 3 1 1 2 F 3 2 2 1 1 2 F 1 2 F ? ? ? ? ? ? ? ? ? ? ? ? ? ? ? ? ? ? ? ? ? ? ? ? ? ? ? 
1 4 F 3     3 F 4 2 2 1 1 F 2 1 1 2 ? ? ? ? ? ? ? ? ? ? ? ? ? ? ? ? ? ? ? ? ? ? ? ? ? ? ? 
1 F F 2     2 F 5 F F 1 2 2 3 1 2 2 ? ? ? ? ? ? ? ? ? ? ? ? ? ? ? ? ? ? ? ? ? ? ? ? ? ? ? 
1 2 2 1   1 2 3 F F 4 1 1 F 2 F 2 F ? ? ? ? ? ? ? ? ? ? ? ? ? ? ? ? ? ? ? ? ? ? ? ? ? ? ? 
          1 F 4 6 F 4 1 2 2 3 2 3 3 ? ? ? ? ? ? ? ? ? ? ? ? ? ? ? ? ? ? ? ? ? ? ? ? ? ? ? 
        1 2 3 F F F ? ? 2 ? ? 2 ? ? ? ? ? ? ? ? ? ? ? ? ? ? ? ? ? ? ? ? ? ? ? ? ? ? ? ? ? 
2 2 1   1 F 3 3 3 4 ? ? ? ? ? ? ? ? ? ? ? ? ? ? ? ? ? ? ? ? ? ? ? ? ? ? ? ? ? ? ? ? ? ? ? 
F F 2 1 2 3 F 2 1 2 ? ? ? ? ? ? ? ? ? ? ? ? ? ? ? ? ? ? ? ? ? ? ? ? ? ? ? ? ? ? ? ? ? ? ? 
? ? ? ? ? ? ? ? ? ? ? ? ? ? ? ? ? ? ? ? ? ? ? ? ? ? ? ? ? ? ? ? ? ? ? ? ? ? ? ? ? ? ? ? ? 
? ? ? ? ? ? ? ? ? ? ? ? ? ? ? ? ? ? ? ? ? ? ? ? ? ? ? ? ? ? ? ? ? ? ? ? ? ? ? ? ? ? ? ? ? 
? ? ? ? ? ? ? ? ? ? ? ? ? ? ? ? ? ? ? ? ? ? ? ? ? ? ? ? ? ? ? ? ? ? ? ? ? ? ? ? ? ? ? ? ? 
? ? ? ? ? ? ? ? ? ? ? ? ? ? ? ? ? ? ? ? ? ? ? ? ? ? ? ? ? ? ? ? ? ? ? ? ? ? ? ? ? ? ? ? ? 
? ? ? ? ? ? ? ? ? ? ? ? ? ? ? ? ? ? ? ? ? ? ? ? ? ? ? ? ? ? ? ? ? ? ? ? ? ? ? ? ? ? ? ? ? 
? ? ? ? ? ? ? ? ? ? ? ? ? ? ? ? ? ? ? ? ? ? ? ? ? ? ? ? ? ? ? ? ? ? ? ? ? ? ? ? ? ? ? ? ? 
? ? ? ? ? ? ? ? ? ? ? ? ? ? ? ? ? ? ? ? ? ? ? ? ? ? ? ? ? ? ? ? ? ? ? ? ? ? ? ? ? ? ? ? ? 
? ? ? ? ? ? ? ? ? ? ? ? ? ? ? ? ? ? ? ? ? ? ? ? ? ? ? ? ? ? ? ? ? ? ? ? ? ? ? ? ? ? ? ? ? 
? ? ? ? ? ? ? ? ? ? ? ? ? ? ? ? ? ? ? ? ? ? ? ? ? ? ? ? ? ? ? ? ? ? ? ? ? ? ? ? ? ? ? ? ? 
? ? ? ? ? ? ? ? ? ? ? ? ? ? ? ? ? ? ? ? ? ? ? ? ? ? ? ? ? ? ? ? ? ? ? ? ? ? ? ? ? ? ? ? ? 
? ? ? ? ? ? ? ? ? ? ? ? ? ? ? ? ? ? ? ? ? ? ? ? ? ? ? ? ? ? ? ? ? ? ? ? ? ? ? ? ? ? ? ? ? 
? ? ? ? ? ? ? ? ? ? ? ? ? ? ? ? ? ? ? ? ? ? ? ? ? ? ? ? ? ? ? ? ? ? ? ? ? ? ? ? ? ? ? ? ? 
Step: 10
? ? F 2         1 1 3 F 3 1 2 1 1   2 F 2 1 F 3 3 ? ? ? ? ? ? ? ? ? ? ? ? ? ? ? ? ? ? ? ? 
? F F 2         1 F 3 F 3 F 2 F 1   2 F 2 1 2 F F ? ? ? ? ? ? ? ? ? ? ? ? ? ? ? ? ? ? ? ? 
F F 3 1         1 1 2 1 2 1 2 2 2 2 3 3 3 1 2 2 3 ? ? ? ? ? ? ? ? ? ? ? ? ? ? ? ? ? ? ? ? 
2 2 1             1 1 1       1 F 3 F F 3 F 1   1 ? ? ? ? ? ? ? ? ? ? ? ? ? ? ? ? ? ? ? ? 
1 1 1 1 1 1     1 3 F 2       1 3 F 5 ? ? 2 2 2 2 ? ? ? ? ? ? ? ? ? ? ? ? ? ? ? ? ? ? ? ? 
1 F 2 2 F 1 1 1 2 F F 2   1 1 1 3 F ? ? ? 1 ? ? F ? ? ? ? ? ? ? ? ? ? ? ? ? ? ? ? ? ? ? ? 
1 3 F 3 1 1 2 F 3 2 2 1 1 2 F 1 2 F ? ? ? ? ? ? ? ? ? ? ? ? ? ? ? ? ? ? ? ? ? ? ? ? ? ? ? 
1 4 F 3     3 F 4 2 2 1 1 F 2 1 1 2 ? ? ? ? ? ? ? ? ? ? ? ? ? ? ? ? ? ? ? ? ? ? ? ? ? ? ? 
1 F F 2     2 F 5 F F 1 2 2 3 1 2 2 ? ? ? ? ? ? ? ? ? ? ? ? ? ? ? ? ? ? ? ? ? ? ? ? ? ? ? 
1 2 2 1   1 2 3 F F 4 1 1 F 2 F 2 F ? ? ? ? ? ? ? ? ? ? ? ? ? ? ? ? ? ? ? ? ? ? ? ? ? ? ? 
          1 F 4 6 F 4 1 2 2 3 2 3 3 ? ? ? ? ? ? ? ? ? ? ? ? ? ? ? ? ? ? ? ? ? ? ? ? ? ? ? 
        1 2 3 F F F ? ? 2 ? ? 2 ? ? ? ? ? ? ? ? ? ? ? ? ? ? ? ? ? ? ? ? ? ? ? ? ? ? ? ? ? 
2 2 1   1 F 3 3 3 4 ? ? ? ? ? ? ? ? ? ? ? ? ? ? ? ? ? ? ? ? ? ? ? ? ? ? ? ? ? ? ? ? ? ? ? 
F F 2 1 2 3 F 2 1 2 ? ? ? ? ? ? ? ? ? ? ? ? ? ? ? ? ? ? ? ? ? ? ? ? ? ? ? ? ? ? ? ? ? ? ? 
? ? ? ? ? ? ? ? ? ? ? ? ? ? ? ? ? ? ? ? ? ? ? ? ? ? ? ? ? ? ? ? ? ? ? ? ? ? ? ? ? ? ? ? ? 
? ? ? ? ? ? ? ? ? ? ? ? ? ? ? ? ? ? ? ? ? ? ? ? ? ? ? ? ? ? ? ? ? ? ? ? ? ? ? ? ? ? ? ? ? 
? ? ? ? ? ? ? ? ? ? ? ? ? ? ? ? ? ? ? ? ? ? ? ? ? ? ? ? ? ? ? ? ? ? ? ? ? ? ? ? ? ? ? ? ? 
? ? ? ? ? ? ? ? ? ? ? ? ? ? ? ? ? ? ? ? ? ? ? ? ? ? ? ? ? ? ? ? ? ? ? ? ? ? ? ? ? ? ? ? ? 
? ? ? ? ? ? ? ? ? ? ? ? ? ? ? ? ? ? ? ? ? ? ? ? ? ? ? ? ? ? ? ? ? ? ? ? ? ? ? ? ? ? ? ? ? 
? ? ? ? ? ? ? ? ? ? ? ? ? ? ? ? ? ? ? ? ? ? ? ? ? ? ? ? ? ? ? ? ? ? ? ? ? ? ? ? ? ? ? ? ? 
? ? ? ? ? ? ? ? ? ? ? ? ? ? ? ? ? ? ? ? ? ? ? ? ? ? ? ? ? ? ? ? ? ? ? ? ? ? ? ? ? ? ? ? ? 
? ? ? ? ? ? ? ? ? ? ? ? ? ? ? ? ? ? ? ? ? ? ? ? ? ? ? ? ? ? ? ? ? ? ? ? ? ? ? ? ? ? ? ? ? 
? ? ? ? ? ? ? ? ? ? ? ? ? ? ? ? ? ? ? ? ? ? ? ? ? ? ? ? ? ? ? ? ? ? ? ? ? ? ? ? ? ? ? ? ? 
? ? ? ? ? ? ? ? ? ? ? ? ? ? ? ? ? ? ? ? ? ? ? ? ? ? ? ? ? ? ? ? ? ? ? ? ? ? ? ? ? ? ? ? ? 
? ? ? ? ? ? ? ? ? ? ? ? ? ? ? ? ? ? ? ? ? ? ? ? ? ? ? ? ? ? ? ? ? ? ? ? ? ? ? ? ? ? ? ? ? 
? ? ? ? ? ? ? ? ? ? ? ? ? ? ? ? ? ? ? ? ? ? ? ? ? ? ? ? ? ? ? ? ? ? ? ? ? ? ? ? ? ? ? ? ? 
Step: 11
? ? F 2         1 1 3 F 3 1 2 1 1   2 F 2 1 F 3 3 ? ? ? ? ? ? ? ? ? ? ? ? ? ? ? ? ? ? ? ? 
? F F 2         1 F 3 F 3 F 2 F 1   2 F 2 1 2 F F ? ? ? ? ? ? ? ? ? ? ? ? ? ? ? ? ? ? ? ? 
F F 3 1         1 1 2 1 2 1 2 2 2 2 3 3 3 1 2 2 3 ? ? ? ? ? ? ? ? ? ? ? ? ? ? ? ? ? ? ? ? 
2 2 1             1 1 1       1 F 3 F F 3 F 1   1 ? ? ? ? ? ? ? ? ? ? ? ? ? ? ? ? ? ? ? ? 
1 1 1 1 1 1     1 3 F 2       1 3 F 5 ? ? 2 2 2 2 ? ? ? ? ? ? ? ? ? ? ? ? ? ? ? ? ? ? ? ? 
1 F 2 2 F 1 1 1 2 F F 2   1 1 1 3 F ? ? ? 1 ? ? F ? ? ? ? ? ? ? ? ? ? ? ? ? ? ? ? ? ? ? ? 
1 3 F 3 1 1 2 F 3 2 2 1 1 2 F 1 2 F ? ? 1 2 3 ? ? ? ? ? ? ? ? ? ? ? ? ? ? ? ? ? ? ? ? ? ? 
1 4 F 3     3 F 4 2 2 1 1 F 2 1 1 2 ? ? ? ? ? ? ? ? ? ? ? ? ? ? ? ? ? ? ? ? ? ? ? ? ? ? ? 
1 F F 2     2 F 5 F F 1 2 2 3 1 2 2 ? ? ? ? ? ? ? ? ? ? ? ? ? ? ? ? ? ? ? ? ? ? ? ? ? ? ? 
1 2 2 1   1 2 3 F F 4 1 1 F 2 F 2 F ? ? ? ? ? ? ? ? ? ? ? ? ? ? ? ? ? ? ? ? ? ? ? ? ? ? ? 
          1 F 4 6 F 4 1 2 2 3 2 3 3 ? ? ? ? ? ? ? ? ? ? ? ? ? ? ? ? ? ? ? ? ? ? ? ? ? ? ? 
        1 2 3 F F F ? ? 2 ? ? 2 ? ? ? ? ? ? ? ? ? ? ? ? ? ? ? ? ? ? ? ? ? ? ? ? ? ? ? ? ? 
2 2 1   1 F 3 3 3 4 ? ? ? ? ? ? ? ? ? ? ? ? ? ? ? ? ? ? ? ? ? ? ? ? ? ? ? ? ? ? ? ? ? ? ? 
F F 2 1 2 3 F 2 1 2 ? ? ? ? ? ? ? ? ? ? ? ? ? ? ? ? ? ? ? ? ? ? ? ? ? ? ? ? ? ? ? ? ? ? ? 
? ? ? ? ? ? ? ? ? ? ? ? ? ? ? ? ? ? ? ? ? ? ? ? ? ? ? ? ? ? ? ? ? ? ? ? ? ? ? ? ? ? ? ? ? 
? ? ? ? ? ? ? ? ? ? ? ? ? ? ? ? ? ? ? ? ? ? ? ? ? ? ? ? ? ? ? ? ? ? ? ? ? ? ? ? ? ? ? ? ? 
? ? ? ? ? ? ? ? ? ? ? ? ? ? ? ? ? ? ? ? ? ? ? ? ? ? ? ? ? ? ? ? ? ? ? ? ? ? ? ? ? ? ? ? ? 
? ? ? ? ? ? ? ? ? ? ? ? ? ? ? ? ? ? ? ? ? ? ? ? ? ? ? ? ? ? ? ? ? ? ? ? ? ? ? ? ? ? ? ? ? 
? ? ? ? ? ? ? ? ? ? ? ? ? ? ? ? ? ? ? ? ? ? ? ? ? ? ? ? ? ? ? ? ? ? ? ? ? ? ? ? ? ? ? ? ? 
? ? ? ? ? ? ? ? ? ? ? ? ? ? ? ? ? ? ? ? ? ? ? ? ? ? ? ? ? ? ? ? ? ? ? ? ? ? ? ? ? ? ? ? ? 
? ? ? ? ? ? ? ? ? ? ? ? ? ? ? ? ? ? ? ? ? ? ? ? ? ? ? ? ? ? ? ? ? ? ? ? ? ? ? ? ? ? ? ? ? 
? ? ? ? ? ? ? ? ? ? ? ? ? ? ? ? ? ? ? ? ? ? ? ? ? ? ? ? ? ? ? ? ? ? ? ? ? ? ? ? ? ? ? ? ? 
? ? ? ? ? ? ? ? ? ? ? ? ? ? ? ? ? ? ? ? ? ? ? ? ? ? ? ? ? ? ? ? ? ? ? ? ? ? ? ? ? ? ? ? ? 
? ? ? ? ? ? ? ? ? ? ? ? ? ? ? ? ? ? ? ? ? ? ? ? ? ? ? ? ? ? ? ? ? ? ? ? ? ? ? ? ? ? ? ? ? 
? ? ? ? ? ? ? ? ? ? ? ? ? ? ? ? ? ? ? ? ? ? ? ? ? ? ? ? ? ? ? ? ? ? ? ? ? ? ? ? ? ? ? ? ? 
? ? ? ? ? ? ? ? ? ? ? ? ? ? ? ? ? ? ? ? ? ? ? ? ? ? ? ? ? ? ? ? ? ? ? ? ? ? ? ? ? ? ? ? ? 
Warning: 2^50 permutations, this will take a very long time! (Using 2048 threads for bit masks)
Step: 12
? ? F 2         1 1 3 F 3 1 2 1 1   2 F 2 1 F 3 3 ? ? ? ? ? ? ? ? ? ? ? ? ? ? ? ? ? ? ? ? 
? F F 2         1 F 3 F 3 F 2 F 1   2 F 2 1 2 F F ? ? ? ? ? ? ? ? ? ? ? ? ? ? ? ? ? ? ? ? 
F F 3 1         1 1 2 1 2 1 2 2 2 2 3 3 3 1 2 2 3 ? ? ? ? ? ? ? ? ? ? ? ? ? ? ? ? ? ? ? ? 
2 2 1             1 1 1       1 F 3 F F 3 F 1   1 ? ? ? ? ? ? ? ? ? ? ? ? ? ? ? ? ? ? ? ? 
1 1 1 1 1 1     1 3 F 2       1 3 F 5 ? ? 2 2 2 2 ? ? ? ? ? ? ? ? ? ? ? ? ? ? ? ? ? ? ? ? 
1 F 2 2 F 1 1 1 2 F F 2   1 1 1 3 F ? 1 ? 1 ? ? F ? ? ? ? ? ? ? ? ? ? ? ? ? ? ? ? ? ? ? ? 
1 3 F 3 1 1 2 F 3 2 2 1 1 2 F 1 2 F ? ? 1 2 3 ? ? ? ? ? ? ? ? ? ? ? ? ? ? ? ? ? ? ? ? ? ? 
1 4 F 3     3 F 4 2 2 1 1 F 2 1 1 2 ? ? ? ? ? ? ? ? ? ? ? ? ? ? ? ? ? ? ? ? ? ? ? ? ? ? ? 
1 F F 2     2 F 5 F F 1 2 2 3 1 2 2 ? ? ? ? ? ? ? ? ? ? ? ? ? ? ? ? ? ? ? ? ? ? ? ? ? ? ? 
1 2 2 1   1 2 3 F F 4 1 1 F 2 F 2 F ? ? ? ? ? ? ? ? ? ? ? ? ? ? ? ? ? ? ? ? ? ? ? ? ? ? ? 
          1 F 4 6 F 4 1 2 2 3 2 3 3 ? ? ? ? ? ? ? ? ? ? ? ? ? ? ? ? ? ? ? ? ? ? ? ? ? ? ? 
        1 2 3 F F F ? ? 2 ? ? 2 ? ? ? ? ? ? ? ? ? ? ? ? ? ? ? ? ? ? ? ? ? ? ? ? ? ? ? ? ? 
2 2 1   1 F 3 3 3 4 ? ? ? ? ? ? ? ? ? ? ? ? ? ? ? ? ? ? ? ? ? ? ? ? ? ? ? ? ? ? ? ? ? ? ? 
F F 2 1 2 3 F 2 1 2 ? ? ? ? ? ? ? ? ? ? ? ? ? ? ? ? ? ? ? ? ? ? ? ? ? ? ? ? ? ? ? ? ? ? ? 
? ? ? ? ? ? ? ? ? ? ? ? ? ? ? ? ? ? ? ? ? ? ? ? ? ? ? ? ? ? ? ? ? ? ? ? ? ? ? ? ? ? ? ? ? 
? ? ? ? ? ? ? ? ? ? ? ? ? ? ? ? ? ? ? ? ? ? ? ? ? ? ? ? ? ? ? ? ? ? ? ? ? ? ? ? ? ? ? ? ? 
? ? ? ? ? ? ? ? ? ? ? ? ? ? ? ? ? ? ? ? ? ? ? ? ? ? ? ? ? ? ? ? ? ? ? ? ? ? ? ? ? ? ? ? ? 
? ? ? ? ? ? ? ? ? ? ? ? ? ? ? ? ? ? ? ? ? ? ? ? ? ? ? ? ? ? ? ? ? ? ? ? ? ? ? ? ? ? ? ? ? 
? ? ? ? ? ? ? ? ? ? ? ? ? ? ? ? ? ? ? ? ? ? ? ? ? ? ? ? ? ? ? ? ? ? ? ? ? ? ? ? ? ? ? ? ? 
? ? ? ? ? ? ? ? ? ? ? ? ? ? ? ? ? ? ? ? ? ? ? ? ? ? ? ? ? ? ? ? ? ? ? ? ? ? ? ? ? ? ? ? ? 
? ? ? ? ? ? ? ? ? ? ? ? ? ? ? ? ? ? ? ? ? ? ? ? ? ? ? ? ? ? ? ? ? ? ? ? ? ? ? ? ? ? ? ? ? 
? ? ? ? ? ? ? ? ? ? ? ? ? ? ? ? ? ? ? ? ? ? ? ? ? ? ? ? ? ? ? ? ? ? ? ? ? ? ? ? ? ? ? ? ? 
? ? ? ? ? ? ? ? ? ? ? ? ? ? ? ? ? ? ? ? ? ? ? ? ? ? ? ? ? ? ? ? ? ? ? ? ? ? ? ? ? ? ? ? ? 
? ? ? ? ? ? ? ? ? ? ? ? ? ? ? ? ? ? ? ? ? ? ? ? ? ? ? ? ? ? ? ? ? ? ? ? ? ? ? ? ? ? ? ? ? 
? ? ? ? ? ? ? ? ? ? ? ? ? ? ? ? ? ? ? ? ? ? ? ? ? ? ? ? ? ? ? ? ? ? ? ? ? ? ? ? ? ? ? ? ? 
? ? ? ? ? ? ? ? ? ? ? ? ? ? ? ? ? ? ? ? ? ? ? ? ? ? ? ? ? ? ? ? ? ? ? ? ? ? ? ? ? ? ? ? ? 
Step: 13
? ? F 2         1 1 3 F 3 1 2 1 1   2 F 2 1 F 3 3 ? ? ? ? ? ? ? ? ? ? ? ? ? ? ? ? ? ? ? ? 
? F F 2         1 F 3 F 3 F 2 F 1   2 F 2 1 2 F F ? ? ? ? ? ? ? ? ? ? ? ? ? ? ? ? ? ? ? ? 
F F 3 1         1 1 2 1 2 1 2 2 2 2 3 3 3 1 2 2 3 ? ? ? ? ? ? ? ? ? ? ? ? ? ? ? ? ? ? ? ? 
2 2 1             1 1 1       1 F 3 F F 3 F 1   1 ? ? ? ? ? ? ? ? ? ? ? ? ? ? ? ? ? ? ? ? 
1 1 1 1 1 1     1 3 F 2       1 3 F 5 ? 3 2 2 2 2 ? ? ? ? ? ? ? ? ? ? ? ? ? ? ? ? ? ? ? ? 
1 F 2 2 F 1 1 1 2 F F 2   1 1 1 3 F 4 1 1 1 ? 3 F ? ? ? ? ? ? ? ? ? ? ? ? ? ? ? ? ? ? ? ? 
1 3 F 3 1 1 2 F 3 2 2 1 1 2 F 1 2 F 2   1 2 3 ? ? ? ? ? ? ? ? ? ? ? ? ? ? ? ? ? ? ? ? ? ? 
1 4 F 3     3 F 4 2 2 1 1 F 2 1 1 2 2 1 1 ? ? ? ? ? ? ? ? ? ? ? ? ? ? ? ? ? ? ? ? ? ? ? ? 
1 F F 2     2 F 5 F F 1 2 2 3 1 2 2 ? 1 1 2 ? 2 ? ? ? ? ? ? ? ? ? ? ? ? ? ? ? ? ? ? ? ? ? 
1 2 2 1   1 2 3 F F 4 1 1 F 2 F 2 F 3 2   1 1 3 ? ? ? ? ? ? ? ? ? ? ? ? ? ? ? ? ? ? ? ? ? 
          1 F 4 6 F 4 1 2 2 3 2 3 3 F 1     1 3 F ? ? ? ? ? ? ? ? ? ? ? ? ? ? ? ? ? ? ? ? 
        1 2 3 F F F ? ? 2 ? ? 2 ? ? 2 1     2 F 4 2 ? ? ? ? ? ? ? ? ? ? ? ? ? ? ? ? ? ? ? 
2 2 1   1 F 3 3 3 4 ? ? ? ? ? ? ? ? 2   1 1 3 F 3 ? ? ? ? ? ? ? ? ? ? ? ? ? ? ? ? ? ? ? ? 
F F 2 1 2 3 F 2 1 2 ? ? ? ? ? ? ? F 2   1 ? 2 1 2 2 ? ? ? ? ? ? ? ? ? ? ? ? ? ? ? ? ? ? ? 
? ? ? ? ? ? ? ? ? ? ? ? ? ? ? ? ? ? 4 2 2 1 1     1 ? ? ? ? ? ? ? ? ? ? ? ? ? ? ? ? ? ? ? 
? ? ? ? ? ? ? ? ? ? ? ? ? ? ? ? ? ? ? F 2   1 2 2 1 ? ? ? ? ? ? ? ? ? ? ? ? ? ? ? ? ? ? ? 
? ? ? ? ? ? ? ? ? ? ? ? ? ? ? ? ? ? ? F 4 1 2 F F 2 ? ? ? ? ? ? ? ? ? ? ? ? ? ? ? ? ? ? ? 
? ? ? ? ? ? ? ? ? ? ? ? ? ? ? ? ? ? ? F ? ? ? ? ? ? ? ? ? ? ? ? ? ? ? ? ? ? ? ? ? ? ? ? ? 
? ? ? ? ? ? ? ? ? ? ? ? ? ? ? ? ? ? ? ? ? ? ? ? ? ? ? ? ? ? ? ? ? ? ? ? ? ? ? ? ? ? ? ? ? 
? ? ? ? ? ? ? ? ? ? ? ? ? ? ? ? ? ? ? ? ? ? ? ? ? ? ? ? ? ? ? ? ? ? ? ? ? ? ? ? ? ? ? ? ? 
? ? ? ? ? ? ? ? ? ? ? ? ? ? ? ? ? ? ? ? ? ? ? ? ? ? ? ? ? ? ? ? ? ? ? ? ? ? ? ? ? ? ? ? ? 
? ? ? ? ? ? ? ? ? ? ? ? ? ? ? ? ? ? ? ? ? ? ? ? ? ? ? ? ? ? ? ? ? ? ? ? ? ? ? ? ? ? ? ? ? 
? ? ? ? ? ? ? ? ? ? ? ? ? ? ? ? ? ? ? ? ? ? ? ? ? ? ? ? ? ? ? ? ? ? ? ? ? ? ? ? ? ? ? ? ? 
? ? ? ? ? ? ? ? ? ? ? ? ? ? ? ? ? ? ? ? ? ? ? ? ? ? ? ? ? ? ? ? ? ? ? ? ? ? ? ? ? ? ? ? ? 
? ? ? ? ? ? ? ? ? ? ? ? ? ? ? ? ? ? ? ? ? ? ? ? ? ? ? ? ? ? ? ? ? ? ? ? ? ? ? ? ? ? ? ? ? 
? ? ? ? ? ? ? ? ? ? ? ? ? ? ? ? ? ? ? ? ? ? ? ? ? ? ? ? ? ? ? ? ? ? ? ? ? ? ? ? ? ? ? ? ? 
Step: 14
? ? F 2         1 1 3 F 3 1 2 1 1   2 F 2 1 F 3 3 ? ? ? ? ? ? ? ? ? ? ? ? ? ? ? ? ? ? ? ? 
? F F 2         1 F 3 F 3 F 2 F 1   2 F 2 1 2 F F ? ? ? ? ? ? ? ? ? ? ? ? ? ? ? ? ? ? ? ? 
F F 3 1         1 1 2 1 2 1 2 2 2 2 3 3 3 1 2 2 3 ? ? ? ? ? ? ? ? ? ? ? ? ? ? ? ? ? ? ? ? 
2 2 1             1 1 1       1 F 3 F F 3 F 1   1 ? ? ? ? ? ? ? ? ? ? ? ? ? ? ? ? ? ? ? ? 
1 1 1 1 1 1     1 3 F 2       1 3 F 5 F 3 2 2 2 2 ? ? ? ? ? ? ? ? ? ? ? ? ? ? ? ? ? ? ? ? 
1 F 2 2 F 1 1 1 2 F F 2   1 1 1 3 F 4 1 1 1 F 3 F ? ? ? ? ? ? ? ? ? ? ? ? ? ? ? ? ? ? ? ? 
1 3 F 3 1 1 2 F 3 2 2 1 1 2 F 1 2 F 2   1 2 3 ? ? ? ? ? ? ? ? ? ? ? ? ? ? ? ? ? ? ? ? ? ? 
1 4 F 3     3 F 4 2 2 1 1 F 2 1 1 2 2 1 1 F 3 ? ? ? ? ? ? ? ? ? ? ? ? ? ? ? ? ? ? ? ? ? ? 
1 F F 2     2 F 5 F F 1 2 2 3 1 2 2 F 1 1 2 F 2 ? ? ? ? ? ? ? ? ? ? ? ? ? ? ? ? ? ? ? ? ? 
1 2 2 1   1 2 3 F F 4 1 1 F 2 F 2 F 3 2   1 1 3 F ? ? ? ? ? ? ? ? ? ? ? ? ? ? ? ? ? ? ? ? 
          1 F 4 6 F 4 1 2 2 3 2 3 3 F 1     1 3 F ? ? ? ? ? ? ? ? ? ? ? ? ? ? ? ? ? ? ? ? 
        1 2 3 F F F ? ? 2 ? ? 2 ? ? 2 1     2 F 4 2 ? ? ? ? ? ? ? ? ? ? ? ? ? ? ? ? ? ? ? 
2 2 1   1 F 3 3 3 4 ? ? ? ? ? ? ? ? 2   1 1 3 F 3 F ? ? ? ? ? ? ? ? ? ? ? ? ? ? ? ? ? ? ? 
F F 2 1 2 3 F 2 1 2 ? ? ? ? ? ? ? F 2   1 F 2 1 2 2 ? ? ? ? ? ? ? ? ? ? ? ? ? ? ? ? ? ? ? 
? ? ? ? ? ? ? ? ? ? ? ? ? ? ? ? ? ? 4 2 2 1 1     1 1 ? ? ? ? ? ? ? ? ? ? ? ? ? ? ? ? ? ? 
? ? ? ? ? ? ? ? ? ? ? ? ? ? ? ? ? ? F F 2   1 2 2 1 1 ? ? ? ? ? ? ? ? ? ? ? ? ? ? ? ? ? ? 
? ? ? ? ? ? ? ? ? ? ? ? ? ? ? ? ? ? ? F 4 1 2 F F 2 1 ? ? ? ? ? ? ? ? ? ? ? ? ? ? ? ? ? ? 
? ? ? ? ? ? ? ? ? ? ? ? ? ? ? ? ? ? ? F ? ? ? ? ? ? ? ? ? ? ? ? ? ? ? ? ? ? ? ? ? ? ? ? ? 
? ? ? ? ? ? ? ? ? ? ? ? ? ? ? ? ? ? ? ? ? ? ? ? ? ? ? ? ? ? ? ? ? ? ? ? ? ? ? ? ? ? ? ? ? 
? ? ? ? ? ? ? ? ? ? ? ? ? ? ? ? ? ? ? ? ? ? ? ? ? ? ? ? ? ? ? ? ? ? ? ? ? ? ? ? ? ? ? ? ? 
? ? ? ? ? ? ? ? ? ? ? ? ? ? ? ? ? ? ? ? ? ? ? ? ? ? ? ? ? ? ? ? ? ? ? ? ? ? ? ? ? ? ? ? ? 
? ? ? ? ? ? ? ? ? ? ? ? ? ? ? ? ? ? ? ? ? ? ? ? ? ? ? ? ? ? ? ? ? ? ? ? ? ? ? ? ? ? ? ? ? 
? ? ? ? ? ? ? ? ? ? ? ? ? ? ? ? ? ? ? ? ? ? ? ? ? ? ? ? ? ? ? ? ? ? ? ? ? ? ? ? ? ? ? ? ? 
? ? ? ? ? ? ? ? ? ? ? ? ? ? ? ? ? ? ? ? ? ? ? ? ? ? ? ? ? ? ? ? ? ? ? ? ? ? ? ? ? ? ? ? ? 
? ? ? ? ? ? ? ? ? ? ? ? ? ? ? ? ? ? ? ? ? ? ? ? ? ? ? ? ? ? ? ? ? ? ? ? ? ? ? ? ? ? ? ? ? 
? ? ? ? ? ? ? ? ? ? ? ? ? ? ? ? ? ? ? ? ? ? ? ? ? ? ? ? ? ? ? ? ? ? ? ? ? ? ? ? ? ? ? ? ? 
Step: 15
? ? F 2         1 1 3 F 3 1 2 1 1   2 F 2 1 F 3 3 ? ? ? ? ? ? ? ? ? ? ? ? ? ? ? ? ? ? ? ? 
? F F 2         1 F 3 F 3 F 2 F 1   2 F 2 1 2 F F ? ? ? ? ? ? ? ? ? ? ? ? ? ? ? ? ? ? ? ? 
F F 3 1         1 1 2 1 2 1 2 2 2 2 3 3 3 1 2 2 3 ? ? ? ? ? ? ? ? ? ? ? ? ? ? ? ? ? ? ? ? 
2 2 1             1 1 1       1 F 3 F F 3 F 1   1 ? ? ? ? ? ? ? ? ? ? ? ? ? ? ? ? ? ? ? ? 
1 1 1 1 1 1     1 3 F 2       1 3 F 5 F 3 2 2 2 2 2 3 ? ? ? ? ? ? ? ? ? ? ? ? ? ? ? ? ? ? 
1 F 2 2 F 1 1 1 2 F F 2   1 1 1 3 F 4 1 1 1 F 3 F 1 2 ? ? ? ? ? ? ? ? ? ? ? ? ? ? ? ? ? ? 
1 3 F 3 1 1 2 F 3 2 2 1 1 2 F 1 2 F 2   1 2 3 ? 2 1 1 2 ? ? ? ? ? ? ? ? ? ? ? ? ? ? ? ? ? 
1 4 F 3     3 F 4 2 2 1 1 F 2 1 1 2 2 1 1 F 3 2 1     1 3 ? ? ? ? ? ? ? ? ? ? ? ? ? ? ? ? 
1 F F 2     2 F 5 F F 1 2 2 3 1 2 2 F 1 1 2 F 2 1 1     1 1 2 ? ? ? ? ? ? ? ? ? ? ? ? ? ? 
1 2 2 1   1 2 3 F F 4 1 1 F 2 F 2 F 3 2   1 1 3 F 2 1 1 1   1 ? ? ? ? ? ? ? ? ? ? ? ? ? ? 
          1 F 4 6 F 4 1 2 2 3 2 3 3 F 1     1 3 F 2 2 F 2   1 2 ? ? ? ? ? ? ? ? ? ? ? ? ? 
        1 2 3 F F F ? ? 2 ? ? 2 ? ? 2 1     2 F 4 2 3 F 2 1 1 2 ? ? ? ? ? ? ? ? ? ? ? ? ? 
2 2 1   1 F 3 3 3 4 ? ? ? ? ? ? ? ? 2   1 1 3 F 3 F 3 3 2 2 F 2 ? ? ? ? ? ? ? ? ? ? ? ? ? 
F F 2 1 2 3 F 2 1 2 ? ? ? ? ? ? ? F 2   1 F 2 1 2 2 F 2 ? ? ? ? ? ? ? ? ? ? ? ? ? ? ? ? ? 
? ? ? ? ? ? ? ? ? ? ? ? ? ? ? ? ? ? 4 2 2 1 1     1 1 2 1 2 ? ? ? ? ? ? ? ? ? ? ? ? ? ? ? 
? ? ? ? ? ? ? ? ? ? ? ? ? ? ? ? ? ? F F 2   1 2 2 1 1 1 1 1 ? ? ? ? ? ? ? ? ? ? ? ? ? ? ? 
? ? ? ? ? ? ? ? ? ? ? ? ? ? ? ? ? ? ? F 4 1 2 F F 2 1 F 2 2 ? ? ? ? ? ? ? ? ? ? ? ? ? ? ? 
? ? ? ? ? ? ? ? ? ? ? ? ? ? ? ? ? ? ? F ? ? ? ? ? 2 2 3 ? ? ? ? ? ? ? ? ? ? ? ? ? ? ? ? ? 
? ? ? ? ? ? ? ? ? ? ? ? ? ? ? ? ? ? ? ? ? ? ? ? ? ? ? ? ? ? ? ? ? ? ? ? ? ? ? ? ? ? ? ? ? 
? ? ? ? ? ? ? ? ? ? ? ? ? ? ? ? ? ? ? ? ? ? ? ? ? ? ? ? ? ? ? ? ? ? ? ? ? ? ? ? ? ? ? ? ? 
? ? ? ? ? ? ? ? ? ? ? ? ? ? ? ? ? ? ? ? ? ? ? ? ? ? ? ? ? ? ? ? ? ? ? ? ? ? ? ? ? ? ? ? ? 
? ? ? ? ? ? ? ? ? ? ? ? ? ? ? ? ? ? ? ? ? ? ? ? ? ? ? ? ? ? ? ? ? ? ? ? ? ? ? ? ? ? ? ? ? 
? ? ? ? ? ? ? ? ? ? ? ? ? ? ? ? ? ? ? ? ? ? ? ? ? ? ? ? ? ? ? ? ? ? ? ? ? ? ? ? ? ? ? ? ? 
? ? ? ? ? ? ? ? ? ? ? ? ? ? ? ? ? ? ? ? ? ? ? ? ? ? ? ? ? ? ? ? ? ? ? ? ? ? ? ? ? ? ? ? ? 
? ? ? ? ? ? ? ? ? ? ? ? ? ? ? ? ? ? ? ? ? ? ? ? ? ? ? ? ? ? ? ? ? ? ? ? ? ? ? ? ? ? ? ? ? 
? ? ? ? ? ? ? ? ? ? ? ? ? ? ? ? ? ? ? ? ? ? ? ? ? ? ? ? ? ? ? ? ? ? ? ? ? ? ? ? ? ? ? ? ? 
Step: 16
? ? F 2         1 1 3 F 3 1 2 1 1   2 F 2 1 F 3 3 ? ? ? ? ? ? ? ? ? ? ? ? ? ? ? ? ? ? ? ? 
? F F 2         1 F 3 F 3 F 2 F 1   2 F 2 1 2 F F ? ? ? ? ? ? ? ? ? ? ? ? ? ? ? ? ? ? ? ? 
F F 3 1         1 1 2 1 2 1 2 2 2 2 3 3 3 1 2 2 3 ? ? ? ? ? ? ? ? ? ? ? ? ? ? ? ? ? ? ? ? 
2 2 1             1 1 1       1 F 3 F F 3 F 1   1 F 2 ? ? ? ? ? ? ? ? ? ? ? ? ? ? ? ? ? ? 
1 1 1 1 1 1     1 3 F 2       1 3 F 5 F 3 2 2 2 2 2 3 F ? ? ? ? ? ? ? ? ? ? ? ? ? ? ? ? ? 
1 F 2 2 F 1 1 1 2 F F 2   1 1 1 3 F 4 1 1 1 F 3 F 1 2 F ? ? ? ? ? ? ? ? ? ? ? ? ? ? ? ? ? 
1 3 F 3 1 1 2 F 3 2 2 1 1 2 F 1 2 F 2   1 2 3 F 2 1 1 2 F F 3 2 ? ? ? ? ? ? ? ? ? ? ? ? ? 
1 4 F 3     3 F 4 2 2 1 1 F 2 1 1 2 2 1 1 F 3 2 1     1 3 F 2 1 3 ? ? ? ? ? ? ? ? ? ? ? ? 
1 F F 2     2 F 5 F F 1 2 2 3 1 2 2 F 1 1 2 F 2 1 1     1 1 2 1 2 ? ? ? ? ? ? ? ? ? ? ? ? 
1 2 2 1   1 2 3 F F 4 1 1 F 2 F 2 F 3 2   1 1 3 F 2 1 1 1   1 F 2 ? ? ? ? ? ? ? ? ? ? ? ? 
          1 F 4 6 F 4 1 2 2 3 2 3 3 F 1     1 3 F 2 2 F 2   1 2 ? ? ? ? ? ? ? ? ? ? ? ? ? 
        1 2 3 F F F ? ? 2 ? ? 2 ? ? 2 1     2 F 4 2 3 F 2 1 1 2 F ? ? ? ? ? ? ? ? ? ? ? ? 
2 2 1   1 F 3 3 3 4 ? ? ? ? ? ? ? ? 2   1 1 3 F 3 F 3 3 2 2 F 2 2 ? ? ? ? ? ? ? ? ? ? ? ? 
F F 2 1 2 3 F 2 1 2 ? ? ? ? ? ? ? F 2   1 F 2 1 2 2 F 2 F 2 1 1 2 ? ? ? ? ? ? ? ? ? ? ? ? 
? ? ? ? ? ? ? ? ? ? ? ? ? ? ? ? ? ? 4 2 2 1 1     1 1 2 1 2 2 3 3 ? ? ? ? ? ? ? ? ? ? ? ? 
? ? ? ? ? ? ? ? ? ? ? ? ? ? ? ? ? ? F F 2   1 2 2 1 1 1 1 1 F F F ? ? ? ? ? ? ? ? ? ? ? ? 
? ? ? ? ? ? ? ? ? ? ? ? ? ? ? ? ? ? ? F 4 1 2 F F 2 1 F 2 2 4 ? ? ? ? ? ? ? ? ? ? ? ? ? ? 
? ? ? ? ? ? ? ? ? ? ? ? ? ? ? ? ? ? ? F ? ? ? ? F 2 2 3 ? ? ? ? ? ? ? ? ? ? ? ? ? ? ? ? ? 
? ? ? ? ? ? ? ? ? ? ? ? ? ? ? ? ? ? ? ? ? ? ? ? 2 2 2 F ? ? ? ? ? ? ? ? ? ? ? ? ? ? ? ? ? 
? ? ? ? ? ? ? ? ? ? ? ? ? ? ? ? ? ? ? ? ? ? ? ? ? ? ? ? ? ? ? ? ? ? ? ? ? ? ? ? ? ? ? ? ? 
? ? ? ? ? ? ? ? ? ? ? ? ? ? ? ? ? ? ? ? ? ? ? ? ? ? ? ? ? ? ? ? ? ? ? ? ? ? ? ? ? ? ? ? ? 
? ? ? ? ? ? ? ? ? ? ? ? ? ? ? ? ? ? ? ? ? ? ? ? ? ? ? ? ? ? ? ? ? ? ? ? ? ? ? ? ? ? ? ? ? 
? ? ? ? ? ? ? ? ? ? ? ? ? ? ? ? ? ? ? ? ? ? ? ? ? ? ? ? ? ? ? ? ? ? ? ? ? ? ? ? ? ? ? ? ? 
? ? ? ? ? ? ? ? ? ? ? ? ? ? ? ? ? ? ? ? ? ? ? ? ? ? ? ? ? ? ? ? ? ? ? ? ? ? ? ? ? ? ? ? ? 
? ? ? ? ? ? ? ? ? ? ? ? ? ? ? ? ? ? ? ? ? ? ? ? ? ? ? ? ? ? ? ? ? ? ? ? ? ? ? ? ? ? ? ? ? 
? ? ? ? ? ? ? ? ? ? ? ? ? ? ? ? ? ? ? ? ? ? ? ? ? ? ? ? ? ? ? ? ? ? ? ? ? ? ? ? ? ? ? ? ? 
Step: 17
? ? F 2         1 1 3 F 3 1 2 1 1   2 F 2 1 F 3 3 ? ? ? ? ? ? ? ? ? ? ? ? ? ? ? ? ? ? ? ? 
? F F 2         1 F 3 F 3 F 2 F 1   2 F 2 1 2 F F 3 ? ? ? ? ? ? ? ? ? ? ? ? ? ? ? ? ? ? ? 
F F 3 1         1 1 2 1 2 1 2 2 2 2 3 3 3 1 2 2 3 3 2 1 1 2 ? ? ? ? ? ? ? ? ? ? ? ? ? ? ? 
2 2 1             1 1 1       1 F 3 F F 3 F 1   1 F 2 1 1 1 ? ? ? ? ? ? ? ? ? ? ? ? ? ? ? 
1 1 1 1 1 1     1 3 F 2       1 3 F 5 F 3 2 2 2 2 2 3 F 2 2 ? ? ? ? ? ? ? ? ? ? ? ? ? ? ? 
1 F 2 2 F 1 1 1 2 F F 2   1 1 1 3 F 4 1 1 1 F 3 F 1 2 F 4 3 ? ? ? ? ? ? ? ? ? ? ? ? ? ? ? 
1 3 F 3 1 1 2 F 3 2 2 1 1 2 F 1 2 F 2   1 2 3 F 2 1 1 2 F F 3 2 F ? 2 2 3 2 3 ? ? ? ? ? ? 
1 4 F 3     3 F 4 2 2 1 1 F 2 1 1 2 2 1 1 F 3 2 1     1 3 F 2 1 3 ? 2       1 ? ? ? ? ? ? 
1 F F 2     2 F 5 F F 1 2 2 3 1 2 2 F 1 1 2 F 2 1 1     1 1 2 1 2 ? 1       1 1 ? ? ? ? ? 
1 2 2 1   1 2 3 F F 4 1 1 F 2 F 2 F 3 2   1 1 3 F 2 1 1 1   1 F 2 1 1         1 ? ? ? ? ? 
          1 F 4 6 F 4 1 2 2 3 2 3 3 F 1     1 3 F 2 2 F 2   1 2 2 1     1 1 1 1 ? ? ? ? ? 
        1 2 3 F F F ? ? 2 ? ? 2 ? ? 2 1     2 F 4 2 3 F 2 1 1 2 F 3 2 1 2 F 2 2 ? ? ? ? ? 
2 2 1   1 F 3 3 3 4 ? ? ? ? ? ? ? ? 2   1 1 3 F 3 F 3 3 2 2 F 2 2 F F 2 2 F 2 1 ? ? ? ? ? 
F F 2 1 2 3 F 2 1 2 ? ? ? ? ? ? ? F 2   1 F 2 1 2 2 F 2 F 2 1 1 2 4 F 2 1 1 1 2 ? ? ? ? ? 
? ? ? ? ? ? ? ? ? ? ? ? ? ? ? ? ? ? 4 2 2 1 1     1 1 2 1 2 2 3 3 F 2 1       2 ? ? ? ? ? 
? ? ? ? ? ? ? ? ? ? ? ? ? ? ? ? ? ? F F 2   1 2 2 1 1 1 1 1 F F F 2 1   1 1 1 2 F 3 ? ? ? 
? ? ? ? ? ? ? ? ? ? ? ? ? ? ? ? ? ? ? F 4 1 2 F F 2 1 F 2 2 4 ? 5 3 1   2 F 2 1 1 2 1 3 ? 
? ? ? ? ? ? ? ? ? ? ? ? ? ? ? ? ? ? ? F ? ? ? ? F 2 2 3 ? F 2 2 F F 1   2 F 2   1 1 1 2 ? 
? ? ? ? ? ? ? ? ? ? ? ? ? ? ? ? ? ? ? ? ? ? ? ? 2 2 2 F F 2 1 1 2 2 1   1 2 2 1 1 F 1 2 ? 
? ? ? ? ? ? ? ? ? ? ? ? ? ? ? ? ? ? ? ? ? ? ? ? ? ? ? F 4 1     1 1 1   1 2 F 1 1 1 1 1 ? 
? ? ? ? ? ? ? ? ? ? ? ? ? ? ? ? ? ? ? ? ? ? ? ? ? ? ? F 2       1 F 1   1 F 2 2 1 1   1 ? 
? ? ? ? ? ? ? ? ? ? ? ? ? ? ? ? ? ? ? ? ? ? ? ? ? ? ? 3 1       1 1 1   1 2 2 3 F 3 2 4 ? 
? ? ? ? ? ? ? ? ? ? ? ? ? ? ? ? ? ? ? ? ? ? ? ? ? ? ? 2 1 2 2 1 1 1 1   1 3 F 6 F ? ? ? ? 
? ? ? ? ? ? ? ? ? ? ? ? ? ? ? ? ? ? ? ? ? ? ? ? ? ? ? ? ? ? ? 2 1 F 1   1 F F F F 3 2 3 ? 
? ? ? ? ? ? ? ? ? ? ? ? ? ? ? ? ? ? ? ? ? ? ? ? ? ? ? ? ? ? F 3 1 1 1   1 2 3 3 2 1   1 ? 
? ? ? ? ? ? ? ? ? ? ? ? ? ? ? ? ? ? ? ? ? ? ? ? ? ? ? ? ? ? F 2           1 1 1       1 ? 
Step: 18
? ? F 2         1 1 3 F 3 1 2 1 1   2 F 2 1 F 3 3 F 2 1 2 ? ? ? ? ? ? ? ? ? ? ? ? ? ? ? ? 
? F F 2         1 F 3 F 3 F 2 F 1   2 F 2 1 2 F F 3 F 1 2 F ? ? ? ? ? ? ? ? ? ? ? ? ? ? ? 
F F 3 1         1 1 2 1 2 1 2 2 2 2 3 3 3 1 2 2 3 3 2 1 1 2 ? ? ? ? ? ? ? ? ? ? ? ? ? ? ? 
2 2 1             1 1 1       1 F 3 F F 3 F 1   1 F 2 1 1 1 ? ? ? ? ? ? ? ? ? ? ? ? ? ? ? 
1 1 1 1 1 1     1 3 F 2       1 3 F 5 F 3 2 2 2 2 2 3 F 2 2 ? ? ? ? ? ? ? ? ? ? ? ? ? ? ? 
1 F 2 2 F 1 1 1 2 F F 2   1 1 1 3 F 4 1 1 1 F 3 F 1 2 F 4 3 ? ? ? ? ? F F F 2 ? ? ? ? ? ? 
1 3 F 3 1 1 2 F 3 2 2 1 1 2 F 1 2 F 2   1 2 3 F 2 1 1 2 F F 3 2 F ? 2 2 3 2 3 2 3 1 1 ? ? 
1 4 F 3     3 F 4 2 2 1 1 F 2 1 1 2 2 1 1 F 3 2 1     1 3 F 2 1 3 ? 2       1 F 1   1 ? ? 
1 F F 2     2 F 5 F F 1 2 2 3 1 2 2 F 1 1 2 F 2 1 1     1 1 2 1 2 F 1       1 1 1 1 2 ? ? 
1 2 2 1   1 2 3 F F 4 1 1 F 2 F 2 F 3 2   1 1 3 F 2 1 1 1   1 F 2 1 1         1 2 4 F ? ? 
          1 F 4 6 F 4 1 2 2 3 2 3 3 F 1     1 3 F 2 2 F 2   1 2 2 1     1 1 1 1 F F F ? ? 
        1 2 3 F F F ? ? 2 ? ? 2 ? ? 2 1     2 F 4 2 3 F 2 1 1 2 F 3 2 1 2 F 2 2 4 ? ? ? ? 
2 2 1   1 F 3 3 3 4 ? ? ? ? ? ? ? ? 2   1 1 3 F 3 F 3 3 2 2 F 2 2 F F 2 2 F 2 1 F 2 2 2 2 
F F 2 1 2 3 F 2 1 2 ? ? ? ? ? ? ? F 2   1 F 2 1 2 2 F 2 F 2 1 1 2 4 F 2 1 1 1 2 2 2       
? ? ? ? ? ? ? ? ? ? ? ? ? ? ? ? ? ? 4 2 2 1 1     1 1 2 1 2 2 3 3 F 2 1       2 F 3 1 2 1 
? ? ? ? ? ? ? ? ? ? ? ? ? ? ? ? ? ? F F 2   1 2 2 1 1 1 1 1 F F F 2 1   1 1 1 2 F 3 F 2 F 
? ? ? ? ? ? ? ? ? ? ? ? ? ? ? ? ? ? ? F 4 1 2 F F 2 1 F 2 2 4 F 5 3 1   2 F 2 1 1 2 1 3 2 
? ? ? ? ? ? ? ? ? ? ? ? ? ? ? ? ? ? ? F ? ? ? ? F 2 2 3 4 F 2 2 F F 1   2 F 2   1 1 1 2 F 
? ? ? ? ? ? ? ? ? ? ? ? ? ? ? ? ? ? ? ? ? ? ? ? 2 2 2 F F 2 1 1 2 2 1   1 2 2 1 1 F 1 2 F 
? ? ? ? ? ? ? ? ? ? ? ? ? ? ? ? ? ? ? ? ? ? ? ? ? 3 5 F 4 1     1 1 1   1 2 F 1 1 1 1 1 1 
? ? ? ? ? ? ? ? ? ? ? ? ? ? ? ? ? ? ? ? ? ? ? ? ? F F F 2       1 F 1   1 F 2 2 1 1   1 1 
? ? ? ? ? ? ? ? ? ? ? ? ? ? ? ? ? ? ? ? ? ? ? ? ? ? ? 3 1       1 1 1   1 2 2 3 F 3 2 4 F 
? ? ? ? ? ? ? ? ? ? ? ? ? ? ? ? ? ? ? ? ? ? ? ? ? ? ? 2 1 2 2 1 1 1 1   1 3 F 6 F 4 F F F 
? ? ? ? ? ? ? ? ? ? ? ? ? ? ? ? ? ? ? ? ? ? ? ? ? ? ? ? ? F F 2 1 F 1   1 F F F F 3 2 3 2 
? ? ? ? ? ? ? ? ? ? ? ? ? ? ? ? ? ? ? ? ? ? ? ? ? ? ? ? ? ? F 3 1 1 1   1 2 3 3 2 1   1 1 
? ? ? ? ? ? ? ? ? ? ? ? ? ? ? ? ? ? ? ? ? ? ? ? ? ? ? ? ? ? F 2           1 1 1       1 F 
Step: 19
? ? F 2         1 1 3 F 3 1 2 1 1   2 F 2 1 F 3 3 F 2 1 2 F ? ? ? ? ? ? ? ? ? ? ? ? ? ? ? 
? F F 2         1 F 3 F 3 F 2 F 1   2 F 2 1 2 F F 3 F 1 2 F ? ? ? ? ? ? ? ? ? ? ? ? ? ? ? 
F F 3 1         1 1 2 1 2 1 2 2 2 2 3 3 3 1 2 2 3 3 2 1 1 2 ? ? ? ? ? ? ? ? ? ? ? ? ? ? ? 
2 2 1             1 1 1       1 F 3 F F 3 F 1   1 F 2 1 1 1 ? ? ? ? ? ? ? ? ? ? ? ? ? ? ? 
1 1 1 1 1 1     1 3 F 2       1 3 F 5 F 3 2 2 2 2 2 3 F 2 2 ? ? ? ? ? ? ? ? ? ? ? ? ? 4 2 
1 F 2 2 F 1 1 1 2 F F 2   1 1 1 3 F 4 1 1 1 F 3 F 1 2 F 4 3 ? ? ? ? 3 F F F 2 F 2 F 2 1   
1 3 F 3 1 1 2 F 3 2 2 1 1 2 F 1 2 F 2   1 2 3 F 2 1 1 2 F F 3 2 F ? 2 2 3 2 3 2 3 1 1     
1 4 F 3     3 F 4 2 2 1 1 F 2 1 1 2 2 1 1 F 3 2 1     1 3 F 2 1 3 3 2       1 F 1   1 1 1 
1 F F 2     2 F 5 F F 1 2 2 3 1 2 2 F 1 1 2 F 2 1 1     1 1 2 1 2 F 1       1 1 1 1 2 F 1 
1 2 2 1   1 2 3 F F 4 1 1 F 2 F 2 F 3 2   1 1 3 F 2 1 1 1   1 F 2 1 1         1 2 4 F 3 1 
          1 F 4 6 F 4 1 2 2 3 2 3 3 F 1     1 3 F 2 2 F 2   1 2 2 1     1 1 1 1 F F F 4 2 
        1 2 3 F F F ? ? 2 ? ? 2 ? ? 2 1     2 F 4 2 3 F 2 1 1 2 F 3 2 1 2 F 2 2 4 F 4 F F 
2 2 1   1 F 3 3 3 4 ? ? ? ? ? ? ? ? 2   1 1 3 F 3 F 3 3 2 2 F 2 2 F F 2 2 F 2 1 F 2 2 2 2 
F F 2 1 2 3 F 2 1 2 ? ? ? ? ? ? ? F 2   1 F 2 1 2 2 F 2 F 2 1 1 2 4 F 2 1 1 1 2 2 2       
? ? ? ? ? ? ? ? ? ? ? ? ? ? ? ? ? ? 4 2 2 1 1     1 1 2 1 2 2 3 3 F 2 1       2 F 3 1 2 1 
? ? ? ? ? ? ? ? ? ? ? ? ? ? ? ? ? ? F F 2   1 2 2 1 1 1 1 1 F F F 2 1   1 1 1 2 F 3 F 2 F 
? ? ? ? ? ? ? ? ? ? ? ? ? ? ? ? ? ? ? F 4 1 2 F F 2 1 F 2 2 4 F 5 3 1   2 F 2 1 1 2 1 3 2 
? ? ? ? ? ? ? ? ? ? ? ? ? ? ? ? ? ? ? F ? ? ? ? F 2 2 3 4 F 2 2 F F 1   2 F 2   1 1 1 2 F 
? ? ? ? ? ? ? ? ? ? ? ? ? ? ? ? ? ? ? ? ? ? ? ? 2 2 2 F F 2 1 1 2 2 1   1 2 2 1 1 F 1 2 F 
? ? ? ? ? ? ? ? ? ? ? ? ? ? ? ? ? ? ? ? ? ? F 3 F 3 5 F 4 1     1 1 1   1 2 F 1 1 1 1 1 1 
? ? ? ? ? ? ? ? ? ? ? ? ? ? ? ? ? ? ? ? ? ? F 4 2 F F F 2       1 F 1   1 F 2 2 1 1   1 1 
? ? ? ? ? ? ? ? ? ? ? ? ? ? ? ? ? ? ? ? ? ? F 4 3 4 ? 3 1       1 1 1   1 2 2 3 F 3 2 4 F 
? ? ? ? ? ? ? ? ? ? ? ? ? ? ? ? ? ? ? ? ? ? ? ? ? ? F 2 1 2 2 1 1 1 1   1 3 F 6 F 4 F F F 
? ? ? ? ? ? ? ? ? ? ? ? ? ? ? ? ? ? ? ? ? ? ? ? ? ? F 3 1 F F 2 1 F 1   1 F F F F 3 2 3 2 
? ? ? ? ? ? ? ? ? ? ? ? ? ? ? ? ? ? ? ? ? ? ? ? ? ? F 3 1 4 F 3 1 1 1   1 2 3 3 2 1   1 1 
? ? ? ? ? ? ? ? ? ? ? ? ? ? ? ? ? ? ? ? ? ? ? ? ? ? F 2   2 F 2           1 1 1       1 F 
Step: 20
? ? F 2         1 1 3 F 3 1 2 1 1   2 F 2 1 F 3 3 F 2 1 2 F ? ? ? ? ? ? ? ? ? ? ? ? ? ? ? 
? F F 2         1 F 3 F 3 F 2 F 1   2 F 2 1 2 F F 3 F 1 2 F ? ? ? ? ? ? ? ? ? ? ? ? ? ? ? 
F F 3 1         1 1 2 1 2 1 2 2 2 2 3 3 3 1 2 2 3 3 2 1 1 2 ? ? ? ? ? ? ? ? ? ? ? ? ? ? ? 
2 2 1             1 1 1       1 F 3 F F 3 F 1   1 F 2 1 1 1 ? ? ? ? ? ? ? ? ? ? ? ? F F F 
1 1 1 1 1 1     1 3 F 2       1 3 F 5 F 3 2 2 2 2 2 3 F 2 2 ? ? ? ? ? ? ? 4 3 3 3 4 F 4 2 
1 F 2 2 F 1 1 1 2 F F 2   1 1 1 3 F 4 1 1 1 F 3 F 1 2 F 4 3 ? ? ? ? 3 F F F 2 F 2 F 2 1   
1 3 F 3 1 1 2 F 3 2 2 1 1 2 F 1 2 F 2   1 2 3 F 2 1 1 2 F F 3 2 F F 2 2 3 2 3 2 3 1 1     
1 4 F 3     3 F 4 2 2 1 1 F 2 1 1 2 2 1 1 F 3 2 1     1 3 F 2 1 3 3 2       1 F 1   1 1 1 
1 F F 2     2 F 5 F F 1 2 2 3 1 2 2 F 1 1 2 F 2 1 1     1 1 2 1 2 F 1       1 1 1 1 2 F 1 
1 2 2 1   1 2 3 F F 4 1 1 F 2 F 2 F 3 2   1 1 3 F 2 1 1 1   1 F 2 1 1         1 2 4 F 3 1 
          1 F 4 6 F 4 1 2 2 3 2 3 3 F 1     1 3 F 2 2 F 2   1 2 2 1     1 1 1 1 F F F 4 2 
        1 2 3 F F F ? ? 2 ? ? 2 ? ? 2 1     2 F 4 2 3 F 2 1 1 2 F 3 2 1 2 F 2 2 4 F 4 F F 
2 2 1   1 F 3 3 3 4 ? ? ? ? ? ? ? ? 2   1 1 3 F 3 F 3 3 2 2 F 2 2 F F 2 2 F 2 1 F 2 2 2 2 
F F 2 1 2 3 F 2 1 2 ? ? ? ? ? ? ? F 2   1 F 2 1 2 2 F 2 F 2 1 1 2 4 F 2 1 1 1 2 2 2       
? ? ? ? ? ? ? ? ? ? ? ? ? ? ? ? ? ? 4 2 2 1 1     1 1 2 1 2 2 3 3 F 2 1       2 F 3 1 2 1 
? ? ? ? ? ? ? ? ? ? ? ? ? ? ? ? ? ? F F 2   1 2 2 1 1 1 1 1 F F F 2 1   1 1 1 2 F 3 F 2 F 
? ? ? ? ? ? ? ? ? ? ? ? ? ? ? ? ? ? ? F 4 1 2 F F 2 1 F 2 2 4 F 5 3 1   2 F 2 1 1 2 1 3 2 
? ? ? ? ? ? ? ? ? ? ? ? ? ? ? ? ? ? ? F ? ? 2 3 F 2 2 3 4 F 2 2 F F 1   2 F 2   1 1 1 2 F 
? ? ? ? ? ? ? ? ? ? ? ? ? ? ? ? ? ? ? ? ? ? 2 3 2 2 2 F F 2 1 1 2 2 1   1 2 2 1 1 F 1 2 F 
? ? ? ? ? ? ? ? ? ? ? ? ? ? ? ? ? ? ? ? ? ? F 3 F 3 5 F 4 1     1 1 1   1 2 F 1 1 1 1 1 1 
? ? ? ? ? ? ? ? ? ? ? ? ? ? ? ? ? ? ? ? ? ? F 4 2 F F F 2       1 F 1   1 F 2 2 1 1   1 1 
? ? ? ? ? ? ? ? ? ? ? ? ? ? ? ? ? ? ? ? ? ? F 4 3 4 4 3 1       1 1 1   1 2 2 3 F 3 2 4 F 
? ? ? ? ? ? ? ? ? ? ? ? ? ? ? ? ? ? ? ? ? ? ? ? F 5 F 2 1 2 2 1 1 1 1   1 3 F 6 F 4 F F F 
? ? ? ? ? ? ? ? ? ? ? ? ? ? ? ? ? ? ? ? ? ? ? ? F F F 3 1 F F 2 1 F 1   1 F F F F 3 2 3 2 
? ? ? ? ? ? ? ? ? ? ? ? ? ? ? ? ? ? ? ? ? ? ? ? ? ? F 3 1 4 F 3 1 1 1   1 2 3 3 2 1   1 1 
? ? ? ? ? ? ? ? ? ? ? ? ? ? ? ? ? ? ? ? ? ? ? ? ? ? F 2   2 F 2           1 1 1       1 F 
Step: 21
? ? F 2         1 1 3 F 3 1 2 1 1   2 F 2 1 F 3 3 F 2 1 2 F ? ? ? ? ? ? ? ? ? ? ? ? ? ? ? 
? F F 2         1 F 3 F 3 F 2 F 1   2 F 2 1 2 F F 3 F 1 2 F ? ? ? ? ? ? ? ? ? ? ? ? ? ? ? 
F F 3 1         1 1 2 1 2 1 2 2 2 2 3 3 3 1 2 2 3 3 2 1 1 2 ? ? ? ? ? ? ? ? ? ? ? ? ? ? ? 
2 2 1             1 1 1       1 F 3 F F 3 F 1   1 F 2 1 1 1 ? ? ? ? ? ? ? ? ? ? ? ? F F F 
1 1 1 1 1 1     1 3 F 2       1 3 F 5 F 3 2 2 2 2 2 3 F 2 2 ? ? ? ? ? ? ? 4 3 3 3 4 F 4 2 
1 F 2 2 F 1 1 1 2 F F 2   1 1 1 3 F 4 1 1 1 F 3 F 1 2 F 4 3 ? ? ? 3 3 F F F 2 F 2 F 2 1   
1 3 F 3 1 1 2 F 3 2 2 1 1 2 F 1 2 F 2   1 2 3 F 2 1 1 2 F F 3 2 F F 2 2 3 2 3 2 3 1 1     
1 4 F 3     3 F 4 2 2 1 1 F 2 1 1 2 2 1 1 F 3 2 1     1 3 F 2 1 3 3 2       1 F 1   1 1 1 
1 F F 2     2 F 5 F F 1 2 2 3 1 2 2 F 1 1 2 F 2 1 1     1 1 2 1 2 F 1       1 1 1 1 2 F 1 
1 2 2 1   1 2 3 F F 4 1 1 F 2 F 2 F 3 2   1 1 3 F 2 1 1 1   1 F 2 1 1         1 2 4 F 3 1 
          1 F 4 6 F 4 1 2 2 3 2 3 3 F 1     1 3 F 2 2 F 2   1 2 2 1     1 1 1 1 F F F 4 2 
        1 2 3 F F F ? ? 2 ? ? 2 ? ? 2 1     2 F 4 2 3 F 2 1 1 2 F 3 2 1 2 F 2 2 4 F 4 F F 
2 2 1   1 F 3 3 3 4 ? ? ? ? ? ? ? ? 2   1 1 3 F 3 F 3 3 2 2 F 2 2 F F 2 2 F 2 1 F 2 2 2 2 
F F 2 1 2 3 F 2 1 2 ? ? ? ? ? ? ? F 2   1 F 2 1 2 2 F 2 F 2 1 1 2 4 F 2 1 1 1 2 2 2       
? ? ? ? ? ? ? ? ? ? ? ? ? ? ? ? ? ? 4 2 2 1 1     1 1 2 1 2 2 3 3 F 2 1       2 F 3 1 2 1 
? ? ? ? ? ? ? ? ? ? ? ? ? ? ? ? ? ? F F 2   1 2 2 1 1 1 1 1 F F F 2 1   1 1 1 2 F 3 F 2 F 
? ? ? ? ? ? ? ? ? ? ? ? ? ? ? ? ? 3 5 F 4 1 2 F F 2 1 F 2 2 4 F 5 3 1   2 F 2 1 1 2 1 3 2 
? ? ? ? ? ? ? ? ? ? ? ? ? ? ? ? ? 2 2 F 3 F 2 3 F 2 2 3 4 F 2 2 F F 1   2 F 2   1 1 1 2 F 
? ? ? ? ? ? ? ? ? ? ? ? ? ? ? ? ? 1 1 1 2 2 2 3 2 2 2 F F 2 1 1 2 2 1   1 2 2 1 1 F 1 2 F 
? ? ? ? ? ? ? ? ? ? ? ? ? ? ? ? ? 3 2 1   2 F 3 F 3 5 F 4 1     1 1 1   1 2 F 1 1 1 1 1 1 
? ? ? ? ? ? ? ? ? ? ? ? ? ? ? ? ? F F 3 1 3 F 4 2 F F F 2       1 F 1   1 F 2 2 1 1   1 1 
? ? ? ? ? ? ? ? ? ? ? ? ? ? ? ? ? ? F F 1 2 F 4 3 4 4 3 1       1 1 1   1 2 2 3 F 3 2 4 F 
? ? ? ? ? ? ? ? ? ? ? ? ? ? ? ? ? ? ? 3 1 1 3 F F 5 F 2 1 2 2 1 1 1 1   1 3 F 6 F 4 F F F 
? ? ? ? ? ? ? ? ? ? ? ? ? ? ? ? ? ? ? 2     3 F F F F 3 1 F F 2 1 F 1   1 F F F F 3 2 3 2 
? ? ? ? ? ? ? ? ? ? ? ? ? ? ? ? ? ? ? 3 1   2 F 4 5 F 3 1 4 F 3 1 1 1   1 2 3 3 2 1   1 1 
? ? ? ? ? ? ? ? ? ? ? ? ? ? ? ? ? ? ? F 1   1 1 1 2 F 2   2 F 2           1 1 1       1 F 
Step: 22
? ? F 2         1 1 3 F 3 1 2 1 1   2 F 2 1 F 3 3 F 2 1 2 F ? ? ? ? ? ? ? ? ? ? ? ? ? ? ? 
? F F 2         1 F 3 F 3 F 2 F 1   2 F 2 1 2 F F 3 F 1 2 F ? ? ? ? ? ? ? ? ? ? ? ? ? ? ? 
F F 3 1         1 1 2 1 2 1 2 2 2 2 3 3 3 1 2 2 3 3 2 1 1 2 ? ? ? ? ? ? ? ? ? ? ? ? ? ? ? 
2 2 1             1 1 1       1 F 3 F F 3 F 1   1 F 2 1 1 1 ? ? ? ? ? ? ? ? ? ? ? ? F F F 
1 1 1 1 1 1     1 3 F 2       1 3 F 5 F 3 2 2 2 2 2 3 F 2 2 ? ? ? ? ? ? ? 4 3 3 3 4 F 4 2 
1 F 2 2 F 1 1 1 2 F F 2   1 1 1 3 F 4 1 1 1 F 3 F 1 2 F 4 3 ? ? ? 3 3 F F F 2 F 2 F 2 1   
1 3 F 3 1 1 2 F 3 2 2 1 1 2 F 1 2 F 2   1 2 3 F 2 1 1 2 F F 3 2 F F 2 2 3 2 3 2 3 1 1     
1 4 F 3     3 F 4 2 2 1 1 F 2 1 1 2 2 1 1 F 3 2 1     1 3 F 2 1 3 3 2       1 F 1   1 1 1 
1 F F 2     2 F 5 F F 1 2 2 3 1 2 2 F 1 1 2 F 2 1 1     1 1 2 1 2 F 1       1 1 1 1 2 F 1 
1 2 2 1   1 2 3 F F 4 1 1 F 2 F 2 F 3 2   1 1 3 F 2 1 1 1   1 F 2 1 1         1 2 4 F 3 1 
          1 F 4 6 F 4 1 2 2 3 2 3 3 F 1     1 3 F 2 2 F 2   1 2 2 1     1 1 1 1 F F F 4 2 
        1 2 3 F F F ? ? 2 ? ? 2 ? ? 2 1     2 F 4 2 3 F 2 1 1 2 F 3 2 1 2 F 2 2 4 F 4 F F 
2 2 1   1 F 3 3 3 4 ? ? ? ? ? ? ? ? 2   1 1 3 F 3 F 3 3 2 2 F 2 2 F F 2 2 F 2 1 F 2 2 2 2 
F F 2 1 2 3 F 2 1 2 ? ? ? ? ? ? ? F 2   1 F 2 1 2 2 F 2 F 2 1 1 2 4 F 2 1 1 1 2 2 2       
? ? ? ? ? ? ? ? ? ? ? ? ? ? ? ? ? ? 4 2 2 1 1     1 1 2 1 2 2 3 3 F 2 1       2 F 3 1 2 1 
? ? ? ? ? ? ? ? ? ? ? ? ? ? ? ? ? F F F 2   1 2 2 1 1 1 1 1 F F F 2 1   1 1 1 2 F 3 F 2 F 
? ? ? ? ? ? ? ? ? ? ? ? ? ? ? ? ? 3 5 F 4 1 2 F F 2 1 F 2 2 4 F 5 3 1   2 F 2 1 1 2 1 3 2 
? ? ? ? ? ? ? ? ? ? ? ? ? ? ? ? ? 2 2 F 3 F 2 3 F 2 2 3 4 F 2 2 F F 1   2 F 2   1 1 1 2 F 
? ? ? ? ? ? ? ? ? ? ? ? ? ? ? ? ? 1 1 1 2 2 2 3 2 2 2 F F 2 1 1 2 2 1   1 2 2 1 1 F 1 2 F 
? ? ? ? ? ? ? ? ? ? ? ? ? ? ? ? ? 3 2 1   2 F 3 F 3 5 F 4 1     1 1 1   1 2 F 1 1 1 1 1 1 
? ? ? ? ? ? ? ? ? ? ? ? ? ? ? ? ? F F 3 1 3 F 4 2 F F F 2       1 F 1   1 F 2 2 1 1   1 1 
? ? ? ? ? ? ? ? ? ? ? ? ? ? ? ? ? ? F F 1 2 F 4 3 4 4 3 1       1 1 1   1 2 2 3 F 3 2 4 F 
? ? ? ? ? ? ? ? ? ? ? ? ? ? ? ? ? ? ? 3 1 1 3 F F 5 F 2 1 2 2 1 1 1 1   1 3 F 6 F 4 F F F 
? ? ? ? ? ? ? ? ? ? ? ? ? ? ? ? ? ? ? 2     3 F F F F 3 1 F F 2 1 F 1   1 F F F F 3 2 3 2 
? ? ? ? ? ? ? ? ? ? ? ? ? ? ? ? ? ? ? 3 1   2 F 4 5 F 3 1 4 F 3 1 1 1   1 2 3 3 2 1   1 1 
? ? ? ? ? ? ? ? ? ? ? ? ? ? ? ? ? ? ? F 1   1 1 1 2 F 2   2 F 2           1 1 1       1 F 
Step: 23
? ? F 2         1 1 3 F 3 1 2 1 1   2 F 2 1 F 3 3 F 2 1 2 F ? ? ? ? ? ? ? ? ? ? ? ? ? ? ? 
? F F 2         1 F 3 F 3 F 2 F 1   2 F 2 1 2 F F 3 F 1 2 F ? ? ? ? ? ? ? ? ? ? ? ? ? ? ? 
F F 3 1         1 1 2 1 2 1 2 2 2 2 3 3 3 1 2 2 3 3 2 1 1 2 ? ? ? ? ? ? ? ? ? ? ? ? ? ? ? 
2 2 1             1 1 1       1 F 3 F F 3 F 1   1 F 2 1 1 1 ? ? ? ? ? ? ? ? ? ? ? ? F F F 
1 1 1 1 1 1     1 3 F 2       1 3 F 5 F 3 2 2 2 2 2 3 F 2 2 ? ? ? ? ? ? ? 4 3 3 3 4 F 4 2 
1 F 2 2 F 1 1 1 2 F F 2   1 1 1 3 F 4 1 1 1 F 3 F 1 2 F 4 3 ? ? ? 3 3 F F F 2 F 2 F 2 1   
1 3 F 3 1 1 2 F 3 2 2 1 1 2 F 1 2 F 2   1 2 3 F 2 1 1 2 F F 3 2 F F 2 2 3 2 3 2 3 1 1     
1 4 F 3     3 F 4 2 2 1 1 F 2 1 1 2 2 1 1 F 3 2 1     1 3 F 2 1 3 3 2       1 F 1   1 1 1 
1 F F 2     2 F 5 F F 1 2 2 3 1 2 2 F 1 1 2 F 2 1 1     1 1 2 1 2 F 1       1 1 1 1 2 F 1 
1 2 2 1   1 2 3 F F 4 1 1 F 2 F 2 F 3 2   1 1 3 F 2 1 1 1   1 F 2 1 1         1 2 4 F 3 1 
          1 F 4 6 F 4 1 2 2 3 2 3 3 F 1     1 3 F 2 2 F 2   1 2 2 1     1 1 1 1 F F F 4 2 
        1 2 3 F F F ? ? 2 ? ? 2 ? ? 2 1     2 F 4 2 3 F 2 1 1 2 F 3 2 1 2 F 2 2 4 F 4 F F 
2 2 1   1 F 3 3 3 4 ? ? ? ? ? ? ? ? 2   1 1 3 F 3 F 3 3 2 2 F 2 2 F F 2 2 F 2 1 F 2 2 2 2 
F F 2 1 2 3 F 2 1 2 ? ? ? ? ? ? ? F 2   1 F 2 1 2 2 F 2 F 2 1 1 2 4 F 2 1 1 1 2 2 2       
? ? ? ? ? ? ? ? ? ? ? ? ? ? ? ? ? 4 4 2 2 1 1     1 1 2 1 2 2 3 3 F 2 1       2 F 3 1 2 1 
? ? ? ? ? ? ? ? ? ? ? ? ? ? ? ? ? F F F 2   1 2 2 1 1 1 1 1 F F F 2 1   1 1 1 2 F 3 F 2 F 
? ? ? ? ? ? ? ? ? ? ? ? ? ? ? ? ? 3 5 F 4 1 2 F F 2 1 F 2 2 4 F 5 3 1   2 F 2 1 1 2 1 3 2 
? ? ? ? ? ? ? ? ? ? ? ? ? ? ? ? ? 2 2 F 3 F 2 3 F 2 2 3 4 F 2 2 F F 1   2 F 2   1 1 1 2 F 
? ? ? ? ? ? ? ? ? ? ? ? ? ? ? ? ? 1 1 1 2 2 2 3 2 2 2 F F 2 1 1 2 2 1   1 2 2 1 1 F 1 2 F 
? ? ? ? ? ? ? ? ? ? ? ? ? ? ? ? ? 3 2 1   2 F 3 F 3 5 F 4 1     1 1 1   1 2 F 1 1 1 1 1 1 
? ? ? ? ? ? ? ? ? ? ? ? ? ? ? ? ? F F 3 1 3 F 4 2 F F F 2       1 F 1   1 F 2 2 1 1   1 1 
? ? ? ? ? ? ? ? ? ? ? ? ? ? ? ? ? ? F F 1 2 F 4 3 4 4 3 1       1 1 1   1 2 2 3 F 3 2 4 F 
? ? ? ? ? ? ? ? ? ? ? ? ? ? ? ? ? ? ? 3 1 1 3 F F 5 F 2 1 2 2 1 1 1 1   1 3 F 6 F 4 F F F 
? ? ? ? ? ? ? ? ? ? ? ? ? ? ? ? ? ? ? 2     3 F F F F 3 1 F F 2 1 F 1   1 F F F F 3 2 3 2 
? ? ? ? ? ? ? ? ? ? ? ? ? ? ? ? ? ? ? 3 1   2 F 4 5 F 3 1 4 F 3 1 1 1   1 2 3 3 2 1   1 1 
? ? ? ? ? ? ? ? ? ? ? ? ? ? ? ? ? ? ? F 1   1 1 1 2 F 2   2 F 2           1 1 1       1 F 
Step: 24
? ? F 2         1 1 3 F 3 1 2 1 1   2 F 2 1 F 3 3 F 2 1 2 F ? ? ? ? ? ? ? ? ? ? ? ? ? ? ? 
? F F 2         1 F 3 F 3 F 2 F 1   2 F 2 1 2 F F 3 F 1 2 F ? ? ? ? ? ? ? ? ? ? ? ? ? ? ? 
F F 3 1         1 1 2 1 2 1 2 2 2 2 3 3 3 1 2 2 3 3 2 1 1 2 ? ? ? ? ? ? ? ? ? ? ? ? ? ? ? 
2 2 1             1 1 1       1 F 3 F F 3 F 1   1 F 2 1 1 1 ? ? ? ? ? ? ? ? ? ? ? ? F F F 
1 1 1 1 1 1     1 3 F 2       1 3 F 5 F 3 2 2 2 2 2 3 F 2 2 ? ? ? ? ? ? ? 4 3 3 3 4 F 4 2 
1 F 2 2 F 1 1 1 2 F F 2   1 1 1 3 F 4 1 1 1 F 3 F 1 2 F 4 3 ? ? ? 3 3 F F F 2 F 2 F 2 1   
1 3 F 3 1 1 2 F 3 2 2 1 1 2 F 1 2 F 2   1 2 3 F 2 1 1 2 F F 3 2 F F 2 2 3 2 3 2 3 1 1     
1 4 F 3     3 F 4 2 2 1 1 F 2 1 1 2 2 1 1 F 3 2 1     1 3 F 2 1 3 3 2       1 F 1   1 1 1 
1 F F 2     2 F 5 F F 1 2 2 3 1 2 2 F 1 1 2 F 2 1 1     1 1 2 1 2 F 1       1 1 1 1 2 F 1 
1 2 2 1   1 2 3 F F 4 1 1 F 2 F 2 F 3 2   1 1 3 F 2 1 1 1   1 F 2 1 1         1 2 4 F 3 1 
          1 F 4 6 F 4 1 2 2 3 2 3 3 F 1     1 3 F 2 2 F 2   1 2 2 1     1 1 1 1 F F F 4 2 
        1 2 3 F F F ? ? 2 ? ? 2 ? ? 2 1     2 F 4 2 3 F 2 1 1 2 F 3 2 1 2 F 2 2 4 F 4 F F 
2 2 1   1 F 3 3 3 4 ? ? ? ? ? ? ? F 2   1 1 3 F 3 F 3 3 2 2 F 2 2 F F 2 2 F 2 1 F 2 2 2 2 
F F 2 1 2 3 F 2 1 2 ? ? ? ? ? ? ? F 2   1 F 2 1 2 2 F 2 F 2 1 1 2 4 F 2 1 1 1 2 2 2       
? ? ? ? ? ? ? ? ? ? ? ? ? ? ? ? ? 4 4 2 2 1 1     1 1 2 1 2 2 3 3 F 2 1       2 F 3 1 2 1 
? ? ? ? ? ? ? ? ? ? ? ? ? ? ? ? ? F F F 2   1 2 2 1 1 1 1 1 F F F 2 1   1 1 1 2 F 3 F 2 F 
? ? ? ? ? ? ? ? ? ? ? ? ? ? ? ? ? 3 5 F 4 1 2 F F 2 1 F 2 2 4 F 5 3 1   2 F 2 1 1 2 1 3 2 
? ? ? ? ? ? ? ? ? ? ? ? ? ? ? ? ? 2 2 F 3 F 2 3 F 2 2 3 4 F 2 2 F F 1   2 F 2   1 1 1 2 F 
? ? ? ? ? ? ? ? ? ? ? ? ? ? ? ? ? 1 1 1 2 2 2 3 2 2 2 F F 2 1 1 2 2 1   1 2 2 1 1 F 1 2 F 
? ? ? ? ? ? ? ? ? ? ? ? ? ? ? ? ? 3 2 1   2 F 3 F 3 5 F 4 1     1 1 1   1 2 F 1 1 1 1 1 1 
? ? ? ? ? ? ? ? ? ? ? ? ? ? ? ? ? F F 3 1 3 F 4 2 F F F 2       1 F 1   1 F 2 2 1 1   1 1 
? ? ? ? ? ? ? ? ? ? ? ? ? ? ? ? ? ? F F 1 2 F 4 3 4 4 3 1       1 1 1   1 2 2 3 F 3 2 4 F 
? ? ? ? ? ? ? ? ? ? ? ? ? ? ? ? ? ? ? 3 1 1 3 F F 5 F 2 1 2 2 1 1 1 1   1 3 F 6 F 4 F F F 
? ? ? ? ? ? ? ? ? ? ? ? ? ? ? ? ? ? ? 2     3 F F F F 3 1 F F 2 1 F 1   1 F F F F 3 2 3 2 
? ? ? ? ? ? ? ? ? ? ? ? ? ? ? ? ? ? ? 3 1   2 F 4 5 F 3 1 4 F 3 1 1 1   1 2 3 3 2 1   1 1 
? ? ? ? ? ? ? ? ? ? ? ? ? ? ? ? ? ? ? F 1   1 1 1 2 F 2   2 F 2           1 1 1       1 F 
Step: 25
? ? F 2         1 1 3 F 3 1 2 1 1   2 F 2 1 F 3 3 F 2 1 2 F ? ? ? ? ? ? ? ? ? ? ? ? ? ? ? 
? F F 2         1 F 3 F 3 F 2 F 1   2 F 2 1 2 F F 3 F 1 2 F ? ? ? ? ? ? ? ? ? ? ? ? ? ? ? 
F F 3 1         1 1 2 1 2 1 2 2 2 2 3 3 3 1 2 2 3 3 2 1 1 2 ? ? ? ? ? ? ? ? ? ? ? ? ? ? ? 
2 2 1             1 1 1       1 F 3 F F 3 F 1   1 F 2 1 1 1 ? ? ? ? ? ? ? ? ? ? ? ? F F F 
1 1 1 1 1 1     1 3 F 2       1 3 F 5 F 3 2 2 2 2 2 3 F 2 2 ? ? ? ? ? ? ? 4 3 3 3 4 F 4 2 
1 F 2 2 F 1 1 1 2 F F 2   1 1 1 3 F 4 1 1 1 F 3 F 1 2 F 4 3 ? ? ? 3 3 F F F 2 F 2 F 2 1   
1 3 F 3 1 1 2 F 3 2 2 1 1 2 F 1 2 F 2   1 2 3 F 2 1 1 2 F F 3 2 F F 2 2 3 2 3 2 3 1 1     
1 4 F 3     3 F 4 2 2 1 1 F 2 1 1 2 2 1 1 F 3 2 1     1 3 F 2 1 3 3 2       1 F 1   1 1 1 
1 F F 2     2 F 5 F F 1 2 2 3 1 2 2 F 1 1 2 F 2 1 1     1 1 2 1 2 F 1       1 1 1 1 2 F 1 
1 2 2 1   1 2 3 F F 4 1 1 F 2 F 2 F 3 2   1 1 3 F 2 1 1 1   1 F 2 1 1         1 2 4 F 3 1 
          1 F 4 6 F 4 1 2 2 3 2 3 3 F 1     1 3 F 2 2 F 2   1 2 2 1     1 1 1 1 F F F 4 2 
        1 2 3 F F F ? ? 2 ? ? 2 ? 3 2 1     2 F 4 2 3 F 2 1 1 2 F 3 2 1 2 F 2 2 4 F 4 F F 
2 2 1   1 F 3 3 3 4 ? ? ? ? ? ? ? F 2   1 1 3 F 3 F 3 3 2 2 F 2 2 F F 2 2 F 2 1 F 2 2 2 2 
F F 2 1 2 3 F 2 1 2 ? ? ? ? ? ? ? F 2   1 F 2 1 2 2 F 2 F 2 1 1 2 4 F 2 1 1 1 2 2 2       
? ? ? ? ? ? ? ? ? ? ? ? ? ? ? ? ? 4 4 2 2 1 1     1 1 2 1 2 2 3 3 F 2 1       2 F 3 1 2 1 
? ? ? ? ? ? ? ? ? ? ? ? ? ? ? ? ? F F F 2   1 2 2 1 1 1 1 1 F F F 2 1   1 1 1 2 F 3 F 2 F 
? ? ? ? ? ? ? ? ? ? ? ? ? ? ? ? ? 3 5 F 4 1 2 F F 2 1 F 2 2 4 F 5 3 1   2 F 2 1 1 2 1 3 2 
? ? ? ? ? ? ? ? ? ? ? ? ? ? ? ? ? 2 2 F 3 F 2 3 F 2 2 3 4 F 2 2 F F 1   2 F 2   1 1 1 2 F 
? ? ? ? ? ? ? ? ? ? ? ? ? ? ? ? ? 1 1 1 2 2 2 3 2 2 2 F F 2 1 1 2 2 1   1 2 2 1 1 F 1 2 F 
? ? ? ? ? ? ? ? ? ? ? ? ? ? ? ? ? 3 2 1   2 F 3 F 3 5 F 4 1     1 1 1   1 2 F 1 1 1 1 1 1 
? ? ? ? ? ? ? ? ? ? ? ? ? ? ? ? ? F F 3 1 3 F 4 2 F F F 2       1 F 1   1 F 2 2 1 1   1 1 
? ? ? ? ? ? ? ? ? ? ? ? ? ? ? ? ? ? F F 1 2 F 4 3 4 4 3 1       1 1 1   1 2 2 3 F 3 2 4 F 
? ? ? ? ? ? ? ? ? ? ? ? ? ? ? ? ? ? ? 3 1 1 3 F F 5 F 2 1 2 2 1 1 1 1   1 3 F 6 F 4 F F F 
? ? ? ? ? ? ? ? ? ? ? ? ? ? ? ? ? ? ? 2     3 F F F F 3 1 F F 2 1 F 1   1 F F F F 3 2 3 2 
? ? ? ? ? ? ? ? ? ? ? ? ? ? ? ? ? ? ? 3 1   2 F 4 5 F 3 1 4 F 3 1 1 1   1 2 3 3 2 1   1 1 
? ? ? ? ? ? ? ? ? ? ? ? ? ? ? ? ? ? ? F 1   1 1 1 2 F 2   2 F 2           1 1 1       1 F 
Step: 26
? ? F 2         1 1 3 F 3 1 2 1 1   2 F 2 1 F 3 3 F 2 1 2 F ? ? ? ? ? ? ? ? ? ? ? ? ? ? ? 
? F F 2         1 F 3 F 3 F 2 F 1   2 F 2 1 2 F F 3 F 1 2 F ? ? ? ? ? ? ? ? ? ? ? ? ? ? ? 
F F 3 1         1 1 2 1 2 1 2 2 2 2 3 3 3 1 2 2 3 3 2 1 1 2 ? ? ? ? ? ? ? ? ? ? ? ? ? ? ? 
2 2 1             1 1 1       1 F 3 F F 3 F 1   1 F 2 1 1 1 ? ? ? ? ? ? ? ? ? ? ? ? F F F 
1 1 1 1 1 1     1 3 F 2       1 3 F 5 F 3 2 2 2 2 2 3 F 2 2 ? ? ? ? ? ? ? 4 3 3 3 4 F 4 2 
1 F 2 2 F 1 1 1 2 F F 2   1 1 1 3 F 4 1 1 1 F 3 F 1 2 F 4 3 ? ? ? 3 3 F F F 2 F 2 F 2 1   
1 3 F 3 1 1 2 F 3 2 2 1 1 2 F 1 2 F 2   1 2 3 F 2 1 1 2 F F 3 2 F F 2 2 3 2 3 2 3 1 1     
1 4 F 3     3 F 4 2 2 1 1 F 2 1 1 2 2 1 1 F 3 2 1     1 3 F 2 1 3 3 2       1 F 1   1 1 1 
1 F F 2     2 F 5 F F 1 2 2 3 1 2 2 F 1 1 2 F 2 1 1     1 1 2 1 2 F 1       1 1 1 1 2 F 1 
1 2 2 1   1 2 3 F F 4 1 1 F 2 F 2 F 3 2   1 1 3 F 2 1 1 1   1 F 2 1 1         1 2 4 F 3 1 
          1 F 4 6 F 4 1 2 2 3 2 3 3 F 1     1 3 F 2 2 F 2   1 2 2 1     1 1 1 1 F F F 4 2 
        1 2 3 F F F ? ? 2 ? ? 2 F 3 2 1     2 F 4 2 3 F 2 1 1 2 F 3 2 1 2 F 2 2 4 F 4 F F 
2 2 1   1 F 3 3 3 4 ? ? ? ? ? ? 4 F 2   1 1 3 F 3 F 3 3 2 2 F 2 2 F F 2 2 F 2 1 F 2 2 2 2 
F F 2 1 2 3 F 2 1 2 ? ? ? ? ? ? ? F 2   1 F 2 1 2 2 F 2 F 2 1 1 2 4 F 2 1 1 1 2 2 2       
? ? ? ? ? ? ? ? ? ? ? ? ? ? ? ? ? 4 4 2 2 1 1     1 1 2 1 2 2 3 3 F 2 1       2 F 3 1 2 1 
? ? ? ? ? ? ? ? ? ? ? ? ? ? ? ? ? F F F 2   1 2 2 1 1 1 1 1 F F F 2 1   1 1 1 2 F 3 F 2 F 
? ? ? ? ? ? ? ? ? ? ? ? ? ? ? ? ? 3 5 F 4 1 2 F F 2 1 F 2 2 4 F 5 3 1   2 F 2 1 1 2 1 3 2 
? ? ? ? ? ? ? ? ? ? ? ? ? ? ? ? ? 2 2 F 3 F 2 3 F 2 2 3 4 F 2 2 F F 1   2 F 2   1 1 1 2 F 
? ? ? ? ? ? ? ? ? ? ? ? ? ? ? ? ? 1 1 1 2 2 2 3 2 2 2 F F 2 1 1 2 2 1   1 2 2 1 1 F 1 2 F 
? ? ? ? ? ? ? ? ? ? ? ? ? ? ? ? ? 3 2 1   2 F 3 F 3 5 F 4 1     1 1 1   1 2 F 1 1 1 1 1 1 
? ? ? ? ? ? ? ? ? ? ? ? ? ? ? ? ? F F 3 1 3 F 4 2 F F F 2       1 F 1   1 F 2 2 1 1   1 1 
? ? ? ? ? ? ? ? ? ? ? ? ? ? ? ? ? ? F F 1 2 F 4 3 4 4 3 1       1 1 1   1 2 2 3 F 3 2 4 F 
? ? ? ? ? ? ? ? ? ? ? ? ? ? ? ? ? ? ? 3 1 1 3 F F 5 F 2 1 2 2 1 1 1 1   1 3 F 6 F 4 F F F 
? ? ? ? ? ? ? ? ? ? ? ? ? ? ? ? ? ? ? 2     3 F F F F 3 1 F F 2 1 F 1   1 F F F F 3 2 3 2 
? ? ? ? ? ? ? ? ? ? ? ? ? ? ? ? ? ? ? 3 1   2 F 4 5 F 3 1 4 F 3 1 1 1   1 2 3 3 2 1   1 1 
? ? ? ? ? ? ? ? ? ? ? ? ? ? ? ? ? ? ? F 1   1 1 1 2 F 2   2 F 2           1 1 1       1 F 
Step: 27
? ? F 2         1 1 3 F 3 1 2 1 1   2 F 2 1 F 3 3 F 2 1 2 F ? ? ? ? ? ? ? ? ? ? ? ? ? ? ? 
? F F 2         1 F 3 F 3 F 2 F 1   2 F 2 1 2 F F 3 F 1 2 F ? ? ? ? ? ? ? ? ? ? ? ? ? ? ? 
F F 3 1         1 1 2 1 2 1 2 2 2 2 3 3 3 1 2 2 3 3 2 1 1 2 ? ? ? ? ? ? ? ? ? ? ? ? ? ? ? 
2 2 1             1 1 1       1 F 3 F F 3 F 1   1 F 2 1 1 1 ? ? ? ? ? ? ? ? ? ? ? ? F F F 
1 1 1 1 1 1     1 3 F 2       1 3 F 5 F 3 2 2 2 2 2 3 F 2 2 ? ? ? ? ? ? ? 4 3 3 3 4 F 4 2 
1 F 2 2 F 1 1 1 2 F F 2   1 1 1 3 F 4 1 1 1 F 3 F 1 2 F 4 3 ? ? ? 3 3 F F F 2 F 2 F 2 1   
1 3 F 3 1 1 2 F 3 2 2 1 1 2 F 1 2 F 2   1 2 3 F 2 1 1 2 F F 3 2 F F 2 2 3 2 3 2 3 1 1     
1 4 F 3     3 F 4 2 2 1 1 F 2 1 1 2 2 1 1 F 3 2 1     1 3 F 2 1 3 3 2       1 F 1   1 1 1 
1 F F 2     2 F 5 F F 1 2 2 3 1 2 2 F 1 1 2 F 2 1 1     1 1 2 1 2 F 1       1 1 1 1 2 F 1 
1 2 2 1   1 2 3 F F 4 1 1 F 2 F 2 F 3 2   1 1 3 F 2 1 1 1   1 F 2 1 1         1 2 4 F 3 1 
          1 F 4 6 F 4 1 2 2 3 2 3 3 F 1     1 3 F 2 2 F 2   1 2 2 1     1 1 1 1 F F F 4 2 
        1 2 3 F F F ? ? 2 ? 2 2 F 3 2 1     2 F 4 2 3 F 2 1 1 2 F 3 2 1 2 F 2 2 4 F 4 F F 
2 2 1   1 F 3 3 3 4 ? ? ? ? ? ? 4 F 2   1 1 3 F 3 F 3 3 2 2 F 2 2 F F 2 2 F 2 1 F 2 2 2 2 
F F 2 1 2 3 F 2 1 2 ? ? ? ? ? ? ? F 2   1 F 2 1 2 2 F 2 F 2 1 1 2 4 F 2 1 1 1 2 2 2       
? ? ? ? ? ? ? ? ? ? ? ? ? ? ? ? ? 4 4 2 2 1 1     1 1 2 1 2 2 3 3 F 2 1       2 F 3 1 2 1 
? ? ? ? ? ? ? ? ? ? ? ? ? ? ? ? ? F F F 2   1 2 2 1 1 1 1 1 F F F 2 1   1 1 1 2 F 3 F 2 F 
? ? ? ? ? ? ? ? ? ? ? ? ? ? ? ? ? 3 5 F 4 1 2 F F 2 1 F 2 2 4 F 5 3 1   2 F 2 1 1 2 1 3 2 
? ? ? ? ? ? ? ? ? ? ? ? ? ? ? ? ? 2 2 F 3 F 2 3 F 2 2 3 4 F 2 2 F F 1   2 F 2   1 1 1 2 F 
? ? ? ? ? ? ? ? ? ? ? ? ? ? ? ? ? 1 1 1 2 2 2 3 2 2 2 F F 2 1 1 2 2 1   1 2 2 1 1 F 1 2 F 
? ? ? ? ? ? ? ? ? ? ? ? ? ? ? ? ? 3 2 1   2 F 3 F 3 5 F 4 1     1 1 1   1 2 F 1 1 1 1 1 1 
? ? ? ? ? ? ? ? ? ? ? ? ? ? ? ? ? F F 3 1 3 F 4 2 F F F 2       1 F 1   1 F 2 2 1 1   1 1 
? ? ? ? ? ? ? ? ? ? ? ? ? ? ? ? ? ? F F 1 2 F 4 3 4 4 3 1       1 1 1   1 2 2 3 F 3 2 4 F 
? ? ? ? ? ? ? ? ? ? ? ? ? ? ? ? ? ? ? 3 1 1 3 F F 5 F 2 1 2 2 1 1 1 1   1 3 F 6 F 4 F F F 
? ? ? ? ? ? ? ? ? ? ? ? ? ? ? ? ? ? ? 2     3 F F F F 3 1 F F 2 1 F 1   1 F F F F 3 2 3 2 
? ? ? ? ? ? ? ? ? ? ? ? ? ? ? ? ? ? ? 3 1   2 F 4 5 F 3 1 4 F 3 1 1 1   1 2 3 3 2 1   1 1 
? ? ? ? ? ? ? ? ? ? ? ? ? ? ? ? ? ? ? F 1   1 1 1 2 F 2   2 F 2           1 1 1       1 F 
Step: 28
? ? F 2         1 1 3 F 3 1 2 1 1   2 F 2 1 F 3 3 F 2 1 2 F ? ? ? ? ? ? ? ? ? ? ? ? ? ? ? 
? F F 2         1 F 3 F 3 F 2 F 1   2 F 2 1 2 F F 3 F 1 2 F ? ? ? ? ? ? ? ? ? ? ? ? ? ? ? 
F F 3 1         1 1 2 1 2 1 2 2 2 2 3 3 3 1 2 2 3 3 2 1 1 2 ? ? ? ? ? ? ? ? ? ? ? ? ? ? ? 
2 2 1             1 1 1       1 F 3 F F 3 F 1   1 F 2 1 1 1 ? ? ? ? ? ? ? ? ? ? ? ? F F F 
1 1 1 1 1 1     1 3 F 2       1 3 F 5 F 3 2 2 2 2 2 3 F 2 2 ? ? ? ? ? ? ? 4 3 3 3 4 F 4 2 
1 F 2 2 F 1 1 1 2 F F 2   1 1 1 3 F 4 1 1 1 F 3 F 1 2 F 4 3 ? ? ? 3 3 F F F 2 F 2 F 2 1   
1 3 F 3 1 1 2 F 3 2 2 1 1 2 F 1 2 F 2   1 2 3 F 2 1 1 2 F F 3 2 F F 2 2 3 2 3 2 3 1 1     
1 4 F 3     3 F 4 2 2 1 1 F 2 1 1 2 2 1 1 F 3 2 1     1 3 F 2 1 3 3 2       1 F 1   1 1 1 
1 F F 2     2 F 5 F F 1 2 2 3 1 2 2 F 1 1 2 F 2 1 1     1 1 2 1 2 F 1       1 1 1 1 2 F 1 
1 2 2 1   1 2 3 F F 4 1 1 F 2 F 2 F 3 2   1 1 3 F 2 1 1 1   1 F 2 1 1         1 2 4 F 3 1 
          1 F 4 6 F 4 1 2 2 3 2 3 3 F 1     1 3 F 2 2 F 2   1 2 2 1     1 1 1 1 F F F 4 2 
        1 2 3 F F F ? ? 2 F 2 2 F 3 2 1     2 F 4 2 3 F 2 1 1 2 F 3 2 1 2 F 2 2 4 F 4 F F 
2 2 1   1 F 3 3 3 4 ? ? ? ? ? ? 4 F 2   1 1 3 F 3 F 3 3 2 2 F 2 2 F F 2 2 F 2 1 F 2 2 2 2 
F F 2 1 2 3 F 2 1 2 ? ? ? ? ? ? ? F 2   1 F 2 1 2 2 F 2 F 2 1 1 2 4 F 2 1 1 1 2 2 2       
? ? ? ? ? ? ? ? ? ? ? ? ? ? ? ? ? 4 4 2 2 1 1     1 1 2 1 2 2 3 3 F 2 1       2 F 3 1 2 1 
? ? ? ? ? ? ? ? ? ? ? ? ? ? ? ? ? F F F 2   1 2 2 1 1 1 1 1 F F F 2 1   1 1 1 2 F 3 F 2 F 
? ? ? ? ? ? ? ? ? ? ? ? ? ? ? ? ? 3 5 F 4 1 2 F F 2 1 F 2 2 4 F 5 3 1   2 F 2 1 1 2 1 3 2 
? ? ? ? ? ? ? ? ? ? ? ? ? ? ? ? ? 2 2 F 3 F 2 3 F 2 2 3 4 F 2 2 F F 1   2 F 2   1 1 1 2 F 
? ? ? ? ? ? ? ? ? ? ? ? ? ? ? ? ? 1 1 1 2 2 2 3 2 2 2 F F 2 1 1 2 2 1   1 2 2 1 1 F 1 2 F 
? ? ? ? ? ? ? ? ? ? ? ? ? ? ? ? ? 3 2 1   2 F 3 F 3 5 F 4 1     1 1 1   1 2 F 1 1 1 1 1 1 
? ? ? ? ? ? ? ? ? ? ? ? ? ? ? ? ? F F 3 1 3 F 4 2 F F F 2       1 F 1   1 F 2 2 1 1   1 1 
? ? ? ? ? ? ? ? ? ? ? ? ? ? ? ? ? ? F F 1 2 F 4 3 4 4 3 1       1 1 1   1 2 2 3 F 3 2 4 F 
? ? ? ? ? ? ? ? ? ? ? ? ? ? ? ? ? ? ? 3 1 1 3 F F 5 F 2 1 2 2 1 1 1 1   1 3 F 6 F 4 F F F 
? ? ? ? ? ? ? ? ? ? ? ? ? ? ? ? ? ? ? 2     3 F F F F 3 1 F F 2 1 F 1   1 F F F F 3 2 3 2 
? ? ? ? ? ? ? ? ? ? ? ? ? ? ? ? ? ? ? 3 1   2 F 4 5 F 3 1 4 F 3 1 1 1   1 2 3 3 2 1   1 1 
? ? ? ? ? ? ? ? ? ? ? ? ? ? ? ? ? ? ? F 1   1 1 1 2 F 2   2 F 2           1 1 1       1 F 
Step: 29
? ? F 2         1 1 3 F 3 1 2 1 1   2 F 2 1 F 3 3 F 2 1 2 F ? ? ? ? ? ? ? ? ? ? ? ? ? ? ? 
? F F 2         1 F 3 F 3 F 2 F 1   2 F 2 1 2 F F 3 F 1 2 F ? ? ? ? ? ? ? ? ? ? ? ? ? ? ? 
F F 3 1         1 1 2 1 2 1 2 2 2 2 3 3 3 1 2 2 3 3 2 1 1 2 ? ? ? ? ? ? ? ? ? ? ? ? ? ? ? 
2 2 1             1 1 1       1 F 3 F F 3 F 1   1 F 2 1 1 1 ? ? ? ? ? ? ? ? ? ? ? ? F F F 
1 1 1 1 1 1     1 3 F 2       1 3 F 5 F 3 2 2 2 2 2 3 F 2 2 ? ? ? ? ? ? ? 4 3 3 3 4 F 4 2 
1 F 2 2 F 1 1 1 2 F F 2   1 1 1 3 F 4 1 1 1 F 3 F 1 2 F 4 3 ? ? ? 3 3 F F F 2 F 2 F 2 1   
1 3 F 3 1 1 2 F 3 2 2 1 1 2 F 1 2 F 2   1 2 3 F 2 1 1 2 F F 3 2 F F 2 2 3 2 3 2 3 1 1     
1 4 F 3     3 F 4 2 2 1 1 F 2 1 1 2 2 1 1 F 3 2 1     1 3 F 2 1 3 3 2       1 F 1   1 1 1 
1 F F 2     2 F 5 F F 1 2 2 3 1 2 2 F 1 1 2 F 2 1 1     1 1 2 1 2 F 1       1 1 1 1 2 F 1 
1 2 2 1   1 2 3 F F 4 1 1 F 2 F 2 F 3 2   1 1 3 F 2 1 1 1   1 F 2 1 1         1 2 4 F 3 1 
          1 F 4 6 F 4 1 2 2 3 2 3 3 F 1     1 3 F 2 2 F 2   1 2 2 1     1 1 1 1 F F F 4 2 
        1 2 3 F F F ? 3 2 F 2 2 F 3 2 1     2 F 4 2 3 F 2 1 1 2 F 3 2 1 2 F 2 2 4 F 4 F F 
2 2 1   1 F 3 3 3 4 ? ? ? ? ? ? 4 F 2   1 1 3 F 3 F 3 3 2 2 F 2 2 F F 2 2 F 2 1 F 2 2 2 2 
F F 2 1 2 3 F 2 1 2 ? ? ? ? ? ? ? F 2   1 F 2 1 2 2 F 2 F 2 1 1 2 4 F 2 1 1 1 2 2 2       
? ? ? ? ? ? ? ? ? ? ? ? ? ? ? ? ? 4 4 2 2 1 1     1 1 2 1 2 2 3 3 F 2 1       2 F 3 1 2 1 
? ? ? ? ? ? ? ? ? ? ? ? ? ? ? ? ? F F F 2   1 2 2 1 1 1 1 1 F F F 2 1   1 1 1 2 F 3 F 2 F 
? ? ? ? ? ? ? ? ? ? ? ? ? ? ? ? ? 3 5 F 4 1 2 F F 2 1 F 2 2 4 F 5 3 1   2 F 2 1 1 2 1 3 2 
? ? ? ? ? ? ? ? ? ? ? ? ? ? ? ? ? 2 2 F 3 F 2 3 F 2 2 3 4 F 2 2 F F 1   2 F 2   1 1 1 2 F 
? ? ? ? ? ? ? ? ? ? ? ? ? ? ? ? ? 1 1 1 2 2 2 3 2 2 2 F F 2 1 1 2 2 1   1 2 2 1 1 F 1 2 F 
? ? ? ? ? ? ? ? ? ? ? ? ? ? ? ? ? 3 2 1   2 F 3 F 3 5 F 4 1     1 1 1   1 2 F 1 1 1 1 1 1 
? ? ? ? ? ? ? ? ? ? ? ? ? ? ? ? ? F F 3 1 3 F 4 2 F F F 2       1 F 1   1 F 2 2 1 1   1 1 
? ? ? ? ? ? ? ? ? ? ? ? ? ? ? ? ? ? F F 1 2 F 4 3 4 4 3 1       1 1 1   1 2 2 3 F 3 2 4 F 
? ? ? ? ? ? ? ? ? ? ? ? ? ? ? ? ? ? ? 3 1 1 3 F F 5 F 2 1 2 2 1 1 1 1   1 3 F 6 F 4 F F F 
? ? ? ? ? ? ? ? ? ? ? ? ? ? ? ? ? ? ? 2     3 F F F F 3 1 F F 2 1 F 1   1 F F F F 3 2 3 2 
? ? ? ? ? ? ? ? ? ? ? ? ? ? ? ? ? ? ? 3 1   2 F 4 5 F 3 1 4 F 3 1 1 1   1 2 3 3 2 1   1 1 
? ? ? ? ? ? ? ? ? ? ? ? ? ? ? ? ? ? ? F 1   1 1 1 2 F 2   2 F 2           1 1 1       1 F 
Step: 30
? ? F 2         1 1 3 F 3 1 2 1 1   2 F 2 1 F 3 3 F 2 1 2 F ? ? ? ? ? ? ? ? ? ? ? ? ? ? ? 
? F F 2         1 F 3 F 3 F 2 F 1   2 F 2 1 2 F F 3 F 1 2 F ? ? ? ? ? ? ? ? ? ? ? ? ? ? ? 
F F 3 1         1 1 2 1 2 1 2 2 2 2 3 3 3 1 2 2 3 3 2 1 1 2 ? ? ? ? ? ? ? ? ? ? ? ? ? ? ? 
2 2 1             1 1 1       1 F 3 F F 3 F 1   1 F 2 1 1 1 ? ? ? ? ? ? ? ? ? ? ? ? F F F 
1 1 1 1 1 1     1 3 F 2       1 3 F 5 F 3 2 2 2 2 2 3 F 2 2 ? ? ? ? ? ? ? 4 3 3 3 4 F 4 2 
1 F 2 2 F 1 1 1 2 F F 2   1 1 1 3 F 4 1 1 1 F 3 F 1 2 F 4 3 ? ? ? 3 3 F F F 2 F 2 F 2 1   
1 3 F 3 1 1 2 F 3 2 2 1 1 2 F 1 2 F 2   1 2 3 F 2 1 1 2 F F 3 2 F F 2 2 3 2 3 2 3 1 1     
1 4 F 3     3 F 4 2 2 1 1 F 2 1 1 2 2 1 1 F 3 2 1     1 3 F 2 1 3 3 2       1 F 1   1 1 1 
1 F F 2     2 F 5 F F 1 2 2 3 1 2 2 F 1 1 2 F 2 1 1     1 1 2 1 2 F 1       1 1 1 1 2 F 1 
1 2 2 1   1 2 3 F F 4 1 1 F 2 F 2 F 3 2   1 1 3 F 2 1 1 1   1 F 2 1 1         1 2 4 F 3 1 
          1 F 4 6 F 4 1 2 2 3 2 3 3 F 1     1 3 F 2 2 F 2   1 2 2 1     1 1 1 1 F F F 4 2 
        1 2 3 F F F F 3 2 F 2 2 F 3 2 1     2 F 4 2 3 F 2 1 1 2 F 3 2 1 2 F 2 2 4 F 4 F F 
2 2 1   1 F 3 3 3 4 ? ? ? ? ? ? 4 F 2   1 1 3 F 3 F 3 3 2 2 F 2 2 F F 2 2 F 2 1 F 2 2 2 2 
F F 2 1 2 3 F 2 1 2 ? ? ? ? ? ? ? F 2   1 F 2 1 2 2 F 2 F 2 1 1 2 4 F 2 1 1 1 2 2 2       
? ? ? ? ? ? ? ? ? ? ? ? ? ? ? ? ? 4 4 2 2 1 1     1 1 2 1 2 2 3 3 F 2 1       2 F 3 1 2 1 
? ? ? ? ? ? ? ? ? ? ? ? ? ? ? ? ? F F F 2   1 2 2 1 1 1 1 1 F F F 2 1   1 1 1 2 F 3 F 2 F 
? ? ? ? ? ? ? ? ? ? ? ? ? ? ? ? ? 3 5 F 4 1 2 F F 2 1 F 2 2 4 F 5 3 1   2 F 2 1 1 2 1 3 2 
? ? ? ? ? ? ? ? ? ? ? ? ? ? ? ? ? 2 2 F 3 F 2 3 F 2 2 3 4 F 2 2 F F 1   2 F 2   1 1 1 2 F 
? ? ? ? ? ? ? ? ? ? ? ? ? ? ? ? ? 1 1 1 2 2 2 3 2 2 2 F F 2 1 1 2 2 1   1 2 2 1 1 F 1 2 F 
? ? ? ? ? ? ? ? ? ? ? ? ? ? ? ? ? 3 2 1   2 F 3 F 3 5 F 4 1     1 1 1   1 2 F 1 1 1 1 1 1 
? ? ? ? ? ? ? ? ? ? ? ? ? ? ? ? ? F F 3 1 3 F 4 2 F F F 2       1 F 1   1 F 2 2 1 1   1 1 
? ? ? ? ? ? ? ? ? ? ? ? ? ? ? ? ? ? F F 1 2 F 4 3 4 4 3 1       1 1 1   1 2 2 3 F 3 2 4 F 
? ? ? ? ? ? ? ? ? ? ? ? ? ? ? ? ? ? ? 3 1 1 3 F F 5 F 2 1 2 2 1 1 1 1   1 3 F 6 F 4 F F F 
? ? ? ? ? ? ? ? ? ? ? ? ? ? ? ? ? ? ? 2     3 F F F F 3 1 F F 2 1 F 1   1 F F F F 3 2 3 2 
? ? ? ? ? ? ? ? ? ? ? ? ? ? ? ? ? ? ? 3 1   2 F 4 5 F 3 1 4 F 3 1 1 1   1 2 3 3 2 1   1 1 
? ? ? ? ? ? ? ? ? ? ? ? ? ? ? ? ? ? ? F 1   1 1 1 2 F 2   2 F 2           1 1 1       1 F 
Step: 31
? ? F 2         1 1 3 F 3 1 2 1 1   2 F 2 1 F 3 3 F 2 1 2 F ? ? ? 1         1 ? ? ? ? ? ? 
? F F 2         1 F 3 F 3 F 2 F 1   2 F 2 1 2 F F 3 F 1 2 F 3 2 2 1 1 1 1   1 2 3 4 ? ? ? 
F F 3 1         1 1 2 1 2 1 2 2 2 2 3 3 3 1 2 2 3 3 2 1 1 2 2 1     1 ? 2 2 1 2 1 4 ? ? ? 
2 2 1             1 1 1       1 F 3 F F 3 F 1   1 F 2 1 1 1 F 2 2 1 2 ? ? 2 F 2 F 4 F F F 
1 1 1 1 1 1     1 3 F 2       1 3 F 5 F 3 2 2 2 2 2 3 F 2 2 ? ? ? ? ? ? ? 4 3 3 3 4 F 4 2 
1 F 2 2 F 1 1 1 2 F F 2   1 1 1 3 F 4 1 1 1 F 3 F 1 2 F 4 3 F ? 4 3 3 F F F 2 F 2 F 2 1   
1 3 F 3 1 1 2 F 3 2 2 1 1 2 F 1 2 F 2   1 2 3 F 2 1 1 2 F F 3 2 F F 2 2 3 2 3 2 3 1 1     
1 4 F 3     3 F 4 2 2 1 1 F 2 1 1 2 2 1 1 F 3 2 1     1 3 F 2 1 3 3 2       1 F 1   1 1 1 
1 F F 2     2 F 5 F F 1 2 2 3 1 2 2 F 1 1 2 F 2 1 1     1 1 2 1 2 F 1       1 1 1 1 2 F 1 
1 2 2 1   1 2 3 F F 4 1 1 F 2 F 2 F 3 2   1 1 3 F 2 1 1 1   1 F 2 1 1         1 2 4 F 3 1 
          1 F 4 6 F 4 1 2 2 3 2 3 3 F 1     1 3 F 2 2 F 2   1 2 2 1     1 1 1 1 F F F 4 2 
        1 2 3 F F F F 3 2 F 2 2 F 3 2 1     2 F 4 2 3 F 2 1 1 2 F 3 2 1 2 F 2 2 4 F 4 F F 
2 2 1   1 F 3 3 3 4 F ? ? 3 ? ? 4 F 2   1 1 3 F 3 F 3 3 2 2 F 2 2 F F 2 2 F 2 1 F 2 2 2 2 
F F 2 1 2 3 F 2 1 2 ? ? ? ? ? ? ? F 2   1 F 2 1 2 2 F 2 F 2 1 1 2 4 F 2 1 1 1 2 2 2       
? ? ? ? ? ? ? ? ? ? ? ? ? ? ? ? ? 4 4 2 2 1 1     1 1 2 1 2 2 3 3 F 2 1       2 F 3 1 2 1 
? ? ? ? ? ? ? ? ? ? ? ? ? ? ? ? ? F F F 2   1 2 2 1 1 1 1 1 F F F 2 1   1 1 1 2 F 3 F 2 F 
? ? ? ? ? ? ? ? ? ? ? ? ? ? ? ? F 3 5 F 4 1 2 F F 2 1 F 2 2 4 F 5 3 1   2 F 2 1 1 2 1 3 2 
? ? ? ? ? ? ? ? ? ? ? ? ? ? ? ? ? 2 2 F 3 F 2 3 F 2 2 3 4 F 2 2 F F 1   2 F 2   1 1 1 2 F 
? ? ? ? ? ? ? ? ? ? ? ? ? ? ? ? F 1 1 1 2 2 2 3 2 2 2 F F 2 1 1 2 2 1   1 2 2 1 1 F 1 2 F 
? ? ? ? ? ? ? ? ? ? ? ? ? ? ? ? ? 3 2 1   2 F 3 F 3 5 F 4 1     1 1 1   1 2 F 1 1 1 1 1 1 
? ? ? ? ? ? ? ? ? ? ? ? ? ? ? ? ? F F 3 1 3 F 4 2 F F F 2       1 F 1   1 F 2 2 1 1   1 1 
? ? ? ? ? ? ? ? ? ? ? ? ? ? ? ? ? ? F F 1 2 F 4 3 4 4 3 1       1 1 1   1 2 2 3 F 3 2 4 F 
? ? ? ? ? ? ? ? ? ? ? ? ? ? ? ? ? ? ? 3 1 1 3 F F 5 F 2 1 2 2 1 1 1 1   1 3 F 6 F 4 F F F 
? ? ? ? ? ? ? ? ? ? ? ? ? ? ? ? ? ? ? 2     3 F F F F 3 1 F F 2 1 F 1   1 F F F F 3 2 3 2 
? ? ? ? ? ? ? ? ? ? ? ? ? ? ? ? ? ? F 3 1   2 F 4 5 F 3 1 4 F 3 1 1 1   1 2 3 3 2 1   1 1 
? ? ? ? ? ? ? ? ? ? ? ? ? ? ? ? ? ? ? F 1   1 1 1 2 F 2   2 F 2           1 1 1       1 F 
Step: 32
? ? F 2         1 1 3 F 3 1 2 1 1   2 F 2 1 F 3 3 F 2 1 2 F ? F F 1         1 F F F ? ? ? 
? F F 2         1 F 3 F 3 F 2 F 1   2 F 2 1 2 F F 3 F 1 2 F 3 2 2 1 1 1 1   1 2 3 4 F ? ? 
F F 3 1         1 1 2 1 2 1 2 2 2 2 3 3 3 1 2 2 3 3 2 1 1 2 2 1     1 F 2 2 1 2 1 4 F ? ? 
2 2 1             1 1 1       1 F 3 F F 3 F 1   1 F 2 1 1 1 F 2 2 1 2 2 F 2 F 2 F 4 F F F 
1 1 1 1 1 1     1 3 F 2       1 3 F 5 F 3 2 2 2 2 2 3 F 2 2 3 ? 2 F 2 3 4 4 3 3 3 4 F 4 2 
1 F 2 2 F 1 1 1 2 F F 2   1 1 1 3 F 4 1 1 1 F 3 F 1 2 F 4 3 F 3 4 3 3 F F F 2 F 2 F 2 1   
1 3 F 3 1 1 2 F 3 2 2 1 1 2 F 1 2 F 2   1 2 3 F 2 1 1 2 F F 3 2 F F 2 2 3 2 3 2 3 1 1     
1 4 F 3     3 F 4 2 2 1 1 F 2 1 1 2 2 1 1 F 3 2 1     1 3 F 2 1 3 3 2       1 F 1   1 1 1 
1 F F 2     2 F 5 F F 1 2 2 3 1 2 2 F 1 1 2 F 2 1 1     1 1 2 1 2 F 1       1 1 1 1 2 F 1 
1 2 2 1   1 2 3 F F 4 1 1 F 2 F 2 F 3 2   1 1 3 F 2 1 1 1   1 F 2 1 1         1 2 4 F 3 1 
          1 F 4 6 F 4 1 2 2 3 2 3 3 F 1     1 3 F 2 2 F 2   1 2 2 1     1 1 1 1 F F F 4 2 
        1 2 3 F F F F 3 2 F 2 2 F 3 2 1     2 F 4 2 3 F 2 1 1 2 F 3 2 1 2 F 2 2 4 F 4 F F 
2 2 1   1 F 3 3 3 4 F ? ? 3 ? ? 4 F 2   1 1 3 F 3 F 3 3 2 2 F 2 2 F F 2 2 F 2 1 F 2 2 2 2 
F F 2 1 2 3 F 2 1 2 2 ? ? ? ? ? ? F 2   1 F 2 1 2 2 F 2 F 2 1 1 2 4 F 2 1 1 1 2 2 2       
? ? ? ? ? ? ? ? ? ? ? ? ? ? ? ? ? 4 4 2 2 1 1     1 1 2 1 2 2 3 3 F 2 1       2 F 3 1 2 1 
? ? ? ? ? ? ? ? ? ? ? ? ? ? ? ? 3 F F F 2   1 2 2 1 1 1 1 1 F F F 2 1   1 1 1 2 F 3 F 2 F 
? ? ? ? ? ? ? ? ? ? ? ? ? F 2 2 F 3 5 F 4 1 2 F F 2 1 F 2 2 4 F 5 3 1   2 F 2 1 1 2 1 3 2 
? ? ? ? ? ? ? ? ? ? ? ? ? 2 1 2 2 2 2 F 3 F 2 3 F 2 2 3 4 F 2 2 F F 1   2 F 2   1 1 1 2 F 
? ? ? ? ? ? ? ? ? ? ? ? ? 1   1 F 1 1 1 2 2 2 3 2 2 2 F F 2 1 1 2 2 1   1 2 2 1 1 F 1 2 F 
? ? ? ? ? ? ? ? ? ? ? ? ? 1   1 2 3 2 1   2 F 3 F 3 5 F 4 1     1 1 1   1 2 F 1 1 1 1 1 1 
? ? ? ? ? ? ? ? ? ? ? ? ? 1 1 1 2 F F 3 1 3 F 4 2 F F F 2       1 F 1   1 F 2 2 1 1   1 1 
? ? ? ? ? ? ? ? ? ? ? ? ? ? ? ? ? ? F F 1 2 F 4 3 4 4 3 1       1 1 1   1 2 2 3 F 3 2 4 F 
? ? ? ? ? ? ? ? ? ? ? ? ? ? ? ? ? ? ? 3 1 1 3 F F 5 F 2 1 2 2 1 1 1 1   1 3 F 6 F 4 F F F 
? ? ? ? ? ? ? ? ? ? ? ? ? ? ? ? ? ? ? 2     3 F F F F 3 1 F F 2 1 F 1   1 F F F F 3 2 3 2 
? ? ? ? ? ? ? ? ? ? ? ? ? ? ? ? ? ? F 3 1   2 F 4 5 F 3 1 4 F 3 1 1 1   1 2 3 3 2 1   1 1 
? ? ? ? ? ? ? ? ? ? ? ? ? ? ? ? ? ? ? F 1   1 1 1 2 F 2   2 F 2           1 1 1       1 F 
Step: 33
? ? F 2         1 1 3 F 3 1 2 1 1   2 F 2 1 F 3 3 F 2 1 2 F 3 F F 1         1 F F F 4 ? ? 
? F F 2         1 F 3 F 3 F 2 F 1   2 F 2 1 2 F F 3 F 1 2 F 3 2 2 1 1 1 1   1 2 3 4 F ? ? 
F F 3 1         1 1 2 1 2 1 2 2 2 2 3 3 3 1 2 2 3 3 2 1 1 2 2 1     1 F 2 2 1 2 1 4 F ? ? 
2 2 1             1 1 1       1 F 3 F F 3 F 1   1 F 2 1 1 1 F 2 2 1 2 2 F 2 F 2 F 4 F F F 
1 1 1 1 1 1     1 3 F 2       1 3 F 5 F 3 2 2 2 2 2 3 F 2 2 3 F 2 F 2 3 4 4 3 3 3 4 F 4 2 
1 F 2 2 F 1 1 1 2 F F 2   1 1 1 3 F 4 1 1 1 F 3 F 1 2 F 4 3 F 3 4 3 3 F F F 2 F 2 F 2 1   
1 3 F 3 1 1 2 F 3 2 2 1 1 2 F 1 2 F 2   1 2 3 F 2 1 1 2 F F 3 2 F F 2 2 3 2 3 2 3 1 1     
1 4 F 3     3 F 4 2 2 1 1 F 2 1 1 2 2 1 1 F 3 2 1     1 3 F 2 1 3 3 2       1 F 1   1 1 1 
1 F F 2     2 F 5 F F 1 2 2 3 1 2 2 F 1 1 2 F 2 1 1     1 1 2 1 2 F 1       1 1 1 1 2 F 1 
1 2 2 1   1 2 3 F F 4 1 1 F 2 F 2 F 3 2   1 1 3 F 2 1 1 1   1 F 2 1 1         1 2 4 F 3 1 
          1 F 4 6 F 4 1 2 2 3 2 3 3 F 1     1 3 F 2 2 F 2   1 2 2 1     1 1 1 1 F F F 4 2 
        1 2 3 F F F F 3 2 F 2 2 F 3 2 1     2 F 4 2 3 F 2 1 1 2 F 3 2 1 2 F 2 2 4 F 4 F F 
2 2 1   1 F 3 3 3 4 F ? ? 3 ? ? 4 F 2   1 1 3 F 3 F 3 3 2 2 F 2 2 F F 2 2 F 2 1 F 2 2 2 2 
F F 2 1 2 3 F 2 1 2 2 ? ? ? ? ? ? F 2   1 F 2 1 2 2 F 2 F 2 1 1 2 4 F 2 1 1 1 2 2 2       
? ? ? ? ? ? ? ? ? ? ? ? ? ? ? ? ? 4 4 2 2 1 1     1 1 2 1 2 2 3 3 F 2 1       2 F 3 1 2 1 
? ? ? ? ? ? ? ? ? ? ? ? ? ? ? ? 3 F F F 2   1 2 2 1 1 1 1 1 F F F 2 1   1 1 1 2 F 3 F 2 F 
? ? ? ? ? ? ? ? ? ? ? ? ? F 2 2 F 3 5 F 4 1 2 F F 2 1 F 2 2 4 F 5 3 1   2 F 2 1 1 2 1 3 2 
? ? ? ? ? ? ? ? ? ? ? ? ? 2 1 2 2 2 2 F 3 F 2 3 F 2 2 3 4 F 2 2 F F 1   2 F 2   1 1 1 2 F 
? ? ? ? ? ? ? ? ? ? ? ? ? 1   1 F 1 1 1 2 2 2 3 2 2 2 F F 2 1 1 2 2 1   1 2 2 1 1 F 1 2 F 
? ? ? ? ? ? ? ? ? ? ? ? ? 1   1 2 3 2 1   2 F 3 F 3 5 F 4 1     1 1 1   1 2 F 1 1 1 1 1 1 
? ? ? ? ? ? ? ? ? ? ? ? ? 1 1 1 2 F F 3 1 3 F 4 2 F F F 2       1 F 1   1 F 2 2 1 1   1 1 
? ? ? ? ? ? ? ? ? ? ? ? ? ? ? ? ? ? F F 1 2 F 4 3 4 4 3 1       1 1 1   1 2 2 3 F 3 2 4 F 
? ? ? ? ? ? ? ? ? ? ? ? ? ? ? ? ? ? ? 3 1 1 3 F F 5 F 2 1 2 2 1 1 1 1   1 3 F 6 F 4 F F F 
? ? ? ? ? ? ? ? ? ? ? ? ? ? ? ? ? ? ? 2     3 F F F F 3 1 F F 2 1 F 1   1 F F F F 3 2 3 2 
? ? ? ? ? ? ? ? ? ? ? ? ? ? ? ? ? ? F 3 1   2 F 4 5 F 3 1 4 F 3 1 1 1   1 2 3 3 2 1   1 1 
? ? ? ? ? ? ? ? ? ? ? ? ? ? ? ? ? ? ? F 1   1 1 1 2 F 2   2 F 2           1 1 1       1 F 
Step: 34
? ? F 2         1 1 3 F 3 1 2 1 1   2 F 2 1 F 3 3 F 2 1 2 F 3 F F 1         1 F F F 4 F ? 
? F F 2         1 F 3 F 3 F 2 F 1   2 F 2 1 2 F F 3 F 1 2 F 3 2 2 1 1 1 1   1 2 3 4 F F ? 
F F 3 1         1 1 2 1 2 1 2 2 2 2 3 3 3 1 2 2 3 3 2 1 1 2 2 1     1 F 2 2 1 2 1 4 F ? ? 
2 2 1             1 1 1       1 F 3 F F 3 F 1   1 F 2 1 1 1 F 2 2 1 2 2 F 2 F 2 F 4 F F F 
1 1 1 1 1 1     1 3 F 2       1 3 F 5 F 3 2 2 2 2 2 3 F 2 2 3 F 2 F 2 3 4 4 3 3 3 4 F 4 2 
1 F 2 2 F 1 1 1 2 F F 2   1 1 1 3 F 4 1 1 1 F 3 F 1 2 F 4 3 F 3 4 3 3 F F F 2 F 2 F 2 1   
1 3 F 3 1 1 2 F 3 2 2 1 1 2 F 1 2 F 2   1 2 3 F 2 1 1 2 F F 3 2 F F 2 2 3 2 3 2 3 1 1     
1 4 F 3     3 F 4 2 2 1 1 F 2 1 1 2 2 1 1 F 3 2 1     1 3 F 2 1 3 3 2       1 F 1   1 1 1 
1 F F 2     2 F 5 F F 1 2 2 3 1 2 2 F 1 1 2 F 2 1 1     1 1 2 1 2 F 1       1 1 1 1 2 F 1 
1 2 2 1   1 2 3 F F 4 1 1 F 2 F 2 F 3 2   1 1 3 F 2 1 1 1   1 F 2 1 1         1 2 4 F 3 1 
          1 F 4 6 F 4 1 2 2 3 2 3 3 F 1     1 3 F 2 2 F 2   1 2 2 1     1 1 1 1 F F F 4 2 
        1 2 3 F F F F 3 2 F 2 2 F 3 2 1     2 F 4 2 3 F 2 1 1 2 F 3 2 1 2 F 2 2 4 F 4 F F 
2 2 1   1 F 3 3 3 4 F ? ? 3 ? ? 4 F 2   1 1 3 F 3 F 3 3 2 2 F 2 2 F F 2 2 F 2 1 F 2 2 2 2 
F F 2 1 2 3 F 2 1 2 2 ? ? ? ? ? ? F 2   1 F 2 1 2 2 F 2 F 2 1 1 2 4 F 2 1 1 1 2 2 2       
? ? ? ? ? ? ? ? ? ? ? ? ? ? ? ? ? 4 4 2 2 1 1     1 1 2 1 2 2 3 3 F 2 1       2 F 3 1 2 1 
? ? ? ? ? ? ? ? ? ? ? ? ? ? ? ? 3 F F F 2   1 2 2 1 1 1 1 1 F F F 2 1   1 1 1 2 F 3 F 2 F 
? ? ? ? ? ? ? ? ? ? ? ? ? F 2 2 F 3 5 F 4 1 2 F F 2 1 F 2 2 4 F 5 3 1   2 F 2 1 1 2 1 3 2 
? ? ? ? ? ? ? ? ? ? ? ? ? 2 1 2 2 2 2 F 3 F 2 3 F 2 2 3 4 F 2 2 F F 1   2 F 2   1 1 1 2 F 
? ? ? ? ? ? ? ? ? ? ? ? ? 1   1 F 1 1 1 2 2 2 3 2 2 2 F F 2 1 1 2 2 1   1 2 2 1 1 F 1 2 F 
? ? ? ? ? ? ? ? ? ? ? ? ? 1   1 2 3 2 1   2 F 3 F 3 5 F 4 1     1 1 1   1 2 F 1 1 1 1 1 1 
? ? ? ? ? ? ? ? ? ? ? ? ? 1 1 1 2 F F 3 1 3 F 4 2 F F F 2       1 F 1   1 F 2 2 1 1   1 1 
? ? ? ? ? ? ? ? ? ? ? ? ? ? ? ? ? ? F F 1 2 F 4 3 4 4 3 1       1 1 1   1 2 2 3 F 3 2 4 F 
? ? ? ? ? ? ? ? ? ? ? ? ? ? ? ? ? ? ? 3 1 1 3 F F 5 F 2 1 2 2 1 1 1 1   1 3 F 6 F 4 F F F 
? ? ? ? ? ? ? ? ? ? ? ? ? ? ? ? ? ? ? 2     3 F F F F 3 1 F F 2 1 F 1   1 F F F F 3 2 3 2 
? ? ? ? ? ? ? ? ? ? ? ? ? ? ? ? ? ? F 3 1   2 F 4 5 F 3 1 4 F 3 1 1 1   1 2 3 3 2 1   1 1 
? ? ? ? ? ? ? ? ? ? ? ? ? ? ? ? ? ? ? F 1   1 1 1 2 F 2   2 F 2           1 1 1       1 F 
Step: 35
? ? F 2         1 1 3 F 3 1 2 1 1   2 F 2 1 F 3 3 F 2 1 2 F 3 F F 1         1 F F F 4 F ? 
? F F 2         1 F 3 F 3 F 2 F 1   2 F 2 1 2 F F 3 F 1 2 F 3 2 2 1 1 1 1   1 2 3 4 F F ? 
F F 3 1         1 1 2 1 2 1 2 2 2 2 3 3 3 1 2 2 3 3 2 1 1 2 2 1     1 F 2 2 1 2 1 4 F ? ? 
2 2 1             1 1 1       1 F 3 F F 3 F 1   1 F 2 1 1 1 F 2 2 1 2 2 F 2 F 2 F 4 F F F 
1 1 1 1 1 1     1 3 F 2       1 3 F 5 F 3 2 2 2 2 2 3 F 2 2 3 F 2 F 2 3 4 4 3 3 3 4 F 4 2 
1 F 2 2 F 1 1 1 2 F F 2   1 1 1 3 F 4 1 1 1 F 3 F 1 2 F 4 3 F 3 4 3 3 F F F 2 F 2 F 2 1   
1 3 F 3 1 1 2 F 3 2 2 1 1 2 F 1 2 F 2   1 2 3 F 2 1 1 2 F F 3 2 F F 2 2 3 2 3 2 3 1 1     
1 4 F 3     3 F 4 2 2 1 1 F 2 1 1 2 2 1 1 F 3 2 1     1 3 F 2 1 3 3 2       1 F 1   1 1 1 
1 F F 2     2 F 5 F F 1 2 2 3 1 2 2 F 1 1 2 F 2 1 1     1 1 2 1 2 F 1       1 1 1 1 2 F 1 
1 2 2 1   1 2 3 F F 4 1 1 F 2 F 2 F 3 2   1 1 3 F 2 1 1 1   1 F 2 1 1         1 2 4 F 3 1 
          1 F 4 6 F 4 1 2 2 3 2 3 3 F 1     1 3 F 2 2 F 2   1 2 2 1     1 1 1 1 F F F 4 2 
        1 2 3 F F F F 3 2 F 2 2 F 3 2 1     2 F 4 2 3 F 2 1 1 2 F 3 2 1 2 F 2 2 4 F 4 F F 
2 2 1   1 F 3 3 3 4 F ? ? 3 ? ? 4 F 2   1 1 3 F 3 F 3 3 2 2 F 2 2 F F 2 2 F 2 1 F 2 2 2 2 
F F 2 1 2 3 F 2 1 2 2 ? ? ? ? ? ? F 2   1 F 2 1 2 2 F 2 F 2 1 1 2 4 F 2 1 1 1 2 2 2       
? ? ? ? ? ? ? ? ? ? ? ? ? ? ? ? ? 4 4 2 2 1 1     1 1 2 1 2 2 3 3 F 2 1       2 F 3 1 2 1 
? ? ? ? ? ? ? ? ? ? ? ? ? 4 ? ? 3 F F F 2   1 2 2 1 1 1 1 1 F F F 2 1   1 1 1 2 F 3 F 2 F 
? ? ? ? ? ? ? ? ? ? ? ? ? F 2 2 F 3 5 F 4 1 2 F F 2 1 F 2 2 4 F 5 3 1   2 F 2 1 1 2 1 3 2 
? ? ? ? ? ? ? ? ? ? ? ? ? 2 1 2 2 2 2 F 3 F 2 3 F 2 2 3 4 F 2 2 F F 1   2 F 2   1 1 1 2 F 
? ? ? ? ? ? ? ? ? ? ? ? ? 1   1 F 1 1 1 2 2 2 3 2 2 2 F F 2 1 1 2 2 1   1 2 2 1 1 F 1 2 F 
? ? ? ? ? ? ? ? ? ? ? ? ? 1   1 2 3 2 1   2 F 3 F 3 5 F 4 1     1 1 1   1 2 F 1 1 1 1 1 1 
? ? ? ? ? ? ? ? ? ? ? ? ? 1 1 1 2 F F 3 1 3 F 4 2 F F F 2       1 F 1   1 F 2 2 1 1   1 1 
? ? ? ? ? ? ? ? ? ? ? ? ? ? ? ? ? ? F F 1 2 F 4 3 4 4 3 1       1 1 1   1 2 2 3 F 3 2 4 F 
? ? ? ? ? ? ? ? ? ? ? ? ? ? ? ? ? ? ? 3 1 1 3 F F 5 F 2 1 2 2 1 1 1 1   1 3 F 6 F 4 F F F 
? ? ? ? ? ? ? ? ? ? ? ? ? ? ? ? ? ? ? 2     3 F F F F 3 1 F F 2 1 F 1   1 F F F F 3 2 3 2 
? ? ? ? ? ? ? ? ? ? ? ? ? ? ? ? ? ? F 3 1   2 F 4 5 F 3 1 4 F 3 1 1 1   1 2 3 3 2 1   1 1 
? ? ? ? ? ? ? ? ? ? ? ? ? ? ? ? ? ? ? F 1   1 1 1 2 F 2   2 F 2           1 1 1       1 F 
Width: 45, Height: 26, Mines: 257
Start field: (4, 0)
1 3 # 2         1 1 3 # 3 1 2 1 1   2 # 2 1 # 3 3 # 2 1 2 # 3 # # 1         1 # # # 4 # 2 
3 # # 2         1 # 3 # 3 # 2 # 1   2 # 2 1 2 # # 3 # 1 2 # 3 2 2 1 1 1 1   1 2 3 4 # # 2 
# # 3 1         1 1 2 1 2 1 2 2 2 2 3 3 3 1 2 2 3 3 2 1 1 2 2 1     1 # 2 2 1 2 1 4 # 6 3 
2 2 1             1 1 1       1 # 3 # # 3 # 1   1 # 2 1 1 1 # 2 2 1 2 2 # 2 # 2 # 4 # # # 
1 1 1 1 1 1     1 3 # 2       1 3 # 5 # 3 2 2 2 2 2 3 # 2 2 3 # 2 # 2 3 4 4 3 3 3 4 # 4 2 
1 # 2 2 # 1 1 1 2 # # 2   1 1 1 3 # 4 1 1 1 # 3 # 1 2 # 4 3 # 3 4 3 3 # # # 2 # 2 # 2 1   
1 3 # 3 1 1 2 # 3 2 2 1 1 2 # 1 2 # 2   1 2 3 # 2 1 1 2 # # 3 2 # # 2 2 3 2 3 2 3 1 1     
1 4 # 3     3 # 4 2 2 1 1 # 2 1 1 2 2 1 1 # 3 2 1     1 3 # 2 1 3 3 2       1 # 1   1 1 1 
1 # # 2     2 # 5 # # 1 2 2 3 1 2 2 # 1 1 2 # 2 1 1     1 1 2 1 2 # 1       1 1 1 1 2 # 1 
1 2 2 1   1 2 3 # # 4 1 1 # 2 # 2 # 3 2   1 1 3 # 2 1 1 1   1 # 2 1 1         1 2 4 # 3 1 
          1 # 4 6 # 4 1 2 2 3 2 3 3 # 1     1 3 # 2 2 # 2   1 2 2 1     1 1 1 1 # # # 4 2 
        1 2 3 # # # # 3 2 # 2 2 # 3 2 1     2 # 4 2 3 # 2 1 1 2 # 3 2 1 2 # 2 2 4 # 4 # # 
2 2 1   1 # 3 3 3 4 # 3 # 3 # 3 4 # 2   1 1 3 # 3 # 3 3 2 2 # 2 2 # # 2 2 # 2 1 # 2 2 2 2 
# # 2 1 2 3 # 2 1 2 2 3 2 3 2 # 4 # 2   1 # 2 1 2 2 # 2 # 2 1 1 2 4 # 2 1 1 1 2 2 2       
# 4 2 # 2 3 # 3 2 # 1 1 # 2 2 3 # 4 4 2 2 1 1     1 1 2 1 2 2 3 3 # 2 1       2 # 3 1 2 1 
# 2 1 1 2 # 3 # 2 1 1 2 3 4 # 3 3 # # # 2   1 2 2 1 1 1 1 1 # # # 2 1   1 1 1 2 # 3 # 2 # 
1 1   1 2 3 4 3 3 1 1 1 # # 2 2 # 3 5 # 4 1 2 # # 2 1 # 2 2 4 # 5 3 1   2 # 2 1 1 2 1 3 2 
      2 # 4 # # 2 # 2 2 2 2 1 2 2 2 2 # 3 # 2 3 # 2 2 3 4 # 2 2 # # 1   2 # 2   1 1 1 2 # 
1 1   2 # 4 # 4 3 3 # 2 1 1   1 # 1 1 1 2 2 2 3 2 2 2 # # 2 1 1 2 2 1   1 2 2 1 1 # 1 2 # 
# 2 2 3 2 2 1 2 # 2 2 3 # 1   1 2 3 2 1   2 # 3 # 3 5 # 4 1     1 1 1   1 2 # 1 1 1 1 1 1 
2 3 # # 3 1 2 2 3 2 2 # 2 1 1 1 2 # # 3 1 3 # 4 2 # # # 2       1 # 1   1 # 2 2 1 1   1 1 
2 # 5 # 3 # 2 # 2 # 2 2 2 1 1 # 3 4 # # 1 2 # 4 3 4 4 3 1       1 1 1   1 2 2 3 # 3 2 4 # 
2 # 5 4 4 3 3 2 2 2 2 3 # 2 1 1 3 # 5 3 1 1 3 # # 5 # 2 1 2 2 1 1 1 1   1 3 # 6 # 4 # # # 
1 2 # # # 2 # 2 1 1 # 3 # 2 1 2 4 # # 2     3 # # # # 3 1 # # 2 1 # 1   1 # # # # 3 2 3 2 
  1 2 3 2 2 2 # 1 2 2 3 1 1 1 # # 4 # 3 1   2 # 4 5 # 3 1 4 # 3 1 1 1   1 2 3 3 2 1   1 1 
            1 1 1 1 # 1     1 2 2 2 2 # 1   1 1 1 2 # 2   2 # 2           1 1 1       1 # 
Moving mine from border cell (12, 12) : 
to border cell (11, 12).
Width: 45, Height: 26, Mines: 257
Start field: (4, 0)
1 3 # 2         1 1 3 # 3 1 2 1 1   2 # 2 1 # 3 3 # 2 1 2 # 3 # # 1         1 # # # 4 # 2 
3 # # 2         1 # 3 # 3 # 2 # 1   2 # 2 1 2 # # 3 # 1 2 # 3 2 2 1 1 1 1   1 2 3 4 # # 2 
# # 3 1         1 1 2 1 2 1 2 2 2 2 3 3 3 1 2 2 3 3 2 1 1 2 2 1     1 # 2 2 1 2 1 4 # 6 3 
2 2 1             1 1 1       1 # 3 # # 3 # 1   1 # 2 1 1 1 # 2 2 1 2 2 # 2 # 2 # 4 # # # 
1 1 1 1 1 1     1 3 # 2       1 3 # 5 # 3 2 2 2 2 2 3 # 2 2 3 # 2 # 2 3 4 4 3 3 3 4 # 4 2 
1 # 2 2 # 1 1 1 2 # # 2   1 1 1 3 # 4 1 1 1 # 3 # 1 2 # 4 3 # 3 4 3 3 # # # 2 # 2 # 2 1   
1 3 # 3 1 1 2 # 3 2 2 1 1 2 # 1 2 # 2   1 2 3 # 2 1 1 2 # # 3 2 # # 2 2 3 2 3 2 3 1 1     
1 4 # 3     3 # 4 2 2 1 1 # 2 1 1 2 2 1 1 # 3 2 1     1 3 # 2 1 3 3 2       1 # 1   1 1 1 
1 # # 2     2 # 5 # # 1 2 2 3 1 2 2 # 1 1 2 # 2 1 1     1 1 2 1 2 # 1       1 1 1 1 2 # 1 
1 2 2 1   1 2 3 # # 4 1 1 # 2 # 2 # 3 2   1 1 3 # 2 1 1 1   1 # 2 1 1         1 2 4 # 3 1 
          1 # 4 6 # 4 1 2 2 3 2 3 3 # 1     1 3 # 2 2 # 2   1 2 2 1     1 1 1 1 # # # 4 2 
        1 2 3 # # # # 3 2 # 2 2 # 3 2 1     2 # 4 2 3 # 2 1 1 2 # 3 2 1 2 # 2 2 4 # 4 # # 
2 2 1   1 # 3 3 3 4 # # 2 2 # 3 4 # 2   1 1 3 # 3 # 3 3 2 2 # 2 2 # # 2 2 # 2 1 # 2 2 2 2 
# # 2 1 2 3 # 2 1 2 3 3 2 2 2 # 4 # 2   1 # 2 1 2 2 # 2 # 2 1 1 2 4 # 2 1 1 1 2 2 2       
# 4 2 # 2 3 # 3 2 # 1 1 # 2 2 3 # 4 4 2 2 1 1     1 1 2 1 2 2 3 3 # 2 1       2 # 3 1 2 1 
# 2 1 1 2 # 3 # 2 1 1 2 3 4 # 3 3 # # # 2   1 2 2 1 1 1 1 1 # # # 2 1   1 1 1 2 # 3 # 2 # 
1 1   1 2 3 4 3 3 1 1 1 # # 2 2 # 3 5 # 4 1 2 # # 2 1 # 2 2 4 # 5 3 1   2 # 2 1 1 2 1 3 2 
      2 # 4 # # 2 # 2 2 2 2 1 2 2 2 2 # 3 # 2 3 # 2 2 3 4 # 2 2 # # 1   2 # 2   1 1 1 2 # 
1 1   2 # 4 # 4 3 3 # 2 1 1   1 # 1 1 1 2 2 2 3 2 2 2 # # 2 1 1 2 2 1   1 2 2 1 1 # 1 2 # 
# 2 2 3 2 2 1 2 # 2 2 3 # 1   1 2 3 2 1   2 # 3 # 3 5 # 4 1     1 1 1   1 2 # 1 1 1 1 1 1 
2 3 # # 3 1 2 2 3 2 2 # 2 1 1 1 2 # # 3 1 3 # 4 2 # # # 2       1 # 1   1 # 2 2 1 1   1 1 
2 # 5 # 3 # 2 # 2 # 2 2 2 1 1 # 3 4 # # 1 2 # 4 3 4 4 3 1       1 1 1   1 2 2 3 # 3 2 4 # 
2 # 5 4 4 3 3 2 2 2 2 3 # 2 1 1 3 # 5 3 1 1 3 # # 5 # 2 1 2 2 1 1 1 1   1 3 # 6 # 4 # # # 
1 2 # # # 2 # 2 1 1 # 3 # 2 1 2 4 # # 2     3 # # # # 3 1 # # 2 1 # 1   1 # # # # 3 2 3 2 
  1 2 3 2 2 2 # 1 2 2 3 1 1 1 # # 4 # 3 1   2 # 4 5 # 3 1 4 # 3 1 1 1   1 2 3 3 2 1   1 1 
            1 1 1 1 # 1     1 2 2 2 2 # 1   1 1 1 2 # 2   2 # 2           1 1 1       1 # 
Step: 1
? ? ? 2         1 ? ? ? ? ? ? ? ? ? ? ? ? ? ? ? ? ? ? ? ? ? ? ? ? ? ? ? ? ? ? ? ? ? ? ? ? 
? ? ? 2         1 ? ? ? ? ? ? ? ? ? ? ? ? ? ? ? ? ? ? ? ? ? ? ? ? ? ? ? ? ? ? ? ? ? ? ? ? 
? ? 3 1         1 1 ? ? ? ? ? ? ? ? ? ? ? ? ? ? ? ? ? ? ? ? ? ? ? ? ? ? ? ? ? ? ? ? ? ? ? 
? ? 1             1 ? ? ? ? ? ? ? ? ? ? ? ? ? ? ? ? ? ? ? ? ? ? ? ? ? ? ? ? ? ? ? ? ? ? ? 
? ? 1 1 1 1     1 3 ? ? ? ? ? ? ? ? ? ? ? ? ? ? ? ? ? ? ? ? ? ? ? ? ? ? ? ? ? ? ? ? ? ? ? 
? ? ? ? ? 1 1 1 2 ? ? ? ? ? ? ? ? ? ? ? ? ? ? ? ? ? ? ? ? ? ? ? ? ? ? ? ? ? ? ? ? ? ? ? ? 
? ? ? ? ? ? ? ? ? ? ? ? ? ? ? ? ? ? ? ? ? ? ? ? ? ? ? ? ? ? ? ? ? ? ? ? ? ? ? ? ? ? ? ? ? 
? ? ? ? ? ? ? ? ? ? ? ? ? ? ? ? ? ? ? ? ? ? ? ? ? ? ? ? ? ? ? ? ? ? ? ? ? ? ? ? ? ? ? ? ? 
? ? ? ? ? ? ? ? ? ? ? ? ? ? ? ? ? ? ? ? ? ? ? ? ? ? ? ? ? ? ? ? ? ? ? ? ? ? ? ? ? ? ? ? ? 
? ? ? ? ? ? ? ? ? ? ? ? ? ? ? ? ? ? ? ? ? ? ? ? ? ? ? ? ? ? ? ? ? ? ? ? ? ? ? ? ? ? ? ? ? 
? ? ? ? ? ? ? ? ? ? ? ? ? ? ? ? ? ? ? ? ? ? ? ? ? ? ? ? ? ? ? ? ? ? ? ? ? ? ? ? ? ? ? ? ? 
? ? ? ? ? ? ? ? ? ? ? ? ? ? ? ? ? ? ? ? ? ? ? ? ? ? ? ? ? ? ? ? ? ? ? ? ? ? ? ? ? ? ? ? ? 
? ? ? ? ? ? ? ? ? ? ? ? ? ? ? ? ? ? ? ? ? ? ? ? ? ? ? ? ? ? ? ? ? ? ? ? ? ? ? ? ? ? ? ? ? 
? ? ? ? ? ? ? ? ? ? ? ? ? ? ? ? ? ? ? ? ? ? ? ? ? ? ? ? ? ? ? ? ? ? ? ? ? ? ? ? ? ? ? ? ? 
? ? ? ? ? ? ? ? ? ? ? ? ? ? ? ? ? ? ? ? ? ? ? ? ? ? ? ? ? ? ? ? ? ? ? ? ? ? ? ? ? ? ? ? ? 
? ? ? ? ? ? ? ? ? ? ? ? ? ? ? ? ? ? ? ? ? ? ? ? ? ? ? ? ? ? ? ? ? ? ? ? ? ? ? ? ? ? ? ? ? 
? ? ? ? ? ? ? ? ? ? ? ? ? ? ? ? ? ? ? ? ? ? ? ? ? ? ? ? ? ? ? ? ? ? ? ? ? ? ? ? ? ? ? ? ? 
? ? ? ? ? ? ? ? ? ? ? ? ? ? ? ? ? ? ? ? ? ? ? ? ? ? ? ? ? ? ? ? ? ? ? ? ? ? ? ? ? ? ? ? ? 
? ? ? ? ? ? ? ? ? ? ? ? ? ? ? ? ? ? ? ? ? ? ? ? ? ? ? ? ? ? ? ? ? ? ? ? ? ? ? ? ? ? ? ? ? 
? ? ? ? ? ? ? ? ? ? ? ? ? ? ? ? ? ? ? ? ? ? ? ? ? ? ? ? ? ? ? ? ? ? ? ? ? ? ? ? ? ? ? ? ? 
? ? ? ? ? ? ? ? ? ? ? ? ? ? ? ? ? ? ? ? ? ? ? ? ? ? ? ? ? ? ? ? ? ? ? ? ? ? ? ? ? ? ? ? ? 
? ? ? ? ? ? ? ? ? ? ? ? ? ? ? ? ? ? ? ? ? ? ? ? ? ? ? ? ? ? ? ? ? ? ? ? ? ? ? ? ? ? ? ? ? 
? ? ? ? ? ? ? ? ? ? ? ? ? ? ? ? ? ? ? ? ? ? ? ? ? ? ? ? ? ? ? ? ? ? ? ? ? ? ? ? ? ? ? ? ? 
? ? ? ? ? ? ? ? ? ? ? ? ? ? ? ? ? ? ? ? ? ? ? ? ? ? ? ? ? ? ? ? ? ? ? ? ? ? ? ? ? ? ? ? ? 
? ? ? ? ? ? ? ? ? ? ? ? ? ? ? ? ? ? ? ? ? ? ? ? ? ? ? ? ? ? ? ? ? ? ? ? ? ? ? ? ? ? ? ? ? 
? ? ? ? ? ? ? ? ? ? ? ? ? ? ? ? ? ? ? ? ? ? ? ? ? ? ? ? ? ? ? ? ? ? ? ? ? ? ? ? ? ? ? ? ? 
Step: 2
? ? F 2         1 ? ? ? ? ? ? ? ? ? ? ? ? ? ? ? ? ? ? ? ? ? ? ? ? ? ? ? ? ? ? ? ? ? ? ? ? 
? ? F 2         1 F 3 ? ? ? ? ? ? ? ? ? ? ? ? ? ? ? ? ? ? ? ? ? ? ? ? ? ? ? ? ? ? ? ? ? ? 
? ? 3 1         1 1 2 1 2 1 2 2 ? ? ? ? ? ? ? ? ? ? ? ? ? ? ? ? ? ? ? ? ? ? ? ? ? ? ? ? ? 
? ? 1             1 1 1       1 ? ? ? ? ? ? ? ? ? ? ? ? ? ? ? ? ? ? ? ? ? ? ? ? ? ? ? ? ? 
? ? 1 1 1 1     1 3 F 2       1 3 F ? ? ? ? ? ? ? ? ? ? ? ? ? ? ? ? ? ? ? ? ? ? ? ? ? ? ? 
? ? ? 2 F 1 1 1 2 F F 2   1 1 1 3 F ? ? ? ? ? ? ? ? ? ? ? ? ? ? ? ? ? ? ? ? ? ? ? ? ? ? ? 
? ? F 3 1 1 2 F 3 2 2 1 1 2 F 1 2 F ? ? ? ? ? ? ? ? ? ? ? ? ? ? ? ? ? ? ? ? ? ? ? ? ? ? ? 
? ? F 3     3 F 4 2 2 1 1 F 2 1 1 2 ? ? ? ? ? ? ? ? ? ? ? ? ? ? ? ? ? ? ? ? ? ? ? ? ? ? ? 
? F F 2     2 F ? ? ? 1 2 2 3 1 2 2 ? ? ? ? ? ? ? ? ? ? ? ? ? ? ? ? ? ? ? ? ? ? ? ? ? ? ? 
1 2 2 1   1 2 3 ? ? ? ? ? ? ? ? ? ? ? ? ? ? ? ? ? ? ? ? ? ? ? ? ? ? ? ? ? ? ? ? ? ? ? ? ? 
          1 F 4 ? ? ? ? ? ? ? ? ? ? ? ? ? ? ? ? ? ? ? ? ? ? ? ? ? ? ? ? ? ? ? ? ? ? ? ? ? 
        1 2 3 ? ? ? ? ? ? ? ? ? ? ? ? ? ? ? ? ? ? ? ? ? ? ? ? ? ? ? ? ? ? ? ? ? ? ? ? ? ? 
2 2 1   1 F 3 ? ? ? ? ? ? ? ? ? ? ? ? ? ? ? ? ? ? ? ? ? ? ? ? ? ? ? ? ? ? ? ? ? ? ? ? ? ? 
F F 2 1 2 3 ? ? ? ? ? ? ? ? ? ? ? ? ? ? ? ? ? ? ? ? ? ? ? ? ? ? ? ? ? ? ? ? ? ? ? ? ? ? ? 
? ? ? ? ? ? ? ? ? ? ? ? ? ? ? ? ? ? ? ? ? ? ? ? ? ? ? ? ? ? ? ? ? ? ? ? ? ? ? ? ? ? ? ? ? 
? ? ? ? ? ? ? ? ? ? ? ? ? ? ? ? ? ? ? ? ? ? ? ? ? ? ? ? ? ? ? ? ? ? ? ? ? ? ? ? ? ? ? ? ? 
? ? ? ? ? ? ? ? ? ? ? ? ? ? ? ? ? ? ? ? ? ? ? ? ? ? ? ? ? ? ? ? ? ? ? ? ? ? ? ? ? ? ? ? ? 
? ? ? ? ? ? ? ? ? ? ? ? ? ? ? ? ? ? ? ? ? ? ? ? ? ? ? ? ? ? ? ? ? ? ? ? ? ? ? ? ? ? ? ? ? 
? ? ? ? ? ? ? ? ? ? ? ? ? ? ? ? ? ? ? ? ? ? ? ? ? ? ? ? ? ? ? ? ? ? ? ? ? ? ? ? ? ? ? ? ? 
? ? ? ? ? ? ? ? ? ? ? ? ? ? ? ? ? ? ? ? ? ? ? ? ? ? ? ? ? ? ? ? ? ? ? ? ? ? ? ? ? ? ? ? ? 
? ? ? ? ? ? ? ? ? ? ? ? ? ? ? ? ? ? ? ? ? ? ? ? ? ? ? ? ? ? ? ? ? ? ? ? ? ? ? ? ? ? ? ? ? 
? ? ? ? ? ? ? ? ? ? ? ? ? ? ? ? ? ? ? ? ? ? ? ? ? ? ? ? ? ? ? ? ? ? ? ? ? ? ? ? ? ? ? ? ? 
? ? ? ? ? ? ? ? ? ? ? ? ? ? ? ? ? ? ? ? ? ? ? ? ? ? ? ? ? ? ? ? ? ? ? ? ? ? ? ? ? ? ? ? ? 
? ? ? ? ? ? ? ? ? ? ? ? ? ? ? ? ? ? ? ? ? ? ? ? ? ? ? ? ? ? ? ? ? ? ? ? ? ? ? ? ? ? ? ? ? 
? ? ? ? ? ? ? ? ? ? ? ? ? ? ? ? ? ? ? ? ? ? ? ? ? ? ? ? ? ? ? ? ? ? ? ? ? ? ? ? ? ? ? ? ? 
? ? ? ? ? ? ? ? ? ? ? ? ? ? ? ? ? ? ? ? ? ? ? ? ? ? ? ? ? ? ? ? ? ? ? ? ? ? ? ? ? ? ? ? ? 
Step: 3
? ? F 2         1 1 3 F ? ? ? ? ? ? ? ? ? ? ? ? ? ? ? ? ? ? ? ? ? ? ? ? ? ? ? ? ? ? ? ? ? 
? ? F 2         1 F 3 F 3 F 2 F ? ? ? ? ? ? ? ? ? ? ? ? ? ? ? ? ? ? ? ? ? ? ? ? ? ? ? ? ? 
? ? 3 1         1 1 2 1 2 1 2 2 ? ? ? ? ? ? ? ? ? ? ? ? ? ? ? ? ? ? ? ? ? ? ? ? ? ? ? ? ? 
? ? 1             1 1 1       1 F 3 ? ? ? ? ? ? ? ? ? ? ? ? ? ? ? ? ? ? ? ? ? ? ? ? ? ? ? 
? ? 1 1 1 1     1 3 F 2       1 3 F ? ? ? ? ? ? ? ? ? ? ? ? ? ? ? ? ? ? ? ? ? ? ? ? ? ? ? 
? ? 2 2 F 1 1 1 2 F F 2   1 1 1 3 F ? ? ? ? ? ? ? ? ? ? ? ? ? ? ? ? ? ? ? ? ? ? ? ? ? ? ? 
1 3 F 3 1 1 2 F 3 2 2 1 1 2 F 1 2 F ? ? ? ? ? ? ? ? ? ? ? ? ? ? ? ? ? ? ? ? ? ? ? ? ? ? ? 
1 4 F 3     3 F 4 2 2 1 1 F 2 1 1 2 ? ? ? ? ? ? ? ? ? ? ? ? ? ? ? ? ? ? ? ? ? ? ? ? ? ? ? 
1 F F 2     2 F ? F F 1 2 2 3 1 2 2 ? ? ? ? ? ? ? ? ? ? ? ? ? ? ? ? ? ? ? ? ? ? ? ? ? ? ? 
1 2 2 1   1 2 3 ? F 4 1 1 F 2 F 2 F ? ? ? ? ? ? ? ? ? ? ? ? ? ? ? ? ? ? ? ? ? ? ? ? ? ? ? 
          1 F 4 ? F 4 1 2 2 3 2 3 3 ? ? ? ? ? ? ? ? ? ? ? ? ? ? ? ? ? ? ? ? ? ? ? ? ? ? ? 
        1 2 3 ? ? ? ? ? ? ? ? ? ? ? ? ? ? ? ? ? ? ? ? ? ? ? ? ? ? ? ? ? ? ? ? ? ? ? ? ? ? 
2 2 1   1 F 3 ? ? ? ? ? ? ? ? ? ? ? ? ? ? ? ? ? ? ? ? ? ? ? ? ? ? ? ? ? ? ? ? ? ? ? ? ? ? 
F F 2 1 2 3 ? ? ? ? ? ? ? ? ? ? ? ? ? ? ? ? ? ? ? ? ? ? ? ? ? ? ? ? ? ? ? ? ? ? ? ? ? ? ? 
? ? ? ? ? ? ? ? ? ? ? ? ? ? ? ? ? ? ? ? ? ? ? ? ? ? ? ? ? ? ? ? ? ? ? ? ? ? ? ? ? ? ? ? ? 
? ? ? ? ? ? ? ? ? ? ? ? ? ? ? ? ? ? ? ? ? ? ? ? ? ? ? ? ? ? ? ? ? ? ? ? ? ? ? ? ? ? ? ? ? 
? ? ? ? ? ? ? ? ? ? ? ? ? ? ? ? ? ? ? ? ? ? ? ? ? ? ? ? ? ? ? ? ? ? ? ? ? ? ? ? ? ? ? ? ? 
? ? ? ? ? ? ? ? ? ? ? ? ? ? ? ? ? ? ? ? ? ? ? ? ? ? ? ? ? ? ? ? ? ? ? ? ? ? ? ? ? ? ? ? ? 
? ? ? ? ? ? ? ? ? ? ? ? ? ? ? ? ? ? ? ? ? ? ? ? ? ? ? ? ? ? ? ? ? ? ? ? ? ? ? ? ? ? ? ? ? 
? ? ? ? ? ? ? ? ? ? ? ? ? ? ? ? ? ? ? ? ? ? ? ? ? ? ? ? ? ? ? ? ? ? ? ? ? ? ? ? ? ? ? ? ? 
? ? ? ? ? ? ? ? ? ? ? ? ? ? ? ? ? ? ? ? ? ? ? ? ? ? ? ? ? ? ? ? ? ? ? ? ? ? ? ? ? ? ? ? ? 
? ? ? ? ? ? ? ? ? ? ? ? ? ? ? ? ? ? ? ? ? ? ? ? ? ? ? ? ? ? ? ? ? ? ? ? ? ? ? ? ? ? ? ? ? 
? ? ? ? ? ? ? ? ? ? ? ? ? ? ? ? ? ? ? ? ? ? ? ? ? ? ? ? ? ? ? ? ? ? ? ? ? ? ? ? ? ? ? ? ? 
? ? ? ? ? ? ? ? ? ? ? ? ? ? ? ? ? ? ? ? ? ? ? ? ? ? ? ? ? ? ? ? ? ? ? ? ? ? ? ? ? ? ? ? ? 
? ? ? ? ? ? ? ? ? ? ? ? ? ? ? ? ? ? ? ? ? ? ? ? ? ? ? ? ? ? ? ? ? ? ? ? ? ? ? ? ? ? ? ? ? 
? ? ? ? ? ? ? ? ? ? ? ? ? ? ? ? ? ? ? ? ? ? ? ? ? ? ? ? ? ? ? ? ? ? ? ? ? ? ? ? ? ? ? ? ? 
Step: 4
? ? F 2         1 1 3 F 3 1 2 1 1   2 ? ? ? ? ? ? ? ? ? ? ? ? ? ? ? ? ? ? ? ? ? ? ? ? ? ? 
? ? F 2         1 F 3 F 3 F 2 F 1   2 ? ? ? ? ? ? ? ? ? ? ? ? ? ? ? ? ? ? ? ? ? ? ? ? ? ? 
? ? 3 1         1 1 2 1 2 1 2 2 2 2 3 ? ? ? ? ? ? ? ? ? ? ? ? ? ? ? ? ? ? ? ? ? ? ? ? ? ? 
? ? 1             1 1 1       1 F 3 F ? ? ? ? ? ? ? ? ? ? ? ? ? ? ? ? ? ? ? ? ? ? ? ? ? ? 
? ? 1 1 1 1     1 3 F 2       1 3 F 5 ? ? ? ? ? ? ? ? ? ? ? ? ? ? ? ? ? ? ? ? ? ? ? ? ? ? 
? ? 2 2 F 1 1 1 2 F F 2   1 1 1 3 F ? ? ? ? ? ? ? ? ? ? ? ? ? ? ? ? ? ? ? ? ? ? ? ? ? ? ? 
1 3 F 3 1 1 2 F 3 2 2 1 1 2 F 1 2 F ? ? ? ? ? ? ? ? ? ? ? ? ? ? ? ? ? ? ? ? ? ? ? ? ? ? ? 
1 4 F 3     3 F 4 2 2 1 1 F 2 1 1 2 ? ? ? ? ? ? ? ? ? ? ? ? ? ? ? ? ? ? ? ? ? ? ? ? ? ? ? 
1 F F 2     2 F 5 F F 1 2 2 3 1 2 2 ? ? ? ? ? ? ? ? ? ? ? ? ? ? ? ? ? ? ? ? ? ? ? ? ? ? ? 
1 2 2 1   1 2 3 F F 4 1 1 F 2 F 2 F ? ? ? ? ? ? ? ? ? ? ? ? ? ? ? ? ? ? ? ? ? ? ? ? ? ? ? 
          1 F 4 6 F 4 1 2 2 3 2 3 3 ? ? ? ? ? ? ? ? ? ? ? ? ? ? ? ? ? ? ? ? ? ? ? ? ? ? ? 
        1 2 3 F F F ? ? ? ? ? ? ? ? ? ? ? ? ? ? ? ? ? ? ? ? ? ? ? ? ? ? ? ? ? ? ? ? ? ? ? 
2 2 1   1 F 3 3 ? ? ? ? ? ? ? ? ? ? ? ? ? ? ? ? ? ? ? ? ? ? ? ? ? ? ? ? ? ? ? ? ? ? ? ? ? 
F F 2 1 2 3 ? ? ? ? ? ? ? ? ? ? ? ? ? ? ? ? ? ? ? ? ? ? ? ? ? ? ? ? ? ? ? ? ? ? ? ? ? ? ? 
? ? ? ? ? ? ? ? ? ? ? ? ? ? ? ? ? ? ? ? ? ? ? ? ? ? ? ? ? ? ? ? ? ? ? ? ? ? ? ? ? ? ? ? ? 
? ? ? ? ? ? ? ? ? ? ? ? ? ? ? ? ? ? ? ? ? ? ? ? ? ? ? ? ? ? ? ? ? ? ? ? ? ? ? ? ? ? ? ? ? 
? ? ? ? ? ? ? ? ? ? ? ? ? ? ? ? ? ? ? ? ? ? ? ? ? ? ? ? ? ? ? ? ? ? ? ? ? ? ? ? ? ? ? ? ? 
? ? ? ? ? ? ? ? ? ? ? ? ? ? ? ? ? ? ? ? ? ? ? ? ? ? ? ? ? ? ? ? ? ? ? ? ? ? ? ? ? ? ? ? ? 
? ? ? ? ? ? ? ? ? ? ? ? ? ? ? ? ? ? ? ? ? ? ? ? ? ? ? ? ? ? ? ? ? ? ? ? ? ? ? ? ? ? ? ? ? 
? ? ? ? ? ? ? ? ? ? ? ? ? ? ? ? ? ? ? ? ? ? ? ? ? ? ? ? ? ? ? ? ? ? ? ? ? ? ? ? ? ? ? ? ? 
? ? ? ? ? ? ? ? ? ? ? ? ? ? ? ? ? ? ? ? ? ? ? ? ? ? ? ? ? ? ? ? ? ? ? ? ? ? ? ? ? ? ? ? ? 
? ? ? ? ? ? ? ? ? ? ? ? ? ? ? ? ? ? ? ? ? ? ? ? ? ? ? ? ? ? ? ? ? ? ? ? ? ? ? ? ? ? ? ? ? 
? ? ? ? ? ? ? ? ? ? ? ? ? ? ? ? ? ? ? ? ? ? ? ? ? ? ? ? ? ? ? ? ? ? ? ? ? ? ? ? ? ? ? ? ? 
? ? ? ? ? ? ? ? ? ? ? ? ? ? ? ? ? ? ? ? ? ? ? ? ? ? ? ? ? ? ? ? ? ? ? ? ? ? ? ? ? ? ? ? ? 
? ? ? ? ? ? ? ? ? ? ? ? ? ? ? ? ? ? ? ? ? ? ? ? ? ? ? ? ? ? ? ? ? ? ? ? ? ? ? ? ? ? ? ? ? 
? ? ? ? ? ? ? ? ? ? ? ? ? ? ? ? ? ? ? ? ? ? ? ? ? ? ? ? ? ? ? ? ? ? ? ? ? ? ? ? ? ? ? ? ? 
Step: 5
? ? F 2         1 1 3 F 3 1 2 1 1   2 F 2 1 ? ? ? ? ? ? ? ? ? ? ? ? ? ? ? ? ? ? ? ? ? ? ? 
? ? F 2         1 F 3 F 3 F 2 F 1   2 F 2 1 2 F F ? ? ? ? ? ? ? ? ? ? ? ? ? ? ? ? ? ? ? ? 
? ? 3 1         1 1 2 1 2 1 2 2 2 2 3 3 3 1 2 2 3 ? ? ? ? ? ? ? ? ? ? ? ? ? ? ? ? ? ? ? ? 
? ? 1             1 1 1       1 F 3 F F 3 F 1   1 ? ? ? ? ? ? ? ? ? ? ? ? ? ? ? ? ? ? ? ? 
? ? 1 1 1 1     1 3 F 2       1 3 F 5 ? ? 2 2 2 2 ? ? ? ? ? ? ? ? ? ? ? ? ? ? ? ? ? ? ? ? 
? ? 2 2 F 1 1 1 2 F F 2   1 1 1 3 F ? ? ? ? ? ? ? ? ? ? ? ? ? ? ? ? ? ? ? ? ? ? ? ? ? ? ? 
1 3 F 3 1 1 2 F 3 2 2 1 1 2 F 1 2 F ? ? ? ? ? ? ? ? ? ? ? ? ? ? ? ? ? ? ? ? ? ? ? ? ? ? ? 
1 4 F 3     3 F 4 2 2 1 1 F 2 1 1 2 ? ? ? ? ? ? ? ? ? ? ? ? ? ? ? ? ? ? ? ? ? ? ? ? ? ? ? 
1 F F 2     2 F 5 F F 1 2 2 3 1 2 2 ? ? ? ? ? ? ? ? ? ? ? ? ? ? ? ? ? ? ? ? ? ? ? ? ? ? ? 
1 2 2 1   1 2 3 F F 4 1 1 F 2 F 2 F ? ? ? ? ? ? ? ? ? ? ? ? ? ? ? ? ? ? ? ? ? ? ? ? ? ? ? 
          1 F 4 6 F 4 1 2 2 3 2 3 3 ? ? ? ? ? ? ? ? ? ? ? ? ? ? ? ? ? ? ? ? ? ? ? ? ? ? ? 
        1 2 3 F F F ? ? ? ? ? ? ? ? ? ? ? ? ? ? ? ? ? ? ? ? ? ? ? ? ? ? ? ? ? ? ? ? ? ? ? 
2 2 1   1 F 3 3 ? ? ? ? ? ? ? ? ? ? ? ? ? ? ? ? ? ? ? ? ? ? ? ? ? ? ? ? ? ? ? ? ? ? ? ? ? 
F F 2 1 2 3 ? ? ? ? ? ? ? ? ? ? ? ? ? ? ? ? ? ? ? ? ? ? ? ? ? ? ? ? ? ? ? ? ? ? ? ? ? ? ? 
? ? ? ? ? ? ? ? ? ? ? ? ? ? ? ? ? ? ? ? ? ? ? ? ? ? ? ? ? ? ? ? ? ? ? ? ? ? ? ? ? ? ? ? ? 
? ? ? ? ? ? ? ? ? ? ? ? ? ? ? ? ? ? ? ? ? ? ? ? ? ? ? ? ? ? ? ? ? ? ? ? ? ? ? ? ? ? ? ? ? 
? ? ? ? ? ? ? ? ? ? ? ? ? ? ? ? ? ? ? ? ? ? ? ? ? ? ? ? ? ? ? ? ? ? ? ? ? ? ? ? ? ? ? ? ? 
? ? ? ? ? ? ? ? ? ? ? ? ? ? ? ? ? ? ? ? ? ? ? ? ? ? ? ? ? ? ? ? ? ? ? ? ? ? ? ? ? ? ? ? ? 
? ? ? ? ? ? ? ? ? ? ? ? ? ? ? ? ? ? ? ? ? ? ? ? ? ? ? ? ? ? ? ? ? ? ? ? ? ? ? ? ? ? ? ? ? 
? ? ? ? ? ? ? ? ? ? ? ? ? ? ? ? ? ? ? ? ? ? ? ? ? ? ? ? ? ? ? ? ? ? ? ? ? ? ? ? ? ? ? ? ? 
? ? ? ? ? ? ? ? ? ? ? ? ? ? ? ? ? ? ? ? ? ? ? ? ? ? ? ? ? ? ? ? ? ? ? ? ? ? ? ? ? ? ? ? ? 
? ? ? ? ? ? ? ? ? ? ? ? ? ? ? ? ? ? ? ? ? ? ? ? ? ? ? ? ? ? ? ? ? ? ? ? ? ? ? ? ? ? ? ? ? 
? ? ? ? ? ? ? ? ? ? ? ? ? ? ? ? ? ? ? ? ? ? ? ? ? ? ? ? ? ? ? ? ? ? ? ? ? ? ? ? ? ? ? ? ? 
? ? ? ? ? ? ? ? ? ? ? ? ? ? ? ? ? ? ? ? ? ? ? ? ? ? ? ? ? ? ? ? ? ? ? ? ? ? ? ? ? ? ? ? ? 
? ? ? ? ? ? ? ? ? ? ? ? ? ? ? ? ? ? ? ? ? ? ? ? ? ? ? ? ? ? ? ? ? ? ? ? ? ? ? ? ? ? ? ? ? 
? ? ? ? ? ? ? ? ? ? ? ? ? ? ? ? ? ? ? ? ? ? ? ? ? ? ? ? ? ? ? ? ? ? ? ? ? ? ? ? ? ? ? ? ? 
Step: 6
? ? F 2         1 1 3 F 3 1 2 1 1   2 F 2 1 F 3 3 ? ? ? ? ? ? ? ? ? ? ? ? ? ? ? ? ? ? ? ? 
? ? F 2         1 F 3 F 3 F 2 F 1   2 F 2 1 2 F F ? ? ? ? ? ? ? ? ? ? ? ? ? ? ? ? ? ? ? ? 
? ? 3 1         1 1 2 1 2 1 2 2 2 2 3 3 3 1 2 2 3 ? ? ? ? ? ? ? ? ? ? ? ? ? ? ? ? ? ? ? ? 
? ? 1             1 1 1       1 F 3 F F 3 F 1   1 ? ? ? ? ? ? ? ? ? ? ? ? ? ? ? ? ? ? ? ? 
? ? 1 1 1 1     1 3 F 2       1 3 F 5 ? ? 2 2 2 2 ? ? ? ? ? ? ? ? ? ? ? ? ? ? ? ? ? ? ? ? 
? ? 2 2 F 1 1 1 2 F F 2   1 1 1 3 F ? ? ? ? ? ? ? ? ? ? ? ? ? ? ? ? ? ? ? ? ? ? ? ? ? ? ? 
1 3 F 3 1 1 2 F 3 2 2 1 1 2 F 1 2 F ? ? ? ? ? ? ? ? ? ? ? ? ? ? ? ? ? ? ? ? ? ? ? ? ? ? ? 
1 4 F 3     3 F 4 2 2 1 1 F 2 1 1 2 ? ? ? ? ? ? ? ? ? ? ? ? ? ? ? ? ? ? ? ? ? ? ? ? ? ? ? 
1 F F 2     2 F 5 F F 1 2 2 3 1 2 2 ? ? ? ? ? ? ? ? ? ? ? ? ? ? ? ? ? ? ? ? ? ? ? ? ? ? ? 
1 2 2 1   1 2 3 F F 4 1 1 F 2 F 2 F ? ? ? ? ? ? ? ? ? ? ? ? ? ? ? ? ? ? ? ? ? ? ? ? ? ? ? 
          1 F 4 6 F 4 1 2 2 3 2 3 3 ? ? ? ? ? ? ? ? ? ? ? ? ? ? ? ? ? ? ? ? ? ? ? ? ? ? ? 
        1 2 3 F F F ? ? ? ? ? ? ? ? ? ? ? ? ? ? ? ? ? ? ? ? ? ? ? ? ? ? ? ? ? ? ? ? ? ? ? 
2 2 1   1 F 3 3 ? ? ? ? ? ? ? ? ? ? ? ? ? ? ? ? ? ? ? ? ? ? ? ? ? ? ? ? ? ? ? ? ? ? ? ? ? 
F F 2 1 2 3 ? ? ? ? ? ? ? ? ? ? ? ? ? ? ? ? ? ? ? ? ? ? ? ? ? ? ? ? ? ? ? ? ? ? ? ? ? ? ? 
? ? ? ? ? ? ? ? ? ? ? ? ? ? ? ? ? ? ? ? ? ? ? ? ? ? ? ? ? ? ? ? ? ? ? ? ? ? ? ? ? ? ? ? ? 
? ? ? ? ? ? ? ? ? ? ? ? ? ? ? ? ? ? ? ? ? ? ? ? ? ? ? ? ? ? ? ? ? ? ? ? ? ? ? ? ? ? ? ? ? 
? ? ? ? ? ? ? ? ? ? ? ? ? ? ? ? ? ? ? ? ? ? ? ? ? ? ? ? ? ? ? ? ? ? ? ? ? ? ? ? ? ? ? ? ? 
? ? ? ? ? ? ? ? ? ? ? ? ? ? ? ? ? ? ? ? ? ? ? ? ? ? ? ? ? ? ? ? ? ? ? ? ? ? ? ? ? ? ? ? ? 
? ? ? ? ? ? ? ? ? ? ? ? ? ? ? ? ? ? ? ? ? ? ? ? ? ? ? ? ? ? ? ? ? ? ? ? ? ? ? ? ? ? ? ? ? 
? ? ? ? ? ? ? ? ? ? ? ? ? ? ? ? ? ? ? ? ? ? ? ? ? ? ? ? ? ? ? ? ? ? ? ? ? ? ? ? ? ? ? ? ? 
? ? ? ? ? ? ? ? ? ? ? ? ? ? ? ? ? ? ? ? ? ? ? ? ? ? ? ? ? ? ? ? ? ? ? ? ? ? ? ? ? ? ? ? ? 
? ? ? ? ? ? ? ? ? ? ? ? ? ? ? ? ? ? ? ? ? ? ? ? ? ? ? ? ? ? ? ? ? ? ? ? ? ? ? ? ? ? ? ? ? 
? ? ? ? ? ? ? ? ? ? ? ? ? ? ? ? ? ? ? ? ? ? ? ? ? ? ? ? ? ? ? ? ? ? ? ? ? ? ? ? ? ? ? ? ? 
? ? ? ? ? ? ? ? ? ? ? ? ? ? ? ? ? ? ? ? ? ? ? ? ? ? ? ? ? ? ? ? ? ? ? ? ? ? ? ? ? ? ? ? ? 
? ? ? ? ? ? ? ? ? ? ? ? ? ? ? ? ? ? ? ? ? ? ? ? ? ? ? ? ? ? ? ? ? ? ? ? ? ? ? ? ? ? ? ? ? 
? ? ? ? ? ? ? ? ? ? ? ? ? ? ? ? ? ? ? ? ? ? ? ? ? ? ? ? ? ? ? ? ? ? ? ? ? ? ? ? ? ? ? ? ? 
Step: 7
? ? F 2         1 1 3 F 3 1 2 1 1   2 F 2 1 F 3 3 ? ? ? ? ? ? ? ? ? ? ? ? ? ? ? ? ? ? ? ? 
? F F 2         1 F 3 F 3 F 2 F 1   2 F 2 1 2 F F ? ? ? ? ? ? ? ? ? ? ? ? ? ? ? ? ? ? ? ? 
? ? 3 1         1 1 2 1 2 1 2 2 2 2 3 3 3 1 2 2 3 ? ? ? ? ? ? ? ? ? ? ? ? ? ? ? ? ? ? ? ? 
? 2 1             1 1 1       1 F 3 F F 3 F 1   1 ? ? ? ? ? ? ? ? ? ? ? ? ? ? ? ? ? ? ? ? 
? ? 1 1 1 1     1 3 F 2       1 3 F 5 ? ? 2 2 2 2 ? ? ? ? ? ? ? ? ? ? ? ? ? ? ? ? ? ? ? ? 
? ? 2 2 F 1 1 1 2 F F 2   1 1 1 3 F ? ? ? ? ? ? F ? ? ? ? ? ? ? ? ? ? ? ? ? ? ? ? ? ? ? ? 
1 3 F 3 1 1 2 F 3 2 2 1 1 2 F 1 2 F ? ? ? ? ? ? ? ? ? ? ? ? ? ? ? ? ? ? ? ? ? ? ? ? ? ? ? 
1 4 F 3     3 F 4 2 2 1 1 F 2 1 1 2 ? ? ? ? ? ? ? ? ? ? ? ? ? ? ? ? ? ? ? ? ? ? ? ? ? ? ? 
1 F F 2     2 F 5 F F 1 2 2 3 1 2 2 ? ? ? ? ? ? ? ? ? ? ? ? ? ? ? ? ? ? ? ? ? ? ? ? ? ? ? 
1 2 2 1   1 2 3 F F 4 1 1 F 2 F 2 F ? ? ? ? ? ? ? ? ? ? ? ? ? ? ? ? ? ? ? ? ? ? ? ? ? ? ? 
          1 F 4 6 F 4 1 2 2 3 2 3 3 ? ? ? ? ? ? ? ? ? ? ? ? ? ? ? ? ? ? ? ? ? ? ? ? ? ? ? 
        1 2 3 F F F ? ? 2 ? ? 2 ? ? ? ? ? ? ? ? ? ? ? ? ? ? ? ? ? ? ? ? ? ? ? ? ? ? ? ? ? 
2 2 1   1 F 3 3 3 4 ? ? ? ? ? ? ? ? ? ? ? ? ? ? ? ? ? ? ? ? ? ? ? ? ? ? ? ? ? ? ? ? ? ? ? 
F F 2 1 2 3 ? 2 1 2 ? ? ? ? ? ? ? ? ? ? ? ? ? ? ? ? ? ? ? ? ? ? ? ? ? ? ? ? ? ? ? ? ? ? ? 
? ? ? ? ? ? ? ? ? ? ? ? ? ? ? ? ? ? ? ? ? ? ? ? ? ? ? ? ? ? ? ? ? ? ? ? ? ? ? ? ? ? ? ? ? 
? ? ? ? ? ? ? ? ? ? ? ? ? ? ? ? ? ? ? ? ? ? ? ? ? ? ? ? ? ? ? ? ? ? ? ? ? ? ? ? ? ? ? ? ? 
? ? ? ? ? ? ? ? ? ? ? ? ? ? ? ? ? ? ? ? ? ? ? ? ? ? ? ? ? ? ? ? ? ? ? ? ? ? ? ? ? ? ? ? ? 
? ? ? ? ? ? ? ? ? ? ? ? ? ? ? ? ? ? ? ? ? ? ? ? ? ? ? ? ? ? ? ? ? ? ? ? ? ? ? ? ? ? ? ? ? 
? ? ? ? ? ? ? ? ? ? ? ? ? ? ? ? ? ? ? ? ? ? ? ? ? ? ? ? ? ? ? ? ? ? ? ? ? ? ? ? ? ? ? ? ? 
? ? ? ? ? ? ? ? ? ? ? ? ? ? ? ? ? ? ? ? ? ? ? ? ? ? ? ? ? ? ? ? ? ? ? ? ? ? ? ? ? ? ? ? ? 
? ? ? ? ? ? ? ? ? ? ? ? ? ? ? ? ? ? ? ? ? ? ? ? ? ? ? ? ? ? ? ? ? ? ? ? ? ? ? ? ? ? ? ? ? 
? ? ? ? ? ? ? ? ? ? ? ? ? ? ? ? ? ? ? ? ? ? ? ? ? ? ? ? ? ? ? ? ? ? ? ? ? ? ? ? ? ? ? ? ? 
? ? ? ? ? ? ? ? ? ? ? ? ? ? ? ? ? ? ? ? ? ? ? ? ? ? ? ? ? ? ? ? ? ? ? ? ? ? ? ? ? ? ? ? ? 
? ? ? ? ? ? ? ? ? ? ? ? ? ? ? ? ? ? ? ? ? ? ? ? ? ? ? ? ? ? ? ? ? ? ? ? ? ? ? ? ? ? ? ? ? 
? ? ? ? ? ? ? ? ? ? ? ? ? ? ? ? ? ? ? ? ? ? ? ? ? ? ? ? ? ? ? ? ? ? ? ? ? ? ? ? ? ? ? ? ? 
? ? ? ? ? ? ? ? ? ? ? ? ? ? ? ? ? ? ? ? ? ? ? ? ? ? ? ? ? ? ? ? ? ? ? ? ? ? ? ? ? ? ? ? ? 
Step: 8
? ? F 2         1 1 3 F 3 1 2 1 1   2 F 2 1 F 3 3 ? ? ? ? ? ? ? ? ? ? ? ? ? ? ? ? ? ? ? ? 
? F F 2         1 F 3 F 3 F 2 F 1   2 F 2 1 2 F F ? ? ? ? ? ? ? ? ? ? ? ? ? ? ? ? ? ? ? ? 
? F 3 1         1 1 2 1 2 1 2 2 2 2 3 3 3 1 2 2 3 ? ? ? ? ? ? ? ? ? ? ? ? ? ? ? ? ? ? ? ? 
2 2 1             1 1 1       1 F 3 F F 3 F 1   1 ? ? ? ? ? ? ? ? ? ? ? ? ? ? ? ? ? ? ? ? 
1 1 1 1 1 1     1 3 F 2       1 3 F 5 ? ? 2 2 2 2 ? ? ? ? ? ? ? ? ? ? ? ? ? ? ? ? ? ? ? ? 
1 F 2 2 F 1 1 1 2 F F 2   1 1 1 3 F ? ? ? ? ? ? F ? ? ? ? ? ? ? ? ? ? ? ? ? ? ? ? ? ? ? ? 
1 3 F 3 1 1 2 F 3 2 2 1 1 2 F 1 2 F ? ? ? ? ? ? ? ? ? ? ? ? ? ? ? ? ? ? ? ? ? ? ? ? ? ? ? 
1 4 F 3     3 F 4 2 2 1 1 F 2 1 1 2 ? ? ? ? ? ? ? ? ? ? ? ? ? ? ? ? ? ? ? ? ? ? ? ? ? ? ? 
1 F F 2     2 F 5 F F 1 2 2 3 1 2 2 ? ? ? ? ? ? ? ? ? ? ? ? ? ? ? ? ? ? ? ? ? ? ? ? ? ? ? 
1 2 2 1   1 2 3 F F 4 1 1 F 2 F 2 F ? ? ? ? ? ? ? ? ? ? ? ? ? ? ? ? ? ? ? ? ? ? ? ? ? ? ? 
          1 F 4 6 F 4 1 2 2 3 2 3 3 ? ? ? ? ? ? ? ? ? ? ? ? ? ? ? ? ? ? ? ? ? ? ? ? ? ? ? 
        1 2 3 F F F ? ? 2 ? ? 2 ? ? ? ? ? ? ? ? ? ? ? ? ? ? ? ? ? ? ? ? ? ? ? ? ? ? ? ? ? 
2 2 1   1 F 3 3 3 4 ? ? ? ? ? ? ? ? ? ? ? ? ? ? ? ? ? ? ? ? ? ? ? ? ? ? ? ? ? ? ? ? ? ? ? 
F F 2 1 2 3 F 2 1 2 ? ? ? ? ? ? ? ? ? ? ? ? ? ? ? ? ? ? ? ? ? ? ? ? ? ? ? ? ? ? ? ? ? ? ? 
? ? ? ? ? ? ? ? ? ? ? ? ? ? ? ? ? ? ? ? ? ? ? ? ? ? ? ? ? ? ? ? ? ? ? ? ? ? ? ? ? ? ? ? ? 
? ? ? ? ? ? ? ? ? ? ? ? ? ? ? ? ? ? ? ? ? ? ? ? ? ? ? ? ? ? ? ? ? ? ? ? ? ? ? ? ? ? ? ? ? 
? ? ? ? ? ? ? ? ? ? ? ? ? ? ? ? ? ? ? ? ? ? ? ? ? ? ? ? ? ? ? ? ? ? ? ? ? ? ? ? ? ? ? ? ? 
? ? ? ? ? ? ? ? ? ? ? ? ? ? ? ? ? ? ? ? ? ? ? ? ? ? ? ? ? ? ? ? ? ? ? ? ? ? ? ? ? ? ? ? ? 
? ? ? ? ? ? ? ? ? ? ? ? ? ? ? ? ? ? ? ? ? ? ? ? ? ? ? ? ? ? ? ? ? ? ? ? ? ? ? ? ? ? ? ? ? 
? ? ? ? ? ? ? ? ? ? ? ? ? ? ? ? ? ? ? ? ? ? ? ? ? ? ? ? ? ? ? ? ? ? ? ? ? ? ? ? ? ? ? ? ? 
? ? ? ? ? ? ? ? ? ? ? ? ? ? ? ? ? ? ? ? ? ? ? ? ? ? ? ? ? ? ? ? ? ? ? ? ? ? ? ? ? ? ? ? ? 
? ? ? ? ? ? ? ? ? ? ? ? ? ? ? ? ? ? ? ? ? ? ? ? ? ? ? ? ? ? ? ? ? ? ? ? ? ? ? ? ? ? ? ? ? 
? ? ? ? ? ? ? ? ? ? ? ? ? ? ? ? ? ? ? ? ? ? ? ? ? ? ? ? ? ? ? ? ? ? ? ? ? ? ? ? ? ? ? ? ? 
? ? ? ? ? ? ? ? ? ? ? ? ? ? ? ? ? ? ? ? ? ? ? ? ? ? ? ? ? ? ? ? ? ? ? ? ? ? ? ? ? ? ? ? ? 
? ? ? ? ? ? ? ? ? ? ? ? ? ? ? ? ? ? ? ? ? ? ? ? ? ? ? ? ? ? ? ? ? ? ? ? ? ? ? ? ? ? ? ? ? 
? ? ? ? ? ? ? ? ? ? ? ? ? ? ? ? ? ? ? ? ? ? ? ? ? ? ? ? ? ? ? ? ? ? ? ? ? ? ? ? ? ? ? ? ? 
Step: 9
? ? F 2         1 1 3 F 3 1 2 1 1   2 F 2 1 F 3 3 ? ? ? ? ? ? ? ? ? ? ? ? ? ? ? ? ? ? ? ? 
? F F 2         1 F 3 F 3 F 2 F 1   2 F 2 1 2 F F ? ? ? ? ? ? ? ? ? ? ? ? ? ? ? ? ? ? ? ? 
F F 3 1         1 1 2 1 2 1 2 2 2 2 3 3 3 1 2 2 3 ? ? ? ? ? ? ? ? ? ? ? ? ? ? ? ? ? ? ? ? 
2 2 1             1 1 1       1 F 3 F F 3 F 1   1 ? ? ? ? ? ? ? ? ? ? ? ? ? ? ? ? ? ? ? ? 
1 1 1 1 1 1     1 3 F 2       1 3 F 5 ? ? 2 2 2 2 ? ? ? ? ? ? ? ? ? ? ? ? ? ? ? ? ? ? ? ? 
1 F 2 2 F 1 1 1 2 F F 2   1 1 1 3 F ? ? ? ? ? ? F ? ? ? ? ? ? ? ? ? ? ? ? ? ? ? ? ? ? ? ? 
1 3 F 3 1 1 2 F 3 2 2 1 1 2 F 1 2 F ? ? ? ? ? ? ? ? ? ? ? ? ? ? ? ? ? ? ? ? ? ? ? ? ? ? ? 
1 4 F 3     3 F 4 2 2 1 1 F 2 1 1 2 ? ? ? ? ? ? ? ? ? ? ? ? ? ? ? ? ? ? ? ? ? ? ? ? ? ? ? 
1 F F 2     2 F 5 F F 1 2 2 3 1 2 2 ? ? ? ? ? ? ? ? ? ? ? ? ? ? ? ? ? ? ? ? ? ? ? ? ? ? ? 
1 2 2 1   1 2 3 F F 4 1 1 F 2 F 2 F ? ? ? ? ? ? ? ? ? ? ? ? ? ? ? ? ? ? ? ? ? ? ? ? ? ? ? 
          1 F 4 6 F 4 1 2 2 3 2 3 3 ? ? ? ? ? ? ? ? ? ? ? ? ? ? ? ? ? ? ? ? ? ? ? ? ? ? ? 
        1 2 3 F F F ? ? 2 ? ? 2 ? ? ? ? ? ? ? ? ? ? ? ? ? ? ? ? ? ? ? ? ? ? ? ? ? ? ? ? ? 
2 2 1   1 F 3 3 3 4 ? ? ? ? ? ? ? ? ? ? ? ? ? ? ? ? ? ? ? ? ? ? ? ? ? ? ? ? ? ? ? ? ? ? ? 
F F 2 1 2 3 F 2 1 2 ? ? ? ? ? ? ? ? ? ? ? ? ? ? ? ? ? ? ? ? ? ? ? ? ? ? ? ? ? ? ? ? ? ? ? 
? ? ? ? ? ? ? ? ? ? ? ? ? ? ? ? ? ? ? ? ? ? ? ? ? ? ? ? ? ? ? ? ? ? ? ? ? ? ? ? ? ? ? ? ? 
? ? ? ? ? ? ? ? ? ? ? ? ? ? ? ? ? ? ? ? ? ? ? ? ? ? ? ? ? ? ? ? ? ? ? ? ? ? ? ? ? ? ? ? ? 
? ? ? ? ? ? ? ? ? ? ? ? ? ? ? ? ? ? ? ? ? ? ? ? ? ? ? ? ? ? ? ? ? ? ? ? ? ? ? ? ? ? ? ? ? 
? ? ? ? ? ? ? ? ? ? ? ? ? ? ? ? ? ? ? ? ? ? ? ? ? ? ? ? ? ? ? ? ? ? ? ? ? ? ? ? ? ? ? ? ? 
? ? ? ? ? ? ? ? ? ? ? ? ? ? ? ? ? ? ? ? ? ? ? ? ? ? ? ? ? ? ? ? ? ? ? ? ? ? ? ? ? ? ? ? ? 
? ? ? ? ? ? ? ? ? ? ? ? ? ? ? ? ? ? ? ? ? ? ? ? ? ? ? ? ? ? ? ? ? ? ? ? ? ? ? ? ? ? ? ? ? 
? ? ? ? ? ? ? ? ? ? ? ? ? ? ? ? ? ? ? ? ? ? ? ? ? ? ? ? ? ? ? ? ? ? ? ? ? ? ? ? ? ? ? ? ? 
? ? ? ? ? ? ? ? ? ? ? ? ? ? ? ? ? ? ? ? ? ? ? ? ? ? ? ? ? ? ? ? ? ? ? ? ? ? ? ? ? ? ? ? ? 
? ? ? ? ? ? ? ? ? ? ? ? ? ? ? ? ? ? ? ? ? ? ? ? ? ? ? ? ? ? ? ? ? ? ? ? ? ? ? ? ? ? ? ? ? 
? ? ? ? ? ? ? ? ? ? ? ? ? ? ? ? ? ? ? ? ? ? ? ? ? ? ? ? ? ? ? ? ? ? ? ? ? ? ? ? ? ? ? ? ? 
? ? ? ? ? ? ? ? ? ? ? ? ? ? ? ? ? ? ? ? ? ? ? ? ? ? ? ? ? ? ? ? ? ? ? ? ? ? ? ? ? ? ? ? ? 
? ? ? ? ? ? ? ? ? ? ? ? ? ? ? ? ? ? ? ? ? ? ? ? ? ? ? ? ? ? ? ? ? ? ? ? ? ? ? ? ? ? ? ? ? 
Step: 10
? ? F 2         1 1 3 F 3 1 2 1 1   2 F 2 1 F 3 3 ? ? ? ? ? ? ? ? ? ? ? ? ? ? ? ? ? ? ? ? 
? F F 2         1 F 3 F 3 F 2 F 1   2 F 2 1 2 F F ? ? ? ? ? ? ? ? ? ? ? ? ? ? ? ? ? ? ? ? 
F F 3 1         1 1 2 1 2 1 2 2 2 2 3 3 3 1 2 2 3 ? ? ? ? ? ? ? ? ? ? ? ? ? ? ? ? ? ? ? ? 
2 2 1             1 1 1       1 F 3 F F 3 F 1   1 ? ? ? ? ? ? ? ? ? ? ? ? ? ? ? ? ? ? ? ? 
1 1 1 1 1 1     1 3 F 2       1 3 F 5 ? ? 2 2 2 2 ? ? ? ? ? ? ? ? ? ? ? ? ? ? ? ? ? ? ? ? 
1 F 2 2 F 1 1 1 2 F F 2   1 1 1 3 F ? ? ? 1 ? ? F ? ? ? ? ? ? ? ? ? ? ? ? ? ? ? ? ? ? ? ? 
1 3 F 3 1 1 2 F 3 2 2 1 1 2 F 1 2 F ? ? ? ? ? ? ? ? ? ? ? ? ? ? ? ? ? ? ? ? ? ? ? ? ? ? ? 
1 4 F 3     3 F 4 2 2 1 1 F 2 1 1 2 ? ? ? ? ? ? ? ? ? ? ? ? ? ? ? ? ? ? ? ? ? ? ? ? ? ? ? 
1 F F 2     2 F 5 F F 1 2 2 3 1 2 2 ? ? ? ? ? ? ? ? ? ? ? ? ? ? ? ? ? ? ? ? ? ? ? ? ? ? ? 
1 2 2 1   1 2 3 F F 4 1 1 F 2 F 2 F ? ? ? ? ? ? ? ? ? ? ? ? ? ? ? ? ? ? ? ? ? ? ? ? ? ? ? 
          1 F 4 6 F 4 1 2 2 3 2 3 3 ? ? ? ? ? ? ? ? ? ? ? ? ? ? ? ? ? ? ? ? ? ? ? ? ? ? ? 
        1 2 3 F F F ? ? 2 ? ? 2 ? ? ? ? ? ? ? ? ? ? ? ? ? ? ? ? ? ? ? ? ? ? ? ? ? ? ? ? ? 
2 2 1   1 F 3 3 3 4 ? ? ? ? ? ? ? ? ? ? ? ? ? ? ? ? ? ? ? ? ? ? ? ? ? ? ? ? ? ? ? ? ? ? ? 
F F 2 1 2 3 F 2 1 2 ? ? ? ? ? ? ? ? ? ? ? ? ? ? ? ? ? ? ? ? ? ? ? ? ? ? ? ? ? ? ? ? ? ? ? 
? ? ? ? ? ? ? ? ? ? ? ? ? ? ? ? ? ? ? ? ? ? ? ? ? ? ? ? ? ? ? ? ? ? ? ? ? ? ? ? ? ? ? ? ? 
? ? ? ? ? ? ? ? ? ? ? ? ? ? ? ? ? ? ? ? ? ? ? ? ? ? ? ? ? ? ? ? ? ? ? ? ? ? ? ? ? ? ? ? ? 
? ? ? ? ? ? ? ? ? ? ? ? ? ? ? ? ? ? ? ? ? ? ? ? ? ? ? ? ? ? ? ? ? ? ? ? ? ? ? ? ? ? ? ? ? 
? ? ? ? ? ? ? ? ? ? ? ? ? ? ? ? ? ? ? ? ? ? ? ? ? ? ? ? ? ? ? ? ? ? ? ? ? ? ? ? ? ? ? ? ? 
? ? ? ? ? ? ? ? ? ? ? ? ? ? ? ? ? ? ? ? ? ? ? ? ? ? ? ? ? ? ? ? ? ? ? ? ? ? ? ? ? ? ? ? ? 
? ? ? ? ? ? ? ? ? ? ? ? ? ? ? ? ? ? ? ? ? ? ? ? ? ? ? ? ? ? ? ? ? ? ? ? ? ? ? ? ? ? ? ? ? 
? ? ? ? ? ? ? ? ? ? ? ? ? ? ? ? ? ? ? ? ? ? ? ? ? ? ? ? ? ? ? ? ? ? ? ? ? ? ? ? ? ? ? ? ? 
? ? ? ? ? ? ? ? ? ? ? ? ? ? ? ? ? ? ? ? ? ? ? ? ? ? ? ? ? ? ? ? ? ? ? ? ? ? ? ? ? ? ? ? ? 
? ? ? ? ? ? ? ? ? ? ? ? ? ? ? ? ? ? ? ? ? ? ? ? ? ? ? ? ? ? ? ? ? ? ? ? ? ? ? ? ? ? ? ? ? 
? ? ? ? ? ? ? ? ? ? ? ? ? ? ? ? ? ? ? ? ? ? ? ? ? ? ? ? ? ? ? ? ? ? ? ? ? ? ? ? ? ? ? ? ? 
? ? ? ? ? ? ? ? ? ? ? ? ? ? ? ? ? ? ? ? ? ? ? ? ? ? ? ? ? ? ? ? ? ? ? ? ? ? ? ? ? ? ? ? ? 
? ? ? ? ? ? ? ? ? ? ? ? ? ? ? ? ? ? ? ? ? ? ? ? ? ? ? ? ? ? ? ? ? ? ? ? ? ? ? ? ? ? ? ? ? 
Step: 11
? ? F 2         1 1 3 F 3 1 2 1 1   2 F 2 1 F 3 3 ? ? ? ? ? ? ? ? ? ? ? ? ? ? ? ? ? ? ? ? 
? F F 2         1 F 3 F 3 F 2 F 1   2 F 2 1 2 F F ? ? ? ? ? ? ? ? ? ? ? ? ? ? ? ? ? ? ? ? 
F F 3 1         1 1 2 1 2 1 2 2 2 2 3 3 3 1 2 2 3 ? ? ? ? ? ? ? ? ? ? ? ? ? ? ? ? ? ? ? ? 
2 2 1             1 1 1       1 F 3 F F 3 F 1   1 ? ? ? ? ? ? ? ? ? ? ? ? ? ? ? ? ? ? ? ? 
1 1 1 1 1 1     1 3 F 2       1 3 F 5 ? ? 2 2 2 2 ? ? ? ? ? ? ? ? ? ? ? ? ? ? ? ? ? ? ? ? 
1 F 2 2 F 1 1 1 2 F F 2   1 1 1 3 F ? ? ? 1 ? ? F ? ? ? ? ? ? ? ? ? ? ? ? ? ? ? ? ? ? ? ? 
1 3 F 3 1 1 2 F 3 2 2 1 1 2 F 1 2 F ? ? 1 2 3 ? ? ? ? ? ? ? ? ? ? ? ? ? ? ? ? ? ? ? ? ? ? 
1 4 F 3     3 F 4 2 2 1 1 F 2 1 1 2 ? ? ? ? ? ? ? ? ? ? ? ? ? ? ? ? ? ? ? ? ? ? ? ? ? ? ? 
1 F F 2     2 F 5 F F 1 2 2 3 1 2 2 ? ? ? ? ? ? ? ? ? ? ? ? ? ? ? ? ? ? ? ? ? ? ? ? ? ? ? 
1 2 2 1   1 2 3 F F 4 1 1 F 2 F 2 F ? ? ? ? ? ? ? ? ? ? ? ? ? ? ? ? ? ? ? ? ? ? ? ? ? ? ? 
          1 F 4 6 F 4 1 2 2 3 2 3 3 ? ? ? ? ? ? ? ? ? ? ? ? ? ? ? ? ? ? ? ? ? ? ? ? ? ? ? 
        1 2 3 F F F ? ? 2 ? ? 2 ? ? ? ? ? ? ? ? ? ? ? ? ? ? ? ? ? ? ? ? ? ? ? ? ? ? ? ? ? 
2 2 1   1 F 3 3 3 4 ? ? ? ? ? ? ? ? ? ? ? ? ? ? ? ? ? ? ? ? ? ? ? ? ? ? ? ? ? ? ? ? ? ? ? 
F F 2 1 2 3 F 2 1 2 ? ? ? ? ? ? ? ? ? ? ? ? ? ? ? ? ? ? ? ? ? ? ? ? ? ? ? ? ? ? ? ? ? ? ? 
? ? ? ? ? ? ? ? ? ? ? ? ? ? ? ? ? ? ? ? ? ? ? ? ? ? ? ? ? ? ? ? ? ? ? ? ? ? ? ? ? ? ? ? ? 
? ? ? ? ? ? ? ? ? ? ? ? ? ? ? ? ? ? ? ? ? ? ? ? ? ? ? ? ? ? ? ? ? ? ? ? ? ? ? ? ? ? ? ? ? 
? ? ? ? ? ? ? ? ? ? ? ? ? ? ? ? ? ? ? ? ? ? ? ? ? ? ? ? ? ? ? ? ? ? ? ? ? ? ? ? ? ? ? ? ? 
? ? ? ? ? ? ? ? ? ? ? ? ? ? ? ? ? ? ? ? ? ? ? ? ? ? ? ? ? ? ? ? ? ? ? ? ? ? ? ? ? ? ? ? ? 
? ? ? ? ? ? ? ? ? ? ? ? ? ? ? ? ? ? ? ? ? ? ? ? ? ? ? ? ? ? ? ? ? ? ? ? ? ? ? ? ? ? ? ? ? 
? ? ? ? ? ? ? ? ? ? ? ? ? ? ? ? ? ? ? ? ? ? ? ? ? ? ? ? ? ? ? ? ? ? ? ? ? ? ? ? ? ? ? ? ? 
? ? ? ? ? ? ? ? ? ? ? ? ? ? ? ? ? ? ? ? ? ? ? ? ? ? ? ? ? ? ? ? ? ? ? ? ? ? ? ? ? ? ? ? ? 
? ? ? ? ? ? ? ? ? ? ? ? ? ? ? ? ? ? ? ? ? ? ? ? ? ? ? ? ? ? ? ? ? ? ? ? ? ? ? ? ? ? ? ? ? 
? ? ? ? ? ? ? ? ? ? ? ? ? ? ? ? ? ? ? ? ? ? ? ? ? ? ? ? ? ? ? ? ? ? ? ? ? ? ? ? ? ? ? ? ? 
? ? ? ? ? ? ? ? ? ? ? ? ? ? ? ? ? ? ? ? ? ? ? ? ? ? ? ? ? ? ? ? ? ? ? ? ? ? ? ? ? ? ? ? ? 
? ? ? ? ? ? ? ? ? ? ? ? ? ? ? ? ? ? ? ? ? ? ? ? ? ? ? ? ? ? ? ? ? ? ? ? ? ? ? ? ? ? ? ? ? 
? ? ? ? ? ? ? ? ? ? ? ? ? ? ? ? ? ? ? ? ? ? ? ? ? ? ? ? ? ? ? ? ? ? ? ? ? ? ? ? ? ? ? ? ? 
Warning: 2^50 permutations, this will take a very long time! (Using 2048 threads for bit masks)
Step: 12
? ? F 2         1 1 3 F 3 1 2 1 1   2 F 2 1 F 3 3 ? ? ? ? ? ? ? ? ? ? ? ? ? ? ? ? ? ? ? ? 
? F F 2         1 F 3 F 3 F 2 F 1   2 F 2 1 2 F F ? ? ? ? ? ? ? ? ? ? ? ? ? ? ? ? ? ? ? ? 
F F 3 1         1 1 2 1 2 1 2 2 2 2 3 3 3 1 2 2 3 ? ? ? ? ? ? ? ? ? ? ? ? ? ? ? ? ? ? ? ? 
2 2 1             1 1 1       1 F 3 F F 3 F 1   1 ? ? ? ? ? ? ? ? ? ? ? ? ? ? ? ? ? ? ? ? 
1 1 1 1 1 1     1 3 F 2       1 3 F 5 ? ? 2 2 2 2 ? ? ? ? ? ? ? ? ? ? ? ? ? ? ? ? ? ? ? ? 
1 F 2 2 F 1 1 1 2 F F 2   1 1 1 3 F ? 1 ? 1 ? ? F ? ? ? ? ? ? ? ? ? ? ? ? ? ? ? ? ? ? ? ? 
1 3 F 3 1 1 2 F 3 2 2 1 1 2 F 1 2 F ? ? 1 2 3 ? ? ? ? ? ? ? ? ? ? ? ? ? ? ? ? ? ? ? ? ? ? 
1 4 F 3     3 F 4 2 2 1 1 F 2 1 1 2 ? ? ? ? ? ? ? ? ? ? ? ? ? ? ? ? ? ? ? ? ? ? ? ? ? ? ? 
1 F F 2     2 F 5 F F 1 2 2 3 1 2 2 ? ? ? ? ? ? ? ? ? ? ? ? ? ? ? ? ? ? ? ? ? ? ? ? ? ? ? 
1 2 2 1   1 2 3 F F 4 1 1 F 2 F 2 F ? ? ? ? ? ? ? ? ? ? ? ? ? ? ? ? ? ? ? ? ? ? ? ? ? ? ? 
          1 F 4 6 F 4 1 2 2 3 2 3 3 ? ? ? ? ? ? ? ? ? ? ? ? ? ? ? ? ? ? ? ? ? ? ? ? ? ? ? 
        1 2 3 F F F ? ? 2 ? ? 2 ? ? ? ? ? ? ? ? ? ? ? ? ? ? ? ? ? ? ? ? ? ? ? ? ? ? ? ? ? 
2 2 1   1 F 3 3 3 4 ? ? ? ? ? ? ? ? ? ? ? ? ? ? ? ? ? ? ? ? ? ? ? ? ? ? ? ? ? ? ? ? ? ? ? 
F F 2 1 2 3 F 2 1 2 ? ? ? ? ? ? ? ? ? ? ? ? ? ? ? ? ? ? ? ? ? ? ? ? ? ? ? ? ? ? ? ? ? ? ? 
? ? ? ? ? ? ? ? ? ? ? ? ? ? ? ? ? ? ? ? ? ? ? ? ? ? ? ? ? ? ? ? ? ? ? ? ? ? ? ? ? ? ? ? ? 
? ? ? ? ? ? ? ? ? ? ? ? ? ? ? ? ? ? ? ? ? ? ? ? ? ? ? ? ? ? ? ? ? ? ? ? ? ? ? ? ? ? ? ? ? 
? ? ? ? ? ? ? ? ? ? ? ? ? ? ? ? ? ? ? ? ? ? ? ? ? ? ? ? ? ? ? ? ? ? ? ? ? ? ? ? ? ? ? ? ? 
? ? ? ? ? ? ? ? ? ? ? ? ? ? ? ? ? ? ? ? ? ? ? ? ? ? ? ? ? ? ? ? ? ? ? ? ? ? ? ? ? ? ? ? ? 
? ? ? ? ? ? ? ? ? ? ? ? ? ? ? ? ? ? ? ? ? ? ? ? ? ? ? ? ? ? ? ? ? ? ? ? ? ? ? ? ? ? ? ? ? 
? ? ? ? ? ? ? ? ? ? ? ? ? ? ? ? ? ? ? ? ? ? ? ? ? ? ? ? ? ? ? ? ? ? ? ? ? ? ? ? ? ? ? ? ? 
? ? ? ? ? ? ? ? ? ? ? ? ? ? ? ? ? ? ? ? ? ? ? ? ? ? ? ? ? ? ? ? ? ? ? ? ? ? ? ? ? ? ? ? ? 
? ? ? ? ? ? ? ? ? ? ? ? ? ? ? ? ? ? ? ? ? ? ? ? ? ? ? ? ? ? ? ? ? ? ? ? ? ? ? ? ? ? ? ? ? 
? ? ? ? ? ? ? ? ? ? ? ? ? ? ? ? ? ? ? ? ? ? ? ? ? ? ? ? ? ? ? ? ? ? ? ? ? ? ? ? ? ? ? ? ? 
? ? ? ? ? ? ? ? ? ? ? ? ? ? ? ? ? ? ? ? ? ? ? ? ? ? ? ? ? ? ? ? ? ? ? ? ? ? ? ? ? ? ? ? ? 
? ? ? ? ? ? ? ? ? ? ? ? ? ? ? ? ? ? ? ? ? ? ? ? ? ? ? ? ? ? ? ? ? ? ? ? ? ? ? ? ? ? ? ? ? 
? ? ? ? ? ? ? ? ? ? ? ? ? ? ? ? ? ? ? ? ? ? ? ? ? ? ? ? ? ? ? ? ? ? ? ? ? ? ? ? ? ? ? ? ? 
Step: 13
? ? F 2         1 1 3 F 3 1 2 1 1   2 F 2 1 F 3 3 ? ? ? ? ? ? ? ? ? ? ? ? ? ? ? ? ? ? ? ? 
? F F 2         1 F 3 F 3 F 2 F 1   2 F 2 1 2 F F ? ? ? ? ? ? ? ? ? ? ? ? ? ? ? ? ? ? ? ? 
F F 3 1         1 1 2 1 2 1 2 2 2 2 3 3 3 1 2 2 3 ? ? ? ? ? ? ? ? ? ? ? ? ? ? ? ? ? ? ? ? 
2 2 1             1 1 1       1 F 3 F F 3 F 1   1 ? ? ? ? ? ? ? ? ? ? ? ? ? ? ? ? ? ? ? ? 
1 1 1 1 1 1     1 3 F 2       1 3 F 5 ? 3 2 2 2 2 ? ? ? ? ? ? ? ? ? ? ? ? ? ? ? ? ? ? ? ? 
1 F 2 2 F 1 1 1 2 F F 2   1 1 1 3 F 4 1 1 1 ? 3 F ? ? ? ? ? ? ? ? ? ? ? ? ? ? ? ? ? ? ? ? 
1 3 F 3 1 1 2 F 3 2 2 1 1 2 F 1 2 F 2   1 2 3 ? ? ? ? ? ? ? ? ? ? ? ? ? ? ? ? ? ? ? ? ? ? 
1 4 F 3     3 F 4 2 2 1 1 F 2 1 1 2 2 1 1 ? ? ? ? ? ? ? ? ? ? ? ? ? ? ? ? ? ? ? ? ? ? ? ? 
1 F F 2     2 F 5 F F 1 2 2 3 1 2 2 ? 1 1 2 ? 2 ? ? ? ? ? ? ? ? ? ? ? ? ? ? ? ? ? ? ? ? ? 
1 2 2 1   1 2 3 F F 4 1 1 F 2 F 2 F 3 2   1 1 3 ? ? ? ? ? ? ? ? ? ? ? ? ? ? ? ? ? ? ? ? ? 
          1 F 4 6 F 4 1 2 2 3 2 3 3 F 1     1 3 F ? ? ? ? ? ? ? ? ? ? ? ? ? ? ? ? ? ? ? ? 
        1 2 3 F F F ? ? 2 ? ? 2 ? ? 2 1     2 F 4 2 ? ? ? ? ? ? ? ? ? ? ? ? ? ? ? ? ? ? ? 
2 2 1   1 F 3 3 3 4 ? ? ? ? ? ? ? ? 2   1 1 3 F 3 ? ? ? ? ? ? ? ? ? ? ? ? ? ? ? ? ? ? ? ? 
F F 2 1 2 3 F 2 1 2 ? ? ? ? ? ? ? F 2   1 ? 2 1 2 2 ? ? ? ? ? ? ? ? ? ? ? ? ? ? ? ? ? ? ? 
? ? ? ? ? ? ? ? ? ? ? ? ? ? ? ? ? ? 4 2 2 1 1     1 ? ? ? ? ? ? ? ? ? ? ? ? ? ? ? ? ? ? ? 
? ? ? ? ? ? ? ? ? ? ? ? ? ? ? ? ? ? ? F 2   1 2 2 1 ? ? ? ? ? ? ? ? ? ? ? ? ? ? ? ? ? ? ? 
? ? ? ? ? ? ? ? ? ? ? ? ? ? ? ? ? ? ? F 4 1 2 F F 2 ? ? ? ? ? ? ? ? ? ? ? ? ? ? ? ? ? ? ? 
? ? ? ? ? ? ? ? ? ? ? ? ? ? ? ? ? ? ? F ? ? ? ? ? ? ? ? ? ? ? ? ? ? ? ? ? ? ? ? ? ? ? ? ? 
? ? ? ? ? ? ? ? ? ? ? ? ? ? ? ? ? ? ? ? ? ? ? ? ? ? ? ? ? ? ? ? ? ? ? ? ? ? ? ? ? ? ? ? ? 
? ? ? ? ? ? ? ? ? ? ? ? ? ? ? ? ? ? ? ? ? ? ? ? ? ? ? ? ? ? ? ? ? ? ? ? ? ? ? ? ? ? ? ? ? 
? ? ? ? ? ? ? ? ? ? ? ? ? ? ? ? ? ? ? ? ? ? ? ? ? ? ? ? ? ? ? ? ? ? ? ? ? ? ? ? ? ? ? ? ? 
? ? ? ? ? ? ? ? ? ? ? ? ? ? ? ? ? ? ? ? ? ? ? ? ? ? ? ? ? ? ? ? ? ? ? ? ? ? ? ? ? ? ? ? ? 
? ? ? ? ? ? ? ? ? ? ? ? ? ? ? ? ? ? ? ? ? ? ? ? ? ? ? ? ? ? ? ? ? ? ? ? ? ? ? ? ? ? ? ? ? 
? ? ? ? ? ? ? ? ? ? ? ? ? ? ? ? ? ? ? ? ? ? ? ? ? ? ? ? ? ? ? ? ? ? ? ? ? ? ? ? ? ? ? ? ? 
? ? ? ? ? ? ? ? ? ? ? ? ? ? ? ? ? ? ? ? ? ? ? ? ? ? ? ? ? ? ? ? ? ? ? ? ? ? ? ? ? ? ? ? ? 
? ? ? ? ? ? ? ? ? ? ? ? ? ? ? ? ? ? ? ? ? ? ? ? ? ? ? ? ? ? ? ? ? ? ? ? ? ? ? ? ? ? ? ? ? 
Step: 14
? ? F 2         1 1 3 F 3 1 2 1 1   2 F 2 1 F 3 3 ? ? ? ? ? ? ? ? ? ? ? ? ? ? ? ? ? ? ? ? 
? F F 2         1 F 3 F 3 F 2 F 1   2 F 2 1 2 F F ? ? ? ? ? ? ? ? ? ? ? ? ? ? ? ? ? ? ? ? 
F F 3 1         1 1 2 1 2 1 2 2 2 2 3 3 3 1 2 2 3 ? ? ? ? ? ? ? ? ? ? ? ? ? ? ? ? ? ? ? ? 
2 2 1             1 1 1       1 F 3 F F 3 F 1   1 ? ? ? ? ? ? ? ? ? ? ? ? ? ? ? ? ? ? ? ? 
1 1 1 1 1 1     1 3 F 2       1 3 F 5 F 3 2 2 2 2 ? ? ? ? ? ? ? ? ? ? ? ? ? ? ? ? ? ? ? ? 
1 F 2 2 F 1 1 1 2 F F 2   1 1 1 3 F 4 1 1 1 F 3 F ? ? ? ? ? ? ? ? ? ? ? ? ? ? ? ? ? ? ? ? 
1 3 F 3 1 1 2 F 3 2 2 1 1 2 F 1 2 F 2   1 2 3 ? ? ? ? ? ? ? ? ? ? ? ? ? ? ? ? ? ? ? ? ? ? 
1 4 F 3     3 F 4 2 2 1 1 F 2 1 1 2 2 1 1 F 3 ? ? ? ? ? ? ? ? ? ? ? ? ? ? ? ? ? ? ? ? ? ? 
1 F F 2     2 F 5 F F 1 2 2 3 1 2 2 F 1 1 2 F 2 ? ? ? ? ? ? ? ? ? ? ? ? ? ? ? ? ? ? ? ? ? 
1 2 2 1   1 2 3 F F 4 1 1 F 2 F 2 F 3 2   1 1 3 F ? ? ? ? ? ? ? ? ? ? ? ? ? ? ? ? ? ? ? ? 
          1 F 4 6 F 4 1 2 2 3 2 3 3 F 1     1 3 F ? ? ? ? ? ? ? ? ? ? ? ? ? ? ? ? ? ? ? ? 
        1 2 3 F F F ? ? 2 ? ? 2 ? ? 2 1     2 F 4 2 ? ? ? ? ? ? ? ? ? ? ? ? ? ? ? ? ? ? ? 
2 2 1   1 F 3 3 3 4 ? ? ? ? ? ? ? ? 2   1 1 3 F 3 F ? ? ? ? ? ? ? ? ? ? ? ? ? ? ? ? ? ? ? 
F F 2 1 2 3 F 2 1 2 ? ? ? ? ? ? ? F 2   1 F 2 1 2 2 ? ? ? ? ? ? ? ? ? ? ? ? ? ? ? ? ? ? ? 
? ? ? ? ? ? ? ? ? ? ? ? ? ? ? ? ? ? 4 2 2 1 1     1 1 ? ? ? ? ? ? ? ? ? ? ? ? ? ? ? ? ? ? 
? ? ? ? ? ? ? ? ? ? ? ? ? ? ? ? ? ? F F 2   1 2 2 1 1 ? ? ? ? ? ? ? ? ? ? ? ? ? ? ? ? ? ? 
? ? ? ? ? ? ? ? ? ? ? ? ? ? ? ? ? ? ? F 4 1 2 F F 2 1 ? ? ? ? ? ? ? ? ? ? ? ? ? ? ? ? ? ? 
? ? ? ? ? ? ? ? ? ? ? ? ? ? ? ? ? ? ? F ? ? ? ? ? ? ? ? ? ? ? ? ? ? ? ? ? ? ? ? ? ? ? ? ? 
? ? ? ? ? ? ? ? ? ? ? ? ? ? ? ? ? ? ? ? ? ? ? ? ? ? ? ? ? ? ? ? ? ? ? ? ? ? ? ? ? ? ? ? ? 
? ? ? ? ? ? ? ? ? ? ? ? ? ? ? ? ? ? ? ? ? ? ? ? ? ? ? ? ? ? ? ? ? ? ? ? ? ? ? ? ? ? ? ? ? 
? ? ? ? ? ? ? ? ? ? ? ? ? ? ? ? ? ? ? ? ? ? ? ? ? ? ? ? ? ? ? ? ? ? ? ? ? ? ? ? ? ? ? ? ? 
? ? ? ? ? ? ? ? ? ? ? ? ? ? ? ? ? ? ? ? ? ? ? ? ? ? ? ? ? ? ? ? ? ? ? ? ? ? ? ? ? ? ? ? ? 
? ? ? ? ? ? ? ? ? ? ? ? ? ? ? ? ? ? ? ? ? ? ? ? ? ? ? ? ? ? ? ? ? ? ? ? ? ? ? ? ? ? ? ? ? 
? ? ? ? ? ? ? ? ? ? ? ? ? ? ? ? ? ? ? ? ? ? ? ? ? ? ? ? ? ? ? ? ? ? ? ? ? ? ? ? ? ? ? ? ? 
? ? ? ? ? ? ? ? ? ? ? ? ? ? ? ? ? ? ? ? ? ? ? ? ? ? ? ? ? ? ? ? ? ? ? ? ? ? ? ? ? ? ? ? ? 
? ? ? ? ? ? ? ? ? ? ? ? ? ? ? ? ? ? ? ? ? ? ? ? ? ? ? ? ? ? ? ? ? ? ? ? ? ? ? ? ? ? ? ? ? 
Step: 15
? ? F 2         1 1 3 F 3 1 2 1 1   2 F 2 1 F 3 3 ? ? ? ? ? ? ? ? ? ? ? ? ? ? ? ? ? ? ? ? 
? F F 2         1 F 3 F 3 F 2 F 1   2 F 2 1 2 F F ? ? ? ? ? ? ? ? ? ? ? ? ? ? ? ? ? ? ? ? 
F F 3 1         1 1 2 1 2 1 2 2 2 2 3 3 3 1 2 2 3 ? ? ? ? ? ? ? ? ? ? ? ? ? ? ? ? ? ? ? ? 
2 2 1             1 1 1       1 F 3 F F 3 F 1   1 ? ? ? ? ? ? ? ? ? ? ? ? ? ? ? ? ? ? ? ? 
1 1 1 1 1 1     1 3 F 2       1 3 F 5 F 3 2 2 2 2 2 3 ? ? ? ? ? ? ? ? ? ? ? ? ? ? ? ? ? ? 
1 F 2 2 F 1 1 1 2 F F 2   1 1 1 3 F 4 1 1 1 F 3 F 1 2 ? ? ? ? ? ? ? ? ? ? ? ? ? ? ? ? ? ? 
1 3 F 3 1 1 2 F 3 2 2 1 1 2 F 1 2 F 2   1 2 3 ? 2 1 1 2 ? ? ? ? ? ? ? ? ? ? ? ? ? ? ? ? ? 
1 4 F 3     3 F 4 2 2 1 1 F 2 1 1 2 2 1 1 F 3 2 1     1 3 ? ? ? ? ? ? ? ? ? ? ? ? ? ? ? ? 
1 F F 2     2 F 5 F F 1 2 2 3 1 2 2 F 1 1 2 F 2 1 1     1 1 2 ? ? ? ? ? ? ? ? ? ? ? ? ? ? 
1 2 2 1   1 2 3 F F 4 1 1 F 2 F 2 F 3 2   1 1 3 F 2 1 1 1   1 ? ? ? ? ? ? ? ? ? ? ? ? ? ? 
          1 F 4 6 F 4 1 2 2 3 2 3 3 F 1     1 3 F 2 2 F 2   1 2 ? ? ? ? ? ? ? ? ? ? ? ? ? 
        1 2 3 F F F ? ? 2 ? ? 2 ? ? 2 1     2 F 4 2 3 F 2 1 1 2 ? ? ? ? ? ? ? ? ? ? ? ? ? 
2 2 1   1 F 3 3 3 4 ? ? ? ? ? ? ? ? 2   1 1 3 F 3 F 3 3 2 2 F 2 ? ? ? ? ? ? ? ? ? ? ? ? ? 
F F 2 1 2 3 F 2 1 2 ? ? ? ? ? ? ? F 2   1 F 2 1 2 2 F 2 ? ? ? ? ? ? ? ? ? ? ? ? ? ? ? ? ? 
? ? ? ? ? ? ? ? ? ? ? ? ? ? ? ? ? ? 4 2 2 1 1     1 1 2 1 2 ? ? ? ? ? ? ? ? ? ? ? ? ? ? ? 
? ? ? ? ? ? ? ? ? ? ? ? ? ? ? ? ? ? F F 2   1 2 2 1 1 1 1 1 ? ? ? ? ? ? ? ? ? ? ? ? ? ? ? 
? ? ? ? ? ? ? ? ? ? ? ? ? ? ? ? ? ? ? F 4 1 2 F F 2 1 F 2 2 ? ? ? ? ? ? ? ? ? ? ? ? ? ? ? 
? ? ? ? ? ? ? ? ? ? ? ? ? ? ? ? ? ? ? F ? ? ? ? ? 2 2 3 ? ? ? ? ? ? ? ? ? ? ? ? ? ? ? ? ? 
? ? ? ? ? ? ? ? ? ? ? ? ? ? ? ? ? ? ? ? ? ? ? ? ? ? ? ? ? ? ? ? ? ? ? ? ? ? ? ? ? ? ? ? ? 
? ? ? ? ? ? ? ? ? ? ? ? ? ? ? ? ? ? ? ? ? ? ? ? ? ? ? ? ? ? ? ? ? ? ? ? ? ? ? ? ? ? ? ? ? 
? ? ? ? ? ? ? ? ? ? ? ? ? ? ? ? ? ? ? ? ? ? ? ? ? ? ? ? ? ? ? ? ? ? ? ? ? ? ? ? ? ? ? ? ? 
? ? ? ? ? ? ? ? ? ? ? ? ? ? ? ? ? ? ? ? ? ? ? ? ? ? ? ? ? ? ? ? ? ? ? ? ? ? ? ? ? ? ? ? ? 
? ? ? ? ? ? ? ? ? ? ? ? ? ? ? ? ? ? ? ? ? ? ? ? ? ? ? ? ? ? ? ? ? ? ? ? ? ? ? ? ? ? ? ? ? 
? ? ? ? ? ? ? ? ? ? ? ? ? ? ? ? ? ? ? ? ? ? ? ? ? ? ? ? ? ? ? ? ? ? ? ? ? ? ? ? ? ? ? ? ? 
? ? ? ? ? ? ? ? ? ? ? ? ? ? ? ? ? ? ? ? ? ? ? ? ? ? ? ? ? ? ? ? ? ? ? ? ? ? ? ? ? ? ? ? ? 
? ? ? ? ? ? ? ? ? ? ? ? ? ? ? ? ? ? ? ? ? ? ? ? ? ? ? ? ? ? ? ? ? ? ? ? ? ? ? ? ? ? ? ? ? 
Step: 16
? ? F 2         1 1 3 F 3 1 2 1 1   2 F 2 1 F 3 3 ? ? ? ? ? ? ? ? ? ? ? ? ? ? ? ? ? ? ? ? 
? F F 2         1 F 3 F 3 F 2 F 1   2 F 2 1 2 F F ? ? ? ? ? ? ? ? ? ? ? ? ? ? ? ? ? ? ? ? 
F F 3 1         1 1 2 1 2 1 2 2 2 2 3 3 3 1 2 2 3 ? ? ? ? ? ? ? ? ? ? ? ? ? ? ? ? ? ? ? ? 
2 2 1             1 1 1       1 F 3 F F 3 F 1   1 F 2 ? ? ? ? ? ? ? ? ? ? ? ? ? ? ? ? ? ? 
1 1 1 1 1 1     1 3 F 2       1 3 F 5 F 3 2 2 2 2 2 3 F ? ? ? ? ? ? ? ? ? ? ? ? ? ? ? ? ? 
1 F 2 2 F 1 1 1 2 F F 2   1 1 1 3 F 4 1 1 1 F 3 F 1 2 F ? ? ? ? ? ? ? ? ? ? ? ? ? ? ? ? ? 
1 3 F 3 1 1 2 F 3 2 2 1 1 2 F 1 2 F 2   1 2 3 F 2 1 1 2 F F 3 2 ? ? ? ? ? ? ? ? ? ? ? ? ? 
1 4 F 3     3 F 4 2 2 1 1 F 2 1 1 2 2 1 1 F 3 2 1     1 3 F 2 1 3 ? ? ? ? ? ? ? ? ? ? ? ? 
1 F F 2     2 F 5 F F 1 2 2 3 1 2 2 F 1 1 2 F 2 1 1     1 1 2 1 2 ? ? ? ? ? ? ? ? ? ? ? ? 
1 2 2 1   1 2 3 F F 4 1 1 F 2 F 2 F 3 2   1 1 3 F 2 1 1 1   1 F 2 ? ? ? ? ? ? ? ? ? ? ? ? 
          1 F 4 6 F 4 1 2 2 3 2 3 3 F 1     1 3 F 2 2 F 2   1 2 ? ? ? ? ? ? ? ? ? ? ? ? ? 
        1 2 3 F F F ? ? 2 ? ? 2 ? ? 2 1     2 F 4 2 3 F 2 1 1 2 F ? ? ? ? ? ? ? ? ? ? ? ? 
2 2 1   1 F 3 3 3 4 ? ? ? ? ? ? ? ? 2   1 1 3 F 3 F 3 3 2 2 F 2 2 ? ? ? ? ? ? ? ? ? ? ? ? 
F F 2 1 2 3 F 2 1 2 ? ? ? ? ? ? ? F 2   1 F 2 1 2 2 F 2 F 2 1 1 2 ? ? ? ? ? ? ? ? ? ? ? ? 
? ? ? ? ? ? ? ? ? ? ? ? ? ? ? ? ? ? 4 2 2 1 1     1 1 2 1 2 2 3 3 ? ? ? ? ? ? ? ? ? ? ? ? 
? ? ? ? ? ? ? ? ? ? ? ? ? ? ? ? ? ? F F 2   1 2 2 1 1 1 1 1 F F F ? ? ? ? ? ? ? ? ? ? ? ? 
? ? ? ? ? ? ? ? ? ? ? ? ? ? ? ? ? ? ? F 4 1 2 F F 2 1 F 2 2 4 ? ? ? ? ? ? ? ? ? ? ? ? ? ? 
? ? ? ? ? ? ? ? ? ? ? ? ? ? ? ? ? ? ? F ? ? ? ? F 2 2 3 ? ? ? ? ? ? ? ? ? ? ? ? ? ? ? ? ? 
? ? ? ? ? ? ? ? ? ? ? ? ? ? ? ? ? ? ? ? ? ? ? ? 2 2 2 F ? ? ? ? ? ? ? ? ? ? ? ? ? ? ? ? ? 
? ? ? ? ? ? ? ? ? ? ? ? ? ? ? ? ? ? ? ? ? ? ? ? ? ? ? ? ? ? ? ? ? ? ? ? ? ? ? ? ? ? ? ? ? 
? ? ? ? ? ? ? ? ? ? ? ? ? ? ? ? ? ? ? ? ? ? ? ? ? ? ? ? ? ? ? ? ? ? ? ? ? ? ? ? ? ? ? ? ? 
? ? ? ? ? ? ? ? ? ? ? ? ? ? ? ? ? ? ? ? ? ? ? ? ? ? ? ? ? ? ? ? ? ? ? ? ? ? ? ? ? ? ? ? ? 
? ? ? ? ? ? ? ? ? ? ? ? ? ? ? ? ? ? ? ? ? ? ? ? ? ? ? ? ? ? ? ? ? ? ? ? ? ? ? ? ? ? ? ? ? 
? ? ? ? ? ? ? ? ? ? ? ? ? ? ? ? ? ? ? ? ? ? ? ? ? ? ? ? ? ? ? ? ? ? ? ? ? ? ? ? ? ? ? ? ? 
? ? ? ? ? ? ? ? ? ? ? ? ? ? ? ? ? ? ? ? ? ? ? ? ? ? ? ? ? ? ? ? ? ? ? ? ? ? ? ? ? ? ? ? ? 
? ? ? ? ? ? ? ? ? ? ? ? ? ? ? ? ? ? ? ? ? ? ? ? ? ? ? ? ? ? ? ? ? ? ? ? ? ? ? ? ? ? ? ? ? 
Step: 17
? ? F 2         1 1 3 F 3 1 2 1 1   2 F 2 1 F 3 3 ? ? ? ? ? ? ? ? ? ? ? ? ? ? ? ? ? ? ? ? 
? F F 2         1 F 3 F 3 F 2 F 1   2 F 2 1 2 F F 3 ? ? ? ? ? ? ? ? ? ? ? ? ? ? ? ? ? ? ? 
F F 3 1         1 1 2 1 2 1 2 2 2 2 3 3 3 1 2 2 3 3 2 1 1 2 ? ? ? ? ? ? ? ? ? ? ? ? ? ? ? 
2 2 1             1 1 1       1 F 3 F F 3 F 1   1 F 2 1 1 1 ? ? ? ? ? ? ? ? ? ? ? ? ? ? ? 
1 1 1 1 1 1     1 3 F 2       1 3 F 5 F 3 2 2 2 2 2 3 F 2 2 ? ? ? ? ? ? ? ? ? ? ? ? ? ? ? 
1 F 2 2 F 1 1 1 2 F F 2   1 1 1 3 F 4 1 1 1 F 3 F 1 2 F 4 3 ? ? ? ? ? ? ? ? ? ? ? ? ? ? ? 
1 3 F 3 1 1 2 F 3 2 2 1 1 2 F 1 2 F 2   1 2 3 F 2 1 1 2 F F 3 2 F ? 2 2 3 2 3 ? ? ? ? ? ? 
1 4 F 3     3 F 4 2 2 1 1 F 2 1 1 2 2 1 1 F 3 2 1     1 3 F 2 1 3 ? 2       1 ? ? ? ? ? ? 
1 F F 2     2 F 5 F F 1 2 2 3 1 2 2 F 1 1 2 F 2 1 1     1 1 2 1 2 ? 1       1 1 ? ? ? ? ? 
1 2 2 1   1 2 3 F F 4 1 1 F 2 F 2 F 3 2   1 1 3 F 2 1 1 1   1 F 2 1 1         1 ? ? ? ? ? 
          1 F 4 6 F 4 1 2 2 3 2 3 3 F 1     1 3 F 2 2 F 2   1 2 2 1     1 1 1 1 ? ? ? ? ? 
        1 2 3 F F F ? ? 2 ? ? 2 ? ? 2 1     2 F 4 2 3 F 2 1 1 2 F 3 2 1 2 F 2 2 ? ? ? ? ? 
2 2 1   1 F 3 3 3 4 ? ? ? ? ? ? ? ? 2   1 1 3 F 3 F 3 3 2 2 F 2 2 F F 2 2 F 2 1 ? ? ? ? ? 
F F 2 1 2 3 F 2 1 2 ? ? ? ? ? ? ? F 2   1 F 2 1 2 2 F 2 F 2 1 1 2 4 F 2 1 1 1 2 ? ? ? ? ? 
? ? ? ? ? ? ? ? ? ? ? ? ? ? ? ? ? ? 4 2 2 1 1     1 1 2 1 2 2 3 3 F 2 1       2 ? ? ? ? ? 
? ? ? ? ? ? ? ? ? ? ? ? ? ? ? ? ? ? F F 2   1 2 2 1 1 1 1 1 F F F 2 1   1 1 1 2 F 3 ? ? ? 
? ? ? ? ? ? ? ? ? ? ? ? ? ? ? ? ? ? ? F 4 1 2 F F 2 1 F 2 2 4 ? 5 3 1   2 F 2 1 1 2 1 3 ? 
? ? ? ? ? ? ? ? ? ? ? ? ? ? ? ? ? ? ? F ? ? ? ? F 2 2 3 ? F 2 2 F F 1   2 F 2   1 1 1 2 ? 
? ? ? ? ? ? ? ? ? ? ? ? ? ? ? ? ? ? ? ? ? ? ? ? 2 2 2 F F 2 1 1 2 2 1   1 2 2 1 1 F 1 2 ? 
? ? ? ? ? ? ? ? ? ? ? ? ? ? ? ? ? ? ? ? ? ? ? ? ? ? ? F 4 1     1 1 1   1 2 F 1 1 1 1 1 ? 
? ? ? ? ? ? ? ? ? ? ? ? ? ? ? ? ? ? ? ? ? ? ? ? ? ? ? F 2       1 F 1   1 F 2 2 1 1   1 ? 
? ? ? ? ? ? ? ? ? ? ? ? ? ? ? ? ? ? ? ? ? ? ? ? ? ? ? 3 1       1 1 1   1 2 2 3 F 3 2 4 ? 
? ? ? ? ? ? ? ? ? ? ? ? ? ? ? ? ? ? ? ? ? ? ? ? ? ? ? 2 1 2 2 1 1 1 1   1 3 F 6 F ? ? ? ? 
? ? ? ? ? ? ? ? ? ? ? ? ? ? ? ? ? ? ? ? ? ? ? ? ? ? ? ? ? ? ? 2 1 F 1   1 F F F F 3 2 3 ? 
? ? ? ? ? ? ? ? ? ? ? ? ? ? ? ? ? ? ? ? ? ? ? ? ? ? ? ? ? ? F 3 1 1 1   1 2 3 3 2 1   1 ? 
? ? ? ? ? ? ? ? ? ? ? ? ? ? ? ? ? ? ? ? ? ? ? ? ? ? ? ? ? ? F 2           1 1 1       1 ? 
Step: 18
? ? F 2         1 1 3 F 3 1 2 1 1   2 F 2 1 F 3 3 F 2 1 2 ? ? ? ? ? ? ? ? ? ? ? ? ? ? ? ? 
? F F 2         1 F 3 F 3 F 2 F 1   2 F 2 1 2 F F 3 F 1 2 F ? ? ? ? ? ? ? ? ? ? ? ? ? ? ? 
F F 3 1         1 1 2 1 2 1 2 2 2 2 3 3 3 1 2 2 3 3 2 1 1 2 ? ? ? ? ? ? ? ? ? ? ? ? ? ? ? 
2 2 1             1 1 1       1 F 3 F F 3 F 1   1 F 2 1 1 1 ? ? ? ? ? ? ? ? ? ? ? ? ? ? ? 
1 1 1 1 1 1     1 3 F 2       1 3 F 5 F 3 2 2 2 2 2 3 F 2 2 ? ? ? ? ? ? ? ? ? ? ? ? ? ? ? 
1 F 2 2 F 1 1 1 2 F F 2   1 1 1 3 F 4 1 1 1 F 3 F 1 2 F 4 3 ? ? ? ? ? F F F 2 ? ? ? ? ? ? 
1 3 F 3 1 1 2 F 3 2 2 1 1 2 F 1 2 F 2   1 2 3 F 2 1 1 2 F F 3 2 F ? 2 2 3 2 3 2 3 1 1 ? ? 
1 4 F 3     3 F 4 2 2 1 1 F 2 1 1 2 2 1 1 F 3 2 1     1 3 F 2 1 3 ? 2       1 F 1   1 ? ? 
1 F F 2     2 F 5 F F 1 2 2 3 1 2 2 F 1 1 2 F 2 1 1     1 1 2 1 2 F 1       1 1 1 1 2 ? ? 
1 2 2 1   1 2 3 F F 4 1 1 F 2 F 2 F 3 2   1 1 3 F 2 1 1 1   1 F 2 1 1         1 2 4 F ? ? 
          1 F 4 6 F 4 1 2 2 3 2 3 3 F 1     1 3 F 2 2 F 2   1 2 2 1     1 1 1 1 F F F ? ? 
        1 2 3 F F F ? ? 2 ? ? 2 ? ? 2 1     2 F 4 2 3 F 2 1 1 2 F 3 2 1 2 F 2 2 4 ? ? ? ? 
2 2 1   1 F 3 3 3 4 ? ? ? ? ? ? ? ? 2   1 1 3 F 3 F 3 3 2 2 F 2 2 F F 2 2 F 2 1 F 2 2 2 2 
F F 2 1 2 3 F 2 1 2 ? ? ? ? ? ? ? F 2   1 F 2 1 2 2 F 2 F 2 1 1 2 4 F 2 1 1 1 2 2 2       
? ? ? ? ? ? ? ? ? ? ? ? ? ? ? ? ? ? 4 2 2 1 1     1 1 2 1 2 2 3 3 F 2 1       2 F 3 1 2 1 
? ? ? ? ? ? ? ? ? ? ? ? ? ? ? ? ? ? F F 2   1 2 2 1 1 1 1 1 F F F 2 1   1 1 1 2 F 3 F 2 F 
? ? ? ? ? ? ? ? ? ? ? ? ? ? ? ? ? ? ? F 4 1 2 F F 2 1 F 2 2 4 F 5 3 1   2 F 2 1 1 2 1 3 2 
? ? ? ? ? ? ? ? ? ? ? ? ? ? ? ? ? ? ? F ? ? ? ? F 2 2 3 4 F 2 2 F F 1   2 F 2   1 1 1 2 F 
? ? ? ? ? ? ? ? ? ? ? ? ? ? ? ? ? ? ? ? ? ? ? ? 2 2 2 F F 2 1 1 2 2 1   1 2 2 1 1 F 1 2 F 
? ? ? ? ? ? ? ? ? ? ? ? ? ? ? ? ? ? ? ? ? ? ? ? ? 3 5 F 4 1     1 1 1   1 2 F 1 1 1 1 1 1 
? ? ? ? ? ? ? ? ? ? ? ? ? ? ? ? ? ? ? ? ? ? ? ? ? F F F 2       1 F 1   1 F 2 2 1 1   1 1 
? ? ? ? ? ? ? ? ? ? ? ? ? ? ? ? ? ? ? ? ? ? ? ? ? ? ? 3 1       1 1 1   1 2 2 3 F 3 2 4 F 
? ? ? ? ? ? ? ? ? ? ? ? ? ? ? ? ? ? ? ? ? ? ? ? ? ? ? 2 1 2 2 1 1 1 1   1 3 F 6 F 4 F F F 
? ? ? ? ? ? ? ? ? ? ? ? ? ? ? ? ? ? ? ? ? ? ? ? ? ? ? ? ? F F 2 1 F 1   1 F F F F 3 2 3 2 
? ? ? ? ? ? ? ? ? ? ? ? ? ? ? ? ? ? ? ? ? ? ? ? ? ? ? ? ? ? F 3 1 1 1   1 2 3 3 2 1   1 1 
? ? ? ? ? ? ? ? ? ? ? ? ? ? ? ? ? ? ? ? ? ? ? ? ? ? ? ? ? ? F 2           1 1 1       1 F 
Step: 19
? ? F 2         1 1 3 F 3 1 2 1 1   2 F 2 1 F 3 3 F 2 1 2 F ? ? ? ? ? ? ? ? ? ? ? ? ? ? ? 
? F F 2         1 F 3 F 3 F 2 F 1   2 F 2 1 2 F F 3 F 1 2 F ? ? ? ? ? ? ? ? ? ? ? ? ? ? ? 
F F 3 1         1 1 2 1 2 1 2 2 2 2 3 3 3 1 2 2 3 3 2 1 1 2 ? ? ? ? ? ? ? ? ? ? ? ? ? ? ? 
2 2 1             1 1 1       1 F 3 F F 3 F 1   1 F 2 1 1 1 ? ? ? ? ? ? ? ? ? ? ? ? ? ? ? 
1 1 1 1 1 1     1 3 F 2       1 3 F 5 F 3 2 2 2 2 2 3 F 2 2 ? ? ? ? ? ? ? ? ? ? ? ? ? 4 2 
1 F 2 2 F 1 1 1 2 F F 2   1 1 1 3 F 4 1 1 1 F 3 F 1 2 F 4 3 ? ? ? ? 3 F F F 2 F 2 F 2 1   
1 3 F 3 1 1 2 F 3 2 2 1 1 2 F 1 2 F 2   1 2 3 F 2 1 1 2 F F 3 2 F ? 2 2 3 2 3 2 3 1 1     
1 4 F 3     3 F 4 2 2 1 1 F 2 1 1 2 2 1 1 F 3 2 1     1 3 F 2 1 3 3 2       1 F 1   1 1 1 
1 F F 2     2 F 5 F F 1 2 2 3 1 2 2 F 1 1 2 F 2 1 1     1 1 2 1 2 F 1       1 1 1 1 2 F 1 
1 2 2 1   1 2 3 F F 4 1 1 F 2 F 2 F 3 2   1 1 3 F 2 1 1 1   1 F 2 1 1         1 2 4 F 3 1 
          1 F 4 6 F 4 1 2 2 3 2 3 3 F 1     1 3 F 2 2 F 2   1 2 2 1     1 1 1 1 F F F 4 2 
        1 2 3 F F F ? ? 2 ? ? 2 ? ? 2 1     2 F 4 2 3 F 2 1 1 2 F 3 2 1 2 F 2 2 4 F 4 F F 
2 2 1   1 F 3 3 3 4 ? ? ? ? ? ? ? ? 2   1 1 3 F 3 F 3 3 2 2 F 2 2 F F 2 2 F 2 1 F 2 2 2 2 
F F 2 1 2 3 F 2 1 2 ? ? ? ? ? ? ? F 2   1 F 2 1 2 2 F 2 F 2 1 1 2 4 F 2 1 1 1 2 2 2       
? ? ? ? ? ? ? ? ? ? ? ? ? ? ? ? ? ? 4 2 2 1 1     1 1 2 1 2 2 3 3 F 2 1       2 F 3 1 2 1 
? ? ? ? ? ? ? ? ? ? ? ? ? ? ? ? ? ? F F 2   1 2 2 1 1 1 1 1 F F F 2 1   1 1 1 2 F 3 F 2 F 
? ? ? ? ? ? ? ? ? ? ? ? ? ? ? ? ? ? ? F 4 1 2 F F 2 1 F 2 2 4 F 5 3 1   2 F 2 1 1 2 1 3 2 
? ? ? ? ? ? ? ? ? ? ? ? ? ? ? ? ? ? ? F ? ? ? ? F 2 2 3 4 F 2 2 F F 1   2 F 2   1 1 1 2 F 
? ? ? ? ? ? ? ? ? ? ? ? ? ? ? ? ? ? ? ? ? ? ? ? 2 2 2 F F 2 1 1 2 2 1   1 2 2 1 1 F 1 2 F 
? ? ? ? ? ? ? ? ? ? ? ? ? ? ? ? ? ? ? ? ? ? F 3 F 3 5 F 4 1     1 1 1   1 2 F 1 1 1 1 1 1 
? ? ? ? ? ? ? ? ? ? ? ? ? ? ? ? ? ? ? ? ? ? F 4 2 F F F 2       1 F 1   1 F 2 2 1 1   1 1 
? ? ? ? ? ? ? ? ? ? ? ? ? ? ? ? ? ? ? ? ? ? F 4 3 4 ? 3 1       1 1 1   1 2 2 3 F 3 2 4 F 
? ? ? ? ? ? ? ? ? ? ? ? ? ? ? ? ? ? ? ? ? ? ? ? ? ? F 2 1 2 2 1 1 1 1   1 3 F 6 F 4 F F F 
? ? ? ? ? ? ? ? ? ? ? ? ? ? ? ? ? ? ? ? ? ? ? ? ? ? F 3 1 F F 2 1 F 1   1 F F F F 3 2 3 2 
? ? ? ? ? ? ? ? ? ? ? ? ? ? ? ? ? ? ? ? ? ? ? ? ? ? F 3 1 4 F 3 1 1 1   1 2 3 3 2 1   1 1 
? ? ? ? ? ? ? ? ? ? ? ? ? ? ? ? ? ? ? ? ? ? ? ? ? ? F 2   2 F 2           1 1 1       1 F 
Step: 20
? ? F 2         1 1 3 F 3 1 2 1 1   2 F 2 1 F 3 3 F 2 1 2 F ? ? ? ? ? ? ? ? ? ? ? ? ? ? ? 
? F F 2         1 F 3 F 3 F 2 F 1   2 F 2 1 2 F F 3 F 1 2 F ? ? ? ? ? ? ? ? ? ? ? ? ? ? ? 
F F 3 1         1 1 2 1 2 1 2 2 2 2 3 3 3 1 2 2 3 3 2 1 1 2 ? ? ? ? ? ? ? ? ? ? ? ? ? ? ? 
2 2 1             1 1 1       1 F 3 F F 3 F 1   1 F 2 1 1 1 ? ? ? ? ? ? ? ? ? ? ? ? F F F 
1 1 1 1 1 1     1 3 F 2       1 3 F 5 F 3 2 2 2 2 2 3 F 2 2 ? ? ? ? ? ? ? 4 3 3 3 4 F 4 2 
1 F 2 2 F 1 1 1 2 F F 2   1 1 1 3 F 4 1 1 1 F 3 F 1 2 F 4 3 ? ? ? ? 3 F F F 2 F 2 F 2 1   
1 3 F 3 1 1 2 F 3 2 2 1 1 2 F 1 2 F 2   1 2 3 F 2 1 1 2 F F 3 2 F F 2 2 3 2 3 2 3 1 1     
1 4 F 3     3 F 4 2 2 1 1 F 2 1 1 2 2 1 1 F 3 2 1     1 3 F 2 1 3 3 2       1 F 1   1 1 1 
1 F F 2     2 F 5 F F 1 2 2 3 1 2 2 F 1 1 2 F 2 1 1     1 1 2 1 2 F 1       1 1 1 1 2 F 1 
1 2 2 1   1 2 3 F F 4 1 1 F 2 F 2 F 3 2   1 1 3 F 2 1 1 1   1 F 2 1 1         1 2 4 F 3 1 
          1 F 4 6 F 4 1 2 2 3 2 3 3 F 1     1 3 F 2 2 F 2   1 2 2 1     1 1 1 1 F F F 4 2 
        1 2 3 F F F ? ? 2 ? ? 2 ? ? 2 1     2 F 4 2 3 F 2 1 1 2 F 3 2 1 2 F 2 2 4 F 4 F F 
2 2 1   1 F 3 3 3 4 ? ? ? ? ? ? ? ? 2   1 1 3 F 3 F 3 3 2 2 F 2 2 F F 2 2 F 2 1 F 2 2 2 2 
F F 2 1 2 3 F 2 1 2 ? ? ? ? ? ? ? F 2   1 F 2 1 2 2 F 2 F 2 1 1 2 4 F 2 1 1 1 2 2 2       
? ? ? ? ? ? ? ? ? ? ? ? ? ? ? ? ? ? 4 2 2 1 1     1 1 2 1 2 2 3 3 F 2 1       2 F 3 1 2 1 
? ? ? ? ? ? ? ? ? ? ? ? ? ? ? ? ? ? F F 2   1 2 2 1 1 1 1 1 F F F 2 1   1 1 1 2 F 3 F 2 F 
? ? ? ? ? ? ? ? ? ? ? ? ? ? ? ? ? ? ? F 4 1 2 F F 2 1 F 2 2 4 F 5 3 1   2 F 2 1 1 2 1 3 2 
? ? ? ? ? ? ? ? ? ? ? ? ? ? ? ? ? ? ? F ? ? 2 3 F 2 2 3 4 F 2 2 F F 1   2 F 2   1 1 1 2 F 
? ? ? ? ? ? ? ? ? ? ? ? ? ? ? ? ? ? ? ? ? ? 2 3 2 2 2 F F 2 1 1 2 2 1   1 2 2 1 1 F 1 2 F 
? ? ? ? ? ? ? ? ? ? ? ? ? ? ? ? ? ? ? ? ? ? F 3 F 3 5 F 4 1     1 1 1   1 2 F 1 1 1 1 1 1 
? ? ? ? ? ? ? ? ? ? ? ? ? ? ? ? ? ? ? ? ? ? F 4 2 F F F 2       1 F 1   1 F 2 2 1 1   1 1 
? ? ? ? ? ? ? ? ? ? ? ? ? ? ? ? ? ? ? ? ? ? F 4 3 4 4 3 1       1 1 1   1 2 2 3 F 3 2 4 F 
? ? ? ? ? ? ? ? ? ? ? ? ? ? ? ? ? ? ? ? ? ? ? ? F 5 F 2 1 2 2 1 1 1 1   1 3 F 6 F 4 F F F 
? ? ? ? ? ? ? ? ? ? ? ? ? ? ? ? ? ? ? ? ? ? ? ? F F F 3 1 F F 2 1 F 1   1 F F F F 3 2 3 2 
? ? ? ? ? ? ? ? ? ? ? ? ? ? ? ? ? ? ? ? ? ? ? ? ? ? F 3 1 4 F 3 1 1 1   1 2 3 3 2 1   1 1 
? ? ? ? ? ? ? ? ? ? ? ? ? ? ? ? ? ? ? ? ? ? ? ? ? ? F 2   2 F 2           1 1 1       1 F 
Step: 21
? ? F 2         1 1 3 F 3 1 2 1 1   2 F 2 1 F 3 3 F 2 1 2 F ? ? ? ? ? ? ? ? ? ? ? ? ? ? ? 
? F F 2         1 F 3 F 3 F 2 F 1   2 F 2 1 2 F F 3 F 1 2 F ? ? ? ? ? ? ? ? ? ? ? ? ? ? ? 
F F 3 1         1 1 2 1 2 1 2 2 2 2 3 3 3 1 2 2 3 3 2 1 1 2 ? ? ? ? ? ? ? ? ? ? ? ? ? ? ? 
2 2 1             1 1 1       1 F 3 F F 3 F 1   1 F 2 1 1 1 ? ? ? ? ? ? ? ? ? ? ? ? F F F 
1 1 1 1 1 1     1 3 F 2       1 3 F 5 F 3 2 2 2 2 2 3 F 2 2 ? ? ? ? ? ? ? 4 3 3 3 4 F 4 2 
1 F 2 2 F 1 1 1 2 F F 2   1 1 1 3 F 4 1 1 1 F 3 F 1 2 F 4 3 ? ? ? 3 3 F F F 2 F 2 F 2 1   
1 3 F 3 1 1 2 F 3 2 2 1 1 2 F 1 2 F 2   1 2 3 F 2 1 1 2 F F 3 2 F F 2 2 3 2 3 2 3 1 1     
1 4 F 3     3 F 4 2 2 1 1 F 2 1 1 2 2 1 1 F 3 2 1     1 3 F 2 1 3 3 2       1 F 1   1 1 1 
1 F F 2     2 F 5 F F 1 2 2 3 1 2 2 F 1 1 2 F 2 1 1     1 1 2 1 2 F 1       1 1 1 1 2 F 1 
1 2 2 1   1 2 3 F F 4 1 1 F 2 F 2 F 3 2   1 1 3 F 2 1 1 1   1 F 2 1 1         1 2 4 F 3 1 
          1 F 4 6 F 4 1 2 2 3 2 3 3 F 1     1 3 F 2 2 F 2   1 2 2 1     1 1 1 1 F F F 4 2 
        1 2 3 F F F ? ? 2 ? ? 2 ? ? 2 1     2 F 4 2 3 F 2 1 1 2 F 3 2 1 2 F 2 2 4 F 4 F F 
2 2 1   1 F 3 3 3 4 ? ? ? ? ? ? ? ? 2   1 1 3 F 3 F 3 3 2 2 F 2 2 F F 2 2 F 2 1 F 2 2 2 2 
F F 2 1 2 3 F 2 1 2 ? ? ? ? ? ? ? F 2   1 F 2 1 2 2 F 2 F 2 1 1 2 4 F 2 1 1 1 2 2 2       
? ? ? ? ? ? ? ? ? ? ? ? ? ? ? ? ? ? 4 2 2 1 1     1 1 2 1 2 2 3 3 F 2 1       2 F 3 1 2 1 
? ? ? ? ? ? ? ? ? ? ? ? ? ? ? ? ? ? F F 2   1 2 2 1 1 1 1 1 F F F 2 1   1 1 1 2 F 3 F 2 F 
? ? ? ? ? ? ? ? ? ? ? ? ? ? ? ? ? 3 5 F 4 1 2 F F 2 1 F 2 2 4 F 5 3 1   2 F 2 1 1 2 1 3 2 
? ? ? ? ? ? ? ? ? ? ? ? ? ? ? ? ? 2 2 F 3 F 2 3 F 2 2 3 4 F 2 2 F F 1   2 F 2   1 1 1 2 F 
? ? ? ? ? ? ? ? ? ? ? ? ? ? ? ? ? 1 1 1 2 2 2 3 2 2 2 F F 2 1 1 2 2 1   1 2 2 1 1 F 1 2 F 
? ? ? ? ? ? ? ? ? ? ? ? ? ? ? ? ? 3 2 1   2 F 3 F 3 5 F 4 1     1 1 1   1 2 F 1 1 1 1 1 1 
? ? ? ? ? ? ? ? ? ? ? ? ? ? ? ? ? F F 3 1 3 F 4 2 F F F 2       1 F 1   1 F 2 2 1 1   1 1 
? ? ? ? ? ? ? ? ? ? ? ? ? ? ? ? ? ? F F 1 2 F 4 3 4 4 3 1       1 1 1   1 2 2 3 F 3 2 4 F 
? ? ? ? ? ? ? ? ? ? ? ? ? ? ? ? ? ? ? 3 1 1 3 F F 5 F 2 1 2 2 1 1 1 1   1 3 F 6 F 4 F F F 
? ? ? ? ? ? ? ? ? ? ? ? ? ? ? ? ? ? ? 2     3 F F F F 3 1 F F 2 1 F 1   1 F F F F 3 2 3 2 
? ? ? ? ? ? ? ? ? ? ? ? ? ? ? ? ? ? ? 3 1   2 F 4 5 F 3 1 4 F 3 1 1 1   1 2 3 3 2 1   1 1 
? ? ? ? ? ? ? ? ? ? ? ? ? ? ? ? ? ? ? F 1   1 1 1 2 F 2   2 F 2           1 1 1       1 F 
Step: 22
? ? F 2         1 1 3 F 3 1 2 1 1   2 F 2 1 F 3 3 F 2 1 2 F ? ? ? ? ? ? ? ? ? ? ? ? ? ? ? 
? F F 2         1 F 3 F 3 F 2 F 1   2 F 2 1 2 F F 3 F 1 2 F ? ? ? ? ? ? ? ? ? ? ? ? ? ? ? 
F F 3 1         1 1 2 1 2 1 2 2 2 2 3 3 3 1 2 2 3 3 2 1 1 2 ? ? ? ? ? ? ? ? ? ? ? ? ? ? ? 
2 2 1             1 1 1       1 F 3 F F 3 F 1   1 F 2 1 1 1 ? ? ? ? ? ? ? ? ? ? ? ? F F F 
1 1 1 1 1 1     1 3 F 2       1 3 F 5 F 3 2 2 2 2 2 3 F 2 2 ? ? ? ? ? ? ? 4 3 3 3 4 F 4 2 
1 F 2 2 F 1 1 1 2 F F 2   1 1 1 3 F 4 1 1 1 F 3 F 1 2 F 4 3 ? ? ? 3 3 F F F 2 F 2 F 2 1   
1 3 F 3 1 1 2 F 3 2 2 1 1 2 F 1 2 F 2   1 2 3 F 2 1 1 2 F F 3 2 F F 2 2 3 2 3 2 3 1 1     
1 4 F 3     3 F 4 2 2 1 1 F 2 1 1 2 2 1 1 F 3 2 1     1 3 F 2 1 3 3 2       1 F 1   1 1 1 
1 F F 2     2 F 5 F F 1 2 2 3 1 2 2 F 1 1 2 F 2 1 1     1 1 2 1 2 F 1       1 1 1 1 2 F 1 
1 2 2 1   1 2 3 F F 4 1 1 F 2 F 2 F 3 2   1 1 3 F 2 1 1 1   1 F 2 1 1         1 2 4 F 3 1 
          1 F 4 6 F 4 1 2 2 3 2 3 3 F 1     1 3 F 2 2 F 2   1 2 2 1     1 1 1 1 F F F 4 2 
        1 2 3 F F F ? ? 2 ? ? 2 ? ? 2 1     2 F 4 2 3 F 2 1 1 2 F 3 2 1 2 F 2 2 4 F 4 F F 
2 2 1   1 F 3 3 3 4 ? ? ? ? ? ? ? ? 2   1 1 3 F 3 F 3 3 2 2 F 2 2 F F 2 2 F 2 1 F 2 2 2 2 
F F 2 1 2 3 F 2 1 2 ? ? ? ? ? ? ? F 2   1 F 2 1 2 2 F 2 F 2 1 1 2 4 F 2 1 1 1 2 2 2       
? ? ? ? ? ? ? ? ? ? ? ? ? ? ? ? ? ? 4 2 2 1 1     1 1 2 1 2 2 3 3 F 2 1       2 F 3 1 2 1 
? ? ? ? ? ? ? ? ? ? ? ? ? ? ? ? ? F F F 2   1 2 2 1 1 1 1 1 F F F 2 1   1 1 1 2 F 3 F 2 F 
? ? ? ? ? ? ? ? ? ? ? ? ? ? ? ? ? 3 5 F 4 1 2 F F 2 1 F 2 2 4 F 5 3 1   2 F 2 1 1 2 1 3 2 
? ? ? ? ? ? ? ? ? ? ? ? ? ? ? ? ? 2 2 F 3 F 2 3 F 2 2 3 4 F 2 2 F F 1   2 F 2   1 1 1 2 F 
? ? ? ? ? ? ? ? ? ? ? ? ? ? ? ? ? 1 1 1 2 2 2 3 2 2 2 F F 2 1 1 2 2 1   1 2 2 1 1 F 1 2 F 
? ? ? ? ? ? ? ? ? ? ? ? ? ? ? ? ? 3 2 1   2 F 3 F 3 5 F 4 1     1 1 1   1 2 F 1 1 1 1 1 1 
? ? ? ? ? ? ? ? ? ? ? ? ? ? ? ? ? F F 3 1 3 F 4 2 F F F 2       1 F 1   1 F 2 2 1 1   1 1 
? ? ? ? ? ? ? ? ? ? ? ? ? ? ? ? ? ? F F 1 2 F 4 3 4 4 3 1       1 1 1   1 2 2 3 F 3 2 4 F 
? ? ? ? ? ? ? ? ? ? ? ? ? ? ? ? ? ? ? 3 1 1 3 F F 5 F 2 1 2 2 1 1 1 1   1 3 F 6 F 4 F F F 
? ? ? ? ? ? ? ? ? ? ? ? ? ? ? ? ? ? ? 2     3 F F F F 3 1 F F 2 1 F 1   1 F F F F 3 2 3 2 
? ? ? ? ? ? ? ? ? ? ? ? ? ? ? ? ? ? ? 3 1   2 F 4 5 F 3 1 4 F 3 1 1 1   1 2 3 3 2 1   1 1 
? ? ? ? ? ? ? ? ? ? ? ? ? ? ? ? ? ? ? F 1   1 1 1 2 F 2   2 F 2           1 1 1       1 F 
Step: 23
? ? F 2         1 1 3 F 3 1 2 1 1   2 F 2 1 F 3 3 F 2 1 2 F ? ? ? ? ? ? ? ? ? ? ? ? ? ? ? 
? F F 2         1 F 3 F 3 F 2 F 1   2 F 2 1 2 F F 3 F 1 2 F ? ? ? ? ? ? ? ? ? ? ? ? ? ? ? 
F F 3 1         1 1 2 1 2 1 2 2 2 2 3 3 3 1 2 2 3 3 2 1 1 2 ? ? ? ? ? ? ? ? ? ? ? ? ? ? ? 
2 2 1             1 1 1       1 F 3 F F 3 F 1   1 F 2 1 1 1 ? ? ? ? ? ? ? ? ? ? ? ? F F F 
1 1 1 1 1 1     1 3 F 2       1 3 F 5 F 3 2 2 2 2 2 3 F 2 2 ? ? ? ? ? ? ? 4 3 3 3 4 F 4 2 
1 F 2 2 F 1 1 1 2 F F 2   1 1 1 3 F 4 1 1 1 F 3 F 1 2 F 4 3 ? ? ? 3 3 F F F 2 F 2 F 2 1   
1 3 F 3 1 1 2 F 3 2 2 1 1 2 F 1 2 F 2   1 2 3 F 2 1 1 2 F F 3 2 F F 2 2 3 2 3 2 3 1 1     
1 4 F 3     3 F 4 2 2 1 1 F 2 1 1 2 2 1 1 F 3 2 1     1 3 F 2 1 3 3 2       1 F 1   1 1 1 
1 F F 2     2 F 5 F F 1 2 2 3 1 2 2 F 1 1 2 F 2 1 1     1 1 2 1 2 F 1       1 1 1 1 2 F 1 
1 2 2 1   1 2 3 F F 4 1 1 F 2 F 2 F 3 2   1 1 3 F 2 1 1 1   1 F 2 1 1         1 2 4 F 3 1 
          1 F 4 6 F 4 1 2 2 3 2 3 3 F 1     1 3 F 2 2 F 2   1 2 2 1     1 1 1 1 F F F 4 2 
        1 2 3 F F F ? ? 2 ? ? 2 ? ? 2 1     2 F 4 2 3 F 2 1 1 2 F 3 2 1 2 F 2 2 4 F 4 F F 
2 2 1   1 F 3 3 3 4 ? ? ? ? ? ? ? ? 2   1 1 3 F 3 F 3 3 2 2 F 2 2 F F 2 2 F 2 1 F 2 2 2 2 
F F 2 1 2 3 F 2 1 2 ? ? ? ? ? ? ? F 2   1 F 2 1 2 2 F 2 F 2 1 1 2 4 F 2 1 1 1 2 2 2       
? ? ? ? ? ? ? ? ? ? ? ? ? ? ? ? ? 4 4 2 2 1 1     1 1 2 1 2 2 3 3 F 2 1       2 F 3 1 2 1 
? ? ? ? ? ? ? ? ? ? ? ? ? ? ? ? ? F F F 2   1 2 2 1 1 1 1 1 F F F 2 1   1 1 1 2 F 3 F 2 F 
? ? ? ? ? ? ? ? ? ? ? ? ? ? ? ? ? 3 5 F 4 1 2 F F 2 1 F 2 2 4 F 5 3 1   2 F 2 1 1 2 1 3 2 
? ? ? ? ? ? ? ? ? ? ? ? ? ? ? ? ? 2 2 F 3 F 2 3 F 2 2 3 4 F 2 2 F F 1   2 F 2   1 1 1 2 F 
? ? ? ? ? ? ? ? ? ? ? ? ? ? ? ? ? 1 1 1 2 2 2 3 2 2 2 F F 2 1 1 2 2 1   1 2 2 1 1 F 1 2 F 
? ? ? ? ? ? ? ? ? ? ? ? ? ? ? ? ? 3 2 1   2 F 3 F 3 5 F 4 1     1 1 1   1 2 F 1 1 1 1 1 1 
? ? ? ? ? ? ? ? ? ? ? ? ? ? ? ? ? F F 3 1 3 F 4 2 F F F 2       1 F 1   1 F 2 2 1 1   1 1 
? ? ? ? ? ? ? ? ? ? ? ? ? ? ? ? ? ? F F 1 2 F 4 3 4 4 3 1       1 1 1   1 2 2 3 F 3 2 4 F 
? ? ? ? ? ? ? ? ? ? ? ? ? ? ? ? ? ? ? 3 1 1 3 F F 5 F 2 1 2 2 1 1 1 1   1 3 F 6 F 4 F F F 
? ? ? ? ? ? ? ? ? ? ? ? ? ? ? ? ? ? ? 2     3 F F F F 3 1 F F 2 1 F 1   1 F F F F 3 2 3 2 
? ? ? ? ? ? ? ? ? ? ? ? ? ? ? ? ? ? ? 3 1   2 F 4 5 F 3 1 4 F 3 1 1 1   1 2 3 3 2 1   1 1 
? ? ? ? ? ? ? ? ? ? ? ? ? ? ? ? ? ? ? F 1   1 1 1 2 F 2   2 F 2           1 1 1       1 F 
Step: 24
? ? F 2         1 1 3 F 3 1 2 1 1   2 F 2 1 F 3 3 F 2 1 2 F ? ? ? ? ? ? ? ? ? ? ? ? ? ? ? 
? F F 2         1 F 3 F 3 F 2 F 1   2 F 2 1 2 F F 3 F 1 2 F ? ? ? ? ? ? ? ? ? ? ? ? ? ? ? 
F F 3 1         1 1 2 1 2 1 2 2 2 2 3 3 3 1 2 2 3 3 2 1 1 2 ? ? ? ? ? ? ? ? ? ? ? ? ? ? ? 
2 2 1             1 1 1       1 F 3 F F 3 F 1   1 F 2 1 1 1 ? ? ? ? ? ? ? ? ? ? ? ? F F F 
1 1 1 1 1 1     1 3 F 2       1 3 F 5 F 3 2 2 2 2 2 3 F 2 2 ? ? ? ? ? ? ? 4 3 3 3 4 F 4 2 
1 F 2 2 F 1 1 1 2 F F 2   1 1 1 3 F 4 1 1 1 F 3 F 1 2 F 4 3 ? ? ? 3 3 F F F 2 F 2 F 2 1   
1 3 F 3 1 1 2 F 3 2 2 1 1 2 F 1 2 F 2   1 2 3 F 2 1 1 2 F F 3 2 F F 2 2 3 2 3 2 3 1 1     
1 4 F 3     3 F 4 2 2 1 1 F 2 1 1 2 2 1 1 F 3 2 1     1 3 F 2 1 3 3 2       1 F 1   1 1 1 
1 F F 2     2 F 5 F F 1 2 2 3 1 2 2 F 1 1 2 F 2 1 1     1 1 2 1 2 F 1       1 1 1 1 2 F 1 
1 2 2 1   1 2 3 F F 4 1 1 F 2 F 2 F 3 2   1 1 3 F 2 1 1 1   1 F 2 1 1         1 2 4 F 3 1 
          1 F 4 6 F 4 1 2 2 3 2 3 3 F 1     1 3 F 2 2 F 2   1 2 2 1     1 1 1 1 F F F 4 2 
        1 2 3 F F F ? ? 2 ? ? 2 ? ? 2 1     2 F 4 2 3 F 2 1 1 2 F 3 2 1 2 F 2 2 4 F 4 F F 
2 2 1   1 F 3 3 3 4 ? ? ? ? ? ? ? F 2   1 1 3 F 3 F 3 3 2 2 F 2 2 F F 2 2 F 2 1 F 2 2 2 2 
F F 2 1 2 3 F 2 1 2 ? ? ? ? ? ? ? F 2   1 F 2 1 2 2 F 2 F 2 1 1 2 4 F 2 1 1 1 2 2 2       
? ? ? ? ? ? ? ? ? ? ? ? ? ? ? ? ? 4 4 2 2 1 1     1 1 2 1 2 2 3 3 F 2 1       2 F 3 1 2 1 
? ? ? ? ? ? ? ? ? ? ? ? ? ? ? ? ? F F F 2   1 2 2 1 1 1 1 1 F F F 2 1   1 1 1 2 F 3 F 2 F 
? ? ? ? ? ? ? ? ? ? ? ? ? ? ? ? ? 3 5 F 4 1 2 F F 2 1 F 2 2 4 F 5 3 1   2 F 2 1 1 2 1 3 2 
? ? ? ? ? ? ? ? ? ? ? ? ? ? ? ? ? 2 2 F 3 F 2 3 F 2 2 3 4 F 2 2 F F 1   2 F 2   1 1 1 2 F 
? ? ? ? ? ? ? ? ? ? ? ? ? ? ? ? ? 1 1 1 2 2 2 3 2 2 2 F F 2 1 1 2 2 1   1 2 2 1 1 F 1 2 F 
? ? ? ? ? ? ? ? ? ? ? ? ? ? ? ? ? 3 2 1   2 F 3 F 3 5 F 4 1     1 1 1   1 2 F 1 1 1 1 1 1 
? ? ? ? ? ? ? ? ? ? ? ? ? ? ? ? ? F F 3 1 3 F 4 2 F F F 2       1 F 1   1 F 2 2 1 1   1 1 
? ? ? ? ? ? ? ? ? ? ? ? ? ? ? ? ? ? F F 1 2 F 4 3 4 4 3 1       1 1 1   1 2 2 3 F 3 2 4 F 
? ? ? ? ? ? ? ? ? ? ? ? ? ? ? ? ? ? ? 3 1 1 3 F F 5 F 2 1 2 2 1 1 1 1   1 3 F 6 F 4 F F F 
? ? ? ? ? ? ? ? ? ? ? ? ? ? ? ? ? ? ? 2     3 F F F F 3 1 F F 2 1 F 1   1 F F F F 3 2 3 2 
? ? ? ? ? ? ? ? ? ? ? ? ? ? ? ? ? ? ? 3 1   2 F 4 5 F 3 1 4 F 3 1 1 1   1 2 3 3 2 1   1 1 
? ? ? ? ? ? ? ? ? ? ? ? ? ? ? ? ? ? ? F 1   1 1 1 2 F 2   2 F 2           1 1 1       1 F 
Step: 25
? ? F 2         1 1 3 F 3 1 2 1 1   2 F 2 1 F 3 3 F 2 1 2 F ? ? ? ? ? ? ? ? ? ? ? ? ? ? ? 
? F F 2         1 F 3 F 3 F 2 F 1   2 F 2 1 2 F F 3 F 1 2 F ? ? ? ? ? ? ? ? ? ? ? ? ? ? ? 
F F 3 1         1 1 2 1 2 1 2 2 2 2 3 3 3 1 2 2 3 3 2 1 1 2 ? ? ? ? ? ? ? ? ? ? ? ? ? ? ? 
2 2 1             1 1 1       1 F 3 F F 3 F 1   1 F 2 1 1 1 ? ? ? ? ? ? ? ? ? ? ? ? F F F 
1 1 1 1 1 1     1 3 F 2       1 3 F 5 F 3 2 2 2 2 2 3 F 2 2 ? ? ? ? ? ? ? 4 3 3 3 4 F 4 2 
1 F 2 2 F 1 1 1 2 F F 2   1 1 1 3 F 4 1 1 1 F 3 F 1 2 F 4 3 ? ? ? 3 3 F F F 2 F 2 F 2 1   
1 3 F 3 1 1 2 F 3 2 2 1 1 2 F 1 2 F 2   1 2 3 F 2 1 1 2 F F 3 2 F F 2 2 3 2 3 2 3 1 1     
1 4 F 3     3 F 4 2 2 1 1 F 2 1 1 2 2 1 1 F 3 2 1     1 3 F 2 1 3 3 2       1 F 1   1 1 1 
1 F F 2     2 F 5 F F 1 2 2 3 1 2 2 F 1 1 2 F 2 1 1     1 1 2 1 2 F 1       1 1 1 1 2 F 1 
1 2 2 1   1 2 3 F F 4 1 1 F 2 F 2 F 3 2   1 1 3 F 2 1 1 1   1 F 2 1 1         1 2 4 F 3 1 
          1 F 4 6 F 4 1 2 2 3 2 3 3 F 1     1 3 F 2 2 F 2   1 2 2 1     1 1 1 1 F F F 4 2 
        1 2 3 F F F ? ? 2 ? ? 2 ? 3 2 1     2 F 4 2 3 F 2 1 1 2 F 3 2 1 2 F 2 2 4 F 4 F F 
2 2 1   1 F 3 3 3 4 ? ? ? ? ? ? ? F 2   1 1 3 F 3 F 3 3 2 2 F 2 2 F F 2 2 F 2 1 F 2 2 2 2 
F F 2 1 2 3 F 2 1 2 ? ? ? ? ? ? ? F 2   1 F 2 1 2 2 F 2 F 2 1 1 2 4 F 2 1 1 1 2 2 2       
? ? ? ? ? ? ? ? ? ? ? ? ? ? ? ? ? 4 4 2 2 1 1     1 1 2 1 2 2 3 3 F 2 1       2 F 3 1 2 1 
? ? ? ? ? ? ? ? ? ? ? ? ? ? ? ? ? F F F 2   1 2 2 1 1 1 1 1 F F F 2 1   1 1 1 2 F 3 F 2 F 
? ? ? ? ? ? ? ? ? ? ? ? ? ? ? ? ? 3 5 F 4 1 2 F F 2 1 F 2 2 4 F 5 3 1   2 F 2 1 1 2 1 3 2 
? ? ? ? ? ? ? ? ? ? ? ? ? ? ? ? ? 2 2 F 3 F 2 3 F 2 2 3 4 F 2 2 F F 1   2 F 2   1 1 1 2 F 
? ? ? ? ? ? ? ? ? ? ? ? ? ? ? ? ? 1 1 1 2 2 2 3 2 2 2 F F 2 1 1 2 2 1   1 2 2 1 1 F 1 2 F 
? ? ? ? ? ? ? ? ? ? ? ? ? ? ? ? ? 3 2 1   2 F 3 F 3 5 F 4 1     1 1 1   1 2 F 1 1 1 1 1 1 
? ? ? ? ? ? ? ? ? ? ? ? ? ? ? ? ? F F 3 1 3 F 4 2 F F F 2       1 F 1   1 F 2 2 1 1   1 1 
? ? ? ? ? ? ? ? ? ? ? ? ? ? ? ? ? ? F F 1 2 F 4 3 4 4 3 1       1 1 1   1 2 2 3 F 3 2 4 F 
? ? ? ? ? ? ? ? ? ? ? ? ? ? ? ? ? ? ? 3 1 1 3 F F 5 F 2 1 2 2 1 1 1 1   1 3 F 6 F 4 F F F 
? ? ? ? ? ? ? ? ? ? ? ? ? ? ? ? ? ? ? 2     3 F F F F 3 1 F F 2 1 F 1   1 F F F F 3 2 3 2 
? ? ? ? ? ? ? ? ? ? ? ? ? ? ? ? ? ? ? 3 1   2 F 4 5 F 3 1 4 F 3 1 1 1   1 2 3 3 2 1   1 1 
? ? ? ? ? ? ? ? ? ? ? ? ? ? ? ? ? ? ? F 1   1 1 1 2 F 2   2 F 2           1 1 1       1 F 
Step: 26
? ? F 2         1 1 3 F 3 1 2 1 1   2 F 2 1 F 3 3 F 2 1 2 F ? ? ? ? ? ? ? ? ? ? ? ? ? ? ? 
? F F 2         1 F 3 F 3 F 2 F 1   2 F 2 1 2 F F 3 F 1 2 F ? ? ? ? ? ? ? ? ? ? ? ? ? ? ? 
F F 3 1         1 1 2 1 2 1 2 2 2 2 3 3 3 1 2 2 3 3 2 1 1 2 ? ? ? ? ? ? ? ? ? ? ? ? ? ? ? 
2 2 1             1 1 1       1 F 3 F F 3 F 1   1 F 2 1 1 1 ? ? ? ? ? ? ? ? ? ? ? ? F F F 
1 1 1 1 1 1     1 3 F 2       1 3 F 5 F 3 2 2 2 2 2 3 F 2 2 ? ? ? ? ? ? ? 4 3 3 3 4 F 4 2 
1 F 2 2 F 1 1 1 2 F F 2   1 1 1 3 F 4 1 1 1 F 3 F 1 2 F 4 3 ? ? ? 3 3 F F F 2 F 2 F 2 1   
1 3 F 3 1 1 2 F 3 2 2 1 1 2 F 1 2 F 2   1 2 3 F 2 1 1 2 F F 3 2 F F 2 2 3 2 3 2 3 1 1     
1 4 F 3     3 F 4 2 2 1 1 F 2 1 1 2 2 1 1 F 3 2 1     1 3 F 2 1 3 3 2       1 F 1   1 1 1 
1 F F 2     2 F 5 F F 1 2 2 3 1 2 2 F 1 1 2 F 2 1 1     1 1 2 1 2 F 1       1 1 1 1 2 F 1 
1 2 2 1   1 2 3 F F 4 1 1 F 2 F 2 F 3 2   1 1 3 F 2 1 1 1   1 F 2 1 1         1 2 4 F 3 1 
          1 F 4 6 F 4 1 2 2 3 2 3 3 F 1     1 3 F 2 2 F 2   1 2 2 1     1 1 1 1 F F F 4 2 
        1 2 3 F F F ? ? 2 ? ? 2 F 3 2 1     2 F 4 2 3 F 2 1 1 2 F 3 2 1 2 F 2 2 4 F 4 F F 
2 2 1   1 F 3 3 3 4 ? ? ? ? ? ? 4 F 2   1 1 3 F 3 F 3 3 2 2 F 2 2 F F 2 2 F 2 1 F 2 2 2 2 
F F 2 1 2 3 F 2 1 2 ? ? ? ? ? ? ? F 2   1 F 2 1 2 2 F 2 F 2 1 1 2 4 F 2 1 1 1 2 2 2       
? ? ? ? ? ? ? ? ? ? ? ? ? ? ? ? ? 4 4 2 2 1 1     1 1 2 1 2 2 3 3 F 2 1       2 F 3 1 2 1 
? ? ? ? ? ? ? ? ? ? ? ? ? ? ? ? ? F F F 2   1 2 2 1 1 1 1 1 F F F 2 1   1 1 1 2 F 3 F 2 F 
? ? ? ? ? ? ? ? ? ? ? ? ? ? ? ? ? 3 5 F 4 1 2 F F 2 1 F 2 2 4 F 5 3 1   2 F 2 1 1 2 1 3 2 
? ? ? ? ? ? ? ? ? ? ? ? ? ? ? ? ? 2 2 F 3 F 2 3 F 2 2 3 4 F 2 2 F F 1   2 F 2   1 1 1 2 F 
? ? ? ? ? ? ? ? ? ? ? ? ? ? ? ? ? 1 1 1 2 2 2 3 2 2 2 F F 2 1 1 2 2 1   1 2 2 1 1 F 1 2 F 
? ? ? ? ? ? ? ? ? ? ? ? ? ? ? ? ? 3 2 1   2 F 3 F 3 5 F 4 1     1 1 1   1 2 F 1 1 1 1 1 1 
? ? ? ? ? ? ? ? ? ? ? ? ? ? ? ? ? F F 3 1 3 F 4 2 F F F 2       1 F 1   1 F 2 2 1 1   1 1 
? ? ? ? ? ? ? ? ? ? ? ? ? ? ? ? ? ? F F 1 2 F 4 3 4 4 3 1       1 1 1   1 2 2 3 F 3 2 4 F 
? ? ? ? ? ? ? ? ? ? ? ? ? ? ? ? ? ? ? 3 1 1 3 F F 5 F 2 1 2 2 1 1 1 1   1 3 F 6 F 4 F F F 
? ? ? ? ? ? ? ? ? ? ? ? ? ? ? ? ? ? ? 2     3 F F F F 3 1 F F 2 1 F 1   1 F F F F 3 2 3 2 
? ? ? ? ? ? ? ? ? ? ? ? ? ? ? ? ? ? ? 3 1   2 F 4 5 F 3 1 4 F 3 1 1 1   1 2 3 3 2 1   1 1 
? ? ? ? ? ? ? ? ? ? ? ? ? ? ? ? ? ? ? F 1   1 1 1 2 F 2   2 F 2           1 1 1       1 F 
Step: 27
? ? F 2         1 1 3 F 3 1 2 1 1   2 F 2 1 F 3 3 F 2 1 2 F ? ? ? ? ? ? ? ? ? ? ? ? ? ? ? 
? F F 2         1 F 3 F 3 F 2 F 1   2 F 2 1 2 F F 3 F 1 2 F ? ? ? ? ? ? ? ? ? ? ? ? ? ? ? 
F F 3 1         1 1 2 1 2 1 2 2 2 2 3 3 3 1 2 2 3 3 2 1 1 2 ? ? ? ? ? ? ? ? ? ? ? ? ? ? ? 
2 2 1             1 1 1       1 F 3 F F 3 F 1   1 F 2 1 1 1 ? ? ? ? ? ? ? ? ? ? ? ? F F F 
1 1 1 1 1 1     1 3 F 2       1 3 F 5 F 3 2 2 2 2 2 3 F 2 2 ? ? ? ? ? ? ? 4 3 3 3 4 F 4 2 
1 F 2 2 F 1 1 1 2 F F 2   1 1 1 3 F 4 1 1 1 F 3 F 1 2 F 4 3 ? ? ? 3 3 F F F 2 F 2 F 2 1   
1 3 F 3 1 1 2 F 3 2 2 1 1 2 F 1 2 F 2   1 2 3 F 2 1 1 2 F F 3 2 F F 2 2 3 2 3 2 3 1 1     
1 4 F 3     3 F 4 2 2 1 1 F 2 1 1 2 2 1 1 F 3 2 1     1 3 F 2 1 3 3 2       1 F 1   1 1 1 
1 F F 2     2 F 5 F F 1 2 2 3 1 2 2 F 1 1 2 F 2 1 1     1 1 2 1 2 F 1       1 1 1 1 2 F 1 
1 2 2 1   1 2 3 F F 4 1 1 F 2 F 2 F 3 2   1 1 3 F 2 1 1 1   1 F 2 1 1         1 2 4 F 3 1 
          1 F 4 6 F 4 1 2 2 3 2 3 3 F 1     1 3 F 2 2 F 2   1 2 2 1     1 1 1 1 F F F 4 2 
        1 2 3 F F F ? ? 2 ? 2 2 F 3 2 1     2 F 4 2 3 F 2 1 1 2 F 3 2 1 2 F 2 2 4 F 4 F F 
2 2 1   1 F 3 3 3 4 ? ? ? ? ? ? 4 F 2   1 1 3 F 3 F 3 3 2 2 F 2 2 F F 2 2 F 2 1 F 2 2 2 2 
F F 2 1 2 3 F 2 1 2 ? ? ? ? ? ? ? F 2   1 F 2 1 2 2 F 2 F 2 1 1 2 4 F 2 1 1 1 2 2 2       
? ? ? ? ? ? ? ? ? ? ? ? ? ? ? ? ? 4 4 2 2 1 1     1 1 2 1 2 2 3 3 F 2 1       2 F 3 1 2 1 
? ? ? ? ? ? ? ? ? ? ? ? ? ? ? ? ? F F F 2   1 2 2 1 1 1 1 1 F F F 2 1   1 1 1 2 F 3 F 2 F 
? ? ? ? ? ? ? ? ? ? ? ? ? ? ? ? ? 3 5 F 4 1 2 F F 2 1 F 2 2 4 F 5 3 1   2 F 2 1 1 2 1 3 2 
? ? ? ? ? ? ? ? ? ? ? ? ? ? ? ? ? 2 2 F 3 F 2 3 F 2 2 3 4 F 2 2 F F 1   2 F 2   1 1 1 2 F 
? ? ? ? ? ? ? ? ? ? ? ? ? ? ? ? ? 1 1 1 2 2 2 3 2 2 2 F F 2 1 1 2 2 1   1 2 2 1 1 F 1 2 F 
? ? ? ? ? ? ? ? ? ? ? ? ? ? ? ? ? 3 2 1   2 F 3 F 3 5 F 4 1     1 1 1   1 2 F 1 1 1 1 1 1 
? ? ? ? ? ? ? ? ? ? ? ? ? ? ? ? ? F F 3 1 3 F 4 2 F F F 2       1 F 1   1 F 2 2 1 1   1 1 
? ? ? ? ? ? ? ? ? ? ? ? ? ? ? ? ? ? F F 1 2 F 4 3 4 4 3 1       1 1 1   1 2 2 3 F 3 2 4 F 
? ? ? ? ? ? ? ? ? ? ? ? ? ? ? ? ? ? ? 3 1 1 3 F F 5 F 2 1 2 2 1 1 1 1   1 3 F 6 F 4 F F F 
? ? ? ? ? ? ? ? ? ? ? ? ? ? ? ? ? ? ? 2     3 F F F F 3 1 F F 2 1 F 1   1 F F F F 3 2 3 2 
? ? ? ? ? ? ? ? ? ? ? ? ? ? ? ? ? ? ? 3 1   2 F 4 5 F 3 1 4 F 3 1 1 1   1 2 3 3 2 1   1 1 
? ? ? ? ? ? ? ? ? ? ? ? ? ? ? ? ? ? ? F 1   1 1 1 2 F 2   2 F 2           1 1 1       1 F 
Step: 28
? ? F 2         1 1 3 F 3 1 2 1 1   2 F 2 1 F 3 3 F 2 1 2 F ? ? ? ? ? ? ? ? ? ? ? ? ? ? ? 
? F F 2         1 F 3 F 3 F 2 F 1   2 F 2 1 2 F F 3 F 1 2 F ? ? ? ? ? ? ? ? ? ? ? ? ? ? ? 
F F 3 1         1 1 2 1 2 1 2 2 2 2 3 3 3 1 2 2 3 3 2 1 1 2 ? ? ? ? ? ? ? ? ? ? ? ? ? ? ? 
2 2 1             1 1 1       1 F 3 F F 3 F 1   1 F 2 1 1 1 ? ? ? ? ? ? ? ? ? ? ? ? F F F 
1 1 1 1 1 1     1 3 F 2       1 3 F 5 F 3 2 2 2 2 2 3 F 2 2 ? ? ? ? ? ? ? 4 3 3 3 4 F 4 2 
1 F 2 2 F 1 1 1 2 F F 2   1 1 1 3 F 4 1 1 1 F 3 F 1 2 F 4 3 ? ? ? 3 3 F F F 2 F 2 F 2 1   
1 3 F 3 1 1 2 F 3 2 2 1 1 2 F 1 2 F 2   1 2 3 F 2 1 1 2 F F 3 2 F F 2 2 3 2 3 2 3 1 1     
1 4 F 3     3 F 4 2 2 1 1 F 2 1 1 2 2 1 1 F 3 2 1     1 3 F 2 1 3 3 2       1 F 1   1 1 1 
1 F F 2     2 F 5 F F 1 2 2 3 1 2 2 F 1 1 2 F 2 1 1     1 1 2 1 2 F 1       1 1 1 1 2 F 1 
1 2 2 1   1 2 3 F F 4 1 1 F 2 F 2 F 3 2   1 1 3 F 2 1 1 1   1 F 2 1 1         1 2 4 F 3 1 
          1 F 4 6 F 4 1 2 2 3 2 3 3 F 1     1 3 F 2 2 F 2   1 2 2 1     1 1 1 1 F F F 4 2 
        1 2 3 F F F ? ? 2 F 2 2 F 3 2 1     2 F 4 2 3 F 2 1 1 2 F 3 2 1 2 F 2 2 4 F 4 F F 
2 2 1   1 F 3 3 3 4 ? ? ? ? ? ? 4 F 2   1 1 3 F 3 F 3 3 2 2 F 2 2 F F 2 2 F 2 1 F 2 2 2 2 
F F 2 1 2 3 F 2 1 2 ? ? ? ? ? ? ? F 2   1 F 2 1 2 2 F 2 F 2 1 1 2 4 F 2 1 1 1 2 2 2       
? ? ? ? ? ? ? ? ? ? ? ? ? ? ? ? ? 4 4 2 2 1 1     1 1 2 1 2 2 3 3 F 2 1       2 F 3 1 2 1 
? ? ? ? ? ? ? ? ? ? ? ? ? ? ? ? ? F F F 2   1 2 2 1 1 1 1 1 F F F 2 1   1 1 1 2 F 3 F 2 F 
? ? ? ? ? ? ? ? ? ? ? ? ? ? ? ? ? 3 5 F 4 1 2 F F 2 1 F 2 2 4 F 5 3 1   2 F 2 1 1 2 1 3 2 
? ? ? ? ? ? ? ? ? ? ? ? ? ? ? ? ? 2 2 F 3 F 2 3 F 2 2 3 4 F 2 2 F F 1   2 F 2   1 1 1 2 F 
? ? ? ? ? ? ? ? ? ? ? ? ? ? ? ? ? 1 1 1 2 2 2 3 2 2 2 F F 2 1 1 2 2 1   1 2 2 1 1 F 1 2 F 
? ? ? ? ? ? ? ? ? ? ? ? ? ? ? ? ? 3 2 1   2 F 3 F 3 5 F 4 1     1 1 1   1 2 F 1 1 1 1 1 1 
? ? ? ? ? ? ? ? ? ? ? ? ? ? ? ? ? F F 3 1 3 F 4 2 F F F 2       1 F 1   1 F 2 2 1 1   1 1 
? ? ? ? ? ? ? ? ? ? ? ? ? ? ? ? ? ? F F 1 2 F 4 3 4 4 3 1       1 1 1   1 2 2 3 F 3 2 4 F 
? ? ? ? ? ? ? ? ? ? ? ? ? ? ? ? ? ? ? 3 1 1 3 F F 5 F 2 1 2 2 1 1 1 1   1 3 F 6 F 4 F F F 
? ? ? ? ? ? ? ? ? ? ? ? ? ? ? ? ? ? ? 2     3 F F F F 3 1 F F 2 1 F 1   1 F F F F 3 2 3 2 
? ? ? ? ? ? ? ? ? ? ? ? ? ? ? ? ? ? ? 3 1   2 F 4 5 F 3 1 4 F 3 1 1 1   1 2 3 3 2 1   1 1 
? ? ? ? ? ? ? ? ? ? ? ? ? ? ? ? ? ? ? F 1   1 1 1 2 F 2   2 F 2           1 1 1       1 F 
Step: 29
? ? F 2         1 1 3 F 3 1 2 1 1   2 F 2 1 F 3 3 F 2 1 2 F ? ? ? ? ? ? ? ? ? ? ? ? ? ? ? 
? F F 2         1 F 3 F 3 F 2 F 1   2 F 2 1 2 F F 3 F 1 2 F ? ? ? ? ? ? ? ? ? ? ? ? ? ? ? 
F F 3 1         1 1 2 1 2 1 2 2 2 2 3 3 3 1 2 2 3 3 2 1 1 2 ? ? ? ? ? ? ? ? ? ? ? ? ? ? ? 
2 2 1             1 1 1       1 F 3 F F 3 F 1   1 F 2 1 1 1 ? ? ? ? ? ? ? ? ? ? ? ? F F F 
1 1 1 1 1 1     1 3 F 2       1 3 F 5 F 3 2 2 2 2 2 3 F 2 2 ? ? ? ? ? ? ? 4 3 3 3 4 F 4 2 
1 F 2 2 F 1 1 1 2 F F 2   1 1 1 3 F 4 1 1 1 F 3 F 1 2 F 4 3 ? ? ? 3 3 F F F 2 F 2 F 2 1   
1 3 F 3 1 1 2 F 3 2 2 1 1 2 F 1 2 F 2   1 2 3 F 2 1 1 2 F F 3 2 F F 2 2 3 2 3 2 3 1 1     
1 4 F 3     3 F 4 2 2 1 1 F 2 1 1 2 2 1 1 F 3 2 1     1 3 F 2 1 3 3 2       1 F 1   1 1 1 
1 F F 2     2 F 5 F F 1 2 2 3 1 2 2 F 1 1 2 F 2 1 1     1 1 2 1 2 F 1       1 1 1 1 2 F 1 
1 2 2 1   1 2 3 F F 4 1 1 F 2 F 2 F 3 2   1 1 3 F 2 1 1 1   1 F 2 1 1         1 2 4 F 3 1 
          1 F 4 6 F 4 1 2 2 3 2 3 3 F 1     1 3 F 2 2 F 2   1 2 2 1     1 1 1 1 F F F 4 2 
        1 2 3 F F F ? 3 2 F 2 2 F 3 2 1     2 F 4 2 3 F 2 1 1 2 F 3 2 1 2 F 2 2 4 F 4 F F 
2 2 1   1 F 3 3 3 4 ? ? ? ? ? ? 4 F 2   1 1 3 F 3 F 3 3 2 2 F 2 2 F F 2 2 F 2 1 F 2 2 2 2 
F F 2 1 2 3 F 2 1 2 ? ? ? ? ? ? ? F 2   1 F 2 1 2 2 F 2 F 2 1 1 2 4 F 2 1 1 1 2 2 2       
? ? ? ? ? ? ? ? ? ? ? ? ? ? ? ? ? 4 4 2 2 1 1     1 1 2 1 2 2 3 3 F 2 1       2 F 3 1 2 1 
? ? ? ? ? ? ? ? ? ? ? ? ? ? ? ? ? F F F 2   1 2 2 1 1 1 1 1 F F F 2 1   1 1 1 2 F 3 F 2 F 
? ? ? ? ? ? ? ? ? ? ? ? ? ? ? ? ? 3 5 F 4 1 2 F F 2 1 F 2 2 4 F 5 3 1   2 F 2 1 1 2 1 3 2 
? ? ? ? ? ? ? ? ? ? ? ? ? ? ? ? ? 2 2 F 3 F 2 3 F 2 2 3 4 F 2 2 F F 1   2 F 2   1 1 1 2 F 
? ? ? ? ? ? ? ? ? ? ? ? ? ? ? ? ? 1 1 1 2 2 2 3 2 2 2 F F 2 1 1 2 2 1   1 2 2 1 1 F 1 2 F 
? ? ? ? ? ? ? ? ? ? ? ? ? ? ? ? ? 3 2 1   2 F 3 F 3 5 F 4 1     1 1 1   1 2 F 1 1 1 1 1 1 
? ? ? ? ? ? ? ? ? ? ? ? ? ? ? ? ? F F 3 1 3 F 4 2 F F F 2       1 F 1   1 F 2 2 1 1   1 1 
? ? ? ? ? ? ? ? ? ? ? ? ? ? ? ? ? ? F F 1 2 F 4 3 4 4 3 1       1 1 1   1 2 2 3 F 3 2 4 F 
? ? ? ? ? ? ? ? ? ? ? ? ? ? ? ? ? ? ? 3 1 1 3 F F 5 F 2 1 2 2 1 1 1 1   1 3 F 6 F 4 F F F 
? ? ? ? ? ? ? ? ? ? ? ? ? ? ? ? ? ? ? 2     3 F F F F 3 1 F F 2 1 F 1   1 F F F F 3 2 3 2 
? ? ? ? ? ? ? ? ? ? ? ? ? ? ? ? ? ? ? 3 1   2 F 4 5 F 3 1 4 F 3 1 1 1   1 2 3 3 2 1   1 1 
? ? ? ? ? ? ? ? ? ? ? ? ? ? ? ? ? ? ? F 1   1 1 1 2 F 2   2 F 2           1 1 1       1 F 
Step: 30
? ? F 2         1 1 3 F 3 1 2 1 1   2 F 2 1 F 3 3 F 2 1 2 F ? ? ? ? ? ? ? ? ? ? ? ? ? ? ? 
? F F 2         1 F 3 F 3 F 2 F 1   2 F 2 1 2 F F 3 F 1 2 F ? ? ? ? ? ? ? ? ? ? ? ? ? ? ? 
F F 3 1         1 1 2 1 2 1 2 2 2 2 3 3 3 1 2 2 3 3 2 1 1 2 ? ? ? ? ? ? ? ? ? ? ? ? ? ? ? 
2 2 1             1 1 1       1 F 3 F F 3 F 1   1 F 2 1 1 1 ? ? ? ? ? ? ? ? ? ? ? ? F F F 
1 1 1 1 1 1     1 3 F 2       1 3 F 5 F 3 2 2 2 2 2 3 F 2 2 ? ? ? ? ? ? ? 4 3 3 3 4 F 4 2 
1 F 2 2 F 1 1 1 2 F F 2   1 1 1 3 F 4 1 1 1 F 3 F 1 2 F 4 3 ? ? ? 3 3 F F F 2 F 2 F 2 1   
1 3 F 3 1 1 2 F 3 2 2 1 1 2 F 1 2 F 2   1 2 3 F 2 1 1 2 F F 3 2 F F 2 2 3 2 3 2 3 1 1     
1 4 F 3     3 F 4 2 2 1 1 F 2 1 1 2 2 1 1 F 3 2 1     1 3 F 2 1 3 3 2       1 F 1   1 1 1 
1 F F 2     2 F 5 F F 1 2 2 3 1 2 2 F 1 1 2 F 2 1 1     1 1 2 1 2 F 1       1 1 1 1 2 F 1 
1 2 2 1   1 2 3 F F 4 1 1 F 2 F 2 F 3 2   1 1 3 F 2 1 1 1   1 F 2 1 1         1 2 4 F 3 1 
          1 F 4 6 F 4 1 2 2 3 2 3 3 F 1     1 3 F 2 2 F 2   1 2 2 1     1 1 1 1 F F F 4 2 
        1 2 3 F F F F 3 2 F 2 2 F 3 2 1     2 F 4 2 3 F 2 1 1 2 F 3 2 1 2 F 2 2 4 F 4 F F 
2 2 1   1 F 3 3 3 4 ? ? ? ? ? ? 4 F 2   1 1 3 F 3 F 3 3 2 2 F 2 2 F F 2 2 F 2 1 F 2 2 2 2 
F F 2 1 2 3 F 2 1 2 ? ? ? ? ? ? ? F 2   1 F 2 1 2 2 F 2 F 2 1 1 2 4 F 2 1 1 1 2 2 2       
? ? ? ? ? ? ? ? ? ? ? ? ? ? ? ? ? 4 4 2 2 1 1     1 1 2 1 2 2 3 3 F 2 1       2 F 3 1 2 1 
? ? ? ? ? ? ? ? ? ? ? ? ? ? ? ? ? F F F 2   1 2 2 1 1 1 1 1 F F F 2 1   1 1 1 2 F 3 F 2 F 
? ? ? ? ? ? ? ? ? ? ? ? ? ? ? ? ? 3 5 F 4 1 2 F F 2 1 F 2 2 4 F 5 3 1   2 F 2 1 1 2 1 3 2 
? ? ? ? ? ? ? ? ? ? ? ? ? ? ? ? ? 2 2 F 3 F 2 3 F 2 2 3 4 F 2 2 F F 1   2 F 2   1 1 1 2 F 
? ? ? ? ? ? ? ? ? ? ? ? ? ? ? ? ? 1 1 1 2 2 2 3 2 2 2 F F 2 1 1 2 2 1   1 2 2 1 1 F 1 2 F 
? ? ? ? ? ? ? ? ? ? ? ? ? ? ? ? ? 3 2 1   2 F 3 F 3 5 F 4 1     1 1 1   1 2 F 1 1 1 1 1 1 
? ? ? ? ? ? ? ? ? ? ? ? ? ? ? ? ? F F 3 1 3 F 4 2 F F F 2       1 F 1   1 F 2 2 1 1   1 1 
? ? ? ? ? ? ? ? ? ? ? ? ? ? ? ? ? ? F F 1 2 F 4 3 4 4 3 1       1 1 1   1 2 2 3 F 3 2 4 F 
? ? ? ? ? ? ? ? ? ? ? ? ? ? ? ? ? ? ? 3 1 1 3 F F 5 F 2 1 2 2 1 1 1 1   1 3 F 6 F 4 F F F 
? ? ? ? ? ? ? ? ? ? ? ? ? ? ? ? ? ? ? 2     3 F F F F 3 1 F F 2 1 F 1   1 F F F F 3 2 3 2 
? ? ? ? ? ? ? ? ? ? ? ? ? ? ? ? ? ? ? 3 1   2 F 4 5 F 3 1 4 F 3 1 1 1   1 2 3 3 2 1   1 1 
? ? ? ? ? ? ? ? ? ? ? ? ? ? ? ? ? ? ? F 1   1 1 1 2 F 2   2 F 2           1 1 1       1 F 
Step: 31
? ? F 2         1 1 3 F 3 1 2 1 1   2 F 2 1 F 3 3 F 2 1 2 F ? ? ? 1         1 ? ? ? ? ? ? 
? F F 2         1 F 3 F 3 F 2 F 1   2 F 2 1 2 F F 3 F 1 2 F 3 2 2 1 1 1 1   1 2 3 4 ? ? ? 
F F 3 1         1 1 2 1 2 1 2 2 2 2 3 3 3 1 2 2 3 3 2 1 1 2 2 1     1 ? 2 2 1 2 1 4 ? ? ? 
2 2 1             1 1 1       1 F 3 F F 3 F 1   1 F 2 1 1 1 F 2 2 1 2 ? ? 2 F 2 F 4 F F F 
1 1 1 1 1 1     1 3 F 2       1 3 F 5 F 3 2 2 2 2 2 3 F 2 2 ? ? ? ? ? ? ? 4 3 3 3 4 F 4 2 
1 F 2 2 F 1 1 1 2 F F 2   1 1 1 3 F 4 1 1 1 F 3 F 1 2 F 4 3 F ? 4 3 3 F F F 2 F 2 F 2 1   
1 3 F 3 1 1 2 F 3 2 2 1 1 2 F 1 2 F 2   1 2 3 F 2 1 1 2 F F 3 2 F F 2 2 3 2 3 2 3 1 1     
1 4 F 3     3 F 4 2 2 1 1 F 2 1 1 2 2 1 1 F 3 2 1     1 3 F 2 1 3 3 2       1 F 1   1 1 1 
1 F F 2     2 F 5 F F 1 2 2 3 1 2 2 F 1 1 2 F 2 1 1     1 1 2 1 2 F 1       1 1 1 1 2 F 1 
1 2 2 1   1 2 3 F F 4 1 1 F 2 F 2 F 3 2   1 1 3 F 2 1 1 1   1 F 2 1 1         1 2 4 F 3 1 
          1 F 4 6 F 4 1 2 2 3 2 3 3 F 1     1 3 F 2 2 F 2   1 2 2 1     1 1 1 1 F F F 4 2 
        1 2 3 F F F F 3 2 F 2 2 F 3 2 1     2 F 4 2 3 F 2 1 1 2 F 3 2 1 2 F 2 2 4 F 4 F F 
2 2 1   1 F 3 3 3 4 F ? ? 2 ? ? 4 F 2   1 1 3 F 3 F 3 3 2 2 F 2 2 F F 2 2 F 2 1 F 2 2 2 2 
F F 2 1 2 3 F 2 1 2 ? ? ? ? ? ? ? F 2   1 F 2 1 2 2 F 2 F 2 1 1 2 4 F 2 1 1 1 2 2 2       
? ? ? ? ? ? ? ? ? ? ? ? ? ? ? ? ? 4 4 2 2 1 1     1 1 2 1 2 2 3 3 F 2 1       2 F 3 1 2 1 
? ? ? ? ? ? ? ? ? ? ? ? ? ? ? ? ? F F F 2   1 2 2 1 1 1 1 1 F F F 2 1   1 1 1 2 F 3 F 2 F 
? ? ? ? ? ? ? ? ? ? ? ? ? ? ? ? F 3 5 F 4 1 2 F F 2 1 F 2 2 4 F 5 3 1   2 F 2 1 1 2 1 3 2 
? ? ? ? ? ? ? ? ? ? ? ? ? ? ? ? ? 2 2 F 3 F 2 3 F 2 2 3 4 F 2 2 F F 1   2 F 2   1 1 1 2 F 
? ? ? ? ? ? ? ? ? ? ? ? ? ? ? ? F 1 1 1 2 2 2 3 2 2 2 F F 2 1 1 2 2 1   1 2 2 1 1 F 1 2 F 
? ? ? ? ? ? ? ? ? ? ? ? ? ? ? ? ? 3 2 1   2 F 3 F 3 5 F 4 1     1 1 1   1 2 F 1 1 1 1 1 1 
? ? ? ? ? ? ? ? ? ? ? ? ? ? ? ? ? F F 3 1 3 F 4 2 F F F 2       1 F 1   1 F 2 2 1 1   1 1 
? ? ? ? ? ? ? ? ? ? ? ? ? ? ? ? ? ? F F 1 2 F 4 3 4 4 3 1       1 1 1   1 2 2 3 F 3 2 4 F 
? ? ? ? ? ? ? ? ? ? ? ? ? ? ? ? ? ? ? 3 1 1 3 F F 5 F 2 1 2 2 1 1 1 1   1 3 F 6 F 4 F F F 
? ? ? ? ? ? ? ? ? ? ? ? ? ? ? ? ? ? ? 2     3 F F F F 3 1 F F 2 1 F 1   1 F F F F 3 2 3 2 
? ? ? ? ? ? ? ? ? ? ? ? ? ? ? ? ? ? F 3 1   2 F 4 5 F 3 1 4 F 3 1 1 1   1 2 3 3 2 1   1 1 
? ? ? ? ? ? ? ? ? ? ? ? ? ? ? ? ? ? ? F 1   1 1 1 2 F 2   2 F 2           1 1 1       1 F 
Step: 32
? ? F 2         1 1 3 F 3 1 2 1 1   2 F 2 1 F 3 3 F 2 1 2 F ? F F 1         1 F F F ? ? ? 
? F F 2         1 F 3 F 3 F 2 F 1   2 F 2 1 2 F F 3 F 1 2 F 3 2 2 1 1 1 1   1 2 3 4 F ? ? 
F F 3 1         1 1 2 1 2 1 2 2 2 2 3 3 3 1 2 2 3 3 2 1 1 2 2 1     1 F 2 2 1 2 1 4 F ? ? 
2 2 1             1 1 1       1 F 3 F F 3 F 1   1 F 2 1 1 1 F 2 2 1 2 2 F 2 F 2 F 4 F F F 
1 1 1 1 1 1     1 3 F 2       1 3 F 5 F 3 2 2 2 2 2 3 F 2 2 3 ? 2 F 2 3 4 4 3 3 3 4 F 4 2 
1 F 2 2 F 1 1 1 2 F F 2   1 1 1 3 F 4 1 1 1 F 3 F 1 2 F 4 3 F 3 4 3 3 F F F 2 F 2 F 2 1   
1 3 F 3 1 1 2 F 3 2 2 1 1 2 F 1 2 F 2   1 2 3 F 2 1 1 2 F F 3 2 F F 2 2 3 2 3 2 3 1 1     
1 4 F 3     3 F 4 2 2 1 1 F 2 1 1 2 2 1 1 F 3 2 1     1 3 F 2 1 3 3 2       1 F 1   1 1 1 
1 F F 2     2 F 5 F F 1 2 2 3 1 2 2 F 1 1 2 F 2 1 1     1 1 2 1 2 F 1       1 1 1 1 2 F 1 
1 2 2 1   1 2 3 F F 4 1 1 F 2 F 2 F 3 2   1 1 3 F 2 1 1 1   1 F 2 1 1         1 2 4 F 3 1 
          1 F 4 6 F 4 1 2 2 3 2 3 3 F 1     1 3 F 2 2 F 2   1 2 2 1     1 1 1 1 F F F 4 2 
        1 2 3 F F F F 3 2 F 2 2 F 3 2 1     2 F 4 2 3 F 2 1 1 2 F 3 2 1 2 F 2 2 4 F 4 F F 
2 2 1   1 F 3 3 3 4 F ? ? 2 ? ? 4 F 2   1 1 3 F 3 F 3 3 2 2 F 2 2 F F 2 2 F 2 1 F 2 2 2 2 
F F 2 1 2 3 F 2 1 2 3 ? ? ? ? ? ? F 2   1 F 2 1 2 2 F 2 F 2 1 1 2 4 F 2 1 1 1 2 2 2       
? ? ? ? ? ? ? ? ? ? ? ? ? ? ? ? ? 4 4 2 2 1 1     1 1 2 1 2 2 3 3 F 2 1       2 F 3 1 2 1 
? ? ? ? ? ? ? ? ? ? ? ? ? ? ? ? 3 F F F 2   1 2 2 1 1 1 1 1 F F F 2 1   1 1 1 2 F 3 F 2 F 
? ? ? ? ? ? ? ? ? ? ? ? ? F 2 2 F 3 5 F 4 1 2 F F 2 1 F 2 2 4 F 5 3 1   2 F 2 1 1 2 1 3 2 
? ? ? ? ? ? ? ? ? ? ? ? ? 2 1 2 2 2 2 F 3 F 2 3 F 2 2 3 4 F 2 2 F F 1   2 F 2   1 1 1 2 F 
? ? ? ? ? ? ? ? ? ? ? ? ? 1   1 F 1 1 1 2 2 2 3 2 2 2 F F 2 1 1 2 2 1   1 2 2 1 1 F 1 2 F 
? ? ? ? ? ? ? ? ? ? ? ? ? 1   1 2 3 2 1   2 F 3 F 3 5 F 4 1     1 1 1   1 2 F 1 1 1 1 1 1 
? ? ? ? ? ? ? ? ? ? ? ? ? 1 1 1 2 F F 3 1 3 F 4 2 F F F 2       1 F 1   1 F 2 2 1 1   1 1 
? ? ? ? ? ? ? ? ? ? ? ? ? ? ? ? ? ? F F 1 2 F 4 3 4 4 3 1       1 1 1   1 2 2 3 F 3 2 4 F 
? ? ? ? ? ? ? ? ? ? ? ? ? ? ? ? ? ? ? 3 1 1 3 F F 5 F 2 1 2 2 1 1 1 1   1 3 F 6 F 4 F F F 
? ? ? ? ? ? ? ? ? ? ? ? ? ? ? ? ? ? ? 2     3 F F F F 3 1 F F 2 1 F 1   1 F F F F 3 2 3 2 
? ? ? ? ? ? ? ? ? ? ? ? ? ? ? ? ? ? F 3 1   2 F 4 5 F 3 1 4 F 3 1 1 1   1 2 3 3 2 1   1 1 
? ? ? ? ? ? ? ? ? ? ? ? ? ? ? ? ? ? ? F 1   1 1 1 2 F 2   2 F 2           1 1 1       1 F 
Step: 33
? ? F 2         1 1 3 F 3 1 2 1 1   2 F 2 1 F 3 3 F 2 1 2 F 3 F F 1         1 F F F 4 ? ? 
? F F 2         1 F 3 F 3 F 2 F 1   2 F 2 1 2 F F 3 F 1 2 F 3 2 2 1 1 1 1   1 2 3 4 F ? ? 
F F 3 1         1 1 2 1 2 1 2 2 2 2 3 3 3 1 2 2 3 3 2 1 1 2 2 1     1 F 2 2 1 2 1 4 F ? ? 
2 2 1             1 1 1       1 F 3 F F 3 F 1   1 F 2 1 1 1 F 2 2 1 2 2 F 2 F 2 F 4 F F F 
1 1 1 1 1 1     1 3 F 2       1 3 F 5 F 3 2 2 2 2 2 3 F 2 2 3 F 2 F 2 3 4 4 3 3 3 4 F 4 2 
1 F 2 2 F 1 1 1 2 F F 2   1 1 1 3 F 4 1 1 1 F 3 F 1 2 F 4 3 F 3 4 3 3 F F F 2 F 2 F 2 1   
1 3 F 3 1 1 2 F 3 2 2 1 1 2 F 1 2 F 2   1 2 3 F 2 1 1 2 F F 3 2 F F 2 2 3 2 3 2 3 1 1     
1 4 F 3     3 F 4 2 2 1 1 F 2 1 1 2 2 1 1 F 3 2 1     1 3 F 2 1 3 3 2       1 F 1   1 1 1 
1 F F 2     2 F 5 F F 1 2 2 3 1 2 2 F 1 1 2 F 2 1 1     1 1 2 1 2 F 1       1 1 1 1 2 F 1 
1 2 2 1   1 2 3 F F 4 1 1 F 2 F 2 F 3 2   1 1 3 F 2 1 1 1   1 F 2 1 1         1 2 4 F 3 1 
          1 F 4 6 F 4 1 2 2 3 2 3 3 F 1     1 3 F 2 2 F 2   1 2 2 1     1 1 1 1 F F F 4 2 
        1 2 3 F F F F 3 2 F 2 2 F 3 2 1     2 F 4 2 3 F 2 1 1 2 F 3 2 1 2 F 2 2 4 F 4 F F 
2 2 1   1 F 3 3 3 4 F ? ? 2 ? ? 4 F 2   1 1 3 F 3 F 3 3 2 2 F 2 2 F F 2 2 F 2 1 F 2 2 2 2 
F F 2 1 2 3 F 2 1 2 3 ? ? ? ? ? ? F 2   1 F 2 1 2 2 F 2 F 2 1 1 2 4 F 2 1 1 1 2 2 2       
? ? ? ? ? ? ? ? ? ? ? ? ? ? ? ? ? 4 4 2 2 1 1     1 1 2 1 2 2 3 3 F 2 1       2 F 3 1 2 1 
? ? ? ? ? ? ? ? ? ? ? ? ? ? ? ? 3 F F F 2   1 2 2 1 1 1 1 1 F F F 2 1   1 1 1 2 F 3 F 2 F 
? ? ? ? ? ? ? ? ? ? ? ? ? F 2 2 F 3 5 F 4 1 2 F F 2 1 F 2 2 4 F 5 3 1   2 F 2 1 1 2 1 3 2 
? ? ? ? ? ? ? ? ? ? ? ? ? 2 1 2 2 2 2 F 3 F 2 3 F 2 2 3 4 F 2 2 F F 1   2 F 2   1 1 1 2 F 
? ? ? ? ? ? ? ? ? ? ? ? ? 1   1 F 1 1 1 2 2 2 3 2 2 2 F F 2 1 1 2 2 1   1 2 2 1 1 F 1 2 F 
? ? ? ? ? ? ? ? ? ? ? ? ? 1   1 2 3 2 1   2 F 3 F 3 5 F 4 1     1 1 1   1 2 F 1 1 1 1 1 1 
? ? ? ? ? ? ? ? ? ? ? ? ? 1 1 1 2 F F 3 1 3 F 4 2 F F F 2       1 F 1   1 F 2 2 1 1   1 1 
? ? ? ? ? ? ? ? ? ? ? ? ? ? ? ? ? ? F F 1 2 F 4 3 4 4 3 1       1 1 1   1 2 2 3 F 3 2 4 F 
? ? ? ? ? ? ? ? ? ? ? ? ? ? ? ? ? ? ? 3 1 1 3 F F 5 F 2 1 2 2 1 1 1 1   1 3 F 6 F 4 F F F 
? ? ? ? ? ? ? ? ? ? ? ? ? ? ? ? ? ? ? 2     3 F F F F 3 1 F F 2 1 F 1   1 F F F F 3 2 3 2 
? ? ? ? ? ? ? ? ? ? ? ? ? ? ? ? ? ? F 3 1   2 F 4 5 F 3 1 4 F 3 1 1 1   1 2 3 3 2 1   1 1 
? ? ? ? ? ? ? ? ? ? ? ? ? ? ? ? ? ? ? F 1   1 1 1 2 F 2   2 F 2           1 1 1       1 F 
Step: 34
? ? F 2         1 1 3 F 3 1 2 1 1   2 F 2 1 F 3 3 F 2 1 2 F 3 F F 1         1 F F F 4 F ? 
? F F 2         1 F 3 F 3 F 2 F 1   2 F 2 1 2 F F 3 F 1 2 F 3 2 2 1 1 1 1   1 2 3 4 F F ? 
F F 3 1         1 1 2 1 2 1 2 2 2 2 3 3 3 1 2 2 3 3 2 1 1 2 2 1     1 F 2 2 1 2 1 4 F ? ? 
2 2 1             1 1 1       1 F 3 F F 3 F 1   1 F 2 1 1 1 F 2 2 1 2 2 F 2 F 2 F 4 F F F 
1 1 1 1 1 1     1 3 F 2       1 3 F 5 F 3 2 2 2 2 2 3 F 2 2 3 F 2 F 2 3 4 4 3 3 3 4 F 4 2 
1 F 2 2 F 1 1 1 2 F F 2   1 1 1 3 F 4 1 1 1 F 3 F 1 2 F 4 3 F 3 4 3 3 F F F 2 F 2 F 2 1   
1 3 F 3 1 1 2 F 3 2 2 1 1 2 F 1 2 F 2   1 2 3 F 2 1 1 2 F F 3 2 F F 2 2 3 2 3 2 3 1 1     
1 4 F 3     3 F 4 2 2 1 1 F 2 1 1 2 2 1 1 F 3 2 1     1 3 F 2 1 3 3 2       1 F 1   1 1 1 
1 F F 2     2 F 5 F F 1 2 2 3 1 2 2 F 1 1 2 F 2 1 1     1 1 2 1 2 F 1       1 1 1 1 2 F 1 
1 2 2 1   1 2 3 F F 4 1 1 F 2 F 2 F 3 2   1 1 3 F 2 1 1 1   1 F 2 1 1         1 2 4 F 3 1 
          1 F 4 6 F 4 1 2 2 3 2 3 3 F 1     1 3 F 2 2 F 2   1 2 2 1     1 1 1 1 F F F 4 2 
        1 2 3 F F F F 3 2 F 2 2 F 3 2 1     2 F 4 2 3 F 2 1 1 2 F 3 2 1 2 F 2 2 4 F 4 F F 
2 2 1   1 F 3 3 3 4 F ? ? 2 ? ? 4 F 2   1 1 3 F 3 F 3 3 2 2 F 2 2 F F 2 2 F 2 1 F 2 2 2 2 
F F 2 1 2 3 F 2 1 2 3 ? ? ? ? ? ? F 2   1 F 2 1 2 2 F 2 F 2 1 1 2 4 F 2 1 1 1 2 2 2       
? ? ? ? ? ? ? ? ? ? ? ? ? ? ? ? ? 4 4 2 2 1 1     1 1 2 1 2 2 3 3 F 2 1       2 F 3 1 2 1 
? ? ? ? ? ? ? ? ? ? ? ? ? ? ? ? 3 F F F 2   1 2 2 1 1 1 1 1 F F F 2 1   1 1 1 2 F 3 F 2 F 
? ? ? ? ? ? ? ? ? ? ? ? ? F 2 2 F 3 5 F 4 1 2 F F 2 1 F 2 2 4 F 5 3 1   2 F 2 1 1 2 1 3 2 
? ? ? ? ? ? ? ? ? ? ? ? ? 2 1 2 2 2 2 F 3 F 2 3 F 2 2 3 4 F 2 2 F F 1   2 F 2   1 1 1 2 F 
? ? ? ? ? ? ? ? ? ? ? ? ? 1   1 F 1 1 1 2 2 2 3 2 2 2 F F 2 1 1 2 2 1   1 2 2 1 1 F 1 2 F 
? ? ? ? ? ? ? ? ? ? ? ? ? 1   1 2 3 2 1   2 F 3 F 3 5 F 4 1     1 1 1   1 2 F 1 1 1 1 1 1 
? ? ? ? ? ? ? ? ? ? ? ? ? 1 1 1 2 F F 3 1 3 F 4 2 F F F 2       1 F 1   1 F 2 2 1 1   1 1 
? ? ? ? ? ? ? ? ? ? ? ? ? ? ? ? ? ? F F 1 2 F 4 3 4 4 3 1       1 1 1   1 2 2 3 F 3 2 4 F 
? ? ? ? ? ? ? ? ? ? ? ? ? ? ? ? ? ? ? 3 1 1 3 F F 5 F 2 1 2 2 1 1 1 1   1 3 F 6 F 4 F F F 
? ? ? ? ? ? ? ? ? ? ? ? ? ? ? ? ? ? ? 2     3 F F F F 3 1 F F 2 1 F 1   1 F F F F 3 2 3 2 
? ? ? ? ? ? ? ? ? ? ? ? ? ? ? ? ? ? F 3 1   2 F 4 5 F 3 1 4 F 3 1 1 1   1 2 3 3 2 1   1 1 
? ? ? ? ? ? ? ? ? ? ? ? ? ? ? ? ? ? ? F 1   1 1 1 2 F 2   2 F 2           1 1 1       1 F 
Step: 35
? ? F 2         1 1 3 F 3 1 2 1 1   2 F 2 1 F 3 3 F 2 1 2 F 3 F F 1         1 F F F 4 F ? 
? F F 2         1 F 3 F 3 F 2 F 1   2 F 2 1 2 F F 3 F 1 2 F 3 2 2 1 1 1 1   1 2 3 4 F F ? 
F F 3 1         1 1 2 1 2 1 2 2 2 2 3 3 3 1 2 2 3 3 2 1 1 2 2 1     1 F 2 2 1 2 1 4 F ? ? 
2 2 1             1 1 1       1 F 3 F F 3 F 1   1 F 2 1 1 1 F 2 2 1 2 2 F 2 F 2 F 4 F F F 
1 1 1 1 1 1     1 3 F 2       1 3 F 5 F 3 2 2 2 2 2 3 F 2 2 3 F 2 F 2 3 4 4 3 3 3 4 F 4 2 
1 F 2 2 F 1 1 1 2 F F 2   1 1 1 3 F 4 1 1 1 F 3 F 1 2 F 4 3 F 3 4 3 3 F F F 2 F 2 F 2 1   
1 3 F 3 1 1 2 F 3 2 2 1 1 2 F 1 2 F 2   1 2 3 F 2 1 1 2 F F 3 2 F F 2 2 3 2 3 2 3 1 1     
1 4 F 3     3 F 4 2 2 1 1 F 2 1 1 2 2 1 1 F 3 2 1     1 3 F 2 1 3 3 2       1 F 1   1 1 1 
1 F F 2     2 F 5 F F 1 2 2 3 1 2 2 F 1 1 2 F 2 1 1     1 1 2 1 2 F 1       1 1 1 1 2 F 1 
1 2 2 1   1 2 3 F F 4 1 1 F 2 F 2 F 3 2   1 1 3 F 2 1 1 1   1 F 2 1 1         1 2 4 F 3 1 
          1 F 4 6 F 4 1 2 2 3 2 3 3 F 1     1 3 F 2 2 F 2   1 2 2 1     1 1 1 1 F F F 4 2 
        1 2 3 F F F F 3 2 F 2 2 F 3 2 1     2 F 4 2 3 F 2 1 1 2 F 3 2 1 2 F 2 2 4 F 4 F F 
2 2 1   1 F 3 3 3 4 F ? ? 2 ? ? 4 F 2   1 1 3 F 3 F 3 3 2 2 F 2 2 F F 2 2 F 2 1 F 2 2 2 2 
F F 2 1 2 3 F 2 1 2 3 ? ? ? ? ? ? F 2   1 F 2 1 2 2 F 2 F 2 1 1 2 4 F 2 1 1 1 2 2 2       
? ? ? ? ? ? ? ? ? ? ? ? ? ? ? ? ? 4 4 2 2 1 1     1 1 2 1 2 2 3 3 F 2 1       2 F 3 1 2 1 
? ? ? ? ? ? ? ? ? ? ? ? ? 4 ? ? 3 F F F 2   1 2 2 1 1 1 1 1 F F F 2 1   1 1 1 2 F 3 F 2 F 
? ? ? ? ? ? ? ? ? ? ? ? ? F 2 2 F 3 5 F 4 1 2 F F 2 1 F 2 2 4 F 5 3 1   2 F 2 1 1 2 1 3 2 
? ? ? ? ? ? ? ? ? ? ? ? ? 2 1 2 2 2 2 F 3 F 2 3 F 2 2 3 4 F 2 2 F F 1   2 F 2   1 1 1 2 F 
? ? ? ? ? ? ? ? ? ? ? ? ? 1   1 F 1 1 1 2 2 2 3 2 2 2 F F 2 1 1 2 2 1   1 2 2 1 1 F 1 2 F 
? ? ? ? ? ? ? ? ? ? ? ? ? 1   1 2 3 2 1   2 F 3 F 3 5 F 4 1     1 1 1   1 2 F 1 1 1 1 1 1 
? ? ? ? ? ? ? ? ? ? ? ? ? 1 1 1 2 F F 3 1 3 F 4 2 F F F 2       1 F 1   1 F 2 2 1 1   1 1 
? ? ? ? ? ? ? ? ? ? ? ? ? ? ? ? ? ? F F 1 2 F 4 3 4 4 3 1       1 1 1   1 2 2 3 F 3 2 4 F 
? ? ? ? ? ? ? ? ? ? ? ? ? ? ? ? ? ? ? 3 1 1 3 F F 5 F 2 1 2 2 1 1 1 1   1 3 F 6 F 4 F F F 
? ? ? ? ? ? ? ? ? ? ? ? ? ? ? ? ? ? ? 2     3 F F F F 3 1 F F 2 1 F 1   1 F F F F 3 2 3 2 
? ? ? ? ? ? ? ? ? ? ? ? ? ? ? ? ? ? F 3 1   2 F 4 5 F 3 1 4 F 3 1 1 1   1 2 3 3 2 1   1 1 
? ? ? ? ? ? ? ? ? ? ? ? ? ? ? ? ? ? ? F 1   1 1 1 2 F 2   2 F 2           1 1 1       1 F 
Width: 45, Height: 26, Mines: 257
Start field: (4, 0)
1 3 # 2         1 1 3 # 3 1 2 1 1   2 # 2 1 # 3 3 # 2 1 2 # 3 # # 1         1 # # # 4 # 2 
3 # # 2         1 # 3 # 3 # 2 # 1   2 # 2 1 2 # # 3 # 1 2 # 3 2 2 1 1 1 1   1 2 3 4 # # 2 
# # 3 1         1 1 2 1 2 1 2 2 2 2 3 3 3 1 2 2 3 3 2 1 1 2 2 1     1 # 2 2 1 2 1 4 # 6 3 
2 2 1             1 1 1       1 # 3 # # 3 # 1   1 # 2 1 1 1 # 2 2 1 2 2 # 2 # 2 # 4 # # # 
1 1 1 1 1 1     1 3 # 2       1 3 # 5 # 3 2 2 2 2 2 3 # 2 2 3 # 2 # 2 3 4 4 3 3 3 4 # 4 2 
1 # 2 2 # 1 1 1 2 # # 2   1 1 1 3 # 4 1 1 1 # 3 # 1 2 # 4 3 # 3 4 3 3 # # # 2 # 2 # 2 1   
1 3 # 3 1 1 2 # 3 2 2 1 1 2 # 1 2 # 2   1 2 3 # 2 1 1 2 # # 3 2 # # 2 2 3 2 3 2 3 1 1     
1 4 # 3     3 # 4 2 2 1 1 # 2 1 1 2 2 1 1 # 3 2 1     1 3 # 2 1 3 3 2       1 # 1   1 1 1 
1 # # 2     2 # 5 # # 1 2 2 3 1 2 2 # 1 1 2 # 2 1 1     1 1 2 1 2 # 1       1 1 1 1 2 # 1 
1 2 2 1   1 2 3 # # 4 1 1 # 2 # 2 # 3 2   1 1 3 # 2 1 1 1   1 # 2 1 1         1 2 4 # 3 1 
          1 # 4 6 # 4 1 2 2 3 2 3 3 # 1     1 3 # 2 2 # 2   1 2 2 1     1 1 1 1 # # # 4 2 
        1 2 3 # # # # 3 2 # 2 2 # 3 2 1     2 # 4 2 3 # 2 1 1 2 # 3 2 1 2 # 2 2 4 # 4 # # 
2 2 1   1 # 3 3 3 4 # # 2 2 # 3 4 # 2   1 1 3 # 3 # 3 3 2 2 # 2 2 # # 2 2 # 2 1 # 2 2 2 2 
# # 2 1 2 3 # 2 1 2 3 3 2 2 2 # 4 # 2   1 # 2 1 2 2 # 2 # 2 1 1 2 4 # 2 1 1 1 2 2 2       
# 4 2 # 2 3 # 3 2 # 1 1 # 2 2 3 # 4 4 2 2 1 1     1 1 2 1 2 2 3 3 # 2 1       2 # 3 1 2 1 
# 2 1 1 2 # 3 # 2 1 1 2 3 4 # 3 3 # # # 2   1 2 2 1 1 1 1 1 # # # 2 1   1 1 1 2 # 3 # 2 # 
1 1   1 2 3 4 3 3 1 1 1 # # 2 2 # 3 5 # 4 1 2 # # 2 1 # 2 2 4 # 5 3 1   2 # 2 1 1 2 1 3 2 
      2 # 4 # # 2 # 2 2 2 2 1 2 2 2 2 # 3 # 2 3 # 2 2 3 4 # 2 2 # # 1   2 # 2   1 1 1 2 # 
1 1   2 # 4 # 4 3 3 # 2 1 1   1 # 1 1 1 2 2 2 3 2 2 2 # # 2 1 1 2 2 1   1 2 2 1 1 # 1 2 # 
# 2 2 3 2 2 1 2 # 2 2 3 # 1   1 2 3 2 1   2 # 3 # 3 5 # 4 1     1 1 1   1 2 # 1 1 1 1 1 1 
2 3 # # 3 1 2 2 3 2 2 # 2 1 1 1 2 # # 3 1 3 # 4 2 # # # 2       1 # 1   1 # 2 2 1 1   1 1 
2 # 5 # 3 # 2 # 2 # 2 2 2 1 1 # 3 4 # # 1 2 # 4 3 4 4 3 1       1 1 1   1 2 2 3 # 3 2 4 # 
2 # 5 4 4 3 3 2 2 2 2 3 # 2 1 1 3 # 5 3 1 1 3 # # 5 # 2 1 2 2 1 1 1 1   1 3 # 6 # 4 # # # 
1 2 # # # 2 # 2 1 1 # 3 # 2 1 2 4 # # 2     3 # # # # 3 1 # # 2 1 # 1   1 # # # # 3 2 3 2 
  1 2 3 2 2 2 # 1 2 2 3 1 1 1 # # 4 # 3 1   2 # 4 5 # 3 1 4 # 3 1 1 1   1 2 3 3 2 1   1 1 
            1 1 1 1 # 1     1 2 2 2 2 # 1   1 1 1 2 # 2   2 # 2           1 1 1       1 # 
Moving mine from border cell (11, 12) : 
to border cell (12, 12).
Width: 45, Height: 26, Mines: 257
Start field: (4, 0)
1 3 # 2         1 1 3 # 3 1 2 1 1   2 # 2 1 # 3 3 # 2 1 2 # 3 # # 1         1 # # # 4 # 2 
3 # # 2         1 # 3 # 3 # 2 # 1   2 # 2 1 2 # # 3 # 1 2 # 3 2 2 1 1 1 1   1 2 3 4 # # 2 
# # 3 1         1 1 2 1 2 1 2 2 2 2 3 3 3 1 2 2 3 3 2 1 1 2 2 1     1 # 2 2 1 2 1 4 # 6 3 
2 2 1             1 1 1       1 # 3 # # 3 # 1   1 # 2 1 1 1 # 2 2 1 2 2 # 2 # 2 # 4 # # # 
1 1 1 1 1 1     1 3 # 2       1 3 # 5 # 3 2 2 2 2 2 3 # 2 2 3 # 2 # 2 3 4 4 3 3 3 4 # 4 2 
1 # 2 2 # 1 1 1 2 # # 2   1 1 1 3 # 4 1 1 1 # 3 # 1 2 # 4 3 # 3 4 3 3 # # # 2 # 2 # 2 1   
1 3 # 3 1 1 2 # 3 2 2 1 1 2 # 1 2 # 2   1 2 3 # 2 1 1 2 # # 3 2 # # 2 2 3 2 3 2 3 1 1     
1 4 # 3     3 # 4 2 2 1 1 # 2 1 1 2 2 1 1 # 3 2 1     1 3 # 2 1 3 3 2       1 # 1   1 1 1 
1 # # 2     2 # 5 # # 1 2 2 3 1 2 2 # 1 1 2 # 2 1 1     1 1 2 1 2 # 1       1 1 1 1 2 # 1 
1 2 2 1   1 2 3 # # 4 1 1 # 2 # 2 # 3 2   1 1 3 # 2 1 1 1   1 # 2 1 1         1 2 4 # 3 1 
          1 # 4 6 # 4 1 2 2 3 2 3 3 # 1     1 3 # 2 2 # 2   1 2 2 1     1 1 1 1 # # # 4 2 
        1 2 3 # # # # 3 2 # 2 2 # 3 2 1     2 # 4 2 3 # 2 1 1 2 # 3 2 1 2 # 2 2 4 # 4 # # 
2 2 1   1 # 3 3 3 4 # 3 # 3 # 3 4 # 2   1 1 3 # 3 # 3 3 2 2 # 2 2 # # 2 2 # 2 1 # 2 2 2 2 
# # 2 1 2 3 # 2 1 2 2 3 2 3 2 # 4 # 2   1 # 2 1 2 2 # 2 # 2 1 1 2 4 # 2 1 1 1 2 2 2       
# 4 2 # 2 3 # 3 2 # 1 1 # 2 2 3 # 4 4 2 2 1 1     1 1 2 1 2 2 3 3 # 2 1       2 # 3 1 2 1 
# 2 1 1 2 # 3 # 2 1 1 2 3 4 # 3 3 # # # 2   1 2 2 1 1 1 1 1 # # # 2 1   1 1 1 2 # 3 # 2 # 
1 1   1 2 3 4 3 3 1 1 1 # # 2 2 # 3 5 # 4 1 2 # # 2 1 # 2 2 4 # 5 3 1   2 # 2 1 1 2 1 3 2 
      2 # 4 # # 2 # 2 2 2 2 1 2 2 2 2 # 3 # 2 3 # 2 2 3 4 # 2 2 # # 1   2 # 2   1 1 1 2 # 
1 1   2 # 4 # 4 3 3 # 2 1 1   1 # 1 1 1 2 2 2 3 2 2 2 # # 2 1 1 2 2 1   1 2 2 1 1 # 1 2 # 
# 2 2 3 2 2 1 2 # 2 2 3 # 1   1 2 3 2 1   2 # 3 # 3 5 # 4 1     1 1 1   1 2 # 1 1 1 1 1 1 
2 3 # # 3 1 2 2 3 2 2 # 2 1 1 1 2 # # 3 1 3 # 4 2 # # # 2       1 # 1   1 # 2 2 1 1   1 1 
2 # 5 # 3 # 2 # 2 # 2 2 2 1 1 # 3 4 # # 1 2 # 4 3 4 4 3 1       1 1 1   1 2 2 3 # 3 2 4 # 
2 # 5 4 4 3 3 2 2 2 2 3 # 2 1 1 3 # 5 3 1 1 3 # # 5 # 2 1 2 2 1 1 1 1   1 3 # 6 # 4 # # # 
1 2 # # # 2 # 2 1 1 # 3 # 2 1 2 4 # # 2     3 # # # # 3 1 # # 2 1 # 1   1 # # # # 3 2 3 2 
  1 2 3 2 2 2 # 1 2 2 3 1 1 1 # # 4 # 3 1   2 # 4 5 # 3 1 4 # 3 1 1 1   1 2 3 3 2 1   1 1 
            1 1 1 1 # 1     1 2 2 2 2 # 1   1 1 1 2 # 2   2 # 2           1 1 1       1 # 
Step: 1
? ? ? 2         1 ? ? ? ? ? ? ? ? ? ? ? ? ? ? ? ? ? ? ? ? ? ? ? ? ? ? ? ? ? ? ? ? ? ? ? ? 
? ? ? 2         1 ? ? ? ? ? ? ? ? ? ? ? ? ? ? ? ? ? ? ? ? ? ? ? ? ? ? ? ? ? ? ? ? ? ? ? ? 
? ? 3 1         1 1 ? ? ? ? ? ? ? ? ? ? ? ? ? ? ? ? ? ? ? ? ? ? ? ? ? ? ? ? ? ? ? ? ? ? ? 
? ? 1             1 ? ? ? ? ? ? ? ? ? ? ? ? ? ? ? ? ? ? ? ? ? ? ? ? ? ? ? ? ? ? ? ? ? ? ? 
? ? 1 1 1 1     1 3 ? ? ? ? ? ? ? ? ? ? ? ? ? ? ? ? ? ? ? ? ? ? ? ? ? ? ? ? ? ? ? ? ? ? ? 
? ? ? ? ? 1 1 1 2 ? ? ? ? ? ? ? ? ? ? ? ? ? ? ? ? ? ? ? ? ? ? ? ? ? ? ? ? ? ? ? ? ? ? ? ? 
? ? ? ? ? ? ? ? ? ? ? ? ? ? ? ? ? ? ? ? ? ? ? ? ? ? ? ? ? ? ? ? ? ? ? ? ? ? ? ? ? ? ? ? ? 
? ? ? ? ? ? ? ? ? ? ? ? ? ? ? ? ? ? ? ? ? ? ? ? ? ? ? ? ? ? ? ? ? ? ? ? ? ? ? ? ? ? ? ? ? 
? ? ? ? ? ? ? ? ? ? ? ? ? ? ? ? ? ? ? ? ? ? ? ? ? ? ? ? ? ? ? ? ? ? ? ? ? ? ? ? ? ? ? ? ? 
? ? ? ? ? ? ? ? ? ? ? ? ? ? ? ? ? ? ? ? ? ? ? ? ? ? ? ? ? ? ? ? ? ? ? ? ? ? ? ? ? ? ? ? ? 
? ? ? ? ? ? ? ? ? ? ? ? ? ? ? ? ? ? ? ? ? ? ? ? ? ? ? ? ? ? ? ? ? ? ? ? ? ? ? ? ? ? ? ? ? 
? ? ? ? ? ? ? ? ? ? ? ? ? ? ? ? ? ? ? ? ? ? ? ? ? ? ? ? ? ? ? ? ? ? ? ? ? ? ? ? ? ? ? ? ? 
? ? ? ? ? ? ? ? ? ? ? ? ? ? ? ? ? ? ? ? ? ? ? ? ? ? ? ? ? ? ? ? ? ? ? ? ? ? ? ? ? ? ? ? ? 
? ? ? ? ? ? ? ? ? ? ? ? ? ? ? ? ? ? ? ? ? ? ? ? ? ? ? ? ? ? ? ? ? ? ? ? ? ? ? ? ? ? ? ? ? 
? ? ? ? ? ? ? ? ? ? ? ? ? ? ? ? ? ? ? ? ? ? ? ? ? ? ? ? ? ? ? ? ? ? ? ? ? ? ? ? ? ? ? ? ? 
? ? ? ? ? ? ? ? ? ? ? ? ? ? ? ? ? ? ? ? ? ? ? ? ? ? ? ? ? ? ? ? ? ? ? ? ? ? ? ? ? ? ? ? ? 
? ? ? ? ? ? ? ? ? ? ? ? ? ? ? ? ? ? ? ? ? ? ? ? ? ? ? ? ? ? ? ? ? ? ? ? ? ? ? ? ? ? ? ? ? 
? ? ? ? ? ? ? ? ? ? ? ? ? ? ? ? ? ? ? ? ? ? ? ? ? ? ? ? ? ? ? ? ? ? ? ? ? ? ? ? ? ? ? ? ? 
? ? ? ? ? ? ? ? ? ? ? ? ? ? ? ? ? ? ? ? ? ? ? ? ? ? ? ? ? ? ? ? ? ? ? ? ? ? ? ? ? ? ? ? ? 
? ? ? ? ? ? ? ? ? ? ? ? ? ? ? ? ? ? ? ? ? ? ? ? ? ? ? ? ? ? ? ? ? ? ? ? ? ? ? ? ? ? ? ? ? 
? ? ? ? ? ? ? ? ? ? ? ? ? ? ? ? ? ? ? ? ? ? ? ? ? ? ? ? ? ? ? ? ? ? ? ? ? ? ? ? ? ? ? ? ? 
? ? ? ? ? ? ? ? ? ? ? ? ? ? ? ? ? ? ? ? ? ? ? ? ? ? ? ? ? ? ? ? ? ? ? ? ? ? ? ? ? ? ? ? ? 
? ? ? ? ? ? ? ? ? ? ? ? ? ? ? ? ? ? ? ? ? ? ? ? ? ? ? ? ? ? ? ? ? ? ? ? ? ? ? ? ? ? ? ? ? 
? ? ? ? ? ? ? ? ? ? ? ? ? ? ? ? ? ? ? ? ? ? ? ? ? ? ? ? ? ? ? ? ? ? ? ? ? ? ? ? ? ? ? ? ? 
? ? ? ? ? ? ? ? ? ? ? ? ? ? ? ? ? ? ? ? ? ? ? ? ? ? ? ? ? ? ? ? ? ? ? ? ? ? ? ? ? ? ? ? ? 
? ? ? ? ? ? ? ? ? ? ? ? ? ? ? ? ? ? ? ? ? ? ? ? ? ? ? ? ? ? ? ? ? ? ? ? ? ? ? ? ? ? ? ? ? 
Step: 2
? ? F 2         1 ? ? ? ? ? ? ? ? ? ? ? ? ? ? ? ? ? ? ? ? ? ? ? ? ? ? ? ? ? ? ? ? ? ? ? ? 
? ? F 2         1 F 3 ? ? ? ? ? ? ? ? ? ? ? ? ? ? ? ? ? ? ? ? ? ? ? ? ? ? ? ? ? ? ? ? ? ? 
? ? 3 1         1 1 2 1 2 1 2 2 ? ? ? ? ? ? ? ? ? ? ? ? ? ? ? ? ? ? ? ? ? ? ? ? ? ? ? ? ? 
? ? 1             1 1 1       1 ? ? ? ? ? ? ? ? ? ? ? ? ? ? ? ? ? ? ? ? ? ? ? ? ? ? ? ? ? 
? ? 1 1 1 1     1 3 F 2       1 3 F ? ? ? ? ? ? ? ? ? ? ? ? ? ? ? ? ? ? ? ? ? ? ? ? ? ? ? 
? ? ? 2 F 1 1 1 2 F F 2   1 1 1 3 F ? ? ? ? ? ? ? ? ? ? ? ? ? ? ? ? ? ? ? ? ? ? ? ? ? ? ? 
? ? F 3 1 1 2 F 3 2 2 1 1 2 F 1 2 F ? ? ? ? ? ? ? ? ? ? ? ? ? ? ? ? ? ? ? ? ? ? ? ? ? ? ? 
? ? F 3     3 F 4 2 2 1 1 F 2 1 1 2 ? ? ? ? ? ? ? ? ? ? ? ? ? ? ? ? ? ? ? ? ? ? ? ? ? ? ? 
? F F 2     2 F ? ? ? 1 2 2 3 1 2 2 ? ? ? ? ? ? ? ? ? ? ? ? ? ? ? ? ? ? ? ? ? ? ? ? ? ? ? 
1 2 2 1   1 2 3 ? ? ? ? ? ? ? ? ? ? ? ? ? ? ? ? ? ? ? ? ? ? ? ? ? ? ? ? ? ? ? ? ? ? ? ? ? 
          1 F 4 ? ? ? ? ? ? ? ? ? ? ? ? ? ? ? ? ? ? ? ? ? ? ? ? ? ? ? ? ? ? ? ? ? ? ? ? ? 
        1 2 3 ? ? ? ? ? ? ? ? ? ? ? ? ? ? ? ? ? ? ? ? ? ? ? ? ? ? ? ? ? ? ? ? ? ? ? ? ? ? 
2 2 1   1 F 3 ? ? ? ? ? ? ? ? ? ? ? ? ? ? ? ? ? ? ? ? ? ? ? ? ? ? ? ? ? ? ? ? ? ? ? ? ? ? 
F F 2 1 2 3 ? ? ? ? ? ? ? ? ? ? ? ? ? ? ? ? ? ? ? ? ? ? ? ? ? ? ? ? ? ? ? ? ? ? ? ? ? ? ? 
? ? ? ? ? ? ? ? ? ? ? ? ? ? ? ? ? ? ? ? ? ? ? ? ? ? ? ? ? ? ? ? ? ? ? ? ? ? ? ? ? ? ? ? ? 
? ? ? ? ? ? ? ? ? ? ? ? ? ? ? ? ? ? ? ? ? ? ? ? ? ? ? ? ? ? ? ? ? ? ? ? ? ? ? ? ? ? ? ? ? 
? ? ? ? ? ? ? ? ? ? ? ? ? ? ? ? ? ? ? ? ? ? ? ? ? ? ? ? ? ? ? ? ? ? ? ? ? ? ? ? ? ? ? ? ? 
? ? ? ? ? ? ? ? ? ? ? ? ? ? ? ? ? ? ? ? ? ? ? ? ? ? ? ? ? ? ? ? ? ? ? ? ? ? ? ? ? ? ? ? ? 
? ? ? ? ? ? ? ? ? ? ? ? ? ? ? ? ? ? ? ? ? ? ? ? ? ? ? ? ? ? ? ? ? ? ? ? ? ? ? ? ? ? ? ? ? 
? ? ? ? ? ? ? ? ? ? ? ? ? ? ? ? ? ? ? ? ? ? ? ? ? ? ? ? ? ? ? ? ? ? ? ? ? ? ? ? ? ? ? ? ? 
? ? ? ? ? ? ? ? ? ? ? ? ? ? ? ? ? ? ? ? ? ? ? ? ? ? ? ? ? ? ? ? ? ? ? ? ? ? ? ? ? ? ? ? ? 
? ? ? ? ? ? ? ? ? ? ? ? ? ? ? ? ? ? ? ? ? ? ? ? ? ? ? ? ? ? ? ? ? ? ? ? ? ? ? ? ? ? ? ? ? 
? ? ? ? ? ? ? ? ? ? ? ? ? ? ? ? ? ? ? ? ? ? ? ? ? ? ? ? ? ? ? ? ? ? ? ? ? ? ? ? ? ? ? ? ? 
? ? ? ? ? ? ? ? ? ? ? ? ? ? ? ? ? ? ? ? ? ? ? ? ? ? ? ? ? ? ? ? ? ? ? ? ? ? ? ? ? ? ? ? ? 
? ? ? ? ? ? ? ? ? ? ? ? ? ? ? ? ? ? ? ? ? ? ? ? ? ? ? ? ? ? ? ? ? ? ? ? ? ? ? ? ? ? ? ? ? 
? ? ? ? ? ? ? ? ? ? ? ? ? ? ? ? ? ? ? ? ? ? ? ? ? ? ? ? ? ? ? ? ? ? ? ? ? ? ? ? ? ? ? ? ? 
Step: 3
? ? F 2         1 1 3 F ? ? ? ? ? ? ? ? ? ? ? ? ? ? ? ? ? ? ? ? ? ? ? ? ? ? ? ? ? ? ? ? ? 
? ? F 2         1 F 3 F 3 F 2 F ? ? ? ? ? ? ? ? ? ? ? ? ? ? ? ? ? ? ? ? ? ? ? ? ? ? ? ? ? 
? ? 3 1         1 1 2 1 2 1 2 2 ? ? ? ? ? ? ? ? ? ? ? ? ? ? ? ? ? ? ? ? ? ? ? ? ? ? ? ? ? 
? ? 1             1 1 1       1 F 3 ? ? ? ? ? ? ? ? ? ? ? ? ? ? ? ? ? ? ? ? ? ? ? ? ? ? ? 
? ? 1 1 1 1     1 3 F 2       1 3 F ? ? ? ? ? ? ? ? ? ? ? ? ? ? ? ? ? ? ? ? ? ? ? ? ? ? ? 
? ? 2 2 F 1 1 1 2 F F 2   1 1 1 3 F ? ? ? ? ? ? ? ? ? ? ? ? ? ? ? ? ? ? ? ? ? ? ? ? ? ? ? 
1 3 F 3 1 1 2 F 3 2 2 1 1 2 F 1 2 F ? ? ? ? ? ? ? ? ? ? ? ? ? ? ? ? ? ? ? ? ? ? ? ? ? ? ? 
1 4 F 3     3 F 4 2 2 1 1 F 2 1 1 2 ? ? ? ? ? ? ? ? ? ? ? ? ? ? ? ? ? ? ? ? ? ? ? ? ? ? ? 
1 F F 2     2 F ? F F 1 2 2 3 1 2 2 ? ? ? ? ? ? ? ? ? ? ? ? ? ? ? ? ? ? ? ? ? ? ? ? ? ? ? 
1 2 2 1   1 2 3 ? F 4 1 1 F 2 F 2 F ? ? ? ? ? ? ? ? ? ? ? ? ? ? ? ? ? ? ? ? ? ? ? ? ? ? ? 
          1 F 4 ? F 4 1 2 2 3 2 3 3 ? ? ? ? ? ? ? ? ? ? ? ? ? ? ? ? ? ? ? ? ? ? ? ? ? ? ? 
        1 2 3 ? ? ? ? ? ? ? ? ? ? ? ? ? ? ? ? ? ? ? ? ? ? ? ? ? ? ? ? ? ? ? ? ? ? ? ? ? ? 
2 2 1   1 F 3 ? ? ? ? ? ? ? ? ? ? ? ? ? ? ? ? ? ? ? ? ? ? ? ? ? ? ? ? ? ? ? ? ? ? ? ? ? ? 
F F 2 1 2 3 ? ? ? ? ? ? ? ? ? ? ? ? ? ? ? ? ? ? ? ? ? ? ? ? ? ? ? ? ? ? ? ? ? ? ? ? ? ? ? 
? ? ? ? ? ? ? ? ? ? ? ? ? ? ? ? ? ? ? ? ? ? ? ? ? ? ? ? ? ? ? ? ? ? ? ? ? ? ? ? ? ? ? ? ? 
? ? ? ? ? ? ? ? ? ? ? ? ? ? ? ? ? ? ? ? ? ? ? ? ? ? ? ? ? ? ? ? ? ? ? ? ? ? ? ? ? ? ? ? ? 
? ? ? ? ? ? ? ? ? ? ? ? ? ? ? ? ? ? ? ? ? ? ? ? ? ? ? ? ? ? ? ? ? ? ? ? ? ? ? ? ? ? ? ? ? 
? ? ? ? ? ? ? ? ? ? ? ? ? ? ? ? ? ? ? ? ? ? ? ? ? ? ? ? ? ? ? ? ? ? ? ? ? ? ? ? ? ? ? ? ? 
? ? ? ? ? ? ? ? ? ? ? ? ? ? ? ? ? ? ? ? ? ? ? ? ? ? ? ? ? ? ? ? ? ? ? ? ? ? ? ? ? ? ? ? ? 
? ? ? ? ? ? ? ? ? ? ? ? ? ? ? ? ? ? ? ? ? ? ? ? ? ? ? ? ? ? ? ? ? ? ? ? ? ? ? ? ? ? ? ? ? 
? ? ? ? ? ? ? ? ? ? ? ? ? ? ? ? ? ? ? ? ? ? ? ? ? ? ? ? ? ? ? ? ? ? ? ? ? ? ? ? ? ? ? ? ? 
? ? ? ? ? ? ? ? ? ? ? ? ? ? ? ? ? ? ? ? ? ? ? ? ? ? ? ? ? ? ? ? ? ? ? ? ? ? ? ? ? ? ? ? ? 
? ? ? ? ? ? ? ? ? ? ? ? ? ? ? ? ? ? ? ? ? ? ? ? ? ? ? ? ? ? ? ? ? ? ? ? ? ? ? ? ? ? ? ? ? 
? ? ? ? ? ? ? ? ? ? ? ? ? ? ? ? ? ? ? ? ? ? ? ? ? ? ? ? ? ? ? ? ? ? ? ? ? ? ? ? ? ? ? ? ? 
? ? ? ? ? ? ? ? ? ? ? ? ? ? ? ? ? ? ? ? ? ? ? ? ? ? ? ? ? ? ? ? ? ? ? ? ? ? ? ? ? ? ? ? ? 
? ? ? ? ? ? ? ? ? ? ? ? ? ? ? ? ? ? ? ? ? ? ? ? ? ? ? ? ? ? ? ? ? ? ? ? ? ? ? ? ? ? ? ? ? 
Step: 4
? ? F 2         1 1 3 F 3 1 2 1 1   2 ? ? ? ? ? ? ? ? ? ? ? ? ? ? ? ? ? ? ? ? ? ? ? ? ? ? 
? ? F 2         1 F 3 F 3 F 2 F 1   2 ? ? ? ? ? ? ? ? ? ? ? ? ? ? ? ? ? ? ? ? ? ? ? ? ? ? 
? ? 3 1         1 1 2 1 2 1 2 2 2 2 3 ? ? ? ? ? ? ? ? ? ? ? ? ? ? ? ? ? ? ? ? ? ? ? ? ? ? 
? ? 1             1 1 1       1 F 3 F ? ? ? ? ? ? ? ? ? ? ? ? ? ? ? ? ? ? ? ? ? ? ? ? ? ? 
? ? 1 1 1 1     1 3 F 2       1 3 F 5 ? ? ? ? ? ? ? ? ? ? ? ? ? ? ? ? ? ? ? ? ? ? ? ? ? ? 
? ? 2 2 F 1 1 1 2 F F 2   1 1 1 3 F ? ? ? ? ? ? ? ? ? ? ? ? ? ? ? ? ? ? ? ? ? ? ? ? ? ? ? 
1 3 F 3 1 1 2 F 3 2 2 1 1 2 F 1 2 F ? ? ? ? ? ? ? ? ? ? ? ? ? ? ? ? ? ? ? ? ? ? ? ? ? ? ? 
1 4 F 3     3 F 4 2 2 1 1 F 2 1 1 2 ? ? ? ? ? ? ? ? ? ? ? ? ? ? ? ? ? ? ? ? ? ? ? ? ? ? ? 
1 F F 2     2 F 5 F F 1 2 2 3 1 2 2 ? ? ? ? ? ? ? ? ? ? ? ? ? ? ? ? ? ? ? ? ? ? ? ? ? ? ? 
1 2 2 1   1 2 3 F F 4 1 1 F 2 F 2 F ? ? ? ? ? ? ? ? ? ? ? ? ? ? ? ? ? ? ? ? ? ? ? ? ? ? ? 
          1 F 4 6 F 4 1 2 2 3 2 3 3 ? ? ? ? ? ? ? ? ? ? ? ? ? ? ? ? ? ? ? ? ? ? ? ? ? ? ? 
        1 2 3 F F F ? ? ? ? ? ? ? ? ? ? ? ? ? ? ? ? ? ? ? ? ? ? ? ? ? ? ? ? ? ? ? ? ? ? ? 
2 2 1   1 F 3 3 ? ? ? ? ? ? ? ? ? ? ? ? ? ? ? ? ? ? ? ? ? ? ? ? ? ? ? ? ? ? ? ? ? ? ? ? ? 
F F 2 1 2 3 ? ? ? ? ? ? ? ? ? ? ? ? ? ? ? ? ? ? ? ? ? ? ? ? ? ? ? ? ? ? ? ? ? ? ? ? ? ? ? 
? ? ? ? ? ? ? ? ? ? ? ? ? ? ? ? ? ? ? ? ? ? ? ? ? ? ? ? ? ? ? ? ? ? ? ? ? ? ? ? ? ? ? ? ? 
? ? ? ? ? ? ? ? ? ? ? ? ? ? ? ? ? ? ? ? ? ? ? ? ? ? ? ? ? ? ? ? ? ? ? ? ? ? ? ? ? ? ? ? ? 
? ? ? ? ? ? ? ? ? ? ? ? ? ? ? ? ? ? ? ? ? ? ? ? ? ? ? ? ? ? ? ? ? ? ? ? ? ? ? ? ? ? ? ? ? 
? ? ? ? ? ? ? ? ? ? ? ? ? ? ? ? ? ? ? ? ? ? ? ? ? ? ? ? ? ? ? ? ? ? ? ? ? ? ? ? ? ? ? ? ? 
? ? ? ? ? ? ? ? ? ? ? ? ? ? ? ? ? ? ? ? ? ? ? ? ? ? ? ? ? ? ? ? ? ? ? ? ? ? ? ? ? ? ? ? ? 
? ? ? ? ? ? ? ? ? ? ? ? ? ? ? ? ? ? ? ? ? ? ? ? ? ? ? ? ? ? ? ? ? ? ? ? ? ? ? ? ? ? ? ? ? 
? ? ? ? ? ? ? ? ? ? ? ? ? ? ? ? ? ? ? ? ? ? ? ? ? ? ? ? ? ? ? ? ? ? ? ? ? ? ? ? ? ? ? ? ? 
? ? ? ? ? ? ? ? ? ? ? ? ? ? ? ? ? ? ? ? ? ? ? ? ? ? ? ? ? ? ? ? ? ? ? ? ? ? ? ? ? ? ? ? ? 
? ? ? ? ? ? ? ? ? ? ? ? ? ? ? ? ? ? ? ? ? ? ? ? ? ? ? ? ? ? ? ? ? ? ? ? ? ? ? ? ? ? ? ? ? 
? ? ? ? ? ? ? ? ? ? ? ? ? ? ? ? ? ? ? ? ? ? ? ? ? ? ? ? ? ? ? ? ? ? ? ? ? ? ? ? ? ? ? ? ? 
? ? ? ? ? ? ? ? ? ? ? ? ? ? ? ? ? ? ? ? ? ? ? ? ? ? ? ? ? ? ? ? ? ? ? ? ? ? ? ? ? ? ? ? ? 
? ? ? ? ? ? ? ? ? ? ? ? ? ? ? ? ? ? ? ? ? ? ? ? ? ? ? ? ? ? ? ? ? ? ? ? ? ? ? ? ? ? ? ? ? 
Step: 5
? ? F 2         1 1 3 F 3 1 2 1 1   2 F 2 1 ? ? ? ? ? ? ? ? ? ? ? ? ? ? ? ? ? ? ? ? ? ? ? 
? ? F 2         1 F 3 F 3 F 2 F 1   2 F 2 1 2 F F ? ? ? ? ? ? ? ? ? ? ? ? ? ? ? ? ? ? ? ? 
? ? 3 1         1 1 2 1 2 1 2 2 2 2 3 3 3 1 2 2 3 ? ? ? ? ? ? ? ? ? ? ? ? ? ? ? ? ? ? ? ? 
? ? 1             1 1 1       1 F 3 F F 3 F 1   1 ? ? ? ? ? ? ? ? ? ? ? ? ? ? ? ? ? ? ? ? 
? ? 1 1 1 1     1 3 F 2       1 3 F 5 ? ? 2 2 2 2 ? ? ? ? ? ? ? ? ? ? ? ? ? ? ? ? ? ? ? ? 
? ? 2 2 F 1 1 1 2 F F 2   1 1 1 3 F ? ? ? ? ? ? ? ? ? ? ? ? ? ? ? ? ? ? ? ? ? ? ? ? ? ? ? 
1 3 F 3 1 1 2 F 3 2 2 1 1 2 F 1 2 F ? ? ? ? ? ? ? ? ? ? ? ? ? ? ? ? ? ? ? ? ? ? ? ? ? ? ? 
1 4 F 3     3 F 4 2 2 1 1 F 2 1 1 2 ? ? ? ? ? ? ? ? ? ? ? ? ? ? ? ? ? ? ? ? ? ? ? ? ? ? ? 
1 F F 2     2 F 5 F F 1 2 2 3 1 2 2 ? ? ? ? ? ? ? ? ? ? ? ? ? ? ? ? ? ? ? ? ? ? ? ? ? ? ? 
1 2 2 1   1 2 3 F F 4 1 1 F 2 F 2 F ? ? ? ? ? ? ? ? ? ? ? ? ? ? ? ? ? ? ? ? ? ? ? ? ? ? ? 
          1 F 4 6 F 4 1 2 2 3 2 3 3 ? ? ? ? ? ? ? ? ? ? ? ? ? ? ? ? ? ? ? ? ? ? ? ? ? ? ? 
        1 2 3 F F F ? ? ? ? ? ? ? ? ? ? ? ? ? ? ? ? ? ? ? ? ? ? ? ? ? ? ? ? ? ? ? ? ? ? ? 
2 2 1   1 F 3 3 ? ? ? ? ? ? ? ? ? ? ? ? ? ? ? ? ? ? ? ? ? ? ? ? ? ? ? ? ? ? ? ? ? ? ? ? ? 
F F 2 1 2 3 ? ? ? ? ? ? ? ? ? ? ? ? ? ? ? ? ? ? ? ? ? ? ? ? ? ? ? ? ? ? ? ? ? ? ? ? ? ? ? 
? ? ? ? ? ? ? ? ? ? ? ? ? ? ? ? ? ? ? ? ? ? ? ? ? ? ? ? ? ? ? ? ? ? ? ? ? ? ? ? ? ? ? ? ? 
? ? ? ? ? ? ? ? ? ? ? ? ? ? ? ? ? ? ? ? ? ? ? ? ? ? ? ? ? ? ? ? ? ? ? ? ? ? ? ? ? ? ? ? ? 
? ? ? ? ? ? ? ? ? ? ? ? ? ? ? ? ? ? ? ? ? ? ? ? ? ? ? ? ? ? ? ? ? ? ? ? ? ? ? ? ? ? ? ? ? 
? ? ? ? ? ? ? ? ? ? ? ? ? ? ? ? ? ? ? ? ? ? ? ? ? ? ? ? ? ? ? ? ? ? ? ? ? ? ? ? ? ? ? ? ? 
? ? ? ? ? ? ? ? ? ? ? ? ? ? ? ? ? ? ? ? ? ? ? ? ? ? ? ? ? ? ? ? ? ? ? ? ? ? ? ? ? ? ? ? ? 
? ? ? ? ? ? ? ? ? ? ? ? ? ? ? ? ? ? ? ? ? ? ? ? ? ? ? ? ? ? ? ? ? ? ? ? ? ? ? ? ? ? ? ? ? 
? ? ? ? ? ? ? ? ? ? ? ? ? ? ? ? ? ? ? ? ? ? ? ? ? ? ? ? ? ? ? ? ? ? ? ? ? ? ? ? ? ? ? ? ? 
? ? ? ? ? ? ? ? ? ? ? ? ? ? ? ? ? ? ? ? ? ? ? ? ? ? ? ? ? ? ? ? ? ? ? ? ? ? ? ? ? ? ? ? ? 
? ? ? ? ? ? ? ? ? ? ? ? ? ? ? ? ? ? ? ? ? ? ? ? ? ? ? ? ? ? ? ? ? ? ? ? ? ? ? ? ? ? ? ? ? 
? ? ? ? ? ? ? ? ? ? ? ? ? ? ? ? ? ? ? ? ? ? ? ? ? ? ? ? ? ? ? ? ? ? ? ? ? ? ? ? ? ? ? ? ? 
? ? ? ? ? ? ? ? ? ? ? ? ? ? ? ? ? ? ? ? ? ? ? ? ? ? ? ? ? ? ? ? ? ? ? ? ? ? ? ? ? ? ? ? ? 
? ? ? ? ? ? ? ? ? ? ? ? ? ? ? ? ? ? ? ? ? ? ? ? ? ? ? ? ? ? ? ? ? ? ? ? ? ? ? ? ? ? ? ? ? 
Step: 6
? ? F 2         1 1 3 F 3 1 2 1 1   2 F 2 1 F 3 3 ? ? ? ? ? ? ? ? ? ? ? ? ? ? ? ? ? ? ? ? 
? ? F 2         1 F 3 F 3 F 2 F 1   2 F 2 1 2 F F ? ? ? ? ? ? ? ? ? ? ? ? ? ? ? ? ? ? ? ? 
? ? 3 1         1 1 2 1 2 1 2 2 2 2 3 3 3 1 2 2 3 ? ? ? ? ? ? ? ? ? ? ? ? ? ? ? ? ? ? ? ? 
? ? 1             1 1 1       1 F 3 F F 3 F 1   1 ? ? ? ? ? ? ? ? ? ? ? ? ? ? ? ? ? ? ? ? 
? ? 1 1 1 1     1 3 F 2       1 3 F 5 ? ? 2 2 2 2 ? ? ? ? ? ? ? ? ? ? ? ? ? ? ? ? ? ? ? ? 
? ? 2 2 F 1 1 1 2 F F 2   1 1 1 3 F ? ? ? ? ? ? ? ? ? ? ? ? ? ? ? ? ? ? ? ? ? ? ? ? ? ? ? 
1 3 F 3 1 1 2 F 3 2 2 1 1 2 F 1 2 F ? ? ? ? ? ? ? ? ? ? ? ? ? ? ? ? ? ? ? ? ? ? ? ? ? ? ? 
1 4 F 3     3 F 4 2 2 1 1 F 2 1 1 2 ? ? ? ? ? ? ? ? ? ? ? ? ? ? ? ? ? ? ? ? ? ? ? ? ? ? ? 
1 F F 2     2 F 5 F F 1 2 2 3 1 2 2 ? ? ? ? ? ? ? ? ? ? ? ? ? ? ? ? ? ? ? ? ? ? ? ? ? ? ? 
1 2 2 1   1 2 3 F F 4 1 1 F 2 F 2 F ? ? ? ? ? ? ? ? ? ? ? ? ? ? ? ? ? ? ? ? ? ? ? ? ? ? ? 
          1 F 4 6 F 4 1 2 2 3 2 3 3 ? ? ? ? ? ? ? ? ? ? ? ? ? ? ? ? ? ? ? ? ? ? ? ? ? ? ? 
        1 2 3 F F F ? ? ? ? ? ? ? ? ? ? ? ? ? ? ? ? ? ? ? ? ? ? ? ? ? ? ? ? ? ? ? ? ? ? ? 
2 2 1   1 F 3 3 ? ? ? ? ? ? ? ? ? ? ? ? ? ? ? ? ? ? ? ? ? ? ? ? ? ? ? ? ? ? ? ? ? ? ? ? ? 
F F 2 1 2 3 ? ? ? ? ? ? ? ? ? ? ? ? ? ? ? ? ? ? ? ? ? ? ? ? ? ? ? ? ? ? ? ? ? ? ? ? ? ? ? 
? ? ? ? ? ? ? ? ? ? ? ? ? ? ? ? ? ? ? ? ? ? ? ? ? ? ? ? ? ? ? ? ? ? ? ? ? ? ? ? ? ? ? ? ? 
? ? ? ? ? ? ? ? ? ? ? ? ? ? ? ? ? ? ? ? ? ? ? ? ? ? ? ? ? ? ? ? ? ? ? ? ? ? ? ? ? ? ? ? ? 
? ? ? ? ? ? ? ? ? ? ? ? ? ? ? ? ? ? ? ? ? ? ? ? ? ? ? ? ? ? ? ? ? ? ? ? ? ? ? ? ? ? ? ? ? 
? ? ? ? ? ? ? ? ? ? ? ? ? ? ? ? ? ? ? ? ? ? ? ? ? ? ? ? ? ? ? ? ? ? ? ? ? ? ? ? ? ? ? ? ? 
? ? ? ? ? ? ? ? ? ? ? ? ? ? ? ? ? ? ? ? ? ? ? ? ? ? ? ? ? ? ? ? ? ? ? ? ? ? ? ? ? ? ? ? ? 
? ? ? ? ? ? ? ? ? ? ? ? ? ? ? ? ? ? ? ? ? ? ? ? ? ? ? ? ? ? ? ? ? ? ? ? ? ? ? ? ? ? ? ? ? 
? ? ? ? ? ? ? ? ? ? ? ? ? ? ? ? ? ? ? ? ? ? ? ? ? ? ? ? ? ? ? ? ? ? ? ? ? ? ? ? ? ? ? ? ? 
? ? ? ? ? ? ? ? ? ? ? ? ? ? ? ? ? ? ? ? ? ? ? ? ? ? ? ? ? ? ? ? ? ? ? ? ? ? ? ? ? ? ? ? ? 
? ? ? ? ? ? ? ? ? ? ? ? ? ? ? ? ? ? ? ? ? ? ? ? ? ? ? ? ? ? ? ? ? ? ? ? ? ? ? ? ? ? ? ? ? 
? ? ? ? ? ? ? ? ? ? ? ? ? ? ? ? ? ? ? ? ? ? ? ? ? ? ? ? ? ? ? ? ? ? ? ? ? ? ? ? ? ? ? ? ? 
? ? ? ? ? ? ? ? ? ? ? ? ? ? ? ? ? ? ? ? ? ? ? ? ? ? ? ? ? ? ? ? ? ? ? ? ? ? ? ? ? ? ? ? ? 
? ? ? ? ? ? ? ? ? ? ? ? ? ? ? ? ? ? ? ? ? ? ? ? ? ? ? ? ? ? ? ? ? ? ? ? ? ? ? ? ? ? ? ? ? 
Step: 7
? ? F 2         1 1 3 F 3 1 2 1 1   2 F 2 1 F 3 3 ? ? ? ? ? ? ? ? ? ? ? ? ? ? ? ? ? ? ? ? 
? F F 2         1 F 3 F 3 F 2 F 1   2 F 2 1 2 F F ? ? ? ? ? ? ? ? ? ? ? ? ? ? ? ? ? ? ? ? 
? ? 3 1         1 1 2 1 2 1 2 2 2 2 3 3 3 1 2 2 3 ? ? ? ? ? ? ? ? ? ? ? ? ? ? ? ? ? ? ? ? 
? 2 1             1 1 1       1 F 3 F F 3 F 1   1 ? ? ? ? ? ? ? ? ? ? ? ? ? ? ? ? ? ? ? ? 
? ? 1 1 1 1     1 3 F 2       1 3 F 5 ? ? 2 2 2 2 ? ? ? ? ? ? ? ? ? ? ? ? ? ? ? ? ? ? ? ? 
? ? 2 2 F 1 1 1 2 F F 2   1 1 1 3 F ? ? ? ? ? ? F ? ? ? ? ? ? ? ? ? ? ? ? ? ? ? ? ? ? ? ? 
1 3 F 3 1 1 2 F 3 2 2 1 1 2 F 1 2 F ? ? ? ? ? ? ? ? ? ? ? ? ? ? ? ? ? ? ? ? ? ? ? ? ? ? ? 
1 4 F 3     3 F 4 2 2 1 1 F 2 1 1 2 ? ? ? ? ? ? ? ? ? ? ? ? ? ? ? ? ? ? ? ? ? ? ? ? ? ? ? 
1 F F 2     2 F 5 F F 1 2 2 3 1 2 2 ? ? ? ? ? ? ? ? ? ? ? ? ? ? ? ? ? ? ? ? ? ? ? ? ? ? ? 
1 2 2 1   1 2 3 F F 4 1 1 F 2 F 2 F ? ? ? ? ? ? ? ? ? ? ? ? ? ? ? ? ? ? ? ? ? ? ? ? ? ? ? 
          1 F 4 6 F 4 1 2 2 3 2 3 3 ? ? ? ? ? ? ? ? ? ? ? ? ? ? ? ? ? ? ? ? ? ? ? ? ? ? ? 
        1 2 3 F F F ? ? 2 ? ? 2 ? ? ? ? ? ? ? ? ? ? ? ? ? ? ? ? ? ? ? ? ? ? ? ? ? ? ? ? ? 
2 2 1   1 F 3 3 3 4 ? ? ? ? ? ? ? ? ? ? ? ? ? ? ? ? ? ? ? ? ? ? ? ? ? ? ? ? ? ? ? ? ? ? ? 
F F 2 1 2 3 ? 2 1 2 ? ? ? ? ? ? ? ? ? ? ? ? ? ? ? ? ? ? ? ? ? ? ? ? ? ? ? ? ? ? ? ? ? ? ? 
? ? ? ? ? ? ? ? ? ? ? ? ? ? ? ? ? ? ? ? ? ? ? ? ? ? ? ? ? ? ? ? ? ? ? ? ? ? ? ? ? ? ? ? ? 
? ? ? ? ? ? ? ? ? ? ? ? ? ? ? ? ? ? ? ? ? ? ? ? ? ? ? ? ? ? ? ? ? ? ? ? ? ? ? ? ? ? ? ? ? 
? ? ? ? ? ? ? ? ? ? ? ? ? ? ? ? ? ? ? ? ? ? ? ? ? ? ? ? ? ? ? ? ? ? ? ? ? ? ? ? ? ? ? ? ? 
? ? ? ? ? ? ? ? ? ? ? ? ? ? ? ? ? ? ? ? ? ? ? ? ? ? ? ? ? ? ? ? ? ? ? ? ? ? ? ? ? ? ? ? ? 
? ? ? ? ? ? ? ? ? ? ? ? ? ? ? ? ? ? ? ? ? ? ? ? ? ? ? ? ? ? ? ? ? ? ? ? ? ? ? ? ? ? ? ? ? 
? ? ? ? ? ? ? ? ? ? ? ? ? ? ? ? ? ? ? ? ? ? ? ? ? ? ? ? ? ? ? ? ? ? ? ? ? ? ? ? ? ? ? ? ? 
? ? ? ? ? ? ? ? ? ? ? ? ? ? ? ? ? ? ? ? ? ? ? ? ? ? ? ? ? ? ? ? ? ? ? ? ? ? ? ? ? ? ? ? ? 
? ? ? ? ? ? ? ? ? ? ? ? ? ? ? ? ? ? ? ? ? ? ? ? ? ? ? ? ? ? ? ? ? ? ? ? ? ? ? ? ? ? ? ? ? 
? ? ? ? ? ? ? ? ? ? ? ? ? ? ? ? ? ? ? ? ? ? ? ? ? ? ? ? ? ? ? ? ? ? ? ? ? ? ? ? ? ? ? ? ? 
? ? ? ? ? ? ? ? ? ? ? ? ? ? ? ? ? ? ? ? ? ? ? ? ? ? ? ? ? ? ? ? ? ? ? ? ? ? ? ? ? ? ? ? ? 
? ? ? ? ? ? ? ? ? ? ? ? ? ? ? ? ? ? ? ? ? ? ? ? ? ? ? ? ? ? ? ? ? ? ? ? ? ? ? ? ? ? ? ? ? 
? ? ? ? ? ? ? ? ? ? ? ? ? ? ? ? ? ? ? ? ? ? ? ? ? ? ? ? ? ? ? ? ? ? ? ? ? ? ? ? ? ? ? ? ? 
Step: 8
? ? F 2         1 1 3 F 3 1 2 1 1   2 F 2 1 F 3 3 ? ? ? ? ? ? ? ? ? ? ? ? ? ? ? ? ? ? ? ? 
? F F 2         1 F 3 F 3 F 2 F 1   2 F 2 1 2 F F ? ? ? ? ? ? ? ? ? ? ? ? ? ? ? ? ? ? ? ? 
? F 3 1         1 1 2 1 2 1 2 2 2 2 3 3 3 1 2 2 3 ? ? ? ? ? ? ? ? ? ? ? ? ? ? ? ? ? ? ? ? 
2 2 1             1 1 1       1 F 3 F F 3 F 1   1 ? ? ? ? ? ? ? ? ? ? ? ? ? ? ? ? ? ? ? ? 
1 1 1 1 1 1     1 3 F 2       1 3 F 5 ? ? 2 2 2 2 ? ? ? ? ? ? ? ? ? ? ? ? ? ? ? ? ? ? ? ? 
1 F 2 2 F 1 1 1 2 F F 2   1 1 1 3 F ? ? ? ? ? ? F ? ? ? ? ? ? ? ? ? ? ? ? ? ? ? ? ? ? ? ? 
1 3 F 3 1 1 2 F 3 2 2 1 1 2 F 1 2 F ? ? ? ? ? ? ? ? ? ? ? ? ? ? ? ? ? ? ? ? ? ? ? ? ? ? ? 
1 4 F 3     3 F 4 2 2 1 1 F 2 1 1 2 ? ? ? ? ? ? ? ? ? ? ? ? ? ? ? ? ? ? ? ? ? ? ? ? ? ? ? 
1 F F 2     2 F 5 F F 1 2 2 3 1 2 2 ? ? ? ? ? ? ? ? ? ? ? ? ? ? ? ? ? ? ? ? ? ? ? ? ? ? ? 
1 2 2 1   1 2 3 F F 4 1 1 F 2 F 2 F ? ? ? ? ? ? ? ? ? ? ? ? ? ? ? ? ? ? ? ? ? ? ? ? ? ? ? 
          1 F 4 6 F 4 1 2 2 3 2 3 3 ? ? ? ? ? ? ? ? ? ? ? ? ? ? ? ? ? ? ? ? ? ? ? ? ? ? ? 
        1 2 3 F F F ? ? 2 ? ? 2 ? ? ? ? ? ? ? ? ? ? ? ? ? ? ? ? ? ? ? ? ? ? ? ? ? ? ? ? ? 
2 2 1   1 F 3 3 3 4 ? ? ? ? ? ? ? ? ? ? ? ? ? ? ? ? ? ? ? ? ? ? ? ? ? ? ? ? ? ? ? ? ? ? ? 
F F 2 1 2 3 F 2 1 2 ? ? ? ? ? ? ? ? ? ? ? ? ? ? ? ? ? ? ? ? ? ? ? ? ? ? ? ? ? ? ? ? ? ? ? 
? ? ? ? ? ? ? ? ? ? ? ? ? ? ? ? ? ? ? ? ? ? ? ? ? ? ? ? ? ? ? ? ? ? ? ? ? ? ? ? ? ? ? ? ? 
? ? ? ? ? ? ? ? ? ? ? ? ? ? ? ? ? ? ? ? ? ? ? ? ? ? ? ? ? ? ? ? ? ? ? ? ? ? ? ? ? ? ? ? ? 
? ? ? ? ? ? ? ? ? ? ? ? ? ? ? ? ? ? ? ? ? ? ? ? ? ? ? ? ? ? ? ? ? ? ? ? ? ? ? ? ? ? ? ? ? 
? ? ? ? ? ? ? ? ? ? ? ? ? ? ? ? ? ? ? ? ? ? ? ? ? ? ? ? ? ? ? ? ? ? ? ? ? ? ? ? ? ? ? ? ? 
? ? ? ? ? ? ? ? ? ? ? ? ? ? ? ? ? ? ? ? ? ? ? ? ? ? ? ? ? ? ? ? ? ? ? ? ? ? ? ? ? ? ? ? ? 
? ? ? ? ? ? ? ? ? ? ? ? ? ? ? ? ? ? ? ? ? ? ? ? ? ? ? ? ? ? ? ? ? ? ? ? ? ? ? ? ? ? ? ? ? 
? ? ? ? ? ? ? ? ? ? ? ? ? ? ? ? ? ? ? ? ? ? ? ? ? ? ? ? ? ? ? ? ? ? ? ? ? ? ? ? ? ? ? ? ? 
? ? ? ? ? ? ? ? ? ? ? ? ? ? ? ? ? ? ? ? ? ? ? ? ? ? ? ? ? ? ? ? ? ? ? ? ? ? ? ? ? ? ? ? ? 
? ? ? ? ? ? ? ? ? ? ? ? ? ? ? ? ? ? ? ? ? ? ? ? ? ? ? ? ? ? ? ? ? ? ? ? ? ? ? ? ? ? ? ? ? 
? ? ? ? ? ? ? ? ? ? ? ? ? ? ? ? ? ? ? ? ? ? ? ? ? ? ? ? ? ? ? ? ? ? ? ? ? ? ? ? ? ? ? ? ? 
? ? ? ? ? ? ? ? ? ? ? ? ? ? ? ? ? ? ? ? ? ? ? ? ? ? ? ? ? ? ? ? ? ? ? ? ? ? ? ? ? ? ? ? ? 
? ? ? ? ? ? ? ? ? ? ? ? ? ? ? ? ? ? ? ? ? ? ? ? ? ? ? ? ? ? ? ? ? ? ? ? ? ? ? ? ? ? ? ? ? 
Step: 9
? ? F 2         1 1 3 F 3 1 2 1 1   2 F 2 1 F 3 3 ? ? ? ? ? ? ? ? ? ? ? ? ? ? ? ? ? ? ? ? 
? F F 2         1 F 3 F 3 F 2 F 1   2 F 2 1 2 F F ? ? ? ? ? ? ? ? ? ? ? ? ? ? ? ? ? ? ? ? 
F F 3 1         1 1 2 1 2 1 2 2 2 2 3 3 3 1 2 2 3 ? ? ? ? ? ? ? ? ? ? ? ? ? ? ? ? ? ? ? ? 
2 2 1             1 1 1       1 F 3 F F 3 F 1   1 ? ? ? ? ? ? ? ? ? ? ? ? ? ? ? ? ? ? ? ? 
1 1 1 1 1 1     1 3 F 2       1 3 F 5 ? ? 2 2 2 2 ? ? ? ? ? ? ? ? ? ? ? ? ? ? ? ? ? ? ? ? 
1 F 2 2 F 1 1 1 2 F F 2   1 1 1 3 F ? ? ? ? ? ? F ? ? ? ? ? ? ? ? ? ? ? ? ? ? ? ? ? ? ? ? 
1 3 F 3 1 1 2 F 3 2 2 1 1 2 F 1 2 F ? ? ? ? ? ? ? ? ? ? ? ? ? ? ? ? ? ? ? ? ? ? ? ? ? ? ? 
1 4 F 3     3 F 4 2 2 1 1 F 2 1 1 2 ? ? ? ? ? ? ? ? ? ? ? ? ? ? ? ? ? ? ? ? ? ? ? ? ? ? ? 
1 F F 2     2 F 5 F F 1 2 2 3 1 2 2 ? ? ? ? ? ? ? ? ? ? ? ? ? ? ? ? ? ? ? ? ? ? ? ? ? ? ? 
1 2 2 1   1 2 3 F F 4 1 1 F 2 F 2 F ? ? ? ? ? ? ? ? ? ? ? ? ? ? ? ? ? ? ? ? ? ? ? ? ? ? ? 
          1 F 4 6 F 4 1 2 2 3 2 3 3 ? ? ? ? ? ? ? ? ? ? ? ? ? ? ? ? ? ? ? ? ? ? ? ? ? ? ? 
        1 2 3 F F F ? ? 2 ? ? 2 ? ? ? ? ? ? ? ? ? ? ? ? ? ? ? ? ? ? ? ? ? ? ? ? ? ? ? ? ? 
2 2 1   1 F 3 3 3 4 ? ? ? ? ? ? ? ? ? ? ? ? ? ? ? ? ? ? ? ? ? ? ? ? ? ? ? ? ? ? ? ? ? ? ? 
F F 2 1 2 3 F 2 1 2 ? ? ? ? ? ? ? ? ? ? ? ? ? ? ? ? ? ? ? ? ? ? ? ? ? ? ? ? ? ? ? ? ? ? ? 
? ? ? ? ? ? ? ? ? ? ? ? ? ? ? ? ? ? ? ? ? ? ? ? ? ? ? ? ? ? ? ? ? ? ? ? ? ? ? ? ? ? ? ? ? 
? ? ? ? ? ? ? ? ? ? ? ? ? ? ? ? ? ? ? ? ? ? ? ? ? ? ? ? ? ? ? ? ? ? ? ? ? ? ? ? ? ? ? ? ? 
? ? ? ? ? ? ? ? ? ? ? ? ? ? ? ? ? ? ? ? ? ? ? ? ? ? ? ? ? ? ? ? ? ? ? ? ? ? ? ? ? ? ? ? ? 
? ? ? ? ? ? ? ? ? ? ? ? ? ? ? ? ? ? ? ? ? ? ? ? ? ? ? ? ? ? ? ? ? ? ? ? ? ? ? ? ? ? ? ? ? 
? ? ? ? ? ? ? ? ? ? ? ? ? ? ? ? ? ? ? ? ? ? ? ? ? ? ? ? ? ? ? ? ? ? ? ? ? ? ? ? ? ? ? ? ? 
? ? ? ? ? ? ? ? ? ? ? ? ? ? ? ? ? ? ? ? ? ? ? ? ? ? ? ? ? ? ? ? ? ? ? ? ? ? ? ? ? ? ? ? ? 
? ? ? ? ? ? ? ? ? ? ? ? ? ? ? ? ? ? ? ? ? ? ? ? ? ? ? ? ? ? ? ? ? ? ? ? ? ? ? ? ? ? ? ? ? 
? ? ? ? ? ? ? ? ? ? ? ? ? ? ? ? ? ? ? ? ? ? ? ? ? ? ? ? ? ? ? ? ? ? ? ? ? ? ? ? ? ? ? ? ? 
? ? ? ? ? ? ? ? ? ? ? ? ? ? ? ? ? ? ? ? ? ? ? ? ? ? ? ? ? ? ? ? ? ? ? ? ? ? ? ? ? ? ? ? ? 
? ? ? ? ? ? ? ? ? ? ? ? ? ? ? ? ? ? ? ? ? ? ? ? ? ? ? ? ? ? ? ? ? ? ? ? ? ? ? ? ? ? ? ? ? 
? ? ? ? ? ? ? ? ? ? ? ? ? ? ? ? ? ? ? ? ? ? ? ? ? ? ? ? ? ? ? ? ? ? ? ? ? ? ? ? ? ? ? ? ? 
? ? ? ? ? ? ? ? ? ? ? ? ? ? ? ? ? ? ? ? ? ? ? ? ? ? ? ? ? ? ? ? ? ? ? ? ? ? ? ? ? ? ? ? ? 
Step: 10
? ? F 2         1 1 3 F 3 1 2 1 1   2 F 2 1 F 3 3 ? ? ? ? ? ? ? ? ? ? ? ? ? ? ? ? ? ? ? ? 
? F F 2         1 F 3 F 3 F 2 F 1   2 F 2 1 2 F F ? ? ? ? ? ? ? ? ? ? ? ? ? ? ? ? ? ? ? ? 
F F 3 1         1 1 2 1 2 1 2 2 2 2 3 3 3 1 2 2 3 ? ? ? ? ? ? ? ? ? ? ? ? ? ? ? ? ? ? ? ? 
2 2 1             1 1 1       1 F 3 F F 3 F 1   1 ? ? ? ? ? ? ? ? ? ? ? ? ? ? ? ? ? ? ? ? 
1 1 1 1 1 1     1 3 F 2       1 3 F 5 ? ? 2 2 2 2 ? ? ? ? ? ? ? ? ? ? ? ? ? ? ? ? ? ? ? ? 
1 F 2 2 F 1 1 1 2 F F 2   1 1 1 3 F ? ? ? 1 ? ? F ? ? ? ? ? ? ? ? ? ? ? ? ? ? ? ? ? ? ? ? 
1 3 F 3 1 1 2 F 3 2 2 1 1 2 F 1 2 F ? ? ? ? ? ? ? ? ? ? ? ? ? ? ? ? ? ? ? ? ? ? ? ? ? ? ? 
1 4 F 3     3 F 4 2 2 1 1 F 2 1 1 2 ? ? ? ? ? ? ? ? ? ? ? ? ? ? ? ? ? ? ? ? ? ? ? ? ? ? ? 
1 F F 2     2 F 5 F F 1 2 2 3 1 2 2 ? ? ? ? ? ? ? ? ? ? ? ? ? ? ? ? ? ? ? ? ? ? ? ? ? ? ? 
1 2 2 1   1 2 3 F F 4 1 1 F 2 F 2 F ? ? ? ? ? ? ? ? ? ? ? ? ? ? ? ? ? ? ? ? ? ? ? ? ? ? ? 
          1 F 4 6 F 4 1 2 2 3 2 3 3 ? ? ? ? ? ? ? ? ? ? ? ? ? ? ? ? ? ? ? ? ? ? ? ? ? ? ? 
        1 2 3 F F F ? ? 2 ? ? 2 ? ? ? ? ? ? ? ? ? ? ? ? ? ? ? ? ? ? ? ? ? ? ? ? ? ? ? ? ? 
2 2 1   1 F 3 3 3 4 ? ? ? ? ? ? ? ? ? ? ? ? ? ? ? ? ? ? ? ? ? ? ? ? ? ? ? ? ? ? ? ? ? ? ? 
F F 2 1 2 3 F 2 1 2 ? ? ? ? ? ? ? ? ? ? ? ? ? ? ? ? ? ? ? ? ? ? ? ? ? ? ? ? ? ? ? ? ? ? ? 
? ? ? ? ? ? ? ? ? ? ? ? ? ? ? ? ? ? ? ? ? ? ? ? ? ? ? ? ? ? ? ? ? ? ? ? ? ? ? ? ? ? ? ? ? 
? ? ? ? ? ? ? ? ? ? ? ? ? ? ? ? ? ? ? ? ? ? ? ? ? ? ? ? ? ? ? ? ? ? ? ? ? ? ? ? ? ? ? ? ? 
? ? ? ? ? ? ? ? ? ? ? ? ? ? ? ? ? ? ? ? ? ? ? ? ? ? ? ? ? ? ? ? ? ? ? ? ? ? ? ? ? ? ? ? ? 
? ? ? ? ? ? ? ? ? ? ? ? ? ? ? ? ? ? ? ? ? ? ? ? ? ? ? ? ? ? ? ? ? ? ? ? ? ? ? ? ? ? ? ? ? 
? ? ? ? ? ? ? ? ? ? ? ? ? ? ? ? ? ? ? ? ? ? ? ? ? ? ? ? ? ? ? ? ? ? ? ? ? ? ? ? ? ? ? ? ? 
? ? ? ? ? ? ? ? ? ? ? ? ? ? ? ? ? ? ? ? ? ? ? ? ? ? ? ? ? ? ? ? ? ? ? ? ? ? ? ? ? ? ? ? ? 
? ? ? ? ? ? ? ? ? ? ? ? ? ? ? ? ? ? ? ? ? ? ? ? ? ? ? ? ? ? ? ? ? ? ? ? ? ? ? ? ? ? ? ? ? 
? ? ? ? ? ? ? ? ? ? ? ? ? ? ? ? ? ? ? ? ? ? ? ? ? ? ? ? ? ? ? ? ? ? ? ? ? ? ? ? ? ? ? ? ? 
? ? ? ? ? ? ? ? ? ? ? ? ? ? ? ? ? ? ? ? ? ? ? ? ? ? ? ? ? ? ? ? ? ? ? ? ? ? ? ? ? ? ? ? ? 
? ? ? ? ? ? ? ? ? ? ? ? ? ? ? ? ? ? ? ? ? ? ? ? ? ? ? ? ? ? ? ? ? ? ? ? ? ? ? ? ? ? ? ? ? 
? ? ? ? ? ? ? ? ? ? ? ? ? ? ? ? ? ? ? ? ? ? ? ? ? ? ? ? ? ? ? ? ? ? ? ? ? ? ? ? ? ? ? ? ? 
? ? ? ? ? ? ? ? ? ? ? ? ? ? ? ? ? ? ? ? ? ? ? ? ? ? ? ? ? ? ? ? ? ? ? ? ? ? ? ? ? ? ? ? ? 
Step: 11
? ? F 2         1 1 3 F 3 1 2 1 1   2 F 2 1 F 3 3 ? ? ? ? ? ? ? ? ? ? ? ? ? ? ? ? ? ? ? ? 
? F F 2         1 F 3 F 3 F 2 F 1   2 F 2 1 2 F F ? ? ? ? ? ? ? ? ? ? ? ? ? ? ? ? ? ? ? ? 
F F 3 1         1 1 2 1 2 1 2 2 2 2 3 3 3 1 2 2 3 ? ? ? ? ? ? ? ? ? ? ? ? ? ? ? ? ? ? ? ? 
2 2 1             1 1 1       1 F 3 F F 3 F 1   1 ? ? ? ? ? ? ? ? ? ? ? ? ? ? ? ? ? ? ? ? 
1 1 1 1 1 1     1 3 F 2       1 3 F 5 ? ? 2 2 2 2 ? ? ? ? ? ? ? ? ? ? ? ? ? ? ? ? ? ? ? ? 
1 F 2 2 F 1 1 1 2 F F 2   1 1 1 3 F ? ? ? 1 ? ? F ? ? ? ? ? ? ? ? ? ? ? ? ? ? ? ? ? ? ? ? 
1 3 F 3 1 1 2 F 3 2 2 1 1 2 F 1 2 F ? ? 1 2 3 ? ? ? ? ? ? ? ? ? ? ? ? ? ? ? ? ? ? ? ? ? ? 
1 4 F 3     3 F 4 2 2 1 1 F 2 1 1 2 ? ? ? ? ? ? ? ? ? ? ? ? ? ? ? ? ? ? ? ? ? ? ? ? ? ? ? 
1 F F 2     2 F 5 F F 1 2 2 3 1 2 2 ? ? ? ? ? ? ? ? ? ? ? ? ? ? ? ? ? ? ? ? ? ? ? ? ? ? ? 
1 2 2 1   1 2 3 F F 4 1 1 F 2 F 2 F ? ? ? ? ? ? ? ? ? ? ? ? ? ? ? ? ? ? ? ? ? ? ? ? ? ? ? 
          1 F 4 6 F 4 1 2 2 3 2 3 3 ? ? ? ? ? ? ? ? ? ? ? ? ? ? ? ? ? ? ? ? ? ? ? ? ? ? ? 
        1 2 3 F F F ? ? 2 ? ? 2 ? ? ? ? ? ? ? ? ? ? ? ? ? ? ? ? ? ? ? ? ? ? ? ? ? ? ? ? ? 
2 2 1   1 F 3 3 3 4 ? ? ? ? ? ? ? ? ? ? ? ? ? ? ? ? ? ? ? ? ? ? ? ? ? ? ? ? ? ? ? ? ? ? ? 
F F 2 1 2 3 F 2 1 2 ? ? ? ? ? ? ? ? ? ? ? ? ? ? ? ? ? ? ? ? ? ? ? ? ? ? ? ? ? ? ? ? ? ? ? 
? ? ? ? ? ? ? ? ? ? ? ? ? ? ? ? ? ? ? ? ? ? ? ? ? ? ? ? ? ? ? ? ? ? ? ? ? ? ? ? ? ? ? ? ? 
? ? ? ? ? ? ? ? ? ? ? ? ? ? ? ? ? ? ? ? ? ? ? ? ? ? ? ? ? ? ? ? ? ? ? ? ? ? ? ? ? ? ? ? ? 
? ? ? ? ? ? ? ? ? ? ? ? ? ? ? ? ? ? ? ? ? ? ? ? ? ? ? ? ? ? ? ? ? ? ? ? ? ? ? ? ? ? ? ? ? 
? ? ? ? ? ? ? ? ? ? ? ? ? ? ? ? ? ? ? ? ? ? ? ? ? ? ? ? ? ? ? ? ? ? ? ? ? ? ? ? ? ? ? ? ? 
? ? ? ? ? ? ? ? ? ? ? ? ? ? ? ? ? ? ? ? ? ? ? ? ? ? ? ? ? ? ? ? ? ? ? ? ? ? ? ? ? ? ? ? ? 
? ? ? ? ? ? ? ? ? ? ? ? ? ? ? ? ? ? ? ? ? ? ? ? ? ? ? ? ? ? ? ? ? ? ? ? ? ? ? ? ? ? ? ? ? 
? ? ? ? ? ? ? ? ? ? ? ? ? ? ? ? ? ? ? ? ? ? ? ? ? ? ? ? ? ? ? ? ? ? ? ? ? ? ? ? ? ? ? ? ? 
? ? ? ? ? ? ? ? ? ? ? ? ? ? ? ? ? ? ? ? ? ? ? ? ? ? ? ? ? ? ? ? ? ? ? ? ? ? ? ? ? ? ? ? ? 
? ? ? ? ? ? ? ? ? ? ? ? ? ? ? ? ? ? ? ? ? ? ? ? ? ? ? ? ? ? ? ? ? ? ? ? ? ? ? ? ? ? ? ? ? 
? ? ? ? ? ? ? ? ? ? ? ? ? ? ? ? ? ? ? ? ? ? ? ? ? ? ? ? ? ? ? ? ? ? ? ? ? ? ? ? ? ? ? ? ? 
? ? ? ? ? ? ? ? ? ? ? ? ? ? ? ? ? ? ? ? ? ? ? ? ? ? ? ? ? ? ? ? ? ? ? ? ? ? ? ? ? ? ? ? ? 
? ? ? ? ? ? ? ? ? ? ? ? ? ? ? ? ? ? ? ? ? ? ? ? ? ? ? ? ? ? ? ? ? ? ? ? ? ? ? ? ? ? ? ? ? 
Warning: 2^50 permutations, this will take a very long time! (Using 2048 threads for bit masks)
Step: 12
? ? F 2         1 1 3 F 3 1 2 1 1   2 F 2 1 F 3 3 ? ? ? ? ? ? ? ? ? ? ? ? ? ? ? ? ? ? ? ? 
? F F 2         1 F 3 F 3 F 2 F 1   2 F 2 1 2 F F ? ? ? ? ? ? ? ? ? ? ? ? ? ? ? ? ? ? ? ? 
F F 3 1         1 1 2 1 2 1 2 2 2 2 3 3 3 1 2 2 3 ? ? ? ? ? ? ? ? ? ? ? ? ? ? ? ? ? ? ? ? 
2 2 1             1 1 1       1 F 3 F F 3 F 1   1 ? ? ? ? ? ? ? ? ? ? ? ? ? ? ? ? ? ? ? ? 
1 1 1 1 1 1     1 3 F 2       1 3 F 5 ? ? 2 2 2 2 ? ? ? ? ? ? ? ? ? ? ? ? ? ? ? ? ? ? ? ? 
1 F 2 2 F 1 1 1 2 F F 2   1 1 1 3 F ? 1 ? 1 ? ? F ? ? ? ? ? ? ? ? ? ? ? ? ? ? ? ? ? ? ? ? 
1 3 F 3 1 1 2 F 3 2 2 1 1 2 F 1 2 F ? ? 1 2 3 ? ? ? ? ? ? ? ? ? ? ? ? ? ? ? ? ? ? ? ? ? ? 
1 4 F 3     3 F 4 2 2 1 1 F 2 1 1 2 ? ? ? ? ? ? ? ? ? ? ? ? ? ? ? ? ? ? ? ? ? ? ? ? ? ? ? 
1 F F 2     2 F 5 F F 1 2 2 3 1 2 2 ? ? ? ? ? ? ? ? ? ? ? ? ? ? ? ? ? ? ? ? ? ? ? ? ? ? ? 
1 2 2 1   1 2 3 F F 4 1 1 F 2 F 2 F ? ? ? ? ? ? ? ? ? ? ? ? ? ? ? ? ? ? ? ? ? ? ? ? ? ? ? 
          1 F 4 6 F 4 1 2 2 3 2 3 3 ? ? ? ? ? ? ? ? ? ? ? ? ? ? ? ? ? ? ? ? ? ? ? ? ? ? ? 
        1 2 3 F F F ? ? 2 ? ? 2 ? ? ? ? ? ? ? ? ? ? ? ? ? ? ? ? ? ? ? ? ? ? ? ? ? ? ? ? ? 
2 2 1   1 F 3 3 3 4 ? ? ? ? ? ? ? ? ? ? ? ? ? ? ? ? ? ? ? ? ? ? ? ? ? ? ? ? ? ? ? ? ? ? ? 
F F 2 1 2 3 F 2 1 2 ? ? ? ? ? ? ? ? ? ? ? ? ? ? ? ? ? ? ? ? ? ? ? ? ? ? ? ? ? ? ? ? ? ? ? 
? ? ? ? ? ? ? ? ? ? ? ? ? ? ? ? ? ? ? ? ? ? ? ? ? ? ? ? ? ? ? ? ? ? ? ? ? ? ? ? ? ? ? ? ? 
? ? ? ? ? ? ? ? ? ? ? ? ? ? ? ? ? ? ? ? ? ? ? ? ? ? ? ? ? ? ? ? ? ? ? ? ? ? ? ? ? ? ? ? ? 
? ? ? ? ? ? ? ? ? ? ? ? ? ? ? ? ? ? ? ? ? ? ? ? ? ? ? ? ? ? ? ? ? ? ? ? ? ? ? ? ? ? ? ? ? 
? ? ? ? ? ? ? ? ? ? ? ? ? ? ? ? ? ? ? ? ? ? ? ? ? ? ? ? ? ? ? ? ? ? ? ? ? ? ? ? ? ? ? ? ? 
? ? ? ? ? ? ? ? ? ? ? ? ? ? ? ? ? ? ? ? ? ? ? ? ? ? ? ? ? ? ? ? ? ? ? ? ? ? ? ? ? ? ? ? ? 
? ? ? ? ? ? ? ? ? ? ? ? ? ? ? ? ? ? ? ? ? ? ? ? ? ? ? ? ? ? ? ? ? ? ? ? ? ? ? ? ? ? ? ? ? 
? ? ? ? ? ? ? ? ? ? ? ? ? ? ? ? ? ? ? ? ? ? ? ? ? ? ? ? ? ? ? ? ? ? ? ? ? ? ? ? ? ? ? ? ? 
? ? ? ? ? ? ? ? ? ? ? ? ? ? ? ? ? ? ? ? ? ? ? ? ? ? ? ? ? ? ? ? ? ? ? ? ? ? ? ? ? ? ? ? ? 
? ? ? ? ? ? ? ? ? ? ? ? ? ? ? ? ? ? ? ? ? ? ? ? ? ? ? ? ? ? ? ? ? ? ? ? ? ? ? ? ? ? ? ? ? 
? ? ? ? ? ? ? ? ? ? ? ? ? ? ? ? ? ? ? ? ? ? ? ? ? ? ? ? ? ? ? ? ? ? ? ? ? ? ? ? ? ? ? ? ? 
? ? ? ? ? ? ? ? ? ? ? ? ? ? ? ? ? ? ? ? ? ? ? ? ? ? ? ? ? ? ? ? ? ? ? ? ? ? ? ? ? ? ? ? ? 
? ? ? ? ? ? ? ? ? ? ? ? ? ? ? ? ? ? ? ? ? ? ? ? ? ? ? ? ? ? ? ? ? ? ? ? ? ? ? ? ? ? ? ? ? 
Step: 13
? ? F 2         1 1 3 F 3 1 2 1 1   2 F 2 1 F 3 3 ? ? ? ? ? ? ? ? ? ? ? ? ? ? ? ? ? ? ? ? 
? F F 2         1 F 3 F 3 F 2 F 1   2 F 2 1 2 F F ? ? ? ? ? ? ? ? ? ? ? ? ? ? ? ? ? ? ? ? 
F F 3 1         1 1 2 1 2 1 2 2 2 2 3 3 3 1 2 2 3 ? ? ? ? ? ? ? ? ? ? ? ? ? ? ? ? ? ? ? ? 
2 2 1             1 1 1       1 F 3 F F 3 F 1   1 ? ? ? ? ? ? ? ? ? ? ? ? ? ? ? ? ? ? ? ? 
1 1 1 1 1 1     1 3 F 2       1 3 F 5 ? 3 2 2 2 2 ? ? ? ? ? ? ? ? ? ? ? ? ? ? ? ? ? ? ? ? 
1 F 2 2 F 1 1 1 2 F F 2   1 1 1 3 F 4 1 1 1 ? 3 F ? ? ? ? ? ? ? ? ? ? ? ? ? ? ? ? ? ? ? ? 
1 3 F 3 1 1 2 F 3 2 2 1 1 2 F 1 2 F 2   1 2 3 ? ? ? ? ? ? ? ? ? ? ? ? ? ? ? ? ? ? ? ? ? ? 
1 4 F 3     3 F 4 2 2 1 1 F 2 1 1 2 2 1 1 ? ? ? ? ? ? ? ? ? ? ? ? ? ? ? ? ? ? ? ? ? ? ? ? 
1 F F 2     2 F 5 F F 1 2 2 3 1 2 2 ? 1 1 2 ? 2 ? ? ? ? ? ? ? ? ? ? ? ? ? ? ? ? ? ? ? ? ? 
1 2 2 1   1 2 3 F F 4 1 1 F 2 F 2 F 3 2   1 1 3 ? ? ? ? ? ? ? ? ? ? ? ? ? ? ? ? ? ? ? ? ? 
          1 F 4 6 F 4 1 2 2 3 2 3 3 F 1     1 3 F ? ? ? ? ? ? ? ? ? ? ? ? ? ? ? ? ? ? ? ? 
        1 2 3 F F F ? ? 2 ? ? 2 ? ? 2 1     2 F 4 2 ? ? ? ? ? ? ? ? ? ? ? ? ? ? ? ? ? ? ? 
2 2 1   1 F 3 3 3 4 ? ? ? ? ? ? ? ? 2   1 1 3 F 3 ? ? ? ? ? ? ? ? ? ? ? ? ? ? ? ? ? ? ? ? 
F F 2 1 2 3 F 2 1 2 ? ? ? ? ? ? ? F 2   1 ? 2 1 2 2 ? ? ? ? ? ? ? ? ? ? ? ? ? ? ? ? ? ? ? 
? ? ? ? ? ? ? ? ? ? ? ? ? ? ? ? ? ? 4 2 2 1 1     1 ? ? ? ? ? ? ? ? ? ? ? ? ? ? ? ? ? ? ? 
? ? ? ? ? ? ? ? ? ? ? ? ? ? ? ? ? ? ? F 2   1 2 2 1 ? ? ? ? ? ? ? ? ? ? ? ? ? ? ? ? ? ? ? 
? ? ? ? ? ? ? ? ? ? ? ? ? ? ? ? ? ? ? F 4 1 2 F F 2 ? ? ? ? ? ? ? ? ? ? ? ? ? ? ? ? ? ? ? 
? ? ? ? ? ? ? ? ? ? ? ? ? ? ? ? ? ? ? F ? ? ? ? ? ? ? ? ? ? ? ? ? ? ? ? ? ? ? ? ? ? ? ? ? 
? ? ? ? ? ? ? ? ? ? ? ? ? ? ? ? ? ? ? ? ? ? ? ? ? ? ? ? ? ? ? ? ? ? ? ? ? ? ? ? ? ? ? ? ? 
? ? ? ? ? ? ? ? ? ? ? ? ? ? ? ? ? ? ? ? ? ? ? ? ? ? ? ? ? ? ? ? ? ? ? ? ? ? ? ? ? ? ? ? ? 
? ? ? ? ? ? ? ? ? ? ? ? ? ? ? ? ? ? ? ? ? ? ? ? ? ? ? ? ? ? ? ? ? ? ? ? ? ? ? ? ? ? ? ? ? 
? ? ? ? ? ? ? ? ? ? ? ? ? ? ? ? ? ? ? ? ? ? ? ? ? ? ? ? ? ? ? ? ? ? ? ? ? ? ? ? ? ? ? ? ? 
? ? ? ? ? ? ? ? ? ? ? ? ? ? ? ? ? ? ? ? ? ? ? ? ? ? ? ? ? ? ? ? ? ? ? ? ? ? ? ? ? ? ? ? ? 
? ? ? ? ? ? ? ? ? ? ? ? ? ? ? ? ? ? ? ? ? ? ? ? ? ? ? ? ? ? ? ? ? ? ? ? ? ? ? ? ? ? ? ? ? 
? ? ? ? ? ? ? ? ? ? ? ? ? ? ? ? ? ? ? ? ? ? ? ? ? ? ? ? ? ? ? ? ? ? ? ? ? ? ? ? ? ? ? ? ? 
? ? ? ? ? ? ? ? ? ? ? ? ? ? ? ? ? ? ? ? ? ? ? ? ? ? ? ? ? ? ? ? ? ? ? ? ? ? ? ? ? ? ? ? ? 
Step: 14
? ? F 2         1 1 3 F 3 1 2 1 1   2 F 2 1 F 3 3 ? ? ? ? ? ? ? ? ? ? ? ? ? ? ? ? ? ? ? ? 
? F F 2         1 F 3 F 3 F 2 F 1   2 F 2 1 2 F F ? ? ? ? ? ? ? ? ? ? ? ? ? ? ? ? ? ? ? ? 
F F 3 1         1 1 2 1 2 1 2 2 2 2 3 3 3 1 2 2 3 ? ? ? ? ? ? ? ? ? ? ? ? ? ? ? ? ? ? ? ? 
2 2 1             1 1 1       1 F 3 F F 3 F 1   1 ? ? ? ? ? ? ? ? ? ? ? ? ? ? ? ? ? ? ? ? 
1 1 1 1 1 1     1 3 F 2       1 3 F 5 F 3 2 2 2 2 ? ? ? ? ? ? ? ? ? ? ? ? ? ? ? ? ? ? ? ? 
1 F 2 2 F 1 1 1 2 F F 2   1 1 1 3 F 4 1 1 1 F 3 F ? ? ? ? ? ? ? ? ? ? ? ? ? ? ? ? ? ? ? ? 
1 3 F 3 1 1 2 F 3 2 2 1 1 2 F 1 2 F 2   1 2 3 ? ? ? ? ? ? ? ? ? ? ? ? ? ? ? ? ? ? ? ? ? ? 
1 4 F 3     3 F 4 2 2 1 1 F 2 1 1 2 2 1 1 F 3 ? ? ? ? ? ? ? ? ? ? ? ? ? ? ? ? ? ? ? ? ? ? 
1 F F 2     2 F 5 F F 1 2 2 3 1 2 2 F 1 1 2 F 2 ? ? ? ? ? ? ? ? ? ? ? ? ? ? ? ? ? ? ? ? ? 
1 2 2 1   1 2 3 F F 4 1 1 F 2 F 2 F 3 2   1 1 3 F ? ? ? ? ? ? ? ? ? ? ? ? ? ? ? ? ? ? ? ? 
          1 F 4 6 F 4 1 2 2 3 2 3 3 F 1     1 3 F ? ? ? ? ? ? ? ? ? ? ? ? ? ? ? ? ? ? ? ? 
        1 2 3 F F F ? ? 2 ? ? 2 ? ? 2 1     2 F 4 2 ? ? ? ? ? ? ? ? ? ? ? ? ? ? ? ? ? ? ? 
2 2 1   1 F 3 3 3 4 ? ? ? ? ? ? ? ? 2   1 1 3 F 3 F ? ? ? ? ? ? ? ? ? ? ? ? ? ? ? ? ? ? ? 
F F 2 1 2 3 F 2 1 2 ? ? ? ? ? ? ? F 2   1 F 2 1 2 2 ? ? ? ? ? ? ? ? ? ? ? ? ? ? ? ? ? ? ? 
? ? ? ? ? ? ? ? ? ? ? ? ? ? ? ? ? ? 4 2 2 1 1     1 1 ? ? ? ? ? ? ? ? ? ? ? ? ? ? ? ? ? ? 
? ? ? ? ? ? ? ? ? ? ? ? ? ? ? ? ? ? F F 2   1 2 2 1 1 ? ? ? ? ? ? ? ? ? ? ? ? ? ? ? ? ? ? 
? ? ? ? ? ? ? ? ? ? ? ? ? ? ? ? ? ? ? F 4 1 2 F F 2 1 ? ? ? ? ? ? ? ? ? ? ? ? ? ? ? ? ? ? 
? ? ? ? ? ? ? ? ? ? ? ? ? ? ? ? ? ? ? F ? ? ? ? ? ? ? ? ? ? ? ? ? ? ? ? ? ? ? ? ? ? ? ? ? 
? ? ? ? ? ? ? ? ? ? ? ? ? ? ? ? ? ? ? ? ? ? ? ? ? ? ? ? ? ? ? ? ? ? ? ? ? ? ? ? ? ? ? ? ? 
? ? ? ? ? ? ? ? ? ? ? ? ? ? ? ? ? ? ? ? ? ? ? ? ? ? ? ? ? ? ? ? ? ? ? ? ? ? ? ? ? ? ? ? ? 
? ? ? ? ? ? ? ? ? ? ? ? ? ? ? ? ? ? ? ? ? ? ? ? ? ? ? ? ? ? ? ? ? ? ? ? ? ? ? ? ? ? ? ? ? 
? ? ? ? ? ? ? ? ? ? ? ? ? ? ? ? ? ? ? ? ? ? ? ? ? ? ? ? ? ? ? ? ? ? ? ? ? ? ? ? ? ? ? ? ? 
? ? ? ? ? ? ? ? ? ? ? ? ? ? ? ? ? ? ? ? ? ? ? ? ? ? ? ? ? ? ? ? ? ? ? ? ? ? ? ? ? ? ? ? ? 
? ? ? ? ? ? ? ? ? ? ? ? ? ? ? ? ? ? ? ? ? ? ? ? ? ? ? ? ? ? ? ? ? ? ? ? ? ? ? ? ? ? ? ? ? 
? ? ? ? ? ? ? ? ? ? ? ? ? ? ? ? ? ? ? ? ? ? ? ? ? ? ? ? ? ? ? ? ? ? ? ? ? ? ? ? ? ? ? ? ? 
? ? ? ? ? ? ? ? ? ? ? ? ? ? ? ? ? ? ? ? ? ? ? ? ? ? ? ? ? ? ? ? ? ? ? ? ? ? ? ? ? ? ? ? ? 
Step: 15
? ? F 2         1 1 3 F 3 1 2 1 1   2 F 2 1 F 3 3 ? ? ? ? ? ? ? ? ? ? ? ? ? ? ? ? ? ? ? ? 
? F F 2         1 F 3 F 3 F 2 F 1   2 F 2 1 2 F F ? ? ? ? ? ? ? ? ? ? ? ? ? ? ? ? ? ? ? ? 
F F 3 1         1 1 2 1 2 1 2 2 2 2 3 3 3 1 2 2 3 ? ? ? ? ? ? ? ? ? ? ? ? ? ? ? ? ? ? ? ? 
2 2 1             1 1 1       1 F 3 F F 3 F 1   1 ? ? ? ? ? ? ? ? ? ? ? ? ? ? ? ? ? ? ? ? 
1 1 1 1 1 1     1 3 F 2       1 3 F 5 F 3 2 2 2 2 2 3 ? ? ? ? ? ? ? ? ? ? ? ? ? ? ? ? ? ? 
1 F 2 2 F 1 1 1 2 F F 2   1 1 1 3 F 4 1 1 1 F 3 F 1 2 ? ? ? ? ? ? ? ? ? ? ? ? ? ? ? ? ? ? 
1 3 F 3 1 1 2 F 3 2 2 1 1 2 F 1 2 F 2   1 2 3 ? 2 1 1 2 ? ? ? ? ? ? ? ? ? ? ? ? ? ? ? ? ? 
1 4 F 3     3 F 4 2 2 1 1 F 2 1 1 2 2 1 1 F 3 2 1     1 3 ? ? ? ? ? ? ? ? ? ? ? ? ? ? ? ? 
1 F F 2     2 F 5 F F 1 2 2 3 1 2 2 F 1 1 2 F 2 1 1     1 1 2 ? ? ? ? ? ? ? ? ? ? ? ? ? ? 
1 2 2 1   1 2 3 F F 4 1 1 F 2 F 2 F 3 2   1 1 3 F 2 1 1 1   1 ? ? ? ? ? ? ? ? ? ? ? ? ? ? 
          1 F 4 6 F 4 1 2 2 3 2 3 3 F 1     1 3 F 2 2 F 2   1 2 ? ? ? ? ? ? ? ? ? ? ? ? ? 
        1 2 3 F F F ? ? 2 ? ? 2 ? ? 2 1     2 F 4 2 3 F 2 1 1 2 ? ? ? ? ? ? ? ? ? ? ? ? ? 
2 2 1   1 F 3 3 3 4 ? ? ? ? ? ? ? ? 2   1 1 3 F 3 F 3 3 2 2 F 2 ? ? ? ? ? ? ? ? ? ? ? ? ? 
F F 2 1 2 3 F 2 1 2 ? ? ? ? ? ? ? F 2   1 F 2 1 2 2 F 2 ? ? ? ? ? ? ? ? ? ? ? ? ? ? ? ? ? 
? ? ? ? ? ? ? ? ? ? ? ? ? ? ? ? ? ? 4 2 2 1 1     1 1 2 1 2 ? ? ? ? ? ? ? ? ? ? ? ? ? ? ? 
? ? ? ? ? ? ? ? ? ? ? ? ? ? ? ? ? ? F F 2   1 2 2 1 1 1 1 1 ? ? ? ? ? ? ? ? ? ? ? ? ? ? ? 
? ? ? ? ? ? ? ? ? ? ? ? ? ? ? ? ? ? ? F 4 1 2 F F 2 1 F 2 2 ? ? ? ? ? ? ? ? ? ? ? ? ? ? ? 
? ? ? ? ? ? ? ? ? ? ? ? ? ? ? ? ? ? ? F ? ? ? ? ? 2 2 3 ? ? ? ? ? ? ? ? ? ? ? ? ? ? ? ? ? 
? ? ? ? ? ? ? ? ? ? ? ? ? ? ? ? ? ? ? ? ? ? ? ? ? ? ? ? ? ? ? ? ? ? ? ? ? ? ? ? ? ? ? ? ? 
? ? ? ? ? ? ? ? ? ? ? ? ? ? ? ? ? ? ? ? ? ? ? ? ? ? ? ? ? ? ? ? ? ? ? ? ? ? ? ? ? ? ? ? ? 
? ? ? ? ? ? ? ? ? ? ? ? ? ? ? ? ? ? ? ? ? ? ? ? ? ? ? ? ? ? ? ? ? ? ? ? ? ? ? ? ? ? ? ? ? 
? ? ? ? ? ? ? ? ? ? ? ? ? ? ? ? ? ? ? ? ? ? ? ? ? ? ? ? ? ? ? ? ? ? ? ? ? ? ? ? ? ? ? ? ? 
? ? ? ? ? ? ? ? ? ? ? ? ? ? ? ? ? ? ? ? ? ? ? ? ? ? ? ? ? ? ? ? ? ? ? ? ? ? ? ? ? ? ? ? ? 
? ? ? ? ? ? ? ? ? ? ? ? ? ? ? ? ? ? ? ? ? ? ? ? ? ? ? ? ? ? ? ? ? ? ? ? ? ? ? ? ? ? ? ? ? 
? ? ? ? ? ? ? ? ? ? ? ? ? ? ? ? ? ? ? ? ? ? ? ? ? ? ? ? ? ? ? ? ? ? ? ? ? ? ? ? ? ? ? ? ? 
? ? ? ? ? ? ? ? ? ? ? ? ? ? ? ? ? ? ? ? ? ? ? ? ? ? ? ? ? ? ? ? ? ? ? ? ? ? ? ? ? ? ? ? ? 
Step: 16
? ? F 2         1 1 3 F 3 1 2 1 1   2 F 2 1 F 3 3 ? ? ? ? ? ? ? ? ? ? ? ? ? ? ? ? ? ? ? ? 
? F F 2         1 F 3 F 3 F 2 F 1   2 F 2 1 2 F F ? ? ? ? ? ? ? ? ? ? ? ? ? ? ? ? ? ? ? ? 
F F 3 1         1 1 2 1 2 1 2 2 2 2 3 3 3 1 2 2 3 ? ? ? ? ? ? ? ? ? ? ? ? ? ? ? ? ? ? ? ? 
2 2 1             1 1 1       1 F 3 F F 3 F 1   1 F 2 ? ? ? ? ? ? ? ? ? ? ? ? ? ? ? ? ? ? 
1 1 1 1 1 1     1 3 F 2       1 3 F 5 F 3 2 2 2 2 2 3 F ? ? ? ? ? ? ? ? ? ? ? ? ? ? ? ? ? 
1 F 2 2 F 1 1 1 2 F F 2   1 1 1 3 F 4 1 1 1 F 3 F 1 2 F ? ? ? ? ? ? ? ? ? ? ? ? ? ? ? ? ? 
1 3 F 3 1 1 2 F 3 2 2 1 1 2 F 1 2 F 2   1 2 3 F 2 1 1 2 F F 3 2 ? ? ? ? ? ? ? ? ? ? ? ? ? 
1 4 F 3     3 F 4 2 2 1 1 F 2 1 1 2 2 1 1 F 3 2 1     1 3 F 2 1 3 ? ? ? ? ? ? ? ? ? ? ? ? 
1 F F 2     2 F 5 F F 1 2 2 3 1 2 2 F 1 1 2 F 2 1 1     1 1 2 1 2 ? ? ? ? ? ? ? ? ? ? ? ? 
1 2 2 1   1 2 3 F F 4 1 1 F 2 F 2 F 3 2   1 1 3 F 2 1 1 1   1 F 2 ? ? ? ? ? ? ? ? ? ? ? ? 
          1 F 4 6 F 4 1 2 2 3 2 3 3 F 1     1 3 F 2 2 F 2   1 2 ? ? ? ? ? ? ? ? ? ? ? ? ? 
        1 2 3 F F F ? ? 2 ? ? 2 ? ? 2 1     2 F 4 2 3 F 2 1 1 2 F ? ? ? ? ? ? ? ? ? ? ? ? 
2 2 1   1 F 3 3 3 4 ? ? ? ? ? ? ? ? 2   1 1 3 F 3 F 3 3 2 2 F 2 2 ? ? ? ? ? ? ? ? ? ? ? ? 
F F 2 1 2 3 F 2 1 2 ? ? ? ? ? ? ? F 2   1 F 2 1 2 2 F 2 F 2 1 1 2 ? ? ? ? ? ? ? ? ? ? ? ? 
? ? ? ? ? ? ? ? ? ? ? ? ? ? ? ? ? ? 4 2 2 1 1     1 1 2 1 2 2 3 3 ? ? ? ? ? ? ? ? ? ? ? ? 
? ? ? ? ? ? ? ? ? ? ? ? ? ? ? ? ? ? F F 2   1 2 2 1 1 1 1 1 F F F ? ? ? ? ? ? ? ? ? ? ? ? 
? ? ? ? ? ? ? ? ? ? ? ? ? ? ? ? ? ? ? F 4 1 2 F F 2 1 F 2 2 4 ? ? ? ? ? ? ? ? ? ? ? ? ? ? 
? ? ? ? ? ? ? ? ? ? ? ? ? ? ? ? ? ? ? F ? ? ? ? F 2 2 3 ? ? ? ? ? ? ? ? ? ? ? ? ? ? ? ? ? 
? ? ? ? ? ? ? ? ? ? ? ? ? ? ? ? ? ? ? ? ? ? ? ? 2 2 2 F ? ? ? ? ? ? ? ? ? ? ? ? ? ? ? ? ? 
? ? ? ? ? ? ? ? ? ? ? ? ? ? ? ? ? ? ? ? ? ? ? ? ? ? ? ? ? ? ? ? ? ? ? ? ? ? ? ? ? ? ? ? ? 
? ? ? ? ? ? ? ? ? ? ? ? ? ? ? ? ? ? ? ? ? ? ? ? ? ? ? ? ? ? ? ? ? ? ? ? ? ? ? ? ? ? ? ? ? 
? ? ? ? ? ? ? ? ? ? ? ? ? ? ? ? ? ? ? ? ? ? ? ? ? ? ? ? ? ? ? ? ? ? ? ? ? ? ? ? ? ? ? ? ? 
? ? ? ? ? ? ? ? ? ? ? ? ? ? ? ? ? ? ? ? ? ? ? ? ? ? ? ? ? ? ? ? ? ? ? ? ? ? ? ? ? ? ? ? ? 
? ? ? ? ? ? ? ? ? ? ? ? ? ? ? ? ? ? ? ? ? ? ? ? ? ? ? ? ? ? ? ? ? ? ? ? ? ? ? ? ? ? ? ? ? 
? ? ? ? ? ? ? ? ? ? ? ? ? ? ? ? ? ? ? ? ? ? ? ? ? ? ? ? ? ? ? ? ? ? ? ? ? ? ? ? ? ? ? ? ? 
? ? ? ? ? ? ? ? ? ? ? ? ? ? ? ? ? ? ? ? ? ? ? ? ? ? ? ? ? ? ? ? ? ? ? ? ? ? ? ? ? ? ? ? ? 
Step: 17
? ? F 2         1 1 3 F 3 1 2 1 1   2 F 2 1 F 3 3 ? ? ? ? ? ? ? ? ? ? ? ? ? ? ? ? ? ? ? ? 
? F F 2         1 F 3 F 3 F 2 F 1   2 F 2 1 2 F F 3 ? ? ? ? ? ? ? ? ? ? ? ? ? ? ? ? ? ? ? 
F F 3 1         1 1 2 1 2 1 2 2 2 2 3 3 3 1 2 2 3 3 2 1 1 2 ? ? ? ? ? ? ? ? ? ? ? ? ? ? ? 
2 2 1             1 1 1       1 F 3 F F 3 F 1   1 F 2 1 1 1 ? ? ? ? ? ? ? ? ? ? ? ? ? ? ? 
1 1 1 1 1 1     1 3 F 2       1 3 F 5 F 3 2 2 2 2 2 3 F 2 2 ? ? ? ? ? ? ? ? ? ? ? ? ? ? ? 
1 F 2 2 F 1 1 1 2 F F 2   1 1 1 3 F 4 1 1 1 F 3 F 1 2 F 4 3 ? ? ? ? ? ? ? ? ? ? ? ? ? ? ? 
1 3 F 3 1 1 2 F 3 2 2 1 1 2 F 1 2 F 2   1 2 3 F 2 1 1 2 F F 3 2 F ? 2 2 3 2 3 ? ? ? ? ? ? 
1 4 F 3     3 F 4 2 2 1 1 F 2 1 1 2 2 1 1 F 3 2 1     1 3 F 2 1 3 ? 2       1 ? ? ? ? ? ? 
1 F F 2     2 F 5 F F 1 2 2 3 1 2 2 F 1 1 2 F 2 1 1     1 1 2 1 2 ? 1       1 1 ? ? ? ? ? 
1 2 2 1   1 2 3 F F 4 1 1 F 2 F 2 F 3 2   1 1 3 F 2 1 1 1   1 F 2 1 1         1 ? ? ? ? ? 
          1 F 4 6 F 4 1 2 2 3 2 3 3 F 1     1 3 F 2 2 F 2   1 2 2 1     1 1 1 1 ? ? ? ? ? 
        1 2 3 F F F ? ? 2 ? ? 2 ? ? 2 1     2 F 4 2 3 F 2 1 1 2 F 3 2 1 2 F 2 2 ? ? ? ? ? 
2 2 1   1 F 3 3 3 4 ? ? ? ? ? ? ? ? 2   1 1 3 F 3 F 3 3 2 2 F 2 2 F F 2 2 F 2 1 ? ? ? ? ? 
F F 2 1 2 3 F 2 1 2 ? ? ? ? ? ? ? F 2   1 F 2 1 2 2 F 2 F 2 1 1 2 4 F 2 1 1 1 2 ? ? ? ? ? 
? ? ? ? ? ? ? ? ? ? ? ? ? ? ? ? ? ? 4 2 2 1 1     1 1 2 1 2 2 3 3 F 2 1       2 ? ? ? ? ? 
? ? ? ? ? ? ? ? ? ? ? ? ? ? ? ? ? ? F F 2   1 2 2 1 1 1 1 1 F F F 2 1   1 1 1 2 F 3 ? ? ? 
? ? ? ? ? ? ? ? ? ? ? ? ? ? ? ? ? ? ? F 4 1 2 F F 2 1 F 2 2 4 ? 5 3 1   2 F 2 1 1 2 1 3 ? 
? ? ? ? ? ? ? ? ? ? ? ? ? ? ? ? ? ? ? F ? ? ? ? F 2 2 3 ? F 2 2 F F 1   2 F 2   1 1 1 2 ? 
? ? ? ? ? ? ? ? ? ? ? ? ? ? ? ? ? ? ? ? ? ? ? ? 2 2 2 F F 2 1 1 2 2 1   1 2 2 1 1 F 1 2 ? 
? ? ? ? ? ? ? ? ? ? ? ? ? ? ? ? ? ? ? ? ? ? ? ? ? ? ? F 4 1     1 1 1   1 2 F 1 1 1 1 1 ? 
? ? ? ? ? ? ? ? ? ? ? ? ? ? ? ? ? ? ? ? ? ? ? ? ? ? ? F 2       1 F 1   1 F 2 2 1 1   1 ? 
? ? ? ? ? ? ? ? ? ? ? ? ? ? ? ? ? ? ? ? ? ? ? ? ? ? ? 3 1       1 1 1   1 2 2 3 F 3 2 4 ? 
? ? ? ? ? ? ? ? ? ? ? ? ? ? ? ? ? ? ? ? ? ? ? ? ? ? ? 2 1 2 2 1 1 1 1   1 3 F 6 F ? ? ? ? 
? ? ? ? ? ? ? ? ? ? ? ? ? ? ? ? ? ? ? ? ? ? ? ? ? ? ? ? ? ? ? 2 1 F 1   1 F F F F 3 2 3 ? 
? ? ? ? ? ? ? ? ? ? ? ? ? ? ? ? ? ? ? ? ? ? ? ? ? ? ? ? ? ? F 3 1 1 1   1 2 3 3 2 1   1 ? 
? ? ? ? ? ? ? ? ? ? ? ? ? ? ? ? ? ? ? ? ? ? ? ? ? ? ? ? ? ? F 2           1 1 1       1 ? 
Step: 18
? ? F 2         1 1 3 F 3 1 2 1 1   2 F 2 1 F 3 3 F 2 1 2 ? ? ? ? ? ? ? ? ? ? ? ? ? ? ? ? 
? F F 2         1 F 3 F 3 F 2 F 1   2 F 2 1 2 F F 3 F 1 2 F ? ? ? ? ? ? ? ? ? ? ? ? ? ? ? 
F F 3 1         1 1 2 1 2 1 2 2 2 2 3 3 3 1 2 2 3 3 2 1 1 2 ? ? ? ? ? ? ? ? ? ? ? ? ? ? ? 
2 2 1             1 1 1       1 F 3 F F 3 F 1   1 F 2 1 1 1 ? ? ? ? ? ? ? ? ? ? ? ? ? ? ? 
1 1 1 1 1 1     1 3 F 2       1 3 F 5 F 3 2 2 2 2 2 3 F 2 2 ? ? ? ? ? ? ? ? ? ? ? ? ? ? ? 
1 F 2 2 F 1 1 1 2 F F 2   1 1 1 3 F 4 1 1 1 F 3 F 1 2 F 4 3 ? ? ? ? ? F F F 2 ? ? ? ? ? ? 
1 3 F 3 1 1 2 F 3 2 2 1 1 2 F 1 2 F 2   1 2 3 F 2 1 1 2 F F 3 2 F ? 2 2 3 2 3 2 3 1 1 ? ? 
1 4 F 3     3 F 4 2 2 1 1 F 2 1 1 2 2 1 1 F 3 2 1     1 3 F 2 1 3 ? 2       1 F 1   1 ? ? 
1 F F 2     2 F 5 F F 1 2 2 3 1 2 2 F 1 1 2 F 2 1 1     1 1 2 1 2 F 1       1 1 1 1 2 ? ? 
1 2 2 1   1 2 3 F F 4 1 1 F 2 F 2 F 3 2   1 1 3 F 2 1 1 1   1 F 2 1 1         1 2 4 F ? ? 
          1 F 4 6 F 4 1 2 2 3 2 3 3 F 1     1 3 F 2 2 F 2   1 2 2 1     1 1 1 1 F F F ? ? 
        1 2 3 F F F ? ? 2 ? ? 2 ? ? 2 1     2 F 4 2 3 F 2 1 1 2 F 3 2 1 2 F 2 2 4 ? ? ? ? 
2 2 1   1 F 3 3 3 4 ? ? ? ? ? ? ? ? 2   1 1 3 F 3 F 3 3 2 2 F 2 2 F F 2 2 F 2 1 F 2 2 2 2 
F F 2 1 2 3 F 2 1 2 ? ? ? ? ? ? ? F 2   1 F 2 1 2 2 F 2 F 2 1 1 2 4 F 2 1 1 1 2 2 2       
? ? ? ? ? ? ? ? ? ? ? ? ? ? ? ? ? ? 4 2 2 1 1     1 1 2 1 2 2 3 3 F 2 1       2 F 3 1 2 1 
? ? ? ? ? ? ? ? ? ? ? ? ? ? ? ? ? ? F F 2   1 2 2 1 1 1 1 1 F F F 2 1   1 1 1 2 F 3 F 2 F 
? ? ? ? ? ? ? ? ? ? ? ? ? ? ? ? ? ? ? F 4 1 2 F F 2 1 F 2 2 4 F 5 3 1   2 F 2 1 1 2 1 3 2 
? ? ? ? ? ? ? ? ? ? ? ? ? ? ? ? ? ? ? F ? ? ? ? F 2 2 3 4 F 2 2 F F 1   2 F 2   1 1 1 2 F 
? ? ? ? ? ? ? ? ? ? ? ? ? ? ? ? ? ? ? ? ? ? ? ? 2 2 2 F F 2 1 1 2 2 1   1 2 2 1 1 F 1 2 F 
? ? ? ? ? ? ? ? ? ? ? ? ? ? ? ? ? ? ? ? ? ? ? ? ? 3 5 F 4 1     1 1 1   1 2 F 1 1 1 1 1 1 
? ? ? ? ? ? ? ? ? ? ? ? ? ? ? ? ? ? ? ? ? ? ? ? ? F F F 2       1 F 1   1 F 2 2 1 1   1 1 
? ? ? ? ? ? ? ? ? ? ? ? ? ? ? ? ? ? ? ? ? ? ? ? ? ? ? 3 1       1 1 1   1 2 2 3 F 3 2 4 F 
? ? ? ? ? ? ? ? ? ? ? ? ? ? ? ? ? ? ? ? ? ? ? ? ? ? ? 2 1 2 2 1 1 1 1   1 3 F 6 F 4 F F F 
? ? ? ? ? ? ? ? ? ? ? ? ? ? ? ? ? ? ? ? ? ? ? ? ? ? ? ? ? F F 2 1 F 1   1 F F F F 3 2 3 2 
? ? ? ? ? ? ? ? ? ? ? ? ? ? ? ? ? ? ? ? ? ? ? ? ? ? ? ? ? ? F 3 1 1 1   1 2 3 3 2 1   1 1 
? ? ? ? ? ? ? ? ? ? ? ? ? ? ? ? ? ? ? ? ? ? ? ? ? ? ? ? ? ? F 2           1 1 1       1 F 
Step: 19
? ? F 2         1 1 3 F 3 1 2 1 1   2 F 2 1 F 3 3 F 2 1 2 F ? ? ? ? ? ? ? ? ? ? ? ? ? ? ? 
? F F 2         1 F 3 F 3 F 2 F 1   2 F 2 1 2 F F 3 F 1 2 F ? ? ? ? ? ? ? ? ? ? ? ? ? ? ? 
F F 3 1         1 1 2 1 2 1 2 2 2 2 3 3 3 1 2 2 3 3 2 1 1 2 ? ? ? ? ? ? ? ? ? ? ? ? ? ? ? 
2 2 1             1 1 1       1 F 3 F F 3 F 1   1 F 2 1 1 1 ? ? ? ? ? ? ? ? ? ? ? ? ? ? ? 
1 1 1 1 1 1     1 3 F 2       1 3 F 5 F 3 2 2 2 2 2 3 F 2 2 ? ? ? ? ? ? ? ? ? ? ? ? ? 4 2 
1 F 2 2 F 1 1 1 2 F F 2   1 1 1 3 F 4 1 1 1 F 3 F 1 2 F 4 3 ? ? ? ? 3 F F F 2 F 2 F 2 1   
1 3 F 3 1 1 2 F 3 2 2 1 1 2 F 1 2 F 2   1 2 3 F 2 1 1 2 F F 3 2 F ? 2 2 3 2 3 2 3 1 1     
1 4 F 3     3 F 4 2 2 1 1 F 2 1 1 2 2 1 1 F 3 2 1     1 3 F 2 1 3 3 2       1 F 1   1 1 1 
1 F F 2     2 F 5 F F 1 2 2 3 1 2 2 F 1 1 2 F 2 1 1     1 1 2 1 2 F 1       1 1 1 1 2 F 1 
1 2 2 1   1 2 3 F F 4 1 1 F 2 F 2 F 3 2   1 1 3 F 2 1 1 1   1 F 2 1 1         1 2 4 F 3 1 
          1 F 4 6 F 4 1 2 2 3 2 3 3 F 1     1 3 F 2 2 F 2   1 2 2 1     1 1 1 1 F F F 4 2 
        1 2 3 F F F ? ? 2 ? ? 2 ? ? 2 1     2 F 4 2 3 F 2 1 1 2 F 3 2 1 2 F 2 2 4 F 4 F F 
2 2 1   1 F 3 3 3 4 ? ? ? ? ? ? ? ? 2   1 1 3 F 3 F 3 3 2 2 F 2 2 F F 2 2 F 2 1 F 2 2 2 2 
F F 2 1 2 3 F 2 1 2 ? ? ? ? ? ? ? F 2   1 F 2 1 2 2 F 2 F 2 1 1 2 4 F 2 1 1 1 2 2 2       
? ? ? ? ? ? ? ? ? ? ? ? ? ? ? ? ? ? 4 2 2 1 1     1 1 2 1 2 2 3 3 F 2 1       2 F 3 1 2 1 
? ? ? ? ? ? ? ? ? ? ? ? ? ? ? ? ? ? F F 2   1 2 2 1 1 1 1 1 F F F 2 1   1 1 1 2 F 3 F 2 F 
? ? ? ? ? ? ? ? ? ? ? ? ? ? ? ? ? ? ? F 4 1 2 F F 2 1 F 2 2 4 F 5 3 1   2 F 2 1 1 2 1 3 2 
? ? ? ? ? ? ? ? ? ? ? ? ? ? ? ? ? ? ? F ? ? ? ? F 2 2 3 4 F 2 2 F F 1   2 F 2   1 1 1 2 F 
? ? ? ? ? ? ? ? ? ? ? ? ? ? ? ? ? ? ? ? ? ? ? ? 2 2 2 F F 2 1 1 2 2 1   1 2 2 1 1 F 1 2 F 
? ? ? ? ? ? ? ? ? ? ? ? ? ? ? ? ? ? ? ? ? ? F 3 F 3 5 F 4 1     1 1 1   1 2 F 1 1 1 1 1 1 
? ? ? ? ? ? ? ? ? ? ? ? ? ? ? ? ? ? ? ? ? ? F 4 2 F F F 2       1 F 1   1 F 2 2 1 1   1 1 
? ? ? ? ? ? ? ? ? ? ? ? ? ? ? ? ? ? ? ? ? ? F 4 3 4 ? 3 1       1 1 1   1 2 2 3 F 3 2 4 F 
? ? ? ? ? ? ? ? ? ? ? ? ? ? ? ? ? ? ? ? ? ? ? ? ? ? F 2 1 2 2 1 1 1 1   1 3 F 6 F 4 F F F 
? ? ? ? ? ? ? ? ? ? ? ? ? ? ? ? ? ? ? ? ? ? ? ? ? ? F 3 1 F F 2 1 F 1   1 F F F F 3 2 3 2 
? ? ? ? ? ? ? ? ? ? ? ? ? ? ? ? ? ? ? ? ? ? ? ? ? ? F 3 1 4 F 3 1 1 1   1 2 3 3 2 1   1 1 
? ? ? ? ? ? ? ? ? ? ? ? ? ? ? ? ? ? ? ? ? ? ? ? ? ? F 2   2 F 2           1 1 1       1 F 
Step: 20
? ? F 2         1 1 3 F 3 1 2 1 1   2 F 2 1 F 3 3 F 2 1 2 F ? ? ? ? ? ? ? ? ? ? ? ? ? ? ? 
? F F 2         1 F 3 F 3 F 2 F 1   2 F 2 1 2 F F 3 F 1 2 F ? ? ? ? ? ? ? ? ? ? ? ? ? ? ? 
F F 3 1         1 1 2 1 2 1 2 2 2 2 3 3 3 1 2 2 3 3 2 1 1 2 ? ? ? ? ? ? ? ? ? ? ? ? ? ? ? 
2 2 1             1 1 1       1 F 3 F F 3 F 1   1 F 2 1 1 1 ? ? ? ? ? ? ? ? ? ? ? ? F F F 
1 1 1 1 1 1     1 3 F 2       1 3 F 5 F 3 2 2 2 2 2 3 F 2 2 ? ? ? ? ? ? ? 4 3 3 3 4 F 4 2 
1 F 2 2 F 1 1 1 2 F F 2   1 1 1 3 F 4 1 1 1 F 3 F 1 2 F 4 3 ? ? ? ? 3 F F F 2 F 2 F 2 1   
1 3 F 3 1 1 2 F 3 2 2 1 1 2 F 1 2 F 2   1 2 3 F 2 1 1 2 F F 3 2 F F 2 2 3 2 3 2 3 1 1     
1 4 F 3     3 F 4 2 2 1 1 F 2 1 1 2 2 1 1 F 3 2 1     1 3 F 2 1 3 3 2       1 F 1   1 1 1 
1 F F 2     2 F 5 F F 1 2 2 3 1 2 2 F 1 1 2 F 2 1 1     1 1 2 1 2 F 1       1 1 1 1 2 F 1 
1 2 2 1   1 2 3 F F 4 1 1 F 2 F 2 F 3 2   1 1 3 F 2 1 1 1   1 F 2 1 1         1 2 4 F 3 1 
          1 F 4 6 F 4 1 2 2 3 2 3 3 F 1     1 3 F 2 2 F 2   1 2 2 1     1 1 1 1 F F F 4 2 
        1 2 3 F F F ? ? 2 ? ? 2 ? ? 2 1     2 F 4 2 3 F 2 1 1 2 F 3 2 1 2 F 2 2 4 F 4 F F 
2 2 1   1 F 3 3 3 4 ? ? ? ? ? ? ? ? 2   1 1 3 F 3 F 3 3 2 2 F 2 2 F F 2 2 F 2 1 F 2 2 2 2 
F F 2 1 2 3 F 2 1 2 ? ? ? ? ? ? ? F 2   1 F 2 1 2 2 F 2 F 2 1 1 2 4 F 2 1 1 1 2 2 2       
? ? ? ? ? ? ? ? ? ? ? ? ? ? ? ? ? ? 4 2 2 1 1     1 1 2 1 2 2 3 3 F 2 1       2 F 3 1 2 1 
? ? ? ? ? ? ? ? ? ? ? ? ? ? ? ? ? ? F F 2   1 2 2 1 1 1 1 1 F F F 2 1   1 1 1 2 F 3 F 2 F 
? ? ? ? ? ? ? ? ? ? ? ? ? ? ? ? ? ? ? F 4 1 2 F F 2 1 F 2 2 4 F 5 3 1   2 F 2 1 1 2 1 3 2 
? ? ? ? ? ? ? ? ? ? ? ? ? ? ? ? ? ? ? F ? ? 2 3 F 2 2 3 4 F 2 2 F F 1   2 F 2   1 1 1 2 F 
? ? ? ? ? ? ? ? ? ? ? ? ? ? ? ? ? ? ? ? ? ? 2 3 2 2 2 F F 2 1 1 2 2 1   1 2 2 1 1 F 1 2 F 
? ? ? ? ? ? ? ? ? ? ? ? ? ? ? ? ? ? ? ? ? ? F 3 F 3 5 F 4 1     1 1 1   1 2 F 1 1 1 1 1 1 
? ? ? ? ? ? ? ? ? ? ? ? ? ? ? ? ? ? ? ? ? ? F 4 2 F F F 2       1 F 1   1 F 2 2 1 1   1 1 
? ? ? ? ? ? ? ? ? ? ? ? ? ? ? ? ? ? ? ? ? ? F 4 3 4 4 3 1       1 1 1   1 2 2 3 F 3 2 4 F 
? ? ? ? ? ? ? ? ? ? ? ? ? ? ? ? ? ? ? ? ? ? ? ? F 5 F 2 1 2 2 1 1 1 1   1 3 F 6 F 4 F F F 
? ? ? ? ? ? ? ? ? ? ? ? ? ? ? ? ? ? ? ? ? ? ? ? F F F 3 1 F F 2 1 F 1   1 F F F F 3 2 3 2 
? ? ? ? ? ? ? ? ? ? ? ? ? ? ? ? ? ? ? ? ? ? ? ? ? ? F 3 1 4 F 3 1 1 1   1 2 3 3 2 1   1 1 
? ? ? ? ? ? ? ? ? ? ? ? ? ? ? ? ? ? ? ? ? ? ? ? ? ? F 2   2 F 2           1 1 1       1 F 
Step: 21
? ? F 2         1 1 3 F 3 1 2 1 1   2 F 2 1 F 3 3 F 2 1 2 F ? ? ? ? ? ? ? ? ? ? ? ? ? ? ? 
? F F 2         1 F 3 F 3 F 2 F 1   2 F 2 1 2 F F 3 F 1 2 F ? ? ? ? ? ? ? ? ? ? ? ? ? ? ? 
F F 3 1         1 1 2 1 2 1 2 2 2 2 3 3 3 1 2 2 3 3 2 1 1 2 ? ? ? ? ? ? ? ? ? ? ? ? ? ? ? 
2 2 1             1 1 1       1 F 3 F F 3 F 1   1 F 2 1 1 1 ? ? ? ? ? ? ? ? ? ? ? ? F F F 
1 1 1 1 1 1     1 3 F 2       1 3 F 5 F 3 2 2 2 2 2 3 F 2 2 ? ? ? ? ? ? ? 4 3 3 3 4 F 4 2 
1 F 2 2 F 1 1 1 2 F F 2   1 1 1 3 F 4 1 1 1 F 3 F 1 2 F 4 3 ? ? ? 3 3 F F F 2 F 2 F 2 1   
1 3 F 3 1 1 2 F 3 2 2 1 1 2 F 1 2 F 2   1 2 3 F 2 1 1 2 F F 3 2 F F 2 2 3 2 3 2 3 1 1     
1 4 F 3     3 F 4 2 2 1 1 F 2 1 1 2 2 1 1 F 3 2 1     1 3 F 2 1 3 3 2       1 F 1   1 1 1 
1 F F 2     2 F 5 F F 1 2 2 3 1 2 2 F 1 1 2 F 2 1 1     1 1 2 1 2 F 1       1 1 1 1 2 F 1 
1 2 2 1   1 2 3 F F 4 1 1 F 2 F 2 F 3 2   1 1 3 F 2 1 1 1   1 F 2 1 1         1 2 4 F 3 1 
          1 F 4 6 F 4 1 2 2 3 2 3 3 F 1     1 3 F 2 2 F 2   1 2 2 1     1 1 1 1 F F F 4 2 
        1 2 3 F F F ? ? 2 ? ? 2 ? ? 2 1     2 F 4 2 3 F 2 1 1 2 F 3 2 1 2 F 2 2 4 F 4 F F 
2 2 1   1 F 3 3 3 4 ? ? ? ? ? ? ? ? 2   1 1 3 F 3 F 3 3 2 2 F 2 2 F F 2 2 F 2 1 F 2 2 2 2 
F F 2 1 2 3 F 2 1 2 ? ? ? ? ? ? ? F 2   1 F 2 1 2 2 F 2 F 2 1 1 2 4 F 2 1 1 1 2 2 2       
? ? ? ? ? ? ? ? ? ? ? ? ? ? ? ? ? ? 4 2 2 1 1     1 1 2 1 2 2 3 3 F 2 1       2 F 3 1 2 1 
? ? ? ? ? ? ? ? ? ? ? ? ? ? ? ? ? ? F F 2   1 2 2 1 1 1 1 1 F F F 2 1   1 1 1 2 F 3 F 2 F 
? ? ? ? ? ? ? ? ? ? ? ? ? ? ? ? ? 3 5 F 4 1 2 F F 2 1 F 2 2 4 F 5 3 1   2 F 2 1 1 2 1 3 2 
? ? ? ? ? ? ? ? ? ? ? ? ? ? ? ? ? 2 2 F 3 F 2 3 F 2 2 3 4 F 2 2 F F 1   2 F 2   1 1 1 2 F 
? ? ? ? ? ? ? ? ? ? ? ? ? ? ? ? ? 1 1 1 2 2 2 3 2 2 2 F F 2 1 1 2 2 1   1 2 2 1 1 F 1 2 F 
? ? ? ? ? ? ? ? ? ? ? ? ? ? ? ? ? 3 2 1   2 F 3 F 3 5 F 4 1     1 1 1   1 2 F 1 1 1 1 1 1 
? ? ? ? ? ? ? ? ? ? ? ? ? ? ? ? ? F F 3 1 3 F 4 2 F F F 2       1 F 1   1 F 2 2 1 1   1 1 
? ? ? ? ? ? ? ? ? ? ? ? ? ? ? ? ? ? F F 1 2 F 4 3 4 4 3 1       1 1 1   1 2 2 3 F 3 2 4 F 
? ? ? ? ? ? ? ? ? ? ? ? ? ? ? ? ? ? ? 3 1 1 3 F F 5 F 2 1 2 2 1 1 1 1   1 3 F 6 F 4 F F F 
? ? ? ? ? ? ? ? ? ? ? ? ? ? ? ? ? ? ? 2     3 F F F F 3 1 F F 2 1 F 1   1 F F F F 3 2 3 2 
? ? ? ? ? ? ? ? ? ? ? ? ? ? ? ? ? ? ? 3 1   2 F 4 5 F 3 1 4 F 3 1 1 1   1 2 3 3 2 1   1 1 
? ? ? ? ? ? ? ? ? ? ? ? ? ? ? ? ? ? ? F 1   1 1 1 2 F 2   2 F 2           1 1 1       1 F 
Step: 22
? ? F 2         1 1 3 F 3 1 2 1 1   2 F 2 1 F 3 3 F 2 1 2 F ? ? ? ? ? ? ? ? ? ? ? ? ? ? ? 
? F F 2         1 F 3 F 3 F 2 F 1   2 F 2 1 2 F F 3 F 1 2 F ? ? ? ? ? ? ? ? ? ? ? ? ? ? ? 
F F 3 1         1 1 2 1 2 1 2 2 2 2 3 3 3 1 2 2 3 3 2 1 1 2 ? ? ? ? ? ? ? ? ? ? ? ? ? ? ? 
2 2 1             1 1 1       1 F 3 F F 3 F 1   1 F 2 1 1 1 ? ? ? ? ? ? ? ? ? ? ? ? F F F 
1 1 1 1 1 1     1 3 F 2       1 3 F 5 F 3 2 2 2 2 2 3 F 2 2 ? ? ? ? ? ? ? 4 3 3 3 4 F 4 2 
1 F 2 2 F 1 1 1 2 F F 2   1 1 1 3 F 4 1 1 1 F 3 F 1 2 F 4 3 ? ? ? 3 3 F F F 2 F 2 F 2 1   
1 3 F 3 1 1 2 F 3 2 2 1 1 2 F 1 2 F 2   1 2 3 F 2 1 1 2 F F 3 2 F F 2 2 3 2 3 2 3 1 1     
1 4 F 3     3 F 4 2 2 1 1 F 2 1 1 2 2 1 1 F 3 2 1     1 3 F 2 1 3 3 2       1 F 1   1 1 1 
1 F F 2     2 F 5 F F 1 2 2 3 1 2 2 F 1 1 2 F 2 1 1     1 1 2 1 2 F 1       1 1 1 1 2 F 1 
1 2 2 1   1 2 3 F F 4 1 1 F 2 F 2 F 3 2   1 1 3 F 2 1 1 1   1 F 2 1 1         1 2 4 F 3 1 
          1 F 4 6 F 4 1 2 2 3 2 3 3 F 1     1 3 F 2 2 F 2   1 2 2 1     1 1 1 1 F F F 4 2 
        1 2 3 F F F ? ? 2 ? ? 2 ? ? 2 1     2 F 4 2 3 F 2 1 1 2 F 3 2 1 2 F 2 2 4 F 4 F F 
2 2 1   1 F 3 3 3 4 ? ? ? ? ? ? ? ? 2   1 1 3 F 3 F 3 3 2 2 F 2 2 F F 2 2 F 2 1 F 2 2 2 2 
F F 2 1 2 3 F 2 1 2 ? ? ? ? ? ? ? F 2   1 F 2 1 2 2 F 2 F 2 1 1 2 4 F 2 1 1 1 2 2 2       
? ? ? ? ? ? ? ? ? ? ? ? ? ? ? ? ? ? 4 2 2 1 1     1 1 2 1 2 2 3 3 F 2 1       2 F 3 1 2 1 
? ? ? ? ? ? ? ? ? ? ? ? ? ? ? ? ? F F F 2   1 2 2 1 1 1 1 1 F F F 2 1   1 1 1 2 F 3 F 2 F 
? ? ? ? ? ? ? ? ? ? ? ? ? ? ? ? ? 3 5 F 4 1 2 F F 2 1 F 2 2 4 F 5 3 1   2 F 2 1 1 2 1 3 2 
? ? ? ? ? ? ? ? ? ? ? ? ? ? ? ? ? 2 2 F 3 F 2 3 F 2 2 3 4 F 2 2 F F 1   2 F 2   1 1 1 2 F 
? ? ? ? ? ? ? ? ? ? ? ? ? ? ? ? ? 1 1 1 2 2 2 3 2 2 2 F F 2 1 1 2 2 1   1 2 2 1 1 F 1 2 F 
? ? ? ? ? ? ? ? ? ? ? ? ? ? ? ? ? 3 2 1   2 F 3 F 3 5 F 4 1     1 1 1   1 2 F 1 1 1 1 1 1 
? ? ? ? ? ? ? ? ? ? ? ? ? ? ? ? ? F F 3 1 3 F 4 2 F F F 2       1 F 1   1 F 2 2 1 1   1 1 
? ? ? ? ? ? ? ? ? ? ? ? ? ? ? ? ? ? F F 1 2 F 4 3 4 4 3 1       1 1 1   1 2 2 3 F 3 2 4 F 
? ? ? ? ? ? ? ? ? ? ? ? ? ? ? ? ? ? ? 3 1 1 3 F F 5 F 2 1 2 2 1 1 1 1   1 3 F 6 F 4 F F F 
? ? ? ? ? ? ? ? ? ? ? ? ? ? ? ? ? ? ? 2     3 F F F F 3 1 F F 2 1 F 1   1 F F F F 3 2 3 2 
? ? ? ? ? ? ? ? ? ? ? ? ? ? ? ? ? ? ? 3 1   2 F 4 5 F 3 1 4 F 3 1 1 1   1 2 3 3 2 1   1 1 
? ? ? ? ? ? ? ? ? ? ? ? ? ? ? ? ? ? ? F 1   1 1 1 2 F 2   2 F 2           1 1 1       1 F 
Step: 23
? ? F 2         1 1 3 F 3 1 2 1 1   2 F 2 1 F 3 3 F 2 1 2 F ? ? ? ? ? ? ? ? ? ? ? ? ? ? ? 
? F F 2         1 F 3 F 3 F 2 F 1   2 F 2 1 2 F F 3 F 1 2 F ? ? ? ? ? ? ? ? ? ? ? ? ? ? ? 
F F 3 1         1 1 2 1 2 1 2 2 2 2 3 3 3 1 2 2 3 3 2 1 1 2 ? ? ? ? ? ? ? ? ? ? ? ? ? ? ? 
2 2 1             1 1 1       1 F 3 F F 3 F 1   1 F 2 1 1 1 ? ? ? ? ? ? ? ? ? ? ? ? F F F 
1 1 1 1 1 1     1 3 F 2       1 3 F 5 F 3 2 2 2 2 2 3 F 2 2 ? ? ? ? ? ? ? 4 3 3 3 4 F 4 2 
1 F 2 2 F 1 1 1 2 F F 2   1 1 1 3 F 4 1 1 1 F 3 F 1 2 F 4 3 ? ? ? 3 3 F F F 2 F 2 F 2 1   
1 3 F 3 1 1 2 F 3 2 2 1 1 2 F 1 2 F 2   1 2 3 F 2 1 1 2 F F 3 2 F F 2 2 3 2 3 2 3 1 1     
1 4 F 3     3 F 4 2 2 1 1 F 2 1 1 2 2 1 1 F 3 2 1     1 3 F 2 1 3 3 2       1 F 1   1 1 1 
1 F F 2     2 F 5 F F 1 2 2 3 1 2 2 F 1 1 2 F 2 1 1     1 1 2 1 2 F 1       1 1 1 1 2 F 1 
1 2 2 1   1 2 3 F F 4 1 1 F 2 F 2 F 3 2   1 1 3 F 2 1 1 1   1 F 2 1 1         1 2 4 F 3 1 
          1 F 4 6 F 4 1 2 2 3 2 3 3 F 1     1 3 F 2 2 F 2   1 2 2 1     1 1 1 1 F F F 4 2 
        1 2 3 F F F ? ? 2 ? ? 2 ? ? 2 1     2 F 4 2 3 F 2 1 1 2 F 3 2 1 2 F 2 2 4 F 4 F F 
2 2 1   1 F 3 3 3 4 ? ? ? ? ? ? ? ? 2   1 1 3 F 3 F 3 3 2 2 F 2 2 F F 2 2 F 2 1 F 2 2 2 2 
F F 2 1 2 3 F 2 1 2 ? ? ? ? ? ? ? F 2   1 F 2 1 2 2 F 2 F 2 1 1 2 4 F 2 1 1 1 2 2 2       
? ? ? ? ? ? ? ? ? ? ? ? ? ? ? ? ? 4 4 2 2 1 1     1 1 2 1 2 2 3 3 F 2 1       2 F 3 1 2 1 
? ? ? ? ? ? ? ? ? ? ? ? ? ? ? ? ? F F F 2   1 2 2 1 1 1 1 1 F F F 2 1   1 1 1 2 F 3 F 2 F 
? ? ? ? ? ? ? ? ? ? ? ? ? ? ? ? ? 3 5 F 4 1 2 F F 2 1 F 2 2 4 F 5 3 1   2 F 2 1 1 2 1 3 2 
? ? ? ? ? ? ? ? ? ? ? ? ? ? ? ? ? 2 2 F 3 F 2 3 F 2 2 3 4 F 2 2 F F 1   2 F 2   1 1 1 2 F 
? ? ? ? ? ? ? ? ? ? ? ? ? ? ? ? ? 1 1 1 2 2 2 3 2 2 2 F F 2 1 1 2 2 1   1 2 2 1 1 F 1 2 F 
? ? ? ? ? ? ? ? ? ? ? ? ? ? ? ? ? 3 2 1   2 F 3 F 3 5 F 4 1     1 1 1   1 2 F 1 1 1 1 1 1 
? ? ? ? ? ? ? ? ? ? ? ? ? ? ? ? ? F F 3 1 3 F 4 2 F F F 2       1 F 1   1 F 2 2 1 1   1 1 
? ? ? ? ? ? ? ? ? ? ? ? ? ? ? ? ? ? F F 1 2 F 4 3 4 4 3 1       1 1 1   1 2 2 3 F 3 2 4 F 
? ? ? ? ? ? ? ? ? ? ? ? ? ? ? ? ? ? ? 3 1 1 3 F F 5 F 2 1 2 2 1 1 1 1   1 3 F 6 F 4 F F F 
? ? ? ? ? ? ? ? ? ? ? ? ? ? ? ? ? ? ? 2     3 F F F F 3 1 F F 2 1 F 1   1 F F F F 3 2 3 2 
? ? ? ? ? ? ? ? ? ? ? ? ? ? ? ? ? ? ? 3 1   2 F 4 5 F 3 1 4 F 3 1 1 1   1 2 3 3 2 1   1 1 
? ? ? ? ? ? ? ? ? ? ? ? ? ? ? ? ? ? ? F 1   1 1 1 2 F 2   2 F 2           1 1 1       1 F 
Step: 24
? ? F 2         1 1 3 F 3 1 2 1 1   2 F 2 1 F 3 3 F 2 1 2 F ? ? ? ? ? ? ? ? ? ? ? ? ? ? ? 
? F F 2         1 F 3 F 3 F 2 F 1   2 F 2 1 2 F F 3 F 1 2 F ? ? ? ? ? ? ? ? ? ? ? ? ? ? ? 
F F 3 1         1 1 2 1 2 1 2 2 2 2 3 3 3 1 2 2 3 3 2 1 1 2 ? ? ? ? ? ? ? ? ? ? ? ? ? ? ? 
2 2 1             1 1 1       1 F 3 F F 3 F 1   1 F 2 1 1 1 ? ? ? ? ? ? ? ? ? ? ? ? F F F 
1 1 1 1 1 1     1 3 F 2       1 3 F 5 F 3 2 2 2 2 2 3 F 2 2 ? ? ? ? ? ? ? 4 3 3 3 4 F 4 2 
1 F 2 2 F 1 1 1 2 F F 2   1 1 1 3 F 4 1 1 1 F 3 F 1 2 F 4 3 ? ? ? 3 3 F F F 2 F 2 F 2 1   
1 3 F 3 1 1 2 F 3 2 2 1 1 2 F 1 2 F 2   1 2 3 F 2 1 1 2 F F 3 2 F F 2 2 3 2 3 2 3 1 1     
1 4 F 3     3 F 4 2 2 1 1 F 2 1 1 2 2 1 1 F 3 2 1     1 3 F 2 1 3 3 2       1 F 1   1 1 1 
1 F F 2     2 F 5 F F 1 2 2 3 1 2 2 F 1 1 2 F 2 1 1     1 1 2 1 2 F 1       1 1 1 1 2 F 1 
1 2 2 1   1 2 3 F F 4 1 1 F 2 F 2 F 3 2   1 1 3 F 2 1 1 1   1 F 2 1 1         1 2 4 F 3 1 
          1 F 4 6 F 4 1 2 2 3 2 3 3 F 1     1 3 F 2 2 F 2   1 2 2 1     1 1 1 1 F F F 4 2 
        1 2 3 F F F ? ? 2 ? ? 2 ? ? 2 1     2 F 4 2 3 F 2 1 1 2 F 3 2 1 2 F 2 2 4 F 4 F F 
2 2 1   1 F 3 3 3 4 ? ? ? ? ? ? ? F 2   1 1 3 F 3 F 3 3 2 2 F 2 2 F F 2 2 F 2 1 F 2 2 2 2 
F F 2 1 2 3 F 2 1 2 ? ? ? ? ? ? ? F 2   1 F 2 1 2 2 F 2 F 2 1 1 2 4 F 2 1 1 1 2 2 2       
? ? ? ? ? ? ? ? ? ? ? ? ? ? ? ? ? 4 4 2 2 1 1     1 1 2 1 2 2 3 3 F 2 1       2 F 3 1 2 1 
? ? ? ? ? ? ? ? ? ? ? ? ? ? ? ? ? F F F 2   1 2 2 1 1 1 1 1 F F F 2 1   1 1 1 2 F 3 F 2 F 
? ? ? ? ? ? ? ? ? ? ? ? ? ? ? ? ? 3 5 F 4 1 2 F F 2 1 F 2 2 4 F 5 3 1   2 F 2 1 1 2 1 3 2 
? ? ? ? ? ? ? ? ? ? ? ? ? ? ? ? ? 2 2 F 3 F 2 3 F 2 2 3 4 F 2 2 F F 1   2 F 2   1 1 1 2 F 
? ? ? ? ? ? ? ? ? ? ? ? ? ? ? ? ? 1 1 1 2 2 2 3 2 2 2 F F 2 1 1 2 2 1   1 2 2 1 1 F 1 2 F 
? ? ? ? ? ? ? ? ? ? ? ? ? ? ? ? ? 3 2 1   2 F 3 F 3 5 F 4 1     1 1 1   1 2 F 1 1 1 1 1 1 
? ? ? ? ? ? ? ? ? ? ? ? ? ? ? ? ? F F 3 1 3 F 4 2 F F F 2       1 F 1   1 F 2 2 1 1   1 1 
? ? ? ? ? ? ? ? ? ? ? ? ? ? ? ? ? ? F F 1 2 F 4 3 4 4 3 1       1 1 1   1 2 2 3 F 3 2 4 F 
? ? ? ? ? ? ? ? ? ? ? ? ? ? ? ? ? ? ? 3 1 1 3 F F 5 F 2 1 2 2 1 1 1 1   1 3 F 6 F 4 F F F 
? ? ? ? ? ? ? ? ? ? ? ? ? ? ? ? ? ? ? 2     3 F F F F 3 1 F F 2 1 F 1   1 F F F F 3 2 3 2 
? ? ? ? ? ? ? ? ? ? ? ? ? ? ? ? ? ? ? 3 1   2 F 4 5 F 3 1 4 F 3 1 1 1   1 2 3 3 2 1   1 1 
? ? ? ? ? ? ? ? ? ? ? ? ? ? ? ? ? ? ? F 1   1 1 1 2 F 2   2 F 2           1 1 1       1 F 
Step: 25
? ? F 2         1 1 3 F 3 1 2 1 1   2 F 2 1 F 3 3 F 2 1 2 F ? ? ? ? ? ? ? ? ? ? ? ? ? ? ? 
? F F 2         1 F 3 F 3 F 2 F 1   2 F 2 1 2 F F 3 F 1 2 F ? ? ? ? ? ? ? ? ? ? ? ? ? ? ? 
F F 3 1         1 1 2 1 2 1 2 2 2 2 3 3 3 1 2 2 3 3 2 1 1 2 ? ? ? ? ? ? ? ? ? ? ? ? ? ? ? 
2 2 1             1 1 1       1 F 3 F F 3 F 1   1 F 2 1 1 1 ? ? ? ? ? ? ? ? ? ? ? ? F F F 
1 1 1 1 1 1     1 3 F 2       1 3 F 5 F 3 2 2 2 2 2 3 F 2 2 ? ? ? ? ? ? ? 4 3 3 3 4 F 4 2 
1 F 2 2 F 1 1 1 2 F F 2   1 1 1 3 F 4 1 1 1 F 3 F 1 2 F 4 3 ? ? ? 3 3 F F F 2 F 2 F 2 1   
1 3 F 3 1 1 2 F 3 2 2 1 1 2 F 1 2 F 2   1 2 3 F 2 1 1 2 F F 3 2 F F 2 2 3 2 3 2 3 1 1     
1 4 F 3     3 F 4 2 2 1 1 F 2 1 1 2 2 1 1 F 3 2 1     1 3 F 2 1 3 3 2       1 F 1   1 1 1 
1 F F 2     2 F 5 F F 1 2 2 3 1 2 2 F 1 1 2 F 2 1 1     1 1 2 1 2 F 1       1 1 1 1 2 F 1 
1 2 2 1   1 2 3 F F 4 1 1 F 2 F 2 F 3 2   1 1 3 F 2 1 1 1   1 F 2 1 1         1 2 4 F 3 1 
          1 F 4 6 F 4 1 2 2 3 2 3 3 F 1     1 3 F 2 2 F 2   1 2 2 1     1 1 1 1 F F F 4 2 
        1 2 3 F F F ? ? 2 ? ? 2 ? 3 2 1     2 F 4 2 3 F 2 1 1 2 F 3 2 1 2 F 2 2 4 F 4 F F 
2 2 1   1 F 3 3 3 4 ? ? ? ? ? ? ? F 2   1 1 3 F 3 F 3 3 2 2 F 2 2 F F 2 2 F 2 1 F 2 2 2 2 
F F 2 1 2 3 F 2 1 2 ? ? ? ? ? ? ? F 2   1 F 2 1 2 2 F 2 F 2 1 1 2 4 F 2 1 1 1 2 2 2       
? ? ? ? ? ? ? ? ? ? ? ? ? ? ? ? ? 4 4 2 2 1 1     1 1 2 1 2 2 3 3 F 2 1       2 F 3 1 2 1 
? ? ? ? ? ? ? ? ? ? ? ? ? ? ? ? ? F F F 2   1 2 2 1 1 1 1 1 F F F 2 1   1 1 1 2 F 3 F 2 F 
? ? ? ? ? ? ? ? ? ? ? ? ? ? ? ? ? 3 5 F 4 1 2 F F 2 1 F 2 2 4 F 5 3 1   2 F 2 1 1 2 1 3 2 
? ? ? ? ? ? ? ? ? ? ? ? ? ? ? ? ? 2 2 F 3 F 2 3 F 2 2 3 4 F 2 2 F F 1   2 F 2   1 1 1 2 F 
? ? ? ? ? ? ? ? ? ? ? ? ? ? ? ? ? 1 1 1 2 2 2 3 2 2 2 F F 2 1 1 2 2 1   1 2 2 1 1 F 1 2 F 
? ? ? ? ? ? ? ? ? ? ? ? ? ? ? ? ? 3 2 1   2 F 3 F 3 5 F 4 1     1 1 1   1 2 F 1 1 1 1 1 1 
? ? ? ? ? ? ? ? ? ? ? ? ? ? ? ? ? F F 3 1 3 F 4 2 F F F 2       1 F 1   1 F 2 2 1 1   1 1 
? ? ? ? ? ? ? ? ? ? ? ? ? ? ? ? ? ? F F 1 2 F 4 3 4 4 3 1       1 1 1   1 2 2 3 F 3 2 4 F 
? ? ? ? ? ? ? ? ? ? ? ? ? ? ? ? ? ? ? 3 1 1 3 F F 5 F 2 1 2 2 1 1 1 1   1 3 F 6 F 4 F F F 
? ? ? ? ? ? ? ? ? ? ? ? ? ? ? ? ? ? ? 2     3 F F F F 3 1 F F 2 1 F 1   1 F F F F 3 2 3 2 
? ? ? ? ? ? ? ? ? ? ? ? ? ? ? ? ? ? ? 3 1   2 F 4 5 F 3 1 4 F 3 1 1 1   1 2 3 3 2 1   1 1 
? ? ? ? ? ? ? ? ? ? ? ? ? ? ? ? ? ? ? F 1   1 1 1 2 F 2   2 F 2           1 1 1       1 F 
Step: 26
? ? F 2         1 1 3 F 3 1 2 1 1   2 F 2 1 F 3 3 F 2 1 2 F ? ? ? ? ? ? ? ? ? ? ? ? ? ? ? 
? F F 2         1 F 3 F 3 F 2 F 1   2 F 2 1 2 F F 3 F 1 2 F ? ? ? ? ? ? ? ? ? ? ? ? ? ? ? 
F F 3 1         1 1 2 1 2 1 2 2 2 2 3 3 3 1 2 2 3 3 2 1 1 2 ? ? ? ? ? ? ? ? ? ? ? ? ? ? ? 
2 2 1             1 1 1       1 F 3 F F 3 F 1   1 F 2 1 1 1 ? ? ? ? ? ? ? ? ? ? ? ? F F F 
1 1 1 1 1 1     1 3 F 2       1 3 F 5 F 3 2 2 2 2 2 3 F 2 2 ? ? ? ? ? ? ? 4 3 3 3 4 F 4 2 
1 F 2 2 F 1 1 1 2 F F 2   1 1 1 3 F 4 1 1 1 F 3 F 1 2 F 4 3 ? ? ? 3 3 F F F 2 F 2 F 2 1   
1 3 F 3 1 1 2 F 3 2 2 1 1 2 F 1 2 F 2   1 2 3 F 2 1 1 2 F F 3 2 F F 2 2 3 2 3 2 3 1 1     
1 4 F 3     3 F 4 2 2 1 1 F 2 1 1 2 2 1 1 F 3 2 1     1 3 F 2 1 3 3 2       1 F 1   1 1 1 
1 F F 2     2 F 5 F F 1 2 2 3 1 2 2 F 1 1 2 F 2 1 1     1 1 2 1 2 F 1       1 1 1 1 2 F 1 
1 2 2 1   1 2 3 F F 4 1 1 F 2 F 2 F 3 2   1 1 3 F 2 1 1 1   1 F 2 1 1         1 2 4 F 3 1 
          1 F 4 6 F 4 1 2 2 3 2 3 3 F 1     1 3 F 2 2 F 2   1 2 2 1     1 1 1 1 F F F 4 2 
        1 2 3 F F F ? ? 2 ? ? 2 F 3 2 1     2 F 4 2 3 F 2 1 1 2 F 3 2 1 2 F 2 2 4 F 4 F F 
2 2 1   1 F 3 3 3 4 ? ? ? ? ? ? 4 F 2   1 1 3 F 3 F 3 3 2 2 F 2 2 F F 2 2 F 2 1 F 2 2 2 2 
F F 2 1 2 3 F 2 1 2 ? ? ? ? ? ? ? F 2   1 F 2 1 2 2 F 2 F 2 1 1 2 4 F 2 1 1 1 2 2 2       
? ? ? ? ? ? ? ? ? ? ? ? ? ? ? ? ? 4 4 2 2 1 1     1 1 2 1 2 2 3 3 F 2 1       2 F 3 1 2 1 
? ? ? ? ? ? ? ? ? ? ? ? ? ? ? ? ? F F F 2   1 2 2 1 1 1 1 1 F F F 2 1   1 1 1 2 F 3 F 2 F 
? ? ? ? ? ? ? ? ? ? ? ? ? ? ? ? ? 3 5 F 4 1 2 F F 2 1 F 2 2 4 F 5 3 1   2 F 2 1 1 2 1 3 2 
? ? ? ? ? ? ? ? ? ? ? ? ? ? ? ? ? 2 2 F 3 F 2 3 F 2 2 3 4 F 2 2 F F 1   2 F 2   1 1 1 2 F 
? ? ? ? ? ? ? ? ? ? ? ? ? ? ? ? ? 1 1 1 2 2 2 3 2 2 2 F F 2 1 1 2 2 1   1 2 2 1 1 F 1 2 F 
? ? ? ? ? ? ? ? ? ? ? ? ? ? ? ? ? 3 2 1   2 F 3 F 3 5 F 4 1     1 1 1   1 2 F 1 1 1 1 1 1 
? ? ? ? ? ? ? ? ? ? ? ? ? ? ? ? ? F F 3 1 3 F 4 2 F F F 2       1 F 1   1 F 2 2 1 1   1 1 
? ? ? ? ? ? ? ? ? ? ? ? ? ? ? ? ? ? F F 1 2 F 4 3 4 4 3 1       1 1 1   1 2 2 3 F 3 2 4 F 
? ? ? ? ? ? ? ? ? ? ? ? ? ? ? ? ? ? ? 3 1 1 3 F F 5 F 2 1 2 2 1 1 1 1   1 3 F 6 F 4 F F F 
? ? ? ? ? ? ? ? ? ? ? ? ? ? ? ? ? ? ? 2     3 F F F F 3 1 F F 2 1 F 1   1 F F F F 3 2 3 2 
? ? ? ? ? ? ? ? ? ? ? ? ? ? ? ? ? ? ? 3 1   2 F 4 5 F 3 1 4 F 3 1 1 1   1 2 3 3 2 1   1 1 
? ? ? ? ? ? ? ? ? ? ? ? ? ? ? ? ? ? ? F 1   1 1 1 2 F 2   2 F 2           1 1 1       1 F 
Step: 27
? ? F 2         1 1 3 F 3 1 2 1 1   2 F 2 1 F 3 3 F 2 1 2 F ? ? ? ? ? ? ? ? ? ? ? ? ? ? ? 
? F F 2         1 F 3 F 3 F 2 F 1   2 F 2 1 2 F F 3 F 1 2 F ? ? ? ? ? ? ? ? ? ? ? ? ? ? ? 
F F 3 1         1 1 2 1 2 1 2 2 2 2 3 3 3 1 2 2 3 3 2 1 1 2 ? ? ? ? ? ? ? ? ? ? ? ? ? ? ? 
2 2 1             1 1 1       1 F 3 F F 3 F 1   1 F 2 1 1 1 ? ? ? ? ? ? ? ? ? ? ? ? F F F 
1 1 1 1 1 1     1 3 F 2       1 3 F 5 F 3 2 2 2 2 2 3 F 2 2 ? ? ? ? ? ? ? 4 3 3 3 4 F 4 2 
1 F 2 2 F 1 1 1 2 F F 2   1 1 1 3 F 4 1 1 1 F 3 F 1 2 F 4 3 ? ? ? 3 3 F F F 2 F 2 F 2 1   
1 3 F 3 1 1 2 F 3 2 2 1 1 2 F 1 2 F 2   1 2 3 F 2 1 1 2 F F 3 2 F F 2 2 3 2 3 2 3 1 1     
1 4 F 3     3 F 4 2 2 1 1 F 2 1 1 2 2 1 1 F 3 2 1     1 3 F 2 1 3 3 2       1 F 1   1 1 1 
1 F F 2     2 F 5 F F 1 2 2 3 1 2 2 F 1 1 2 F 2 1 1     1 1 2 1 2 F 1       1 1 1 1 2 F 1 
1 2 2 1   1 2 3 F F 4 1 1 F 2 F 2 F 3 2   1 1 3 F 2 1 1 1   1 F 2 1 1         1 2 4 F 3 1 
          1 F 4 6 F 4 1 2 2 3 2 3 3 F 1     1 3 F 2 2 F 2   1 2 2 1     1 1 1 1 F F F 4 2 
        1 2 3 F F F ? ? 2 ? 2 2 F 3 2 1     2 F 4 2 3 F 2 1 1 2 F 3 2 1 2 F 2 2 4 F 4 F F 
2 2 1   1 F 3 3 3 4 ? ? ? ? ? ? 4 F 2   1 1 3 F 3 F 3 3 2 2 F 2 2 F F 2 2 F 2 1 F 2 2 2 2 
F F 2 1 2 3 F 2 1 2 ? ? ? ? ? ? ? F 2   1 F 2 1 2 2 F 2 F 2 1 1 2 4 F 2 1 1 1 2 2 2       
? ? ? ? ? ? ? ? ? ? ? ? ? ? ? ? ? 4 4 2 2 1 1     1 1 2 1 2 2 3 3 F 2 1       2 F 3 1 2 1 
? ? ? ? ? ? ? ? ? ? ? ? ? ? ? ? ? F F F 2   1 2 2 1 1 1 1 1 F F F 2 1   1 1 1 2 F 3 F 2 F 
? ? ? ? ? ? ? ? ? ? ? ? ? ? ? ? ? 3 5 F 4 1 2 F F 2 1 F 2 2 4 F 5 3 1   2 F 2 1 1 2 1 3 2 
? ? ? ? ? ? ? ? ? ? ? ? ? ? ? ? ? 2 2 F 3 F 2 3 F 2 2 3 4 F 2 2 F F 1   2 F 2   1 1 1 2 F 
? ? ? ? ? ? ? ? ? ? ? ? ? ? ? ? ? 1 1 1 2 2 2 3 2 2 2 F F 2 1 1 2 2 1   1 2 2 1 1 F 1 2 F 
? ? ? ? ? ? ? ? ? ? ? ? ? ? ? ? ? 3 2 1   2 F 3 F 3 5 F 4 1     1 1 1   1 2 F 1 1 1 1 1 1 
? ? ? ? ? ? ? ? ? ? ? ? ? ? ? ? ? F F 3 1 3 F 4 2 F F F 2       1 F 1   1 F 2 2 1 1   1 1 
? ? ? ? ? ? ? ? ? ? ? ? ? ? ? ? ? ? F F 1 2 F 4 3 4 4 3 1       1 1 1   1 2 2 3 F 3 2 4 F 
? ? ? ? ? ? ? ? ? ? ? ? ? ? ? ? ? ? ? 3 1 1 3 F F 5 F 2 1 2 2 1 1 1 1   1 3 F 6 F 4 F F F 
? ? ? ? ? ? ? ? ? ? ? ? ? ? ? ? ? ? ? 2     3 F F F F 3 1 F F 2 1 F 1   1 F F F F 3 2 3 2 
? ? ? ? ? ? ? ? ? ? ? ? ? ? ? ? ? ? ? 3 1   2 F 4 5 F 3 1 4 F 3 1 1 1   1 2 3 3 2 1   1 1 
? ? ? ? ? ? ? ? ? ? ? ? ? ? ? ? ? ? ? F 1   1 1 1 2 F 2   2 F 2           1 1 1       1 F 
Step: 28
? ? F 2         1 1 3 F 3 1 2 1 1   2 F 2 1 F 3 3 F 2 1 2 F ? ? ? ? ? ? ? ? ? ? ? ? ? ? ? 
? F F 2         1 F 3 F 3 F 2 F 1   2 F 2 1 2 F F 3 F 1 2 F ? ? ? ? ? ? ? ? ? ? ? ? ? ? ? 
F F 3 1         1 1 2 1 2 1 2 2 2 2 3 3 3 1 2 2 3 3 2 1 1 2 ? ? ? ? ? ? ? ? ? ? ? ? ? ? ? 
2 2 1             1 1 1       1 F 3 F F 3 F 1   1 F 2 1 1 1 ? ? ? ? ? ? ? ? ? ? ? ? F F F 
1 1 1 1 1 1     1 3 F 2       1 3 F 5 F 3 2 2 2 2 2 3 F 2 2 ? ? ? ? ? ? ? 4 3 3 3 4 F 4 2 
1 F 2 2 F 1 1 1 2 F F 2   1 1 1 3 F 4 1 1 1 F 3 F 1 2 F 4 3 ? ? ? 3 3 F F F 2 F 2 F 2 1   
1 3 F 3 1 1 2 F 3 2 2 1 1 2 F 1 2 F 2   1 2 3 F 2 1 1 2 F F 3 2 F F 2 2 3 2 3 2 3 1 1     
1 4 F 3     3 F 4 2 2 1 1 F 2 1 1 2 2 1 1 F 3 2 1     1 3 F 2 1 3 3 2       1 F 1   1 1 1 
1 F F 2     2 F 5 F F 1 2 2 3 1 2 2 F 1 1 2 F 2 1 1     1 1 2 1 2 F 1       1 1 1 1 2 F 1 
1 2 2 1   1 2 3 F F 4 1 1 F 2 F 2 F 3 2   1 1 3 F 2 1 1 1   1 F 2 1 1         1 2 4 F 3 1 
          1 F 4 6 F 4 1 2 2 3 2 3 3 F 1     1 3 F 2 2 F 2   1 2 2 1     1 1 1 1 F F F 4 2 
        1 2 3 F F F ? ? 2 F 2 2 F 3 2 1     2 F 4 2 3 F 2 1 1 2 F 3 2 1 2 F 2 2 4 F 4 F F 
2 2 1   1 F 3 3 3 4 ? ? ? ? ? ? 4 F 2   1 1 3 F 3 F 3 3 2 2 F 2 2 F F 2 2 F 2 1 F 2 2 2 2 
F F 2 1 2 3 F 2 1 2 ? ? ? ? ? ? ? F 2   1 F 2 1 2 2 F 2 F 2 1 1 2 4 F 2 1 1 1 2 2 2       
? ? ? ? ? ? ? ? ? ? ? ? ? ? ? ? ? 4 4 2 2 1 1     1 1 2 1 2 2 3 3 F 2 1       2 F 3 1 2 1 
? ? ? ? ? ? ? ? ? ? ? ? ? ? ? ? ? F F F 2   1 2 2 1 1 1 1 1 F F F 2 1   1 1 1 2 F 3 F 2 F 
? ? ? ? ? ? ? ? ? ? ? ? ? ? ? ? ? 3 5 F 4 1 2 F F 2 1 F 2 2 4 F 5 3 1   2 F 2 1 1 2 1 3 2 
? ? ? ? ? ? ? ? ? ? ? ? ? ? ? ? ? 2 2 F 3 F 2 3 F 2 2 3 4 F 2 2 F F 1   2 F 2   1 1 1 2 F 
? ? ? ? ? ? ? ? ? ? ? ? ? ? ? ? ? 1 1 1 2 2 2 3 2 2 2 F F 2 1 1 2 2 1   1 2 2 1 1 F 1 2 F 
? ? ? ? ? ? ? ? ? ? ? ? ? ? ? ? ? 3 2 1   2 F 3 F 3 5 F 4 1     1 1 1   1 2 F 1 1 1 1 1 1 
? ? ? ? ? ? ? ? ? ? ? ? ? ? ? ? ? F F 3 1 3 F 4 2 F F F 2       1 F 1   1 F 2 2 1 1   1 1 
? ? ? ? ? ? ? ? ? ? ? ? ? ? ? ? ? ? F F 1 2 F 4 3 4 4 3 1       1 1 1   1 2 2 3 F 3 2 4 F 
? ? ? ? ? ? ? ? ? ? ? ? ? ? ? ? ? ? ? 3 1 1 3 F F 5 F 2 1 2 2 1 1 1 1   1 3 F 6 F 4 F F F 
? ? ? ? ? ? ? ? ? ? ? ? ? ? ? ? ? ? ? 2     3 F F F F 3 1 F F 2 1 F 1   1 F F F F 3 2 3 2 
? ? ? ? ? ? ? ? ? ? ? ? ? ? ? ? ? ? ? 3 1   2 F 4 5 F 3 1 4 F 3 1 1 1   1 2 3 3 2 1   1 1 
? ? ? ? ? ? ? ? ? ? ? ? ? ? ? ? ? ? ? F 1   1 1 1 2 F 2   2 F 2           1 1 1       1 F 
Step: 29
? ? F 2         1 1 3 F 3 1 2 1 1   2 F 2 1 F 3 3 F 2 1 2 F ? ? ? ? ? ? ? ? ? ? ? ? ? ? ? 
? F F 2         1 F 3 F 3 F 2 F 1   2 F 2 1 2 F F 3 F 1 2 F ? ? ? ? ? ? ? ? ? ? ? ? ? ? ? 
F F 3 1         1 1 2 1 2 1 2 2 2 2 3 3 3 1 2 2 3 3 2 1 1 2 ? ? ? ? ? ? ? ? ? ? ? ? ? ? ? 
2 2 1             1 1 1       1 F 3 F F 3 F 1   1 F 2 1 1 1 ? ? ? ? ? ? ? ? ? ? ? ? F F F 
1 1 1 1 1 1     1 3 F 2       1 3 F 5 F 3 2 2 2 2 2 3 F 2 2 ? ? ? ? ? ? ? 4 3 3 3 4 F 4 2 
1 F 2 2 F 1 1 1 2 F F 2   1 1 1 3 F 4 1 1 1 F 3 F 1 2 F 4 3 ? ? ? 3 3 F F F 2 F 2 F 2 1   
1 3 F 3 1 1 2 F 3 2 2 1 1 2 F 1 2 F 2   1 2 3 F 2 1 1 2 F F 3 2 F F 2 2 3 2 3 2 3 1 1     
1 4 F 3     3 F 4 2 2 1 1 F 2 1 1 2 2 1 1 F 3 2 1     1 3 F 2 1 3 3 2       1 F 1   1 1 1 
1 F F 2     2 F 5 F F 1 2 2 3 1 2 2 F 1 1 2 F 2 1 1     1 1 2 1 2 F 1       1 1 1 1 2 F 1 
1 2 2 1   1 2 3 F F 4 1 1 F 2 F 2 F 3 2   1 1 3 F 2 1 1 1   1 F 2 1 1         1 2 4 F 3 1 
          1 F 4 6 F 4 1 2 2 3 2 3 3 F 1     1 3 F 2 2 F 2   1 2 2 1     1 1 1 1 F F F 4 2 
        1 2 3 F F F ? 3 2 F 2 2 F 3 2 1     2 F 4 2 3 F 2 1 1 2 F 3 2 1 2 F 2 2 4 F 4 F F 
2 2 1   1 F 3 3 3 4 ? ? ? ? ? ? 4 F 2   1 1 3 F 3 F 3 3 2 2 F 2 2 F F 2 2 F 2 1 F 2 2 2 2 
F F 2 1 2 3 F 2 1 2 ? ? ? ? ? ? ? F 2   1 F 2 1 2 2 F 2 F 2 1 1 2 4 F 2 1 1 1 2 2 2       
? ? ? ? ? ? ? ? ? ? ? ? ? ? ? ? ? 4 4 2 2 1 1     1 1 2 1 2 2 3 3 F 2 1       2 F 3 1 2 1 
? ? ? ? ? ? ? ? ? ? ? ? ? ? ? ? ? F F F 2   1 2 2 1 1 1 1 1 F F F 2 1   1 1 1 2 F 3 F 2 F 
? ? ? ? ? ? ? ? ? ? ? ? ? ? ? ? ? 3 5 F 4 1 2 F F 2 1 F 2 2 4 F 5 3 1   2 F 2 1 1 2 1 3 2 
? ? ? ? ? ? ? ? ? ? ? ? ? ? ? ? ? 2 2 F 3 F 2 3 F 2 2 3 4 F 2 2 F F 1   2 F 2   1 1 1 2 F 
? ? ? ? ? ? ? ? ? ? ? ? ? ? ? ? ? 1 1 1 2 2 2 3 2 2 2 F F 2 1 1 2 2 1   1 2 2 1 1 F 1 2 F 
? ? ? ? ? ? ? ? ? ? ? ? ? ? ? ? ? 3 2 1   2 F 3 F 3 5 F 4 1     1 1 1   1 2 F 1 1 1 1 1 1 
? ? ? ? ? ? ? ? ? ? ? ? ? ? ? ? ? F F 3 1 3 F 4 2 F F F 2       1 F 1   1 F 2 2 1 1   1 1 
? ? ? ? ? ? ? ? ? ? ? ? ? ? ? ? ? ? F F 1 2 F 4 3 4 4 3 1       1 1 1   1 2 2 3 F 3 2 4 F 
? ? ? ? ? ? ? ? ? ? ? ? ? ? ? ? ? ? ? 3 1 1 3 F F 5 F 2 1 2 2 1 1 1 1   1 3 F 6 F 4 F F F 
? ? ? ? ? ? ? ? ? ? ? ? ? ? ? ? ? ? ? 2     3 F F F F 3 1 F F 2 1 F 1   1 F F F F 3 2 3 2 
? ? ? ? ? ? ? ? ? ? ? ? ? ? ? ? ? ? ? 3 1   2 F 4 5 F 3 1 4 F 3 1 1 1   1 2 3 3 2 1   1 1 
? ? ? ? ? ? ? ? ? ? ? ? ? ? ? ? ? ? ? F 1   1 1 1 2 F 2   2 F 2           1 1 1       1 F 
Step: 30
? ? F 2         1 1 3 F 3 1 2 1 1   2 F 2 1 F 3 3 F 2 1 2 F ? ? ? ? ? ? ? ? ? ? ? ? ? ? ? 
? F F 2         1 F 3 F 3 F 2 F 1   2 F 2 1 2 F F 3 F 1 2 F ? ? ? ? ? ? ? ? ? ? ? ? ? ? ? 
F F 3 1         1 1 2 1 2 1 2 2 2 2 3 3 3 1 2 2 3 3 2 1 1 2 ? ? ? ? ? ? ? ? ? ? ? ? ? ? ? 
2 2 1             1 1 1       1 F 3 F F 3 F 1   1 F 2 1 1 1 ? ? ? ? ? ? ? ? ? ? ? ? F F F 
1 1 1 1 1 1     1 3 F 2       1 3 F 5 F 3 2 2 2 2 2 3 F 2 2 ? ? ? ? ? ? ? 4 3 3 3 4 F 4 2 
1 F 2 2 F 1 1 1 2 F F 2   1 1 1 3 F 4 1 1 1 F 3 F 1 2 F 4 3 ? ? ? 3 3 F F F 2 F 2 F 2 1   
1 3 F 3 1 1 2 F 3 2 2 1 1 2 F 1 2 F 2   1 2 3 F 2 1 1 2 F F 3 2 F F 2 2 3 2 3 2 3 1 1     
1 4 F 3     3 F 4 2 2 1 1 F 2 1 1 2 2 1 1 F 3 2 1     1 3 F 2 1 3 3 2       1 F 1   1 1 1 
1 F F 2     2 F 5 F F 1 2 2 3 1 2 2 F 1 1 2 F 2 1 1     1 1 2 1 2 F 1       1 1 1 1 2 F 1 
1 2 2 1   1 2 3 F F 4 1 1 F 2 F 2 F 3 2   1 1 3 F 2 1 1 1   1 F 2 1 1         1 2 4 F 3 1 
          1 F 4 6 F 4 1 2 2 3 2 3 3 F 1     1 3 F 2 2 F 2   1 2 2 1     1 1 1 1 F F F 4 2 
        1 2 3 F F F F 3 2 F 2 2 F 3 2 1     2 F 4 2 3 F 2 1 1 2 F 3 2 1 2 F 2 2 4 F 4 F F 
2 2 1   1 F 3 3 3 4 ? ? ? ? ? ? 4 F 2   1 1 3 F 3 F 3 3 2 2 F 2 2 F F 2 2 F 2 1 F 2 2 2 2 
F F 2 1 2 3 F 2 1 2 ? ? ? ? ? ? ? F 2   1 F 2 1 2 2 F 2 F 2 1 1 2 4 F 2 1 1 1 2 2 2       
? ? ? ? ? ? ? ? ? ? ? ? ? ? ? ? ? 4 4 2 2 1 1     1 1 2 1 2 2 3 3 F 2 1       2 F 3 1 2 1 
? ? ? ? ? ? ? ? ? ? ? ? ? ? ? ? ? F F F 2   1 2 2 1 1 1 1 1 F F F 2 1   1 1 1 2 F 3 F 2 F 
? ? ? ? ? ? ? ? ? ? ? ? ? ? ? ? ? 3 5 F 4 1 2 F F 2 1 F 2 2 4 F 5 3 1   2 F 2 1 1 2 1 3 2 
? ? ? ? ? ? ? ? ? ? ? ? ? ? ? ? ? 2 2 F 3 F 2 3 F 2 2 3 4 F 2 2 F F 1   2 F 2   1 1 1 2 F 
? ? ? ? ? ? ? ? ? ? ? ? ? ? ? ? ? 1 1 1 2 2 2 3 2 2 2 F F 2 1 1 2 2 1   1 2 2 1 1 F 1 2 F 
? ? ? ? ? ? ? ? ? ? ? ? ? ? ? ? ? 3 2 1   2 F 3 F 3 5 F 4 1     1 1 1   1 2 F 1 1 1 1 1 1 
? ? ? ? ? ? ? ? ? ? ? ? ? ? ? ? ? F F 3 1 3 F 4 2 F F F 2       1 F 1   1 F 2 2 1 1   1 1 
? ? ? ? ? ? ? ? ? ? ? ? ? ? ? ? ? ? F F 1 2 F 4 3 4 4 3 1       1 1 1   1 2 2 3 F 3 2 4 F 
? ? ? ? ? ? ? ? ? ? ? ? ? ? ? ? ? ? ? 3 1 1 3 F F 5 F 2 1 2 2 1 1 1 1   1 3 F 6 F 4 F F F 
? ? ? ? ? ? ? ? ? ? ? ? ? ? ? ? ? ? ? 2     3 F F F F 3 1 F F 2 1 F 1   1 F F F F 3 2 3 2 
? ? ? ? ? ? ? ? ? ? ? ? ? ? ? ? ? ? ? 3 1   2 F 4 5 F 3 1 4 F 3 1 1 1   1 2 3 3 2 1   1 1 
? ? ? ? ? ? ? ? ? ? ? ? ? ? ? ? ? ? ? F 1   1 1 1 2 F 2   2 F 2           1 1 1       1 F 
Step: 31
? ? F 2         1 1 3 F 3 1 2 1 1   2 F 2 1 F 3 3 F 2 1 2 F ? ? ? 1         1 ? ? ? ? ? ? 
? F F 2         1 F 3 F 3 F 2 F 1   2 F 2 1 2 F F 3 F 1 2 F 3 2 2 1 1 1 1   1 2 3 4 ? ? ? 
F F 3 1         1 1 2 1 2 1 2 2 2 2 3 3 3 1 2 2 3 3 2 1 1 2 2 1     1 ? 2 2 1 2 1 4 ? ? ? 
2 2 1             1 1 1       1 F 3 F F 3 F 1   1 F 2 1 1 1 F 2 2 1 2 ? ? 2 F 2 F 4 F F F 
1 1 1 1 1 1     1 3 F 2       1 3 F 5 F 3 2 2 2 2 2 3 F 2 2 ? ? ? ? ? ? ? 4 3 3 3 4 F 4 2 
1 F 2 2 F 1 1 1 2 F F 2   1 1 1 3 F 4 1 1 1 F 3 F 1 2 F 4 3 F ? 4 3 3 F F F 2 F 2 F 2 1   
1 3 F 3 1 1 2 F 3 2 2 1 1 2 F 1 2 F 2   1 2 3 F 2 1 1 2 F F 3 2 F F 2 2 3 2 3 2 3 1 1     
1 4 F 3     3 F 4 2 2 1 1 F 2 1 1 2 2 1 1 F 3 2 1     1 3 F 2 1 3 3 2       1 F 1   1 1 1 
1 F F 2     2 F 5 F F 1 2 2 3 1 2 2 F 1 1 2 F 2 1 1     1 1 2 1 2 F 1       1 1 1 1 2 F 1 
1 2 2 1   1 2 3 F F 4 1 1 F 2 F 2 F 3 2   1 1 3 F 2 1 1 1   1 F 2 1 1         1 2 4 F 3 1 
          1 F 4 6 F 4 1 2 2 3 2 3 3 F 1     1 3 F 2 2 F 2   1 2 2 1     1 1 1 1 F F F 4 2 
        1 2 3 F F F F 3 2 F 2 2 F 3 2 1     2 F 4 2 3 F 2 1 1 2 F 3 2 1 2 F 2 2 4 F 4 F F 
2 2 1   1 F 3 3 3 4 F ? ? 3 ? ? 4 F 2   1 1 3 F 3 F 3 3 2 2 F 2 2 F F 2 2 F 2 1 F 2 2 2 2 
F F 2 1 2 3 F 2 1 2 ? ? ? ? ? ? ? F 2   1 F 2 1 2 2 F 2 F 2 1 1 2 4 F 2 1 1 1 2 2 2       
? ? ? ? ? ? ? ? ? ? ? ? ? ? ? ? ? 4 4 2 2 1 1     1 1 2 1 2 2 3 3 F 2 1       2 F 3 1 2 1 
? ? ? ? ? ? ? ? ? ? ? ? ? ? ? ? ? F F F 2   1 2 2 1 1 1 1 1 F F F 2 1   1 1 1 2 F 3 F 2 F 
? ? ? ? ? ? ? ? ? ? ? ? ? ? ? ? F 3 5 F 4 1 2 F F 2 1 F 2 2 4 F 5 3 1   2 F 2 1 1 2 1 3 2 
? ? ? ? ? ? ? ? ? ? ? ? ? ? ? ? ? 2 2 F 3 F 2 3 F 2 2 3 4 F 2 2 F F 1   2 F 2   1 1 1 2 F 
? ? ? ? ? ? ? ? ? ? ? ? ? ? ? ? F 1 1 1 2 2 2 3 2 2 2 F F 2 1 1 2 2 1   1 2 2 1 1 F 1 2 F 
? ? ? ? ? ? ? ? ? ? ? ? ? ? ? ? ? 3 2 1   2 F 3 F 3 5 F 4 1     1 1 1   1 2 F 1 1 1 1 1 1 
? ? ? ? ? ? ? ? ? ? ? ? ? ? ? ? ? F F 3 1 3 F 4 2 F F F 2       1 F 1   1 F 2 2 1 1   1 1 
? ? ? ? ? ? ? ? ? ? ? ? ? ? ? ? ? ? F F 1 2 F 4 3 4 4 3 1       1 1 1   1 2 2 3 F 3 2 4 F 
? ? ? ? ? ? ? ? ? ? ? ? ? ? ? ? ? ? ? 3 1 1 3 F F 5 F 2 1 2 2 1 1 1 1   1 3 F 6 F 4 F F F 
? ? ? ? ? ? ? ? ? ? ? ? ? ? ? ? ? ? ? 2     3 F F F F 3 1 F F 2 1 F 1   1 F F F F 3 2 3 2 
? ? ? ? ? ? ? ? ? ? ? ? ? ? ? ? ? ? F 3 1   2 F 4 5 F 3 1 4 F 3 1 1 1   1 2 3 3 2 1   1 1 
? ? ? ? ? ? ? ? ? ? ? ? ? ? ? ? ? ? ? F 1   1 1 1 2 F 2   2 F 2           1 1 1       1 F 
Step: 32
? ? F 2         1 1 3 F 3 1 2 1 1   2 F 2 1 F 3 3 F 2 1 2 F ? F F 1         1 F F F ? ? ? 
? F F 2         1 F 3 F 3 F 2 F 1   2 F 2 1 2 F F 3 F 1 2 F 3 2 2 1 1 1 1   1 2 3 4 F ? ? 
F F 3 1         1 1 2 1 2 1 2 2 2 2 3 3 3 1 2 2 3 3 2 1 1 2 2 1     1 F 2 2 1 2 1 4 F ? ? 
2 2 1             1 1 1       1 F 3 F F 3 F 1   1 F 2 1 1 1 F 2 2 1 2 2 F 2 F 2 F 4 F F F 
1 1 1 1 1 1     1 3 F 2       1 3 F 5 F 3 2 2 2 2 2 3 F 2 2 3 ? 2 F 2 3 4 4 3 3 3 4 F 4 2 
1 F 2 2 F 1 1 1 2 F F 2   1 1 1 3 F 4 1 1 1 F 3 F 1 2 F 4 3 F 3 4 3 3 F F F 2 F 2 F 2 1   
1 3 F 3 1 1 2 F 3 2 2 1 1 2 F 1 2 F 2   1 2 3 F 2 1 1 2 F F 3 2 F F 2 2 3 2 3 2 3 1 1     
1 4 F 3     3 F 4 2 2 1 1 F 2 1 1 2 2 1 1 F 3 2 1     1 3 F 2 1 3 3 2       1 F 1   1 1 1 
1 F F 2     2 F 5 F F 1 2 2 3 1 2 2 F 1 1 2 F 2 1 1     1 1 2 1 2 F 1       1 1 1 1 2 F 1 
1 2 2 1   1 2 3 F F 4 1 1 F 2 F 2 F 3 2   1 1 3 F 2 1 1 1   1 F 2 1 1         1 2 4 F 3 1 
          1 F 4 6 F 4 1 2 2 3 2 3 3 F 1     1 3 F 2 2 F 2   1 2 2 1     1 1 1 1 F F F 4 2 
        1 2 3 F F F F 3 2 F 2 2 F 3 2 1     2 F 4 2 3 F 2 1 1 2 F 3 2 1 2 F 2 2 4 F 4 F F 
2 2 1   1 F 3 3 3 4 F ? ? 3 ? ? 4 F 2   1 1 3 F 3 F 3 3 2 2 F 2 2 F F 2 2 F 2 1 F 2 2 2 2 
F F 2 1 2 3 F 2 1 2 2 ? ? ? ? ? ? F 2   1 F 2 1 2 2 F 2 F 2 1 1 2 4 F 2 1 1 1 2 2 2       
? ? ? ? ? ? ? ? ? ? ? ? ? ? ? ? ? 4 4 2 2 1 1     1 1 2 1 2 2 3 3 F 2 1       2 F 3 1 2 1 
? ? ? ? ? ? ? ? ? ? ? ? ? ? ? ? 3 F F F 2   1 2 2 1 1 1 1 1 F F F 2 1   1 1 1 2 F 3 F 2 F 
? ? ? ? ? ? ? ? ? ? ? ? ? F 2 2 F 3 5 F 4 1 2 F F 2 1 F 2 2 4 F 5 3 1   2 F 2 1 1 2 1 3 2 
? ? ? ? ? ? ? ? ? ? ? ? ? 2 1 2 2 2 2 F 3 F 2 3 F 2 2 3 4 F 2 2 F F 1   2 F 2   1 1 1 2 F 
? ? ? ? ? ? ? ? ? ? ? ? ? 1   1 F 1 1 1 2 2 2 3 2 2 2 F F 2 1 1 2 2 1   1 2 2 1 1 F 1 2 F 
? ? ? ? ? ? ? ? ? ? ? ? ? 1   1 2 3 2 1   2 F 3 F 3 5 F 4 1     1 1 1   1 2 F 1 1 1 1 1 1 
? ? ? ? ? ? ? ? ? ? ? ? ? 1 1 1 2 F F 3 1 3 F 4 2 F F F 2       1 F 1   1 F 2 2 1 1   1 1 
? ? ? ? ? ? ? ? ? ? ? ? ? ? ? ? ? ? F F 1 2 F 4 3 4 4 3 1       1 1 1   1 2 2 3 F 3 2 4 F 
? ? ? ? ? ? ? ? ? ? ? ? ? ? ? ? ? ? ? 3 1 1 3 F F 5 F 2 1 2 2 1 1 1 1   1 3 F 6 F 4 F F F 
? ? ? ? ? ? ? ? ? ? ? ? ? ? ? ? ? ? ? 2     3 F F F F 3 1 F F 2 1 F 1   1 F F F F 3 2 3 2 
? ? ? ? ? ? ? ? ? ? ? ? ? ? ? ? ? ? F 3 1   2 F 4 5 F 3 1 4 F 3 1 1 1   1 2 3 3 2 1   1 1 
? ? ? ? ? ? ? ? ? ? ? ? ? ? ? ? ? ? ? F 1   1 1 1 2 F 2   2 F 2           1 1 1       1 F 
Step: 33
? ? F 2         1 1 3 F 3 1 2 1 1   2 F 2 1 F 3 3 F 2 1 2 F 3 F F 1         1 F F F 4 ? ? 
? F F 2         1 F 3 F 3 F 2 F 1   2 F 2 1 2 F F 3 F 1 2 F 3 2 2 1 1 1 1   1 2 3 4 F ? ? 
F F 3 1         1 1 2 1 2 1 2 2 2 2 3 3 3 1 2 2 3 3 2 1 1 2 2 1     1 F 2 2 1 2 1 4 F ? ? 
2 2 1             1 1 1       1 F 3 F F 3 F 1   1 F 2 1 1 1 F 2 2 1 2 2 F 2 F 2 F 4 F F F 
1 1 1 1 1 1     1 3 F 2       1 3 F 5 F 3 2 2 2 2 2 3 F 2 2 3 F 2 F 2 3 4 4 3 3 3 4 F 4 2 
1 F 2 2 F 1 1 1 2 F F 2   1 1 1 3 F 4 1 1 1 F 3 F 1 2 F 4 3 F 3 4 3 3 F F F 2 F 2 F 2 1   
1 3 F 3 1 1 2 F 3 2 2 1 1 2 F 1 2 F 2   1 2 3 F 2 1 1 2 F F 3 2 F F 2 2 3 2 3 2 3 1 1     
1 4 F 3     3 F 4 2 2 1 1 F 2 1 1 2 2 1 1 F 3 2 1     1 3 F 2 1 3 3 2       1 F 1   1 1 1 
1 F F 2     2 F 5 F F 1 2 2 3 1 2 2 F 1 1 2 F 2 1 1     1 1 2 1 2 F 1       1 1 1 1 2 F 1 
1 2 2 1   1 2 3 F F 4 1 1 F 2 F 2 F 3 2   1 1 3 F 2 1 1 1   1 F 2 1 1         1 2 4 F 3 1 
          1 F 4 6 F 4 1 2 2 3 2 3 3 F 1     1 3 F 2 2 F 2   1 2 2 1     1 1 1 1 F F F 4 2 
        1 2 3 F F F F 3 2 F 2 2 F 3 2 1     2 F 4 2 3 F 2 1 1 2 F 3 2 1 2 F 2 2 4 F 4 F F 
2 2 1   1 F 3 3 3 4 F ? ? 3 ? ? 4 F 2   1 1 3 F 3 F 3 3 2 2 F 2 2 F F 2 2 F 2 1 F 2 2 2 2 
F F 2 1 2 3 F 2 1 2 2 ? ? ? ? ? ? F 2   1 F 2 1 2 2 F 2 F 2 1 1 2 4 F 2 1 1 1 2 2 2       
? ? ? ? ? ? ? ? ? ? ? ? ? ? ? ? ? 4 4 2 2 1 1     1 1 2 1 2 2 3 3 F 2 1       2 F 3 1 2 1 
? ? ? ? ? ? ? ? ? ? ? ? ? ? ? ? 3 F F F 2   1 2 2 1 1 1 1 1 F F F 2 1   1 1 1 2 F 3 F 2 F 
? ? ? ? ? ? ? ? ? ? ? ? ? F 2 2 F 3 5 F 4 1 2 F F 2 1 F 2 2 4 F 5 3 1   2 F 2 1 1 2 1 3 2 
? ? ? ? ? ? ? ? ? ? ? ? ? 2 1 2 2 2 2 F 3 F 2 3 F 2 2 3 4 F 2 2 F F 1   2 F 2   1 1 1 2 F 
? ? ? ? ? ? ? ? ? ? ? ? ? 1   1 F 1 1 1 2 2 2 3 2 2 2 F F 2 1 1 2 2 1   1 2 2 1 1 F 1 2 F 
? ? ? ? ? ? ? ? ? ? ? ? ? 1   1 2 3 2 1   2 F 3 F 3 5 F 4 1     1 1 1   1 2 F 1 1 1 1 1 1 
? ? ? ? ? ? ? ? ? ? ? ? ? 1 1 1 2 F F 3 1 3 F 4 2 F F F 2       1 F 1   1 F 2 2 1 1   1 1 
? ? ? ? ? ? ? ? ? ? ? ? ? ? ? ? ? ? F F 1 2 F 4 3 4 4 3 1       1 1 1   1 2 2 3 F 3 2 4 F 
? ? ? ? ? ? ? ? ? ? ? ? ? ? ? ? ? ? ? 3 1 1 3 F F 5 F 2 1 2 2 1 1 1 1   1 3 F 6 F 4 F F F 
? ? ? ? ? ? ? ? ? ? ? ? ? ? ? ? ? ? ? 2     3 F F F F 3 1 F F 2 1 F 1   1 F F F F 3 2 3 2 
? ? ? ? ? ? ? ? ? ? ? ? ? ? ? ? ? ? F 3 1   2 F 4 5 F 3 1 4 F 3 1 1 1   1 2 3 3 2 1   1 1 
? ? ? ? ? ? ? ? ? ? ? ? ? ? ? ? ? ? ? F 1   1 1 1 2 F 2   2 F 2           1 1 1       1 F 
Step: 34
? ? F 2         1 1 3 F 3 1 2 1 1   2 F 2 1 F 3 3 F 2 1 2 F 3 F F 1         1 F F F 4 F ? 
? F F 2         1 F 3 F 3 F 2 F 1   2 F 2 1 2 F F 3 F 1 2 F 3 2 2 1 1 1 1   1 2 3 4 F F ? 
F F 3 1         1 1 2 1 2 1 2 2 2 2 3 3 3 1 2 2 3 3 2 1 1 2 2 1     1 F 2 2 1 2 1 4 F ? ? 
2 2 1             1 1 1       1 F 3 F F 3 F 1   1 F 2 1 1 1 F 2 2 1 2 2 F 2 F 2 F 4 F F F 
1 1 1 1 1 1     1 3 F 2       1 3 F 5 F 3 2 2 2 2 2 3 F 2 2 3 F 2 F 2 3 4 4 3 3 3 4 F 4 2 
1 F 2 2 F 1 1 1 2 F F 2   1 1 1 3 F 4 1 1 1 F 3 F 1 2 F 4 3 F 3 4 3 3 F F F 2 F 2 F 2 1   
1 3 F 3 1 1 2 F 3 2 2 1 1 2 F 1 2 F 2   1 2 3 F 2 1 1 2 F F 3 2 F F 2 2 3 2 3 2 3 1 1     
1 4 F 3     3 F 4 2 2 1 1 F 2 1 1 2 2 1 1 F 3 2 1     1 3 F 2 1 3 3 2       1 F 1   1 1 1 
1 F F 2     2 F 5 F F 1 2 2 3 1 2 2 F 1 1 2 F 2 1 1     1 1 2 1 2 F 1       1 1 1 1 2 F 1 
1 2 2 1   1 2 3 F F 4 1 1 F 2 F 2 F 3 2   1 1 3 F 2 1 1 1   1 F 2 1 1         1 2 4 F 3 1 
          1 F 4 6 F 4 1 2 2 3 2 3 3 F 1     1 3 F 2 2 F 2   1 2 2 1     1 1 1 1 F F F 4 2 
        1 2 3 F F F F 3 2 F 2 2 F 3 2 1     2 F 4 2 3 F 2 1 1 2 F 3 2 1 2 F 2 2 4 F 4 F F 
2 2 1   1 F 3 3 3 4 F ? ? 3 ? ? 4 F 2   1 1 3 F 3 F 3 3 2 2 F 2 2 F F 2 2 F 2 1 F 2 2 2 2 
F F 2 1 2 3 F 2 1 2 2 ? ? ? ? ? ? F 2   1 F 2 1 2 2 F 2 F 2 1 1 2 4 F 2 1 1 1 2 2 2       
? ? ? ? ? ? ? ? ? ? ? ? ? ? ? ? ? 4 4 2 2 1 1     1 1 2 1 2 2 3 3 F 2 1       2 F 3 1 2 1 
? ? ? ? ? ? ? ? ? ? ? ? ? ? ? ? 3 F F F 2   1 2 2 1 1 1 1 1 F F F 2 1   1 1 1 2 F 3 F 2 F 
? ? ? ? ? ? ? ? ? ? ? ? ? F 2 2 F 3 5 F 4 1 2 F F 2 1 F 2 2 4 F 5 3 1   2 F 2 1 1 2 1 3 2 
? ? ? ? ? ? ? ? ? ? ? ? ? 2 1 2 2 2 2 F 3 F 2 3 F 2 2 3 4 F 2 2 F F 1   2 F 2   1 1 1 2 F 
? ? ? ? ? ? ? ? ? ? ? ? ? 1   1 F 1 1 1 2 2 2 3 2 2 2 F F 2 1 1 2 2 1   1 2 2 1 1 F 1 2 F 
? ? ? ? ? ? ? ? ? ? ? ? ? 1   1 2 3 2 1   2 F 3 F 3 5 F 4 1     1 1 1   1 2 F 1 1 1 1 1 1 
? ? ? ? ? ? ? ? ? ? ? ? ? 1 1 1 2 F F 3 1 3 F 4 2 F F F 2       1 F 1   1 F 2 2 1 1   1 1 
? ? ? ? ? ? ? ? ? ? ? ? ? ? ? ? ? ? F F 1 2 F 4 3 4 4 3 1       1 1 1   1 2 2 3 F 3 2 4 F 
? ? ? ? ? ? ? ? ? ? ? ? ? ? ? ? ? ? ? 3 1 1 3 F F 5 F 2 1 2 2 1 1 1 1   1 3 F 6 F 4 F F F 
? ? ? ? ? ? ? ? ? ? ? ? ? ? ? ? ? ? ? 2     3 F F F F 3 1 F F 2 1 F 1   1 F F F F 3 2 3 2 
? ? ? ? ? ? ? ? ? ? ? ? ? ? ? ? ? ? F 3 1   2 F 4 5 F 3 1 4 F 3 1 1 1   1 2 3 3 2 1   1 1 
? ? ? ? ? ? ? ? ? ? ? ? ? ? ? ? ? ? ? F 1   1 1 1 2 F 2   2 F 2           1 1 1       1 F 
Step: 35
? ? F 2         1 1 3 F 3 1 2 1 1   2 F 2 1 F 3 3 F 2 1 2 F 3 F F 1         1 F F F 4 F ? 
? F F 2         1 F 3 F 3 F 2 F 1   2 F 2 1 2 F F 3 F 1 2 F 3 2 2 1 1 1 1   1 2 3 4 F F ? 
F F 3 1         1 1 2 1 2 1 2 2 2 2 3 3 3 1 2 2 3 3 2 1 1 2 2 1     1 F 2 2 1 2 1 4 F ? ? 
2 2 1             1 1 1       1 F 3 F F 3 F 1   1 F 2 1 1 1 F 2 2 1 2 2 F 2 F 2 F 4 F F F 
1 1 1 1 1 1     1 3 F 2       1 3 F 5 F 3 2 2 2 2 2 3 F 2 2 3 F 2 F 2 3 4 4 3 3 3 4 F 4 2 
1 F 2 2 F 1 1 1 2 F F 2   1 1 1 3 F 4 1 1 1 F 3 F 1 2 F 4 3 F 3 4 3 3 F F F 2 F 2 F 2 1   
1 3 F 3 1 1 2 F 3 2 2 1 1 2 F 1 2 F 2   1 2 3 F 2 1 1 2 F F 3 2 F F 2 2 3 2 3 2 3 1 1     
1 4 F 3     3 F 4 2 2 1 1 F 2 1 1 2 2 1 1 F 3 2 1     1 3 F 2 1 3 3 2       1 F 1   1 1 1 
1 F F 2     2 F 5 F F 1 2 2 3 1 2 2 F 1 1 2 F 2 1 1     1 1 2 1 2 F 1       1 1 1 1 2 F 1 
1 2 2 1   1 2 3 F F 4 1 1 F 2 F 2 F 3 2   1 1 3 F 2 1 1 1   1 F 2 1 1         1 2 4 F 3 1 
          1 F 4 6 F 4 1 2 2 3 2 3 3 F 1     1 3 F 2 2 F 2   1 2 2 1     1 1 1 1 F F F 4 2 
        1 2 3 F F F F 3 2 F 2 2 F 3 2 1     2 F 4 2 3 F 2 1 1 2 F 3 2 1 2 F 2 2 4 F 4 F F 
2 2 1   1 F 3 3 3 4 F ? ? 3 ? ? 4 F 2   1 1 3 F 3 F 3 3 2 2 F 2 2 F F 2 2 F 2 1 F 2 2 2 2 
F F 2 1 2 3 F 2 1 2 2 ? ? ? ? ? ? F 2   1 F 2 1 2 2 F 2 F 2 1 1 2 4 F 2 1 1 1 2 2 2       
? ? ? ? ? ? ? ? ? ? ? ? ? ? ? ? ? 4 4 2 2 1 1     1 1 2 1 2 2 3 3 F 2 1       2 F 3 1 2 1 
? ? ? ? ? ? ? ? ? ? ? ? ? 4 ? ? 3 F F F 2   1 2 2 1 1 1 1 1 F F F 2 1   1 1 1 2 F 3 F 2 F 
? ? ? ? ? ? ? ? ? ? ? ? ? F 2 2 F 3 5 F 4 1 2 F F 2 1 F 2 2 4 F 5 3 1   2 F 2 1 1 2 1 3 2 
? ? ? ? ? ? ? ? ? ? ? ? ? 2 1 2 2 2 2 F 3 F 2 3 F 2 2 3 4 F 2 2 F F 1   2 F 2   1 1 1 2 F 
? ? ? ? ? ? ? ? ? ? ? ? ? 1   1 F 1 1 1 2 2 2 3 2 2 2 F F 2 1 1 2 2 1   1 2 2 1 1 F 1 2 F 
? ? ? ? ? ? ? ? ? ? ? ? ? 1   1 2 3 2 1   2 F 3 F 3 5 F 4 1     1 1 1   1 2 F 1 1 1 1 1 1 
? ? ? ? ? ? ? ? ? ? ? ? ? 1 1 1 2 F F 3 1 3 F 4 2 F F F 2       1 F 1   1 F 2 2 1 1   1 1 
? ? ? ? ? ? ? ? ? ? ? ? ? ? ? ? ? ? F F 1 2 F 4 3 4 4 3 1       1 1 1   1 2 2 3 F 3 2 4 F 
? ? ? ? ? ? ? ? ? ? ? ? ? ? ? ? ? ? ? 3 1 1 3 F F 5 F 2 1 2 2 1 1 1 1   1 3 F 6 F 4 F F F 
? ? ? ? ? ? ? ? ? ? ? ? ? ? ? ? ? ? ? 2     3 F F F F 3 1 F F 2 1 F 1   1 F F F F 3 2 3 2 
? ? ? ? ? ? ? ? ? ? ? ? ? ? ? ? ? ? F 3 1   2 F 4 5 F 3 1 4 F 3 1 1 1   1 2 3 3 2 1   1 1 
? ? ? ? ? ? ? ? ? ? ? ? ? ? ? ? ? ? ? F 1   1 1 1 2 F 2   2 F 2           1 1 1       1 F 
Width: 45, Height: 26, Mines: 257
Start field: (4, 0)
1 3 # 2         1 1 3 # 3 1 2 1 1   2 # 2 1 # 3 3 # 2 1 2 # 3 # # 1         1 # # # 4 # 2 
3 # # 2         1 # 3 # 3 # 2 # 1   2 # 2 1 2 # # 3 # 1 2 # 3 2 2 1 1 1 1   1 2 3 4 # # 2 
# # 3 1         1 1 2 1 2 1 2 2 2 2 3 3 3 1 2 2 3 3 2 1 1 2 2 1     1 # 2 2 1 2 1 4 # 6 3 
2 2 1             1 1 1       1 # 3 # # 3 # 1   1 # 2 1 1 1 # 2 2 1 2 2 # 2 # 2 # 4 # # # 
1 1 1 1 1 1     1 3 # 2       1 3 # 5 # 3 2 2 2 2 2 3 # 2 2 3 # 2 # 2 3 4 4 3 3 3 4 # 4 2 
1 # 2 2 # 1 1 1 2 # # 2   1 1 1 3 # 4 1 1 1 # 3 # 1 2 # 4 3 # 3 4 3 3 # # # 2 # 2 # 2 1   
1 3 # 3 1 1 2 # 3 2 2 1 1 2 # 1 2 # 2   1 2 3 # 2 1 1 2 # # 3 2 # # 2 2 3 2 3 2 3 1 1     
1 4 # 3     3 # 4 2 2 1 1 # 2 1 1 2 2 1 1 # 3 2 1     1 3 # 2 1 3 3 2       1 # 1   1 1 1 
1 # # 2     2 # 5 # # 1 2 2 3 1 2 2 # 1 1 2 # 2 1 1     1 1 2 1 2 # 1       1 1 1 1 2 # 1 
1 2 2 1   1 2 3 # # 4 1 1 # 2 # 2 # 3 2   1 1 3 # 2 1 1 1   1 # 2 1 1         1 2 4 # 3 1 
          1 # 4 6 # 4 1 2 2 3 2 3 3 # 1     1 3 # 2 2 # 2   1 2 2 1     1 1 1 1 # # # 4 2 
        1 2 3 # # # # 3 2 # 2 2 # 3 2 1     2 # 4 2 3 # 2 1 1 2 # 3 2 1 2 # 2 2 4 # 4 # # 
2 2 1   1 # 3 3 3 4 # 3 # 3 # 3 4 # 2   1 1 3 # 3 # 3 3 2 2 # 2 2 # # 2 2 # 2 1 # 2 2 2 2 
# # 2 1 2 3 # 2 1 2 2 3 2 3 2 # 4 # 2   1 # 2 1 2 2 # 2 # 2 1 1 2 4 # 2 1 1 1 2 2 2       
# 4 2 # 2 3 # 3 2 # 1 1 # 2 2 3 # 4 4 2 2 1 1     1 1 2 1 2 2 3 3 # 2 1       2 # 3 1 2 1 
# 2 1 1 2 # 3 # 2 1 1 2 3 4 # 3 3 # # # 2   1 2 2 1 1 1 1 1 # # # 2 1   1 1 1 2 # 3 # 2 # 
1 1   1 2 3 4 3 3 1 1 1 # # 2 2 # 3 5 # 4 1 2 # # 2 1 # 2 2 4 # 5 3 1   2 # 2 1 1 2 1 3 2 
      2 # 4 # # 2 # 2 2 2 2 1 2 2 2 2 # 3 # 2 3 # 2 2 3 4 # 2 2 # # 1   2 # 2   1 1 1 2 # 
1 1   2 # 4 # 4 3 3 # 2 1 1   1 # 1 1 1 2 2 2 3 2 2 2 # # 2 1 1 2 2 1   1 2 2 1 1 # 1 2 # 
# 2 2 3 2 2 1 2 # 2 2 3 # 1   1 2 3 2 1   2 # 3 # 3 5 # 4 1     1 1 1   1 2 # 1 1 1 1 1 1 
2 3 # # 3 1 2 2 3 2 2 # 2 1 1 1 2 # # 3 1 3 # 4 2 # # # 2       1 # 1   1 # 2 2 1 1   1 1 
2 # 5 # 3 # 2 # 2 # 2 2 2 1 1 # 3 4 # # 1 2 # 4 3 4 4 3 1       1 1 1   1 2 2 3 # 3 2 4 # 
2 # 5 4 4 3 3 2 2 2 2 3 # 2 1 1 3 # 5 3 1 1 3 # # 5 # 2 1 2 2 1 1 1 1   1 3 # 6 # 4 # # # 
1 2 # # # 2 # 2 1 1 # 3 # 2 1 2 4 # # 2     3 # # # # 3 1 # # 2 1 # 1   1 # # # # 3 2 3 2 
  1 2 3 2 2 2 # 1 2 2 3 1 1 1 # # 4 # 3 1   2 # 4 5 # 3 1 4 # 3 1 1 1   1 2 3 3 2 1   1 1 
            1 1 1 1 # 1     1 2 2 2 2 # 1   1 1 1 2 # 2   2 # 2           1 1 1       1 # 
Moving mine from border cell (12, 12) : 
to border cell (11, 12).
Width: 45, Height: 26, Mines: 257
Start field: (4, 0)
1 3 # 2         1 1 3 # 3 1 2 1 1   2 # 2 1 # 3 3 # 2 1 2 # 3 # # 1         1 # # # 4 # 2 
3 # # 2         1 # 3 # 3 # 2 # 1   2 # 2 1 2 # # 3 # 1 2 # 3 2 2 1 1 1 1   1 2 3 4 # # 2 
# # 3 1         1 1 2 1 2 1 2 2 2 2 3 3 3 1 2 2 3 3 2 1 1 2 2 1     1 # 2 2 1 2 1 4 # 6 3 
2 2 1             1 1 1       1 # 3 # # 3 # 1   1 # 2 1 1 1 # 2 2 1 2 2 # 2 # 2 # 4 # # # 
1 1 1 1 1 1     1 3 # 2       1 3 # 5 # 3 2 2 2 2 2 3 # 2 2 3 # 2 # 2 3 4 4 3 3 3 4 # 4 2 
1 # 2 2 # 1 1 1 2 # # 2   1 1 1 3 # 4 1 1 1 # 3 # 1 2 # 4 3 # 3 4 3 3 # # # 2 # 2 # 2 1   
1 3 # 3 1 1 2 # 3 2 2 1 1 2 # 1 2 # 2   1 2 3 # 2 1 1 2 # # 3 2 # # 2 2 3 2 3 2 3 1 1     
1 4 # 3     3 # 4 2 2 1 1 # 2 1 1 2 2 1 1 # 3 2 1     1 3 # 2 1 3 3 2       1 # 1   1 1 1 
1 # # 2     2 # 5 # # 1 2 2 3 1 2 2 # 1 1 2 # 2 1 1     1 1 2 1 2 # 1       1 1 1 1 2 # 1 
1 2 2 1   1 2 3 # # 4 1 1 # 2 # 2 # 3 2   1 1 3 # 2 1 1 1   1 # 2 1 1         1 2 4 # 3 1 
          1 # 4 6 # 4 1 2 2 3 2 3 3 # 1     1 3 # 2 2 # 2   1 2 2 1     1 1 1 1 # # # 4 2 
        1 2 3 # # # # 3 2 # 2 2 # 3 2 1     2 # 4 2 3 # 2 1 1 2 # 3 2 1 2 # 2 2 4 # 4 # # 
2 2 1   1 # 3 3 3 4 # # 2 2 # 3 4 # 2   1 1 3 # 3 # 3 3 2 2 # 2 2 # # 2 2 # 2 1 # 2 2 2 2 
# # 2 1 2 3 # 2 1 2 3 3 2 2 2 # 4 # 2   1 # 2 1 2 2 # 2 # 2 1 1 2 4 # 2 1 1 1 2 2 2       
# 4 2 # 2 3 # 3 2 # 1 1 # 2 2 3 # 4 4 2 2 1 1     1 1 2 1 2 2 3 3 # 2 1       2 # 3 1 2 1 
# 2 1 1 2 # 3 # 2 1 1 2 3 4 # 3 3 # # # 2   1 2 2 1 1 1 1 1 # # # 2 1   1 1 1 2 # 3 # 2 # 
1 1   1 2 3 4 3 3 1 1 1 # # 2 2 # 3 5 # 4 1 2 # # 2 1 # 2 2 4 # 5 3 1   2 # 2 1 1 2 1 3 2 
      2 # 4 # # 2 # 2 2 2 2 1 2 2 2 2 # 3 # 2 3 # 2 2 3 4 # 2 2 # # 1   2 # 2   1 1 1 2 # 
1 1   2 # 4 # 4 3 3 # 2 1 1   1 # 1 1 1 2 2 2 3 2 2 2 # # 2 1 1 2 2 1   1 2 2 1 1 # 1 2 # 
# 2 2 3 2 2 1 2 # 2 2 3 # 1   1 2 3 2 1   2 # 3 # 3 5 # 4 1     1 1 1   1 2 # 1 1 1 1 1 1 
2 3 # # 3 1 2 2 3 2 2 # 2 1 1 1 2 # # 3 1 3 # 4 2 # # # 2       1 # 1   1 # 2 2 1 1   1 1 
2 # 5 # 3 # 2 # 2 # 2 2 2 1 1 # 3 4 # # 1 2 # 4 3 4 4 3 1       1 1 1   1 2 2 3 # 3 2 4 # 
2 # 5 4 4 3 3 2 2 2 2 3 # 2 1 1 3 # 5 3 1 1 3 # # 5 # 2 1 2 2 1 1 1 1   1 3 # 6 # 4 # # # 
1 2 # # # 2 # 2 1 1 # 3 # 2 1 2 4 # # 2     3 # # # # 3 1 # # 2 1 # 1   1 # # # # 3 2 3 2 
  1 2 3 2 2 2 # 1 2 2 3 1 1 1 # # 4 # 3 1   2 # 4 5 # 3 1 4 # 3 1 1 1   1 2 3 3 2 1   1 1 
            1 1 1 1 # 1     1 2 2 2 2 # 1   1 1 1 2 # 2   2 # 2           1 1 1       1 # 
Step: 1
? ? ? 2         1 ? ? ? ? ? ? ? ? ? ? ? ? ? ? ? ? ? ? ? ? ? ? ? ? ? ? ? ? ? ? ? ? ? ? ? ? 
? ? ? 2         1 ? ? ? ? ? ? ? ? ? ? ? ? ? ? ? ? ? ? ? ? ? ? ? ? ? ? ? ? ? ? ? ? ? ? ? ? 
? ? 3 1         1 1 ? ? ? ? ? ? ? ? ? ? ? ? ? ? ? ? ? ? ? ? ? ? ? ? ? ? ? ? ? ? ? ? ? ? ? 
? ? 1             1 ? ? ? ? ? ? ? ? ? ? ? ? ? ? ? ? ? ? ? ? ? ? ? ? ? ? ? ? ? ? ? ? ? ? ? 
? ? 1 1 1 1     1 3 ? ? ? ? ? ? ? ? ? ? ? ? ? ? ? ? ? ? ? ? ? ? ? ? ? ? ? ? ? ? ? ? ? ? ? 
? ? ? ? ? 1 1 1 2 ? ? ? ? ? ? ? ? ? ? ? ? ? ? ? ? ? ? ? ? ? ? ? ? ? ? ? ? ? ? ? ? ? ? ? ? 
? ? ? ? ? ? ? ? ? ? ? ? ? ? ? ? ? ? ? ? ? ? ? ? ? ? ? ? ? ? ? ? ? ? ? ? ? ? ? ? ? ? ? ? ? 
? ? ? ? ? ? ? ? ? ? ? ? ? ? ? ? ? ? ? ? ? ? ? ? ? ? ? ? ? ? ? ? ? ? ? ? ? ? ? ? ? ? ? ? ? 
? ? ? ? ? ? ? ? ? ? ? ? ? ? ? ? ? ? ? ? ? ? ? ? ? ? ? ? ? ? ? ? ? ? ? ? ? ? ? ? ? ? ? ? ? 
? ? ? ? ? ? ? ? ? ? ? ? ? ? ? ? ? ? ? ? ? ? ? ? ? ? ? ? ? ? ? ? ? ? ? ? ? ? ? ? ? ? ? ? ? 
? ? ? ? ? ? ? ? ? ? ? ? ? ? ? ? ? ? ? ? ? ? ? ? ? ? ? ? ? ? ? ? ? ? ? ? ? ? ? ? ? ? ? ? ? 
? ? ? ? ? ? ? ? ? ? ? ? ? ? ? ? ? ? ? ? ? ? ? ? ? ? ? ? ? ? ? ? ? ? ? ? ? ? ? ? ? ? ? ? ? 
? ? ? ? ? ? ? ? ? ? ? ? ? ? ? ? ? ? ? ? ? ? ? ? ? ? ? ? ? ? ? ? ? ? ? ? ? ? ? ? ? ? ? ? ? 
? ? ? ? ? ? ? ? ? ? ? ? ? ? ? ? ? ? ? ? ? ? ? ? ? ? ? ? ? ? ? ? ? ? ? ? ? ? ? ? ? ? ? ? ? 
? ? ? ? ? ? ? ? ? ? ? ? ? ? ? ? ? ? ? ? ? ? ? ? ? ? ? ? ? ? ? ? ? ? ? ? ? ? ? ? ? ? ? ? ? 
? ? ? ? ? ? ? ? ? ? ? ? ? ? ? ? ? ? ? ? ? ? ? ? ? ? ? ? ? ? ? ? ? ? ? ? ? ? ? ? ? ? ? ? ? 
? ? ? ? ? ? ? ? ? ? ? ? ? ? ? ? ? ? ? ? ? ? ? ? ? ? ? ? ? ? ? ? ? ? ? ? ? ? ? ? ? ? ? ? ? 
? ? ? ? ? ? ? ? ? ? ? ? ? ? ? ? ? ? ? ? ? ? ? ? ? ? ? ? ? ? ? ? ? ? ? ? ? ? ? ? ? ? ? ? ? 
? ? ? ? ? ? ? ? ? ? ? ? ? ? ? ? ? ? ? ? ? ? ? ? ? ? ? ? ? ? ? ? ? ? ? ? ? ? ? ? ? ? ? ? ? 
? ? ? ? ? ? ? ? ? ? ? ? ? ? ? ? ? ? ? ? ? ? ? ? ? ? ? ? ? ? ? ? ? ? ? ? ? ? ? ? ? ? ? ? ? 
? ? ? ? ? ? ? ? ? ? ? ? ? ? ? ? ? ? ? ? ? ? ? ? ? ? ? ? ? ? ? ? ? ? ? ? ? ? ? ? ? ? ? ? ? 
? ? ? ? ? ? ? ? ? ? ? ? ? ? ? ? ? ? ? ? ? ? ? ? ? ? ? ? ? ? ? ? ? ? ? ? ? ? ? ? ? ? ? ? ? 
? ? ? ? ? ? ? ? ? ? ? ? ? ? ? ? ? ? ? ? ? ? ? ? ? ? ? ? ? ? ? ? ? ? ? ? ? ? ? ? ? ? ? ? ? 
? ? ? ? ? ? ? ? ? ? ? ? ? ? ? ? ? ? ? ? ? ? ? ? ? ? ? ? ? ? ? ? ? ? ? ? ? ? ? ? ? ? ? ? ? 
? ? ? ? ? ? ? ? ? ? ? ? ? ? ? ? ? ? ? ? ? ? ? ? ? ? ? ? ? ? ? ? ? ? ? ? ? ? ? ? ? ? ? ? ? 
? ? ? ? ? ? ? ? ? ? ? ? ? ? ? ? ? ? ? ? ? ? ? ? ? ? ? ? ? ? ? ? ? ? ? ? ? ? ? ? ? ? ? ? ? 
Step: 2
? ? F 2         1 ? ? ? ? ? ? ? ? ? ? ? ? ? ? ? ? ? ? ? ? ? ? ? ? ? ? ? ? ? ? ? ? ? ? ? ? 
? ? F 2         1 F 3 ? ? ? ? ? ? ? ? ? ? ? ? ? ? ? ? ? ? ? ? ? ? ? ? ? ? ? ? ? ? ? ? ? ? 
? ? 3 1         1 1 2 1 2 1 2 2 ? ? ? ? ? ? ? ? ? ? ? ? ? ? ? ? ? ? ? ? ? ? ? ? ? ? ? ? ? 
? ? 1             1 1 1       1 ? ? ? ? ? ? ? ? ? ? ? ? ? ? ? ? ? ? ? ? ? ? ? ? ? ? ? ? ? 
? ? 1 1 1 1     1 3 F 2       1 3 F ? ? ? ? ? ? ? ? ? ? ? ? ? ? ? ? ? ? ? ? ? ? ? ? ? ? ? 
? ? ? 2 F 1 1 1 2 F F 2   1 1 1 3 F ? ? ? ? ? ? ? ? ? ? ? ? ? ? ? ? ? ? ? ? ? ? ? ? ? ? ? 
? ? F 3 1 1 2 F 3 2 2 1 1 2 F 1 2 F ? ? ? ? ? ? ? ? ? ? ? ? ? ? ? ? ? ? ? ? ? ? ? ? ? ? ? 
? ? F 3     3 F 4 2 2 1 1 F 2 1 1 2 ? ? ? ? ? ? ? ? ? ? ? ? ? ? ? ? ? ? ? ? ? ? ? ? ? ? ? 
? F F 2     2 F ? ? ? 1 2 2 3 1 2 2 ? ? ? ? ? ? ? ? ? ? ? ? ? ? ? ? ? ? ? ? ? ? ? ? ? ? ? 
1 2 2 1   1 2 3 ? ? ? ? ? ? ? ? ? ? ? ? ? ? ? ? ? ? ? ? ? ? ? ? ? ? ? ? ? ? ? ? ? ? ? ? ? 
          1 F 4 ? ? ? ? ? ? ? ? ? ? ? ? ? ? ? ? ? ? ? ? ? ? ? ? ? ? ? ? ? ? ? ? ? ? ? ? ? 
        1 2 3 ? ? ? ? ? ? ? ? ? ? ? ? ? ? ? ? ? ? ? ? ? ? ? ? ? ? ? ? ? ? ? ? ? ? ? ? ? ? 
2 2 1   1 F 3 ? ? ? ? ? ? ? ? ? ? ? ? ? ? ? ? ? ? ? ? ? ? ? ? ? ? ? ? ? ? ? ? ? ? ? ? ? ? 
F F 2 1 2 3 ? ? ? ? ? ? ? ? ? ? ? ? ? ? ? ? ? ? ? ? ? ? ? ? ? ? ? ? ? ? ? ? ? ? ? ? ? ? ? 
? ? ? ? ? ? ? ? ? ? ? ? ? ? ? ? ? ? ? ? ? ? ? ? ? ? ? ? ? ? ? ? ? ? ? ? ? ? ? ? ? ? ? ? ? 
? ? ? ? ? ? ? ? ? ? ? ? ? ? ? ? ? ? ? ? ? ? ? ? ? ? ? ? ? ? ? ? ? ? ? ? ? ? ? ? ? ? ? ? ? 
? ? ? ? ? ? ? ? ? ? ? ? ? ? ? ? ? ? ? ? ? ? ? ? ? ? ? ? ? ? ? ? ? ? ? ? ? ? ? ? ? ? ? ? ? 
? ? ? ? ? ? ? ? ? ? ? ? ? ? ? ? ? ? ? ? ? ? ? ? ? ? ? ? ? ? ? ? ? ? ? ? ? ? ? ? ? ? ? ? ? 
? ? ? ? ? ? ? ? ? ? ? ? ? ? ? ? ? ? ? ? ? ? ? ? ? ? ? ? ? ? ? ? ? ? ? ? ? ? ? ? ? ? ? ? ? 
? ? ? ? ? ? ? ? ? ? ? ? ? ? ? ? ? ? ? ? ? ? ? ? ? ? ? ? ? ? ? ? ? ? ? ? ? ? ? ? ? ? ? ? ? 
? ? ? ? ? ? ? ? ? ? ? ? ? ? ? ? ? ? ? ? ? ? ? ? ? ? ? ? ? ? ? ? ? ? ? ? ? ? ? ? ? ? ? ? ? 
? ? ? ? ? ? ? ? ? ? ? ? ? ? ? ? ? ? ? ? ? ? ? ? ? ? ? ? ? ? ? ? ? ? ? ? ? ? ? ? ? ? ? ? ? 
? ? ? ? ? ? ? ? ? ? ? ? ? ? ? ? ? ? ? ? ? ? ? ? ? ? ? ? ? ? ? ? ? ? ? ? ? ? ? ? ? ? ? ? ? 
? ? ? ? ? ? ? ? ? ? ? ? ? ? ? ? ? ? ? ? ? ? ? ? ? ? ? ? ? ? ? ? ? ? ? ? ? ? ? ? ? ? ? ? ? 
? ? ? ? ? ? ? ? ? ? ? ? ? ? ? ? ? ? ? ? ? ? ? ? ? ? ? ? ? ? ? ? ? ? ? ? ? ? ? ? ? ? ? ? ? 
? ? ? ? ? ? ? ? ? ? ? ? ? ? ? ? ? ? ? ? ? ? ? ? ? ? ? ? ? ? ? ? ? ? ? ? ? ? ? ? ? ? ? ? ? 
Step: 3
? ? F 2         1 1 3 F ? ? ? ? ? ? ? ? ? ? ? ? ? ? ? ? ? ? ? ? ? ? ? ? ? ? ? ? ? ? ? ? ? 
? ? F 2         1 F 3 F 3 F 2 F ? ? ? ? ? ? ? ? ? ? ? ? ? ? ? ? ? ? ? ? ? ? ? ? ? ? ? ? ? 
? ? 3 1         1 1 2 1 2 1 2 2 ? ? ? ? ? ? ? ? ? ? ? ? ? ? ? ? ? ? ? ? ? ? ? ? ? ? ? ? ? 
? ? 1             1 1 1       1 F 3 ? ? ? ? ? ? ? ? ? ? ? ? ? ? ? ? ? ? ? ? ? ? ? ? ? ? ? 
? ? 1 1 1 1     1 3 F 2       1 3 F ? ? ? ? ? ? ? ? ? ? ? ? ? ? ? ? ? ? ? ? ? ? ? ? ? ? ? 
? ? 2 2 F 1 1 1 2 F F 2   1 1 1 3 F ? ? ? ? ? ? ? ? ? ? ? ? ? ? ? ? ? ? ? ? ? ? ? ? ? ? ? 
1 3 F 3 1 1 2 F 3 2 2 1 1 2 F 1 2 F ? ? ? ? ? ? ? ? ? ? ? ? ? ? ? ? ? ? ? ? ? ? ? ? ? ? ? 
1 4 F 3     3 F 4 2 2 1 1 F 2 1 1 2 ? ? ? ? ? ? ? ? ? ? ? ? ? ? ? ? ? ? ? ? ? ? ? ? ? ? ? 
1 F F 2     2 F ? F F 1 2 2 3 1 2 2 ? ? ? ? ? ? ? ? ? ? ? ? ? ? ? ? ? ? ? ? ? ? ? ? ? ? ? 
1 2 2 1   1 2 3 ? F 4 1 1 F 2 F 2 F ? ? ? ? ? ? ? ? ? ? ? ? ? ? ? ? ? ? ? ? ? ? ? ? ? ? ? 
          1 F 4 ? F 4 1 2 2 3 2 3 3 ? ? ? ? ? ? ? ? ? ? ? ? ? ? ? ? ? ? ? ? ? ? ? ? ? ? ? 
        1 2 3 ? ? ? ? ? ? ? ? ? ? ? ? ? ? ? ? ? ? ? ? ? ? ? ? ? ? ? ? ? ? ? ? ? ? ? ? ? ? 
2 2 1   1 F 3 ? ? ? ? ? ? ? ? ? ? ? ? ? ? ? ? ? ? ? ? ? ? ? ? ? ? ? ? ? ? ? ? ? ? ? ? ? ? 
F F 2 1 2 3 ? ? ? ? ? ? ? ? ? ? ? ? ? ? ? ? ? ? ? ? ? ? ? ? ? ? ? ? ? ? ? ? ? ? ? ? ? ? ? 
? ? ? ? ? ? ? ? ? ? ? ? ? ? ? ? ? ? ? ? ? ? ? ? ? ? ? ? ? ? ? ? ? ? ? ? ? ? ? ? ? ? ? ? ? 
? ? ? ? ? ? ? ? ? ? ? ? ? ? ? ? ? ? ? ? ? ? ? ? ? ? ? ? ? ? ? ? ? ? ? ? ? ? ? ? ? ? ? ? ? 
? ? ? ? ? ? ? ? ? ? ? ? ? ? ? ? ? ? ? ? ? ? ? ? ? ? ? ? ? ? ? ? ? ? ? ? ? ? ? ? ? ? ? ? ? 
? ? ? ? ? ? ? ? ? ? ? ? ? ? ? ? ? ? ? ? ? ? ? ? ? ? ? ? ? ? ? ? ? ? ? ? ? ? ? ? ? ? ? ? ? 
? ? ? ? ? ? ? ? ? ? ? ? ? ? ? ? ? ? ? ? ? ? ? ? ? ? ? ? ? ? ? ? ? ? ? ? ? ? ? ? ? ? ? ? ? 
? ? ? ? ? ? ? ? ? ? ? ? ? ? ? ? ? ? ? ? ? ? ? ? ? ? ? ? ? ? ? ? ? ? ? ? ? ? ? ? ? ? ? ? ? 
? ? ? ? ? ? ? ? ? ? ? ? ? ? ? ? ? ? ? ? ? ? ? ? ? ? ? ? ? ? ? ? ? ? ? ? ? ? ? ? ? ? ? ? ? 
? ? ? ? ? ? ? ? ? ? ? ? ? ? ? ? ? ? ? ? ? ? ? ? ? ? ? ? ? ? ? ? ? ? ? ? ? ? ? ? ? ? ? ? ? 
? ? ? ? ? ? ? ? ? ? ? ? ? ? ? ? ? ? ? ? ? ? ? ? ? ? ? ? ? ? ? ? ? ? ? ? ? ? ? ? ? ? ? ? ? 
? ? ? ? ? ? ? ? ? ? ? ? ? ? ? ? ? ? ? ? ? ? ? ? ? ? ? ? ? ? ? ? ? ? ? ? ? ? ? ? ? ? ? ? ? 
? ? ? ? ? ? ? ? ? ? ? ? ? ? ? ? ? ? ? ? ? ? ? ? ? ? ? ? ? ? ? ? ? ? ? ? ? ? ? ? ? ? ? ? ? 
? ? ? ? ? ? ? ? ? ? ? ? ? ? ? ? ? ? ? ? ? ? ? ? ? ? ? ? ? ? ? ? ? ? ? ? ? ? ? ? ? ? ? ? ? 
Step: 4
? ? F 2         1 1 3 F 3 1 2 1 1   2 ? ? ? ? ? ? ? ? ? ? ? ? ? ? ? ? ? ? ? ? ? ? ? ? ? ? 
? ? F 2         1 F 3 F 3 F 2 F 1   2 ? ? ? ? ? ? ? ? ? ? ? ? ? ? ? ? ? ? ? ? ? ? ? ? ? ? 
? ? 3 1         1 1 2 1 2 1 2 2 2 2 3 ? ? ? ? ? ? ? ? ? ? ? ? ? ? ? ? ? ? ? ? ? ? ? ? ? ? 
? ? 1             1 1 1       1 F 3 F ? ? ? ? ? ? ? ? ? ? ? ? ? ? ? ? ? ? ? ? ? ? ? ? ? ? 
? ? 1 1 1 1     1 3 F 2       1 3 F 5 ? ? ? ? ? ? ? ? ? ? ? ? ? ? ? ? ? ? ? ? ? ? ? ? ? ? 
? ? 2 2 F 1 1 1 2 F F 2   1 1 1 3 F ? ? ? ? ? ? ? ? ? ? ? ? ? ? ? ? ? ? ? ? ? ? ? ? ? ? ? 
1 3 F 3 1 1 2 F 3 2 2 1 1 2 F 1 2 F ? ? ? ? ? ? ? ? ? ? ? ? ? ? ? ? ? ? ? ? ? ? ? ? ? ? ? 
1 4 F 3     3 F 4 2 2 1 1 F 2 1 1 2 ? ? ? ? ? ? ? ? ? ? ? ? ? ? ? ? ? ? ? ? ? ? ? ? ? ? ? 
1 F F 2     2 F 5 F F 1 2 2 3 1 2 2 ? ? ? ? ? ? ? ? ? ? ? ? ? ? ? ? ? ? ? ? ? ? ? ? ? ? ? 
1 2 2 1   1 2 3 F F 4 1 1 F 2 F 2 F ? ? ? ? ? ? ? ? ? ? ? ? ? ? ? ? ? ? ? ? ? ? ? ? ? ? ? 
          1 F 4 6 F 4 1 2 2 3 2 3 3 ? ? ? ? ? ? ? ? ? ? ? ? ? ? ? ? ? ? ? ? ? ? ? ? ? ? ? 
        1 2 3 F F F ? ? ? ? ? ? ? ? ? ? ? ? ? ? ? ? ? ? ? ? ? ? ? ? ? ? ? ? ? ? ? ? ? ? ? 
2 2 1   1 F 3 3 ? ? ? ? ? ? ? ? ? ? ? ? ? ? ? ? ? ? ? ? ? ? ? ? ? ? ? ? ? ? ? ? ? ? ? ? ? 
F F 2 1 2 3 ? ? ? ? ? ? ? ? ? ? ? ? ? ? ? ? ? ? ? ? ? ? ? ? ? ? ? ? ? ? ? ? ? ? ? ? ? ? ? 
? ? ? ? ? ? ? ? ? ? ? ? ? ? ? ? ? ? ? ? ? ? ? ? ? ? ? ? ? ? ? ? ? ? ? ? ? ? ? ? ? ? ? ? ? 
? ? ? ? ? ? ? ? ? ? ? ? ? ? ? ? ? ? ? ? ? ? ? ? ? ? ? ? ? ? ? ? ? ? ? ? ? ? ? ? ? ? ? ? ? 
? ? ? ? ? ? ? ? ? ? ? ? ? ? ? ? ? ? ? ? ? ? ? ? ? ? ? ? ? ? ? ? ? ? ? ? ? ? ? ? ? ? ? ? ? 
? ? ? ? ? ? ? ? ? ? ? ? ? ? ? ? ? ? ? ? ? ? ? ? ? ? ? ? ? ? ? ? ? ? ? ? ? ? ? ? ? ? ? ? ? 
? ? ? ? ? ? ? ? ? ? ? ? ? ? ? ? ? ? ? ? ? ? ? ? ? ? ? ? ? ? ? ? ? ? ? ? ? ? ? ? ? ? ? ? ? 
? ? ? ? ? ? ? ? ? ? ? ? ? ? ? ? ? ? ? ? ? ? ? ? ? ? ? ? ? ? ? ? ? ? ? ? ? ? ? ? ? ? ? ? ? 
? ? ? ? ? ? ? ? ? ? ? ? ? ? ? ? ? ? ? ? ? ? ? ? ? ? ? ? ? ? ? ? ? ? ? ? ? ? ? ? ? ? ? ? ? 
? ? ? ? ? ? ? ? ? ? ? ? ? ? ? ? ? ? ? ? ? ? ? ? ? ? ? ? ? ? ? ? ? ? ? ? ? ? ? ? ? ? ? ? ? 
? ? ? ? ? ? ? ? ? ? ? ? ? ? ? ? ? ? ? ? ? ? ? ? ? ? ? ? ? ? ? ? ? ? ? ? ? ? ? ? ? ? ? ? ? 
? ? ? ? ? ? ? ? ? ? ? ? ? ? ? ? ? ? ? ? ? ? ? ? ? ? ? ? ? ? ? ? ? ? ? ? ? ? ? ? ? ? ? ? ? 
? ? ? ? ? ? ? ? ? ? ? ? ? ? ? ? ? ? ? ? ? ? ? ? ? ? ? ? ? ? ? ? ? ? ? ? ? ? ? ? ? ? ? ? ? 
? ? ? ? ? ? ? ? ? ? ? ? ? ? ? ? ? ? ? ? ? ? ? ? ? ? ? ? ? ? ? ? ? ? ? ? ? ? ? ? ? ? ? ? ? 
Step: 5
? ? F 2         1 1 3 F 3 1 2 1 1   2 F 2 1 ? ? ? ? ? ? ? ? ? ? ? ? ? ? ? ? ? ? ? ? ? ? ? 
? ? F 2         1 F 3 F 3 F 2 F 1   2 F 2 1 2 F F ? ? ? ? ? ? ? ? ? ? ? ? ? ? ? ? ? ? ? ? 
? ? 3 1         1 1 2 1 2 1 2 2 2 2 3 3 3 1 2 2 3 ? ? ? ? ? ? ? ? ? ? ? ? ? ? ? ? ? ? ? ? 
? ? 1             1 1 1       1 F 3 F F 3 F 1   1 ? ? ? ? ? ? ? ? ? ? ? ? ? ? ? ? ? ? ? ? 
? ? 1 1 1 1     1 3 F 2       1 3 F 5 ? ? 2 2 2 2 ? ? ? ? ? ? ? ? ? ? ? ? ? ? ? ? ? ? ? ? 
? ? 2 2 F 1 1 1 2 F F 2   1 1 1 3 F ? ? ? ? ? ? ? ? ? ? ? ? ? ? ? ? ? ? ? ? ? ? ? ? ? ? ? 
1 3 F 3 1 1 2 F 3 2 2 1 1 2 F 1 2 F ? ? ? ? ? ? ? ? ? ? ? ? ? ? ? ? ? ? ? ? ? ? ? ? ? ? ? 
1 4 F 3     3 F 4 2 2 1 1 F 2 1 1 2 ? ? ? ? ? ? ? ? ? ? ? ? ? ? ? ? ? ? ? ? ? ? ? ? ? ? ? 
1 F F 2     2 F 5 F F 1 2 2 3 1 2 2 ? ? ? ? ? ? ? ? ? ? ? ? ? ? ? ? ? ? ? ? ? ? ? ? ? ? ? 
1 2 2 1   1 2 3 F F 4 1 1 F 2 F 2 F ? ? ? ? ? ? ? ? ? ? ? ? ? ? ? ? ? ? ? ? ? ? ? ? ? ? ? 
          1 F 4 6 F 4 1 2 2 3 2 3 3 ? ? ? ? ? ? ? ? ? ? ? ? ? ? ? ? ? ? ? ? ? ? ? ? ? ? ? 
        1 2 3 F F F ? ? ? ? ? ? ? ? ? ? ? ? ? ? ? ? ? ? ? ? ? ? ? ? ? ? ? ? ? ? ? ? ? ? ? 
2 2 1   1 F 3 3 ? ? ? ? ? ? ? ? ? ? ? ? ? ? ? ? ? ? ? ? ? ? ? ? ? ? ? ? ? ? ? ? ? ? ? ? ? 
F F 2 1 2 3 ? ? ? ? ? ? ? ? ? ? ? ? ? ? ? ? ? ? ? ? ? ? ? ? ? ? ? ? ? ? ? ? ? ? ? ? ? ? ? 
? ? ? ? ? ? ? ? ? ? ? ? ? ? ? ? ? ? ? ? ? ? ? ? ? ? ? ? ? ? ? ? ? ? ? ? ? ? ? ? ? ? ? ? ? 
? ? ? ? ? ? ? ? ? ? ? ? ? ? ? ? ? ? ? ? ? ? ? ? ? ? ? ? ? ? ? ? ? ? ? ? ? ? ? ? ? ? ? ? ? 
? ? ? ? ? ? ? ? ? ? ? ? ? ? ? ? ? ? ? ? ? ? ? ? ? ? ? ? ? ? ? ? ? ? ? ? ? ? ? ? ? ? ? ? ? 
? ? ? ? ? ? ? ? ? ? ? ? ? ? ? ? ? ? ? ? ? ? ? ? ? ? ? ? ? ? ? ? ? ? ? ? ? ? ? ? ? ? ? ? ? 
? ? ? ? ? ? ? ? ? ? ? ? ? ? ? ? ? ? ? ? ? ? ? ? ? ? ? ? ? ? ? ? ? ? ? ? ? ? ? ? ? ? ? ? ? 
? ? ? ? ? ? ? ? ? ? ? ? ? ? ? ? ? ? ? ? ? ? ? ? ? ? ? ? ? ? ? ? ? ? ? ? ? ? ? ? ? ? ? ? ? 
? ? ? ? ? ? ? ? ? ? ? ? ? ? ? ? ? ? ? ? ? ? ? ? ? ? ? ? ? ? ? ? ? ? ? ? ? ? ? ? ? ? ? ? ? 
? ? ? ? ? ? ? ? ? ? ? ? ? ? ? ? ? ? ? ? ? ? ? ? ? ? ? ? ? ? ? ? ? ? ? ? ? ? ? ? ? ? ? ? ? 
? ? ? ? ? ? ? ? ? ? ? ? ? ? ? ? ? ? ? ? ? ? ? ? ? ? ? ? ? ? ? ? ? ? ? ? ? ? ? ? ? ? ? ? ? 
? ? ? ? ? ? ? ? ? ? ? ? ? ? ? ? ? ? ? ? ? ? ? ? ? ? ? ? ? ? ? ? ? ? ? ? ? ? ? ? ? ? ? ? ? 
? ? ? ? ? ? ? ? ? ? ? ? ? ? ? ? ? ? ? ? ? ? ? ? ? ? ? ? ? ? ? ? ? ? ? ? ? ? ? ? ? ? ? ? ? 
? ? ? ? ? ? ? ? ? ? ? ? ? ? ? ? ? ? ? ? ? ? ? ? ? ? ? ? ? ? ? ? ? ? ? ? ? ? ? ? ? ? ? ? ? 
Step: 6
? ? F 2         1 1 3 F 3 1 2 1 1   2 F 2 1 F 3 3 ? ? ? ? ? ? ? ? ? ? ? ? ? ? ? ? ? ? ? ? 
? ? F 2         1 F 3 F 3 F 2 F 1   2 F 2 1 2 F F ? ? ? ? ? ? ? ? ? ? ? ? ? ? ? ? ? ? ? ? 
? ? 3 1         1 1 2 1 2 1 2 2 2 2 3 3 3 1 2 2 3 ? ? ? ? ? ? ? ? ? ? ? ? ? ? ? ? ? ? ? ? 
? ? 1             1 1 1       1 F 3 F F 3 F 1   1 ? ? ? ? ? ? ? ? ? ? ? ? ? ? ? ? ? ? ? ? 
? ? 1 1 1 1     1 3 F 2       1 3 F 5 ? ? 2 2 2 2 ? ? ? ? ? ? ? ? ? ? ? ? ? ? ? ? ? ? ? ? 
? ? 2 2 F 1 1 1 2 F F 2   1 1 1 3 F ? ? ? ? ? ? ? ? ? ? ? ? ? ? ? ? ? ? ? ? ? ? ? ? ? ? ? 
1 3 F 3 1 1 2 F 3 2 2 1 1 2 F 1 2 F ? ? ? ? ? ? ? ? ? ? ? ? ? ? ? ? ? ? ? ? ? ? ? ? ? ? ? 
1 4 F 3     3 F 4 2 2 1 1 F 2 1 1 2 ? ? ? ? ? ? ? ? ? ? ? ? ? ? ? ? ? ? ? ? ? ? ? ? ? ? ? 
1 F F 2     2 F 5 F F 1 2 2 3 1 2 2 ? ? ? ? ? ? ? ? ? ? ? ? ? ? ? ? ? ? ? ? ? ? ? ? ? ? ? 
1 2 2 1   1 2 3 F F 4 1 1 F 2 F 2 F ? ? ? ? ? ? ? ? ? ? ? ? ? ? ? ? ? ? ? ? ? ? ? ? ? ? ? 
          1 F 4 6 F 4 1 2 2 3 2 3 3 ? ? ? ? ? ? ? ? ? ? ? ? ? ? ? ? ? ? ? ? ? ? ? ? ? ? ? 
        1 2 3 F F F ? ? ? ? ? ? ? ? ? ? ? ? ? ? ? ? ? ? ? ? ? ? ? ? ? ? ? ? ? ? ? ? ? ? ? 
2 2 1   1 F 3 3 ? ? ? ? ? ? ? ? ? ? ? ? ? ? ? ? ? ? ? ? ? ? ? ? ? ? ? ? ? ? ? ? ? ? ? ? ? 
F F 2 1 2 3 ? ? ? ? ? ? ? ? ? ? ? ? ? ? ? ? ? ? ? ? ? ? ? ? ? ? ? ? ? ? ? ? ? ? ? ? ? ? ? 
? ? ? ? ? ? ? ? ? ? ? ? ? ? ? ? ? ? ? ? ? ? ? ? ? ? ? ? ? ? ? ? ? ? ? ? ? ? ? ? ? ? ? ? ? 
? ? ? ? ? ? ? ? ? ? ? ? ? ? ? ? ? ? ? ? ? ? ? ? ? ? ? ? ? ? ? ? ? ? ? ? ? ? ? ? ? ? ? ? ? 
? ? ? ? ? ? ? ? ? ? ? ? ? ? ? ? ? ? ? ? ? ? ? ? ? ? ? ? ? ? ? ? ? ? ? ? ? ? ? ? ? ? ? ? ? 
? ? ? ? ? ? ? ? ? ? ? ? ? ? ? ? ? ? ? ? ? ? ? ? ? ? ? ? ? ? ? ? ? ? ? ? ? ? ? ? ? ? ? ? ? 
? ? ? ? ? ? ? ? ? ? ? ? ? ? ? ? ? ? ? ? ? ? ? ? ? ? ? ? ? ? ? ? ? ? ? ? ? ? ? ? ? ? ? ? ? 
? ? ? ? ? ? ? ? ? ? ? ? ? ? ? ? ? ? ? ? ? ? ? ? ? ? ? ? ? ? ? ? ? ? ? ? ? ? ? ? ? ? ? ? ? 
? ? ? ? ? ? ? ? ? ? ? ? ? ? ? ? ? ? ? ? ? ? ? ? ? ? ? ? ? ? ? ? ? ? ? ? ? ? ? ? ? ? ? ? ? 
? ? ? ? ? ? ? ? ? ? ? ? ? ? ? ? ? ? ? ? ? ? ? ? ? ? ? ? ? ? ? ? ? ? ? ? ? ? ? ? ? ? ? ? ? 
? ? ? ? ? ? ? ? ? ? ? ? ? ? ? ? ? ? ? ? ? ? ? ? ? ? ? ? ? ? ? ? ? ? ? ? ? ? ? ? ? ? ? ? ? 
? ? ? ? ? ? ? ? ? ? ? ? ? ? ? ? ? ? ? ? ? ? ? ? ? ? ? ? ? ? ? ? ? ? ? ? ? ? ? ? ? ? ? ? ? 
? ? ? ? ? ? ? ? ? ? ? ? ? ? ? ? ? ? ? ? ? ? ? ? ? ? ? ? ? ? ? ? ? ? ? ? ? ? ? ? ? ? ? ? ? 
? ? ? ? ? ? ? ? ? ? ? ? ? ? ? ? ? ? ? ? ? ? ? ? ? ? ? ? ? ? ? ? ? ? ? ? ? ? ? ? ? ? ? ? ? 
Step: 7
? ? F 2         1 1 3 F 3 1 2 1 1   2 F 2 1 F 3 3 ? ? ? ? ? ? ? ? ? ? ? ? ? ? ? ? ? ? ? ? 
? F F 2         1 F 3 F 3 F 2 F 1   2 F 2 1 2 F F ? ? ? ? ? ? ? ? ? ? ? ? ? ? ? ? ? ? ? ? 
? ? 3 1         1 1 2 1 2 1 2 2 2 2 3 3 3 1 2 2 3 ? ? ? ? ? ? ? ? ? ? ? ? ? ? ? ? ? ? ? ? 
? 2 1             1 1 1       1 F 3 F F 3 F 1   1 ? ? ? ? ? ? ? ? ? ? ? ? ? ? ? ? ? ? ? ? 
? ? 1 1 1 1     1 3 F 2       1 3 F 5 ? ? 2 2 2 2 ? ? ? ? ? ? ? ? ? ? ? ? ? ? ? ? ? ? ? ? 
? ? 2 2 F 1 1 1 2 F F 2   1 1 1 3 F ? ? ? ? ? ? F ? ? ? ? ? ? ? ? ? ? ? ? ? ? ? ? ? ? ? ? 
1 3 F 3 1 1 2 F 3 2 2 1 1 2 F 1 2 F ? ? ? ? ? ? ? ? ? ? ? ? ? ? ? ? ? ? ? ? ? ? ? ? ? ? ? 
1 4 F 3     3 F 4 2 2 1 1 F 2 1 1 2 ? ? ? ? ? ? ? ? ? ? ? ? ? ? ? ? ? ? ? ? ? ? ? ? ? ? ? 
1 F F 2     2 F 5 F F 1 2 2 3 1 2 2 ? ? ? ? ? ? ? ? ? ? ? ? ? ? ? ? ? ? ? ? ? ? ? ? ? ? ? 
1 2 2 1   1 2 3 F F 4 1 1 F 2 F 2 F ? ? ? ? ? ? ? ? ? ? ? ? ? ? ? ? ? ? ? ? ? ? ? ? ? ? ? 
          1 F 4 6 F 4 1 2 2 3 2 3 3 ? ? ? ? ? ? ? ? ? ? ? ? ? ? ? ? ? ? ? ? ? ? ? ? ? ? ? 
        1 2 3 F F F ? ? 2 ? ? 2 ? ? ? ? ? ? ? ? ? ? ? ? ? ? ? ? ? ? ? ? ? ? ? ? ? ? ? ? ? 
2 2 1   1 F 3 3 3 4 ? ? ? ? ? ? ? ? ? ? ? ? ? ? ? ? ? ? ? ? ? ? ? ? ? ? ? ? ? ? ? ? ? ? ? 
F F 2 1 2 3 ? 2 1 2 ? ? ? ? ? ? ? ? ? ? ? ? ? ? ? ? ? ? ? ? ? ? ? ? ? ? ? ? ? ? ? ? ? ? ? 
? ? ? ? ? ? ? ? ? ? ? ? ? ? ? ? ? ? ? ? ? ? ? ? ? ? ? ? ? ? ? ? ? ? ? ? ? ? ? ? ? ? ? ? ? 
? ? ? ? ? ? ? ? ? ? ? ? ? ? ? ? ? ? ? ? ? ? ? ? ? ? ? ? ? ? ? ? ? ? ? ? ? ? ? ? ? ? ? ? ? 
? ? ? ? ? ? ? ? ? ? ? ? ? ? ? ? ? ? ? ? ? ? ? ? ? ? ? ? ? ? ? ? ? ? ? ? ? ? ? ? ? ? ? ? ? 
? ? ? ? ? ? ? ? ? ? ? ? ? ? ? ? ? ? ? ? ? ? ? ? ? ? ? ? ? ? ? ? ? ? ? ? ? ? ? ? ? ? ? ? ? 
? ? ? ? ? ? ? ? ? ? ? ? ? ? ? ? ? ? ? ? ? ? ? ? ? ? ? ? ? ? ? ? ? ? ? ? ? ? ? ? ? ? ? ? ? 
? ? ? ? ? ? ? ? ? ? ? ? ? ? ? ? ? ? ? ? ? ? ? ? ? ? ? ? ? ? ? ? ? ? ? ? ? ? ? ? ? ? ? ? ? 
? ? ? ? ? ? ? ? ? ? ? ? ? ? ? ? ? ? ? ? ? ? ? ? ? ? ? ? ? ? ? ? ? ? ? ? ? ? ? ? ? ? ? ? ? 
? ? ? ? ? ? ? ? ? ? ? ? ? ? ? ? ? ? ? ? ? ? ? ? ? ? ? ? ? ? ? ? ? ? ? ? ? ? ? ? ? ? ? ? ? 
? ? ? ? ? ? ? ? ? ? ? ? ? ? ? ? ? ? ? ? ? ? ? ? ? ? ? ? ? ? ? ? ? ? ? ? ? ? ? ? ? ? ? ? ? 
? ? ? ? ? ? ? ? ? ? ? ? ? ? ? ? ? ? ? ? ? ? ? ? ? ? ? ? ? ? ? ? ? ? ? ? ? ? ? ? ? ? ? ? ? 
? ? ? ? ? ? ? ? ? ? ? ? ? ? ? ? ? ? ? ? ? ? ? ? ? ? ? ? ? ? ? ? ? ? ? ? ? ? ? ? ? ? ? ? ? 
? ? ? ? ? ? ? ? ? ? ? ? ? ? ? ? ? ? ? ? ? ? ? ? ? ? ? ? ? ? ? ? ? ? ? ? ? ? ? ? ? ? ? ? ? 
Step: 8
? ? F 2         1 1 3 F 3 1 2 1 1   2 F 2 1 F 3 3 ? ? ? ? ? ? ? ? ? ? ? ? ? ? ? ? ? ? ? ? 
? F F 2         1 F 3 F 3 F 2 F 1   2 F 2 1 2 F F ? ? ? ? ? ? ? ? ? ? ? ? ? ? ? ? ? ? ? ? 
? F 3 1         1 1 2 1 2 1 2 2 2 2 3 3 3 1 2 2 3 ? ? ? ? ? ? ? ? ? ? ? ? ? ? ? ? ? ? ? ? 
2 2 1             1 1 1       1 F 3 F F 3 F 1   1 ? ? ? ? ? ? ? ? ? ? ? ? ? ? ? ? ? ? ? ? 
1 1 1 1 1 1     1 3 F 2       1 3 F 5 ? ? 2 2 2 2 ? ? ? ? ? ? ? ? ? ? ? ? ? ? ? ? ? ? ? ? 
1 F 2 2 F 1 1 1 2 F F 2   1 1 1 3 F ? ? ? ? ? ? F ? ? ? ? ? ? ? ? ? ? ? ? ? ? ? ? ? ? ? ? 
1 3 F 3 1 1 2 F 3 2 2 1 1 2 F 1 2 F ? ? ? ? ? ? ? ? ? ? ? ? ? ? ? ? ? ? ? ? ? ? ? ? ? ? ? 
1 4 F 3     3 F 4 2 2 1 1 F 2 1 1 2 ? ? ? ? ? ? ? ? ? ? ? ? ? ? ? ? ? ? ? ? ? ? ? ? ? ? ? 
1 F F 2     2 F 5 F F 1 2 2 3 1 2 2 ? ? ? ? ? ? ? ? ? ? ? ? ? ? ? ? ? ? ? ? ? ? ? ? ? ? ? 
1 2 2 1   1 2 3 F F 4 1 1 F 2 F 2 F ? ? ? ? ? ? ? ? ? ? ? ? ? ? ? ? ? ? ? ? ? ? ? ? ? ? ? 
          1 F 4 6 F 4 1 2 2 3 2 3 3 ? ? ? ? ? ? ? ? ? ? ? ? ? ? ? ? ? ? ? ? ? ? ? ? ? ? ? 
        1 2 3 F F F ? ? 2 ? ? 2 ? ? ? ? ? ? ? ? ? ? ? ? ? ? ? ? ? ? ? ? ? ? ? ? ? ? ? ? ? 
2 2 1   1 F 3 3 3 4 ? ? ? ? ? ? ? ? ? ? ? ? ? ? ? ? ? ? ? ? ? ? ? ? ? ? ? ? ? ? ? ? ? ? ? 
F F 2 1 2 3 F 2 1 2 ? ? ? ? ? ? ? ? ? ? ? ? ? ? ? ? ? ? ? ? ? ? ? ? ? ? ? ? ? ? ? ? ? ? ? 
? ? ? ? ? ? ? ? ? ? ? ? ? ? ? ? ? ? ? ? ? ? ? ? ? ? ? ? ? ? ? ? ? ? ? ? ? ? ? ? ? ? ? ? ? 
? ? ? ? ? ? ? ? ? ? ? ? ? ? ? ? ? ? ? ? ? ? ? ? ? ? ? ? ? ? ? ? ? ? ? ? ? ? ? ? ? ? ? ? ? 
? ? ? ? ? ? ? ? ? ? ? ? ? ? ? ? ? ? ? ? ? ? ? ? ? ? ? ? ? ? ? ? ? ? ? ? ? ? ? ? ? ? ? ? ? 
? ? ? ? ? ? ? ? ? ? ? ? ? ? ? ? ? ? ? ? ? ? ? ? ? ? ? ? ? ? ? ? ? ? ? ? ? ? ? ? ? ? ? ? ? 
? ? ? ? ? ? ? ? ? ? ? ? ? ? ? ? ? ? ? ? ? ? ? ? ? ? ? ? ? ? ? ? ? ? ? ? ? ? ? ? ? ? ? ? ? 
? ? ? ? ? ? ? ? ? ? ? ? ? ? ? ? ? ? ? ? ? ? ? ? ? ? ? ? ? ? ? ? ? ? ? ? ? ? ? ? ? ? ? ? ? 
? ? ? ? ? ? ? ? ? ? ? ? ? ? ? ? ? ? ? ? ? ? ? ? ? ? ? ? ? ? ? ? ? ? ? ? ? ? ? ? ? ? ? ? ? 
? ? ? ? ? ? ? ? ? ? ? ? ? ? ? ? ? ? ? ? ? ? ? ? ? ? ? ? ? ? ? ? ? ? ? ? ? ? ? ? ? ? ? ? ? 
? ? ? ? ? ? ? ? ? ? ? ? ? ? ? ? ? ? ? ? ? ? ? ? ? ? ? ? ? ? ? ? ? ? ? ? ? ? ? ? ? ? ? ? ? 
? ? ? ? ? ? ? ? ? ? ? ? ? ? ? ? ? ? ? ? ? ? ? ? ? ? ? ? ? ? ? ? ? ? ? ? ? ? ? ? ? ? ? ? ? 
? ? ? ? ? ? ? ? ? ? ? ? ? ? ? ? ? ? ? ? ? ? ? ? ? ? ? ? ? ? ? ? ? ? ? ? ? ? ? ? ? ? ? ? ? 
? ? ? ? ? ? ? ? ? ? ? ? ? ? ? ? ? ? ? ? ? ? ? ? ? ? ? ? ? ? ? ? ? ? ? ? ? ? ? ? ? ? ? ? ? 
Step: 9
? ? F 2         1 1 3 F 3 1 2 1 1   2 F 2 1 F 3 3 ? ? ? ? ? ? ? ? ? ? ? ? ? ? ? ? ? ? ? ? 
? F F 2         1 F 3 F 3 F 2 F 1   2 F 2 1 2 F F ? ? ? ? ? ? ? ? ? ? ? ? ? ? ? ? ? ? ? ? 
F F 3 1         1 1 2 1 2 1 2 2 2 2 3 3 3 1 2 2 3 ? ? ? ? ? ? ? ? ? ? ? ? ? ? ? ? ? ? ? ? 
2 2 1             1 1 1       1 F 3 F F 3 F 1   1 ? ? ? ? ? ? ? ? ? ? ? ? ? ? ? ? ? ? ? ? 
1 1 1 1 1 1     1 3 F 2       1 3 F 5 ? ? 2 2 2 2 ? ? ? ? ? ? ? ? ? ? ? ? ? ? ? ? ? ? ? ? 
1 F 2 2 F 1 1 1 2 F F 2   1 1 1 3 F ? ? ? ? ? ? F ? ? ? ? ? ? ? ? ? ? ? ? ? ? ? ? ? ? ? ? 
1 3 F 3 1 1 2 F 3 2 2 1 1 2 F 1 2 F ? ? ? ? ? ? ? ? ? ? ? ? ? ? ? ? ? ? ? ? ? ? ? ? ? ? ? 
1 4 F 3     3 F 4 2 2 1 1 F 2 1 1 2 ? ? ? ? ? ? ? ? ? ? ? ? ? ? ? ? ? ? ? ? ? ? ? ? ? ? ? 
1 F F 2     2 F 5 F F 1 2 2 3 1 2 2 ? ? ? ? ? ? ? ? ? ? ? ? ? ? ? ? ? ? ? ? ? ? ? ? ? ? ? 
1 2 2 1   1 2 3 F F 4 1 1 F 2 F 2 F ? ? ? ? ? ? ? ? ? ? ? ? ? ? ? ? ? ? ? ? ? ? ? ? ? ? ? 
          1 F 4 6 F 4 1 2 2 3 2 3 3 ? ? ? ? ? ? ? ? ? ? ? ? ? ? ? ? ? ? ? ? ? ? ? ? ? ? ? 
        1 2 3 F F F ? ? 2 ? ? 2 ? ? ? ? ? ? ? ? ? ? ? ? ? ? ? ? ? ? ? ? ? ? ? ? ? ? ? ? ? 
2 2 1   1 F 3 3 3 4 ? ? ? ? ? ? ? ? ? ? ? ? ? ? ? ? ? ? ? ? ? ? ? ? ? ? ? ? ? ? ? ? ? ? ? 
F F 2 1 2 3 F 2 1 2 ? ? ? ? ? ? ? ? ? ? ? ? ? ? ? ? ? ? ? ? ? ? ? ? ? ? ? ? ? ? ? ? ? ? ? 
? ? ? ? ? ? ? ? ? ? ? ? ? ? ? ? ? ? ? ? ? ? ? ? ? ? ? ? ? ? ? ? ? ? ? ? ? ? ? ? ? ? ? ? ? 
? ? ? ? ? ? ? ? ? ? ? ? ? ? ? ? ? ? ? ? ? ? ? ? ? ? ? ? ? ? ? ? ? ? ? ? ? ? ? ? ? ? ? ? ? 
? ? ? ? ? ? ? ? ? ? ? ? ? ? ? ? ? ? ? ? ? ? ? ? ? ? ? ? ? ? ? ? ? ? ? ? ? ? ? ? ? ? ? ? ? 
? ? ? ? ? ? ? ? ? ? ? ? ? ? ? ? ? ? ? ? ? ? ? ? ? ? ? ? ? ? ? ? ? ? ? ? ? ? ? ? ? ? ? ? ? 
? ? ? ? ? ? ? ? ? ? ? ? ? ? ? ? ? ? ? ? ? ? ? ? ? ? ? ? ? ? ? ? ? ? ? ? ? ? ? ? ? ? ? ? ? 
? ? ? ? ? ? ? ? ? ? ? ? ? ? ? ? ? ? ? ? ? ? ? ? ? ? ? ? ? ? ? ? ? ? ? ? ? ? ? ? ? ? ? ? ? 
? ? ? ? ? ? ? ? ? ? ? ? ? ? ? ? ? ? ? ? ? ? ? ? ? ? ? ? ? ? ? ? ? ? ? ? ? ? ? ? ? ? ? ? ? 
? ? ? ? ? ? ? ? ? ? ? ? ? ? ? ? ? ? ? ? ? ? ? ? ? ? ? ? ? ? ? ? ? ? ? ? ? ? ? ? ? ? ? ? ? 
? ? ? ? ? ? ? ? ? ? ? ? ? ? ? ? ? ? ? ? ? ? ? ? ? ? ? ? ? ? ? ? ? ? ? ? ? ? ? ? ? ? ? ? ? 
? ? ? ? ? ? ? ? ? ? ? ? ? ? ? ? ? ? ? ? ? ? ? ? ? ? ? ? ? ? ? ? ? ? ? ? ? ? ? ? ? ? ? ? ? 
? ? ? ? ? ? ? ? ? ? ? ? ? ? ? ? ? ? ? ? ? ? ? ? ? ? ? ? ? ? ? ? ? ? ? ? ? ? ? ? ? ? ? ? ? 
? ? ? ? ? ? ? ? ? ? ? ? ? ? ? ? ? ? ? ? ? ? ? ? ? ? ? ? ? ? ? ? ? ? ? ? ? ? ? ? ? ? ? ? ? 
Step: 10
? ? F 2         1 1 3 F 3 1 2 1 1   2 F 2 1 F 3 3 ? ? ? ? ? ? ? ? ? ? ? ? ? ? ? ? ? ? ? ? 
? F F 2         1 F 3 F 3 F 2 F 1   2 F 2 1 2 F F ? ? ? ? ? ? ? ? ? ? ? ? ? ? ? ? ? ? ? ? 
F F 3 1         1 1 2 1 2 1 2 2 2 2 3 3 3 1 2 2 3 ? ? ? ? ? ? ? ? ? ? ? ? ? ? ? ? ? ? ? ? 
2 2 1             1 1 1       1 F 3 F F 3 F 1   1 ? ? ? ? ? ? ? ? ? ? ? ? ? ? ? ? ? ? ? ? 
1 1 1 1 1 1     1 3 F 2       1 3 F 5 ? ? 2 2 2 2 ? ? ? ? ? ? ? ? ? ? ? ? ? ? ? ? ? ? ? ? 
1 F 2 2 F 1 1 1 2 F F 2   1 1 1 3 F ? ? ? 1 ? ? F ? ? ? ? ? ? ? ? ? ? ? ? ? ? ? ? ? ? ? ? 
1 3 F 3 1 1 2 F 3 2 2 1 1 2 F 1 2 F ? ? ? ? ? ? ? ? ? ? ? ? ? ? ? ? ? ? ? ? ? ? ? ? ? ? ? 
1 4 F 3     3 F 4 2 2 1 1 F 2 1 1 2 ? ? ? ? ? ? ? ? ? ? ? ? ? ? ? ? ? ? ? ? ? ? ? ? ? ? ? 
1 F F 2     2 F 5 F F 1 2 2 3 1 2 2 ? ? ? ? ? ? ? ? ? ? ? ? ? ? ? ? ? ? ? ? ? ? ? ? ? ? ? 
1 2 2 1   1 2 3 F F 4 1 1 F 2 F 2 F ? ? ? ? ? ? ? ? ? ? ? ? ? ? ? ? ? ? ? ? ? ? ? ? ? ? ? 
          1 F 4 6 F 4 1 2 2 3 2 3 3 ? ? ? ? ? ? ? ? ? ? ? ? ? ? ? ? ? ? ? ? ? ? ? ? ? ? ? 
        1 2 3 F F F ? ? 2 ? ? 2 ? ? ? ? ? ? ? ? ? ? ? ? ? ? ? ? ? ? ? ? ? ? ? ? ? ? ? ? ? 
2 2 1   1 F 3 3 3 4 ? ? ? ? ? ? ? ? ? ? ? ? ? ? ? ? ? ? ? ? ? ? ? ? ? ? ? ? ? ? ? ? ? ? ? 
F F 2 1 2 3 F 2 1 2 ? ? ? ? ? ? ? ? ? ? ? ? ? ? ? ? ? ? ? ? ? ? ? ? ? ? ? ? ? ? ? ? ? ? ? 
? ? ? ? ? ? ? ? ? ? ? ? ? ? ? ? ? ? ? ? ? ? ? ? ? ? ? ? ? ? ? ? ? ? ? ? ? ? ? ? ? ? ? ? ? 
? ? ? ? ? ? ? ? ? ? ? ? ? ? ? ? ? ? ? ? ? ? ? ? ? ? ? ? ? ? ? ? ? ? ? ? ? ? ? ? ? ? ? ? ? 
? ? ? ? ? ? ? ? ? ? ? ? ? ? ? ? ? ? ? ? ? ? ? ? ? ? ? ? ? ? ? ? ? ? ? ? ? ? ? ? ? ? ? ? ? 
? ? ? ? ? ? ? ? ? ? ? ? ? ? ? ? ? ? ? ? ? ? ? ? ? ? ? ? ? ? ? ? ? ? ? ? ? ? ? ? ? ? ? ? ? 
? ? ? ? ? ? ? ? ? ? ? ? ? ? ? ? ? ? ? ? ? ? ? ? ? ? ? ? ? ? ? ? ? ? ? ? ? ? ? ? ? ? ? ? ? 
? ? ? ? ? ? ? ? ? ? ? ? ? ? ? ? ? ? ? ? ? ? ? ? ? ? ? ? ? ? ? ? ? ? ? ? ? ? ? ? ? ? ? ? ? 
? ? ? ? ? ? ? ? ? ? ? ? ? ? ? ? ? ? ? ? ? ? ? ? ? ? ? ? ? ? ? ? ? ? ? ? ? ? ? ? ? ? ? ? ? 
? ? ? ? ? ? ? ? ? ? ? ? ? ? ? ? ? ? ? ? ? ? ? ? ? ? ? ? ? ? ? ? ? ? ? ? ? ? ? ? ? ? ? ? ? 
? ? ? ? ? ? ? ? ? ? ? ? ? ? ? ? ? ? ? ? ? ? ? ? ? ? ? ? ? ? ? ? ? ? ? ? ? ? ? ? ? ? ? ? ? 
? ? ? ? ? ? ? ? ? ? ? ? ? ? ? ? ? ? ? ? ? ? ? ? ? ? ? ? ? ? ? ? ? ? ? ? ? ? ? ? ? ? ? ? ? 
? ? ? ? ? ? ? ? ? ? ? ? ? ? ? ? ? ? ? ? ? ? ? ? ? ? ? ? ? ? ? ? ? ? ? ? ? ? ? ? ? ? ? ? ? 
? ? ? ? ? ? ? ? ? ? ? ? ? ? ? ? ? ? ? ? ? ? ? ? ? ? ? ? ? ? ? ? ? ? ? ? ? ? ? ? ? ? ? ? ? 
Step: 11
? ? F 2         1 1 3 F 3 1 2 1 1   2 F 2 1 F 3 3 ? ? ? ? ? ? ? ? ? ? ? ? ? ? ? ? ? ? ? ? 
? F F 2         1 F 3 F 3 F 2 F 1   2 F 2 1 2 F F ? ? ? ? ? ? ? ? ? ? ? ? ? ? ? ? ? ? ? ? 
F F 3 1         1 1 2 1 2 1 2 2 2 2 3 3 3 1 2 2 3 ? ? ? ? ? ? ? ? ? ? ? ? ? ? ? ? ? ? ? ? 
2 2 1             1 1 1       1 F 3 F F 3 F 1   1 ? ? ? ? ? ? ? ? ? ? ? ? ? ? ? ? ? ? ? ? 
1 1 1 1 1 1     1 3 F 2       1 3 F 5 ? ? 2 2 2 2 ? ? ? ? ? ? ? ? ? ? ? ? ? ? ? ? ? ? ? ? 
1 F 2 2 F 1 1 1 2 F F 2   1 1 1 3 F ? ? ? 1 ? ? F ? ? ? ? ? ? ? ? ? ? ? ? ? ? ? ? ? ? ? ? 
1 3 F 3 1 1 2 F 3 2 2 1 1 2 F 1 2 F ? ? 1 2 3 ? ? ? ? ? ? ? ? ? ? ? ? ? ? ? ? ? ? ? ? ? ? 
1 4 F 3     3 F 4 2 2 1 1 F 2 1 1 2 ? ? ? ? ? ? ? ? ? ? ? ? ? ? ? ? ? ? ? ? ? ? ? ? ? ? ? 
1 F F 2     2 F 5 F F 1 2 2 3 1 2 2 ? ? ? ? ? ? ? ? ? ? ? ? ? ? ? ? ? ? ? ? ? ? ? ? ? ? ? 
1 2 2 1   1 2 3 F F 4 1 1 F 2 F 2 F ? ? ? ? ? ? ? ? ? ? ? ? ? ? ? ? ? ? ? ? ? ? ? ? ? ? ? 
          1 F 4 6 F 4 1 2 2 3 2 3 3 ? ? ? ? ? ? ? ? ? ? ? ? ? ? ? ? ? ? ? ? ? ? ? ? ? ? ? 
        1 2 3 F F F ? ? 2 ? ? 2 ? ? ? ? ? ? ? ? ? ? ? ? ? ? ? ? ? ? ? ? ? ? ? ? ? ? ? ? ? 
2 2 1   1 F 3 3 3 4 ? ? ? ? ? ? ? ? ? ? ? ? ? ? ? ? ? ? ? ? ? ? ? ? ? ? ? ? ? ? ? ? ? ? ? 
F F 2 1 2 3 F 2 1 2 ? ? ? ? ? ? ? ? ? ? ? ? ? ? ? ? ? ? ? ? ? ? ? ? ? ? ? ? ? ? ? ? ? ? ? 
? ? ? ? ? ? ? ? ? ? ? ? ? ? ? ? ? ? ? ? ? ? ? ? ? ? ? ? ? ? ? ? ? ? ? ? ? ? ? ? ? ? ? ? ? 
? ? ? ? ? ? ? ? ? ? ? ? ? ? ? ? ? ? ? ? ? ? ? ? ? ? ? ? ? ? ? ? ? ? ? ? ? ? ? ? ? ? ? ? ? 
? ? ? ? ? ? ? ? ? ? ? ? ? ? ? ? ? ? ? ? ? ? ? ? ? ? ? ? ? ? ? ? ? ? ? ? ? ? ? ? ? ? ? ? ? 
? ? ? ? ? ? ? ? ? ? ? ? ? ? ? ? ? ? ? ? ? ? ? ? ? ? ? ? ? ? ? ? ? ? ? ? ? ? ? ? ? ? ? ? ? 
? ? ? ? ? ? ? ? ? ? ? ? ? ? ? ? ? ? ? ? ? ? ? ? ? ? ? ? ? ? ? ? ? ? ? ? ? ? ? ? ? ? ? ? ? 
? ? ? ? ? ? ? ? ? ? ? ? ? ? ? ? ? ? ? ? ? ? ? ? ? ? ? ? ? ? ? ? ? ? ? ? ? ? ? ? ? ? ? ? ? 
? ? ? ? ? ? ? ? ? ? ? ? ? ? ? ? ? ? ? ? ? ? ? ? ? ? ? ? ? ? ? ? ? ? ? ? ? ? ? ? ? ? ? ? ? 
? ? ? ? ? ? ? ? ? ? ? ? ? ? ? ? ? ? ? ? ? ? ? ? ? ? ? ? ? ? ? ? ? ? ? ? ? ? ? ? ? ? ? ? ? 
? ? ? ? ? ? ? ? ? ? ? ? ? ? ? ? ? ? ? ? ? ? ? ? ? ? ? ? ? ? ? ? ? ? ? ? ? ? ? ? ? ? ? ? ? 
? ? ? ? ? ? ? ? ? ? ? ? ? ? ? ? ? ? ? ? ? ? ? ? ? ? ? ? ? ? ? ? ? ? ? ? ? ? ? ? ? ? ? ? ? 
? ? ? ? ? ? ? ? ? ? ? ? ? ? ? ? ? ? ? ? ? ? ? ? ? ? ? ? ? ? ? ? ? ? ? ? ? ? ? ? ? ? ? ? ? 
? ? ? ? ? ? ? ? ? ? ? ? ? ? ? ? ? ? ? ? ? ? ? ? ? ? ? ? ? ? ? ? ? ? ? ? ? ? ? ? ? ? ? ? ? 
Warning: 2^50 permutations, this will take a very long time! (Using 2048 threads for bit masks)
